============================================================
   Tang Dynasty, V6.2.168116
   Copyright (c) 2012-2025 Anlogic Inc.
   Executable = D:/Anlogic/TD_6.2.1_Engineer_6.2.168.116/bin/run.exe
   Built at =   16:32:07 Jun 12 2025
   Run by =     Administrator
   Run Date =   Tue Oct 28 22:39:10 2025

   Run on =     WIN-61TPHHLRMOG
============================================================
RUN-1002 : start command "import_device eagle_s20.db -package EG4S20BG256"
RUN-1001 : Using default speed grade: NA
ARC-1001 : Device Initialization.
ARC-1001 : ------------------------------------------------------------------
ARC-1001 :            OPTION            |          IO          |   SETTING   
ARC-1001 : ------------------------------------------------------------------
ARC-1001 :   cso_b/cclk/mosi/miso/dout  |  T3/R11/T10/P10/S11  |    gpio    
ARC-1001 :             done             |         P13          |    gpio    
ARC-1001 :           program_b          |          T2          |  dedicate  
ARC-1001 :        tdi/tms/tck/tdo       |   C12/A15/C14/E14    |  dedicate  
ARC-1001 : ------------------------------------------------------------------
ARC-1004 : Device setting, marked 5 dedicate IOs in total.
RUN-1002 : start command "open_project UDP_EXAMPLE.prj -noanalyze"
RUN-1002 : start command "import_db ../syn_1/UDP_EXAMPLE_gate.db"
RUN-1001 : Importing database generated by Tang Dynasty, V6.2.168116.
RUN-1001 : Database version number 46207
RUN-1001 : Import flow parameters
RUN-1001 : Import netlist
RUN-1001 : Import timing constraints
RUN-1001 : Import IO constraints
RUN-1001 : Import Inst constraints
RUN-1001 : Import ChipWatcher
RUN-1001 : Import design success TD_VERSION=6.2.168116 , DB_VERSION=46207
RUN-1002 : start command "commit_param -step place"
RUN-1001 : Print Global Property
RUN-1001 : --------------------------------------------------------
RUN-1001 :   Parameters   |  Settings  |  Default Values  |  Note  
RUN-1001 : --------------------------------------------------------
RUN-1001 :   enable_seed  |    off     |       off        |        
RUN-1001 :     message    |  standard  |     standard     |        
RUN-1001 :   qor_monitor  |     on     |        on        |        
RUN-1001 :   syn_ip_flow  |    off     |       off        |        
RUN-1001 :     thread     |    auto    |       auto       |        
RUN-1001 : --------------------------------------------------------
RUN-1002 : start command "set_param place effort high"
RUN-1002 : start command "set_param place hfn_opt_effort high"
RUN-1002 : start command "set_param place opt_timing high"
RUN-1001 : Print Place Property
RUN-1001 : -----------------------------------------------------------
RUN-1001 :     Parameters    |  Settings  |  Default Values  |  Note  
RUN-1001 : -----------------------------------------------------------
RUN-1001 :       effort      |    high    |      medium      |   *    
RUN-1001 :   hfn_opt_effort  |    high    |      medium      |   *    
RUN-1001 :     max_fanout    |   999999   |      999999      |        
RUN-1001 :     opt_timing    |    high    |      medium      |   *    
RUN-1001 :   post_place_opt  |    auto    |       auto       |        
RUN-1001 :    pr_strategy    |     1      |        1         |        
RUN-1001 :     relaxation    |    1.00    |       1.00       |        
RUN-1001 : -----------------------------------------------------------
RUN-1002 : start command "insert_debugger ../../chip_debugger"
RUN-1002 : start command "config_chipwatcher ../../chip_debugger/user.cfg"
RUN-1002 : start command "update_timing"
RUN-1002 : start command "start_timer"
USR-1002 : Derived clock:  create_generated_clock -name {u_clk_gen/u_pll_0/pll_inst.clkc[0]} -source [get_ports {clk_50}] -master_clock {clk_in} -multiply_by 2.5000 -duty_cycle 50.0000 [get_pins {u_clk_gen/u_pll_0/pll_inst.clkc[0]}]
USR-1002 : Derived clock:  create_generated_clock -name {u_clk_gen/u_pll_0/pll_inst.clkc[1]} -source [get_ports {clk_50}] -master_clock {clk_in} -multiply_by 2.5000 -duty_cycle 50.0000 [get_pins {u_clk_gen/u_pll_0/pll_inst.clkc[1]}]
USR-1002 : Derived clock:  create_generated_clock -name {u_clk_gen/u_pll_0/pll_inst.clkc[3]} -source [get_ports {clk_50}] -master_clock {clk_in} -divide_by 2.0000 -duty_cycle 50.0000 [get_pins {u_clk_gen/u_pll_0/pll_inst.clkc[3]}]
USR-1002 : Derived clock:  create_generated_clock -name {u_clk_gen/u_pll_0/pll_inst.clkc[4]} -source [get_ports {clk_50}] -master_clock {clk_in} -multiply_by 2.5000 -phase 90 -duty_cycle 50.0000 [get_pins {u_clk_gen/u_pll_0/pll_inst.clkc[4]}]
RUN-1003 : finish command "start_timer" in  1.549763s wall, 1.500000s user + 0.031250s system = 1.531250s CPU (98.8%)

RUN-1004 : used memory is 184 MB, reserved memory is 179 MB, peak memory is 184 MB
TMR-2502 : Net delay update with mode: Synthesized
RUN-1003 : finish command "update_timing" in  2.991131s wall, 2.906250s user + 0.062500s system = 2.968750s CPU (99.3%)

RUN-1004 : used memory is 260 MB, reserved memory is 254 MB, peak memory is 260 MB
KIT-1004 : chipwatcher: sanity check successfully
KIT-1004 : Chipwatcher code = 0110111011110010
KIT-1004 : import watcher inst auto_created_cwc1 completed, there are 7 view node(s), 21 trigger net(s), 21 data net(s).
KIT-1004 : import watcher inst auto_created_cwc2 completed, there are 12 view node(s), 54 trigger net(s), 54 data net(s).
RUN-1003 : finish command "config_chipwatcher ../../chip_debugger/user.cfg" in  2.994592s wall, 2.906250s user + 0.062500s system = 2.968750s CPU (99.1%)

RUN-1004 : used memory is 260 MB, reserved memory is 254 MB, peak memory is 260 MB
RUN-1002 : start command "compile_watcher"
KIT-1004 : Ooc flow for module top_debug_hub is running...
RUN-1002 : start command "import_db -mode ooc cw/debug_hub/top_debug_hub_ooc.db"
USR-1600 : Load OOC design OOC Model: top_debug_hub .
RUN-1001 : Import OOC design success TD_VERSION=6.2.168116 , DB_VERSION=46207
KIT-1004 : Ooc flow for module auto_created_cwc1 is running...
RUN-1002 : start command "import_db -mode ooc cw/auto_created_cwc1/auto_created_cwc1_ooc.db"
USR-1600 : Load OOC design OOC Model: auto_created_cwc1 .
RUN-1001 : Import OOC design success TD_VERSION=6.2.168116 , DB_VERSION=46207
KIT-5610 WARNING: compile chipwatcher: reassign: use following clock net u4_trimac_block/rx_clk instead of phy1_rgmii_rx_clk_dup_1.
KIT-1004 : Ooc flow for module auto_created_cwc2 is running...
RUN-1002 : start command "import_db -mode ooc cw/auto_created_cwc2/auto_created_cwc2_ooc.db"
USR-1600 : Load OOC design OOC Model: auto_created_cwc2 .
RUN-1001 : Import OOC design success TD_VERSION=6.2.168116 , DB_VERSION=46207
RUN-1003 : finish command "compile_watcher" in  12.279110s wall, 0.265625s user + 0.187500s system = 0.453125s CPU (3.7%)

RUN-1004 : used memory is 291 MB, reserved memory is 307 MB, peak memory is 291 MB
RUN-1002 : start command "pack -eco"
SYN-4002 : Packing 0 DFF/LATCH to SEQ ...
RUN-1002 : start command "legalize_phy_inst"
SYN-1001 : Stage 1 | Legalize Phy Inst
SYN-1011 : Flatten model UDP_Example_Top
SYN-1001 : End Stage 1 | Legalize Phy Inst; Time: 0.075890s wall, 0.062500s user + 0.000000s system = 0.062500s CPU (82.4%); Memory(MB): used = 291, reserved = 307, peak = 291;

RUN-1003 : finish command "insert_debugger ../../chip_debugger" in  15.372270s wall, 3.265625s user + 0.250000s system = 3.515625s CPU (22.9%)

RUN-1004 : used memory is 291 MB, reserved memory is 307 MB, peak memory is 291 MB
RUN-1002 : start command "place"
RUN-1001 : Open license file D:/Anlogic/TD_6.2.1_Engineer_6.2.168.116/license/Anlogic.lic
PHY-3001 : Placer runs in 16 thread(s) with high effort.
PHY-1001 : Stage 1 | Initialize Design
PHY-1001 : Stage 1.1 | Build Design
PHY-1001 : 4375 luts, 7362 seqs, 415 mslices, 183 lslices, 49 pads, 23 brams, 0 dsps
RUN-1002 : start command "legalize_phy_inst"
SYN-1011 : Flatten model UDP_Example_Top
PHY-1001 : Remove keep and sweep redundant instances ...
PHY-1001 : 4375 luts, 6903 seqs, 415 mslices, 66 lslices, 49 pads, 23 brams, 0 dsps
PHY-1001 : End Stage 1.1 | Build Design; Time: 0.222786s wall, 0.140625s user + 0.031250s system = 0.171875s CPU (77.1%); Memory(MB): used = 291, reserved = 307, peak = 291;

PHY-1001 : Stage 1.2 | Optimize Design
OPT-1001 : Stage 1.2.1 | Simplify Lut
OPT-1001 : End Stage 1.2.1 | Simplify Lut; Time: 0.029926s wall, 0.031250s user + 0.000000s system = 0.031250s CPU (104.4%); Memory(MB): used = 292, reserved = 307, peak = 292;

OPT-1001 : Stage 1.2.2 | Sweep
OPT-1001 : End Stage 1.2.2 | Sweep; Time: 0.014334s wall, 0.000000s user + 0.000000s system = 0.000000s CPU (n/a%); Memory(MB): used = 292, reserved = 307, peak = 292;

OPT-1001 : Stage 1.2.3 | Synthesize High-fanout Net
OPT-1001 : Current memory(MB): used = 292, reserved = 307, peak = 292.
OPT-1001 : End Stage 1.2.3 | Synthesize High-fanout Net; Time: 0.000046s wall, 0.000000s user + 0.000000s system = 0.000000s CPU (n/a%); Memory(MB): used = 292, reserved = 307, peak = 292;

OPT-1001 : End physical optimization;  0.044575s wall, 0.031250s user + 0.000000s system = 0.031250s CPU (70.1%)

PHY-1001 : End Stage 1.2 | Optimize Design; Time: 0.044657s wall, 0.031250s user + 0.000000s system = 0.031250s CPU (70.0%); Memory(MB): used = 292, reserved = 307, peak = 292;

PHY-1001 : Stage 1.3 | Initialize Clock
SYN-4016 : Net u4_trimac_block/rx_clk driven by BUFG (1076 clock/control pins, 0 other pins).
SYN-4016 : Net temac_clk driven by BUFG (1958 clock/control pins, 1 other pins).
SYN-4027 : Net udp_clk is clkc1 of pll u_clk_gen/u_pll_0/pll_inst.
SYN-4027 : Net u_seg_scan/clk is clkc3 of pll u_clk_gen/u_pll_0/pll_inst.
SYN-4027 : Net u4_trimac_block/u1_rgmii_interface/rgmii_txc_ddr/clk is clkc4 of pll u_clk_gen/u_pll_0/pll_inst.
SYN-4019 : Net clk_50_dup_1 is refclk of pll u_clk_gen/u_pll_0/pll_inst.
SYN-4020 : Net clk_50_dup_1 is fbclk of pll u_clk_gen/u_pll_0/pll_inst.
SYN-4024 : Net "cwc_jtck" drives clk pins.
SYN-4025 : Tag rtl::Net clk_50_dup_1 as clock net
SYN-4025 : Tag rtl::Net cwc_jtck as clock net
SYN-4025 : Tag rtl::Net temac_clk as clock net
SYN-4025 : Tag rtl::Net u4_trimac_block/rx_clk as clock net
SYN-4025 : Tag rtl::Net u4_trimac_block/u1_rgmii_interface/rgmii_txc_ddr/clk as clock net
SYN-4025 : Tag rtl::Net u_seg_scan/clk as clock net
SYN-4025 : Tag rtl::Net udp_clk as clock net
SYN-4026 : Tagged 7 rtl::Net as clock net
SYN-4015 : Create BUFG instance for clk Net cwc_jtck to drive 976 clock pins.
PHY-1001 : Populate physical database on model UDP_Example_Top.
RUN-1001 : There are total 11841 instances
RUN-0007 : 4373 luts, 6903 seqs, 415 mslices, 66 lslices, 49 pads, 23 brams, 0 dsps
RUN-1001 : There are total 12574 nets
RUN-1001 : 9215 nets have 2 pins
RUN-1001 : 2604 nets have [3 - 5] pins
RUN-1001 : 464 nets have [6 - 10] pins
RUN-1001 : 159 nets have [11 - 20] pins
RUN-1001 : 105 nets have [21 - 99] pins
RUN-1001 : 27 nets have 100+ pins
PHY-1001 : End Stage 1.3 | Initialize Clock; Time: 0.072363s wall, 0.046875s user + 0.000000s system = 0.046875s CPU (64.8%); Memory(MB): used = 301, reserved = 307, peak = 301;

PHY-1001 : End Stage 1 | Initialize Design; Time: 0.372274s wall, 0.250000s user + 0.031250s system = 0.281250s CPU (75.5%); Memory(MB): used = 301, reserved = 307, peak = 301;

PHY-1001 : Stage 2 | Global Placement
RUN-1001 : Report Control nets information:
RUN-1001 : DFF Distribution
RUN-1001 : -------------------------------------
RUN-1001 :   CE   |  SSR  |  ASR  |  DFF Count  
RUN-1001 : -------------------------------------
RUN-1001 :   No   |  No   |  No   |    1465     
RUN-1001 :   No   |  No   |  Yes  |    1181     
RUN-1001 :   No   |  Yes  |  No   |     37      
RUN-1001 :   Yes  |  No   |  No   |     181     
RUN-1001 :   Yes  |  No   |  Yes  |    3606     
RUN-1001 :   Yes  |  Yes  |  No   |     433     
RUN-1001 : -------------------------------------
RUN-1001 : Control Group Statistic
RUN-1001 : -----------------------------
RUN-1001 :   #CLK  |  #CE  |  #SSR/ASR  
RUN-1001 : -----------------------------
RUN-1001 :    5    |  164  |     21     
RUN-1001 : -----------------------------
RUN-0007 : Control Set = 190
PHY-1001 : Stage 2.1 | Place Fixed Instances
PHY-1001 : End Stage 2.1 | Place Fixed Instances; Time: 0.095580s wall, 0.093750s user + 0.000000s system = 0.093750s CPU (98.1%); Memory(MB): used = 314, reserved = 307, peak = 314;

PHY-1001 : Stage 2.2 | Pre-Place DRC Check
PHY-1001 : Stage 2.2.1 | Force Route Constraint Check
PHY-1001 : Check Pass.
PHY-1001 : End Stage 2.2.1 | Force Route Constraint Check; Time: 0.001604s wall, 0.000000s user + 0.000000s system = 0.000000s CPU (n/a%); Memory(MB): used = 314, reserved = 307, peak = 314;

PHY-1001 : End Stage 2.2 | Pre-Place DRC Check; Time: 0.001664s wall, 0.000000s user + 0.000000s system = 0.000000s CPU (n/a%); Memory(MB): used = 314, reserved = 307, peak = 314;

PHY-1001 : Stage 2.3 | Global Placement Step 1
PHY-3001 : Target density is 35%
PHY-1001 : Stage 2.3.1 | Update Timing
RUN-1002 : start command "start_timer"
PHY-1001 : SWNS: -937, STNS: -5864, FEP: 228
PHY-1001 : End Stage 2.3.1 | Update Timing; Time: 2.128480s wall, 2.093750s user + 0.015625s system = 2.109375s CPU (99.1%); Memory(MB): used = 350, reserved = 343, peak = 350;

PHY-0007 : Cell area utilization is 35%
RUN-1001 : Huge Net Statistic
RUN-1001 : ---------------------------------------------
RUN-1001 :   Fanout  |  Slack  |          Net           
RUN-1001 : ---------------------------------------------
RUN-1001 :    2975   |  1208   |  u7_rx_fifo/wr_sreset  
RUN-1001 : ---------------------------------------------
PHY-3001 : Clustering ...
PHY-3001 : End clustering;  0.086372s wall, 0.093750s user + 0.140625s system = 0.234375s CPU (271.4%)

PHY-3001 : Target density is 35%
PHY-1001 : Stage 2.3.2 | GP Iteration
PHY-1001 : End Stage 2.3.2 | GP Iteration; Time: 1.302409s wall, 4.453125s user + 1.281250s system = 5.734375s CPU (440.3%); Memory(MB): used = 354, reserved = 347, peak = 354;

PHY-3001 : Multithread accelerating rate: 4.26
TMR-2502 : Net delay update with mode: Placed
PHY-3001 : No need to merge 9x9 Dsps.
PHY-1001 : Populate physical database on model UDP_Example_Top.
PHY-1001 : End Stage 2.3 | Global Placement Step 1; Time: 5.550124s wall, 8.359375s user + 1.468750s system = 9.828125s CPU (177.1%); Memory(MB): used = 356, reserved = 348, peak = 356;

PHY-1001 : Stage 2.4 | RAM/DSP Legalization and Detailed Placement
PHY-1001 : Stage 2.4.1 | Legalization
PHY-3001 : Before Legalized: Len = 257424
PHY-3001 : After Legalized: Len = 258768, Over = 6.0625
PHY-1001 : End Stage 2.4.1 | Legalization; Time: 1.669733s wall, 1.656250s user + 0.000000s system = 1.656250s CPU (99.2%); Memory(MB): used = 356, reserved = 348, peak = 356;

PHY-1001 : End Stage 2.4 | RAM/DSP Legalization and Detailed Placement; Time: 1.670242s wall, 1.656250s user + 0.000000s system = 1.656250s CPU (99.2%); Memory(MB): used = 356, reserved = 348, peak = 356;

PHY-1001 : Stage 2.5 | Global Placement Step 2
PHY-3001 : Target density is 42%
PHY-1001 : Stage 2.5.1 | Update Timing
PHY-1001 : SWNS: 1293, STNS: 0, FEP: 0
PHY-1001 : End Stage 2.5.1 | Update Timing; Time: 0.136639s wall, 0.140625s user + 0.000000s system = 0.140625s CPU (102.9%); Memory(MB): used = 356, reserved = 348, peak = 356;

PHY-1001 : Stage 2.5.2 | Refresh Congestion
RUN-1001 : Generating global routing grids ...
RUN-1001 : Building simple global routing graph ...
PHY-1001 : Generate routing nets ...
PHY-1001 : Reuse net number 0/3894.
PHY-1001 : Global iterations in 16 thread ...
PHY-1002 : len = 303832, over cnt = 771(2%), over = 3371, worst = 39
PHY-1001 : End global iterations;  0.500707s wall, 0.703125s user + 0.046875s system = 0.750000s CPU (149.8%)

PHY-1001 : Congestion index:
PHY-1001 : top1  = 62.76(S 90.52, N 108.71, E 80.15, W 84.63, I 0.00, O 0.00)
PHY-1001 : top5  = 42.70(S 61.80, N 68.01, E 48.68, W 51.29, I 0.00, O 0.00)
PHY-1001 : top10 = 34.51(S 47.30, N 51.97, E 36.99, W 38.35, I 0.00, O 0.00)
PHY-1001 : top15 = 29.73(S 39.04, N 43.10, E 30.71, W 31.64, I 0.00, O 0.00)
PHY-1001 : End Stage 2.5.2 | Refresh Congestion; Time: 0.667461s wall, 0.875000s user + 0.046875s system = 0.921875s CPU (138.1%); Memory(MB): used = 392, reserved = 384, peak = 392;

PHY-1001 : Stage 2.5.3 | GP Iteration
PHY-1001 : End Stage 2.5.3 | GP Iteration; Time: 1.919208s wall, 8.359375s user + 0.515625s system = 8.875000s CPU (462.4%); Memory(MB): used = 392, reserved = 384, peak = 392;

PHY-3001 : Multithread accelerating rate: 4.61
PHY-1001 : End Stage 2.5 | Global Placement Step 2; Time: 4.680389s wall, 11.078125s user + 0.578125s system = 11.656250s CPU (249.0%); Memory(MB): used = 393, reserved = 385, peak = 393;

PHY-1001 : Stage 2.6 | RAM/DSP Detailed Placement
PHY-1001 : End Stage 2.6 | RAM/DSP Detailed Placement; Time: 0.014686s wall, 0.000000s user + 0.000000s system = 0.000000s CPU (n/a%); Memory(MB): used = 393, reserved = 385, peak = 393;

PHY-1001 : Stage 2.7 | Optimize Design
OPT-1001 : Start physical optimization ...
OPT-1001 : Total overflow 207.03 peak overflow 2.72
OPT-1001 : Stage 2.7.1 | Synthesize High-fanout Net
OPT-1001 : Start high-fanout net optimization in pre-pack flow with high effort ...
OPT-1001 : Update timing in Manhattan mode
OPT-1001 : End timing update;  1.766537s wall, 1.578125s user + 0.015625s system = 1.593750s CPU (90.2%)

OPT-1001 : Start: SWNS 1634 STNS 0 NUM_FEPS 0
OPT-1001 : Total overflow 207.03 peak overflow 2.72
PHY-1001 : Populate physical database on model UDP_Example_Top.
OPT-1001 : 26 high-fanout net processed.
PHY-3001 : Start incremental placement ...
PHY-1001 : Populate physical database on model UDP_Example_Top.
PHY-3001 : Target density is 43%
PHY-3001 : Target density is 43%
PHY-1001 : Stage 2.7.1.1 | Update Timing
PHY-1001 : SWNS: 1634, STNS: 0, FEP: 0
PHY-1001 : End Stage 2.7.1.1 | Update Timing; Time: 0.153646s wall, 0.156250s user + 0.000000s system = 0.156250s CPU (101.7%); Memory(MB): used = 397, reserved = 389, peak = 397;

PHY-1001 : Stage 2.7.1.2 | Refresh Congestion
RUN-1001 : Generating global routing grids ...
PHY-1001 : Generate routing nets ...
PHY-1001 : Reuse net number 53/10395.
PHY-1001 : Global iterations in 16 thread ...
PHY-1002 : len = 386720, over cnt = 1346(3%), over = 3963, worst = 20
PHY-1001 : End global iterations;  0.861752s wall, 1.484375s user + 0.000000s system = 1.484375s CPU (172.3%)

PHY-1001 : Congestion index:
PHY-1001 : top1  = 50.88(S 75.86, N 97.72, E 61.42, W 98.02, I 0.00, O 0.00)
PHY-1001 : top5  = 40.24(S 51.64, N 64.32, E 44.62, W 61.59, I 0.00, O 0.00)
PHY-1001 : top10 = 35.27(S 42.58, N 52.79, E 37.82, W 48.87, I 0.00, O 0.00)
PHY-1001 : top15 = 32.17(S 37.29, N 46.53, E 33.83, W 41.89, I 0.00, O 0.00)
PHY-1001 : End Stage 2.7.1.2 | Refresh Congestion; Time: 1.008698s wall, 1.609375s user + 0.000000s system = 1.609375s CPU (159.5%); Memory(MB): used = 403, reserved = 395, peak = 403;

PHY-1001 : Stage 2.7.1.3 | GP Iteration
PHY-1001 : End Stage 2.7.1.3 | GP Iteration; Time: 0.798085s wall, 3.203125s user + 0.203125s system = 3.406250s CPU (426.8%); Memory(MB): used = 404, reserved = 395, peak = 404;

PHY-3001 : Multithread accelerating rate: 4.25
PHY-3001 : Final: Len = 303596, Over = 29.5625
PHY-3001 : End incremental placement;  2.216192s wall, 5.218750s user + 0.203125s system = 5.421875s CPU (244.6%)

OPT-1001 : Total overflow 226.75 peak overflow 2.53
RUN-1001 : HFN opt statistic
RUN-1001 : ------------------------------------------------------
RUN-1001 :   DriverCell type  |  HFN count  |  Duplicated count  
RUN-1001 : ------------------------------------------------------
RUN-1001 :         REG        |     14      |         79         
RUN-1001 :        LUT6        |      0      |         0          
RUN-1001 :        LUT5        |      4      |         9          
RUN-1001 :        LUT4        |      1      |         3          
RUN-1001 :        LUT3        |      2      |        102         
RUN-1001 :        LUT2        |      5      |         17         
RUN-1001 :        TOTAL       |     26      |        210         
RUN-1001 : ------------------------------------------------------
OPT-1001 : End high-fanout net optimization;  6.619963s wall, 9.437500s user + 0.296875s system = 9.734375s CPU (147.0%)

OPT-1001 : Update timing in Manhattan mode
OPT-1001 : End timing update;  1.758200s wall, 1.734375s user + 0.015625s system = 1.750000s CPU (99.5%)

OPT-1001 : Current memory(MB): used = 404, reserved = 396, peak = 404.
OPT-1001 : End Stage 2.7.1 | Synthesize High-fanout Net; Time: 8.525204s wall, 11.312500s user + 0.312500s system = 11.625000s CPU (136.4%); Memory(MB): used = 404, reserved = 396, peak = 404;

OPT-1001 : Stage 2.7.2 | Optimize Bottleneck
OPT-1001 : Start bottleneck based optimization ...
OPT-0007 : Start: SWNS 1643 STNS 0 NUM_FEPS 0
OPT-1001 : Start congestion update ...
RUN-1001 : Generating global routing grids ...
PHY-1001 : Generate routing nets ...
PHY-1001 : Reuse net number 2028/10281.
PHY-1001 : Global iterations in 16 thread ...
PHY-1002 : len = 358768, over cnt = 1175(3%), over = 2660, worst = 11
PHY-1002 : len = 377536, over cnt = 805(2%), over = 1314, worst = 10
PHY-1002 : len = 388328, over cnt = 377(1%), over = 558, worst = 6
PHY-1002 : len = 394504, over cnt = 95(0%), over = 122, worst = 3
PHY-1002 : len = 396448, over cnt = 0(0%), over = 0, worst = 0
PHY-1001 : End global iterations;  1.673409s wall, 1.953125s user + 0.046875s system = 2.000000s CPU (119.5%)

PHY-1001 : Congestion index:
PHY-1001 : top1  = 43.95(S 57.33, N 60.56, E 44.31, W 69.48, I 0.00, O 0.00)
PHY-1001 : top5  = 35.95(S 44.68, N 49.71, E 36.11, W 52.69, I 0.00, O 0.00)
PHY-1001 : top10 = 32.23(S 38.14, N 43.38, E 31.87, W 44.65, I 0.00, O 0.00)
PHY-1001 : top15 = 29.84(S 34.13, N 39.36, E 29.16, W 39.58, I 0.00, O 0.00)
OPT-1001 : End congestion update;  1.943754s wall, 2.187500s user + 0.046875s system = 2.234375s CPU (115.0%)

OPT-0007 : Iter 1: improved SWNS 1643 STNS 0 NUM_FEPS 0 with 14(76) cells processed with 450 slack improved, crit_thod: 2858 ratio: 1.00(14/14) rt: 0.8s
OPT-0007 : Iter 2: improved SWNS 1643 STNS 0 NUM_FEPS 0 with 5(71) cells processed with 200 slack improved, crit_thod: 2858 ratio: 1.00(5/5) rt: 1.5s
OPT-0007 : Iter 3: improved SWNS 1643 STNS 0 NUM_FEPS 0 with 5(96) cells processed with 600 slack improved, crit_thod: 2863 ratio: 1.00(5/5) rt: 0.5s
OPT-0007 : Iter 4: improved SWNS 1643 STNS 0 NUM_FEPS 0 with 2(82) cells processed with 100 slack improved, crit_thod: 2874 ratio: 1.00(2/2) rt: 0.5s
OPT-0007 : Iter 5: improved SWNS 1643 STNS 0 NUM_FEPS 0 with 0(94) cells processed with 0 slack improved, crit_thod: 2891 ratio: -1.00(0/0) rt: 0.5s
OPT-1001 : End bottleneck based optimization;  5.827922s wall, 5.968750s user + 0.062500s system = 6.031250s CPU (103.5%)

OPT-1001 : Current memory(MB): used = 404, reserved = 396, peak = 404.
OPT-1001 : End Stage 2.7.2 | Optimize Bottleneck; Time: 5.986924s wall, 6.125000s user + 0.062500s system = 6.187500s CPU (103.4%); Memory(MB): used = 404, reserved = 396, peak = 404;

OPT-1001 : Stage 2.7.3 | Optimize Path
OPT-1001 : Start path based optimization ...
OPT-0007 : Start: SWNS 1643 STNS 0 NUM_FEPS 0 with mode 0
OPT-1001 : Start congestion update ...
RUN-1001 : Generating global routing grids ...
PHY-1001 : Generate routing nets ...
PHY-1001 : Reuse net number 10234/10290.
PHY-1001 : Global iterations in 16 thread ...
PHY-1002 : len = 395928, over cnt = 45(0%), over = 57, worst = 7
PHY-1002 : len = 396144, over cnt = 28(0%), over = 29, worst = 2
PHY-1002 : len = 396736, over cnt = 10(0%), over = 10, worst = 1
PHY-1002 : len = 396824, over cnt = 7(0%), over = 7, worst = 1
PHY-1002 : len = 397416, over cnt = 0(0%), over = 0, worst = 0
PHY-1001 : End global iterations;  0.384819s wall, 0.250000s user + 0.000000s system = 0.250000s CPU (65.0%)

PHY-1001 : Congestion index:
PHY-1001 : top1  = 44.04(S 57.41, N 60.39, E 43.77, W 69.83, I 0.00, O 0.00)
PHY-1001 : top5  = 35.91(S 44.83, N 49.64, E 35.80, W 52.77, I 0.00, O 0.00)
PHY-1001 : top10 = 32.21(S 38.11, N 43.40, E 31.65, W 44.61, I 0.00, O 0.00)
PHY-1001 : top15 = 29.84(S 34.14, N 39.40, E 29.02, W 39.58, I 0.00, O 0.00)
OPT-1001 : End congestion update;  0.682179s wall, 0.515625s user + 0.000000s system = 0.515625s CPU (75.6%)

OPT-0007 : Iter 1: improved SWNS 1643 STNS 0 NUM_FEPS 0 with 0(0) cells and 999(1540) paths processed with 0 slack improved, crit_thod: 2891 ratio: -1.00(0/0) rt: 0.5s
OPT-1001 : End path based optimization;  1.177131s wall, 0.921875s user + 0.015625s system = 0.937500s CPU (79.6%)

OPT-1001 : Current memory(MB): used = 404, reserved = 396, peak = 404.
OPT-1001 : End Stage 2.7.3 | Optimize Path; Time: 1.330061s wall, 1.078125s user + 0.015625s system = 1.093750s CPU (82.2%); Memory(MB): used = 404, reserved = 396, peak = 404;

OPT-0007 : End flow prepack: SWNS 1643 STNS 0 NUM_FEPS 0
OPT-1001 : End physical optimization;  15.884649s wall, 18.718750s user + 0.406250s system = 19.125000s CPU (120.4%)

PHY-1001 : End Stage 2.7 | Optimize Design; Time: 15.884796s wall, 18.718750s user + 0.406250s system = 19.125000s CPU (120.4%); Memory(MB): used = 404, reserved = 396, peak = 404;

PHY-1001 : Stage 2.8 | Place Packing
PHY-1001 : Stage 2.8.1 | Packing
SYN-4007 : Packing 0 MUX to BLE ...
SYN-4008 : Packed 0 MUX and 0 SEQ to BLE.
SYN-4007 : Packing 4504 LUT to BLE ...
SYN-4008 : Packed 4504 LUT and 2863 SEQ to BLE.
SYN-4003 : Packing 4119 remaining SEQ's ...
SYN-4005 : Packed 1229 SEQ with LUT/SLICE
SYN-4006 : 496 single LUT's are left
SYN-4006 : 2890 single SEQ's are left
SYN-4011 : Packing model "UDP_Example_Top" (AL_USER_NORMAL) with 7394/7961 primitive instances ...
PHY-1001 : Populate physical database on model UDP_Example_Top.
RUN-1001 : There are total 4793 instances
RUN-1001 : 2355 mslices, 2354 lslices, 49 pads, 23 brams, 0 dsps
RUN-1001 : There are total 10043 nets
RUN-1001 : 6342 nets have 2 pins
RUN-1001 : 2705 nets have [3 - 5] pins
RUN-1001 : 558 nets have [6 - 10] pins
RUN-1001 : 232 nets have [11 - 20] pins
RUN-1001 : 192 nets have [21 - 99] pins
RUN-1001 : 14 nets have 100+ pins
PHY-3001 : Target density is 57%
RUN-1002 : start command "start_timer"
USR-1002 : Derived clock:  create_generated_clock -name {u_clk_gen/u_pll_0/pll_inst.clkc[0]} -source [get_ports {clk_50}] -master_clock {clk_in} -multiply_by 2.5000 -duty_cycle 50.0000 [get_pins {u_clk_gen/u_pll_0/pll_inst.clkc[0]}]
USR-1002 : Derived clock:  create_generated_clock -name {u_clk_gen/u_pll_0/pll_inst.clkc[1]} -source [get_ports {clk_50}] -master_clock {clk_in} -multiply_by 2.5000 -duty_cycle 50.0000 [get_pins {u_clk_gen/u_pll_0/pll_inst.clkc[1]}]
USR-1002 : Derived clock:  create_generated_clock -name {u_clk_gen/u_pll_0/pll_inst.clkc[3]} -source [get_ports {clk_50}] -master_clock {clk_in} -divide_by 2.0000 -duty_cycle 50.0000 [get_pins {u_clk_gen/u_pll_0/pll_inst.clkc[3]}]
USR-1002 : Derived clock:  create_generated_clock -name {u_clk_gen/u_pll_0/pll_inst.clkc[4]} -source [get_ports {clk_50}] -master_clock {clk_in} -multiply_by 2.5000 -phase 90 -duty_cycle 50.0000 [get_pins {u_clk_gen/u_pll_0/pll_inst.clkc[4]}]
RUN-1003 : finish command "start_timer" in  2.755994s wall, 2.546875s user + 0.015625s system = 2.562500s CPU (93.0%)

RUN-1004 : used memory is 408 MB, reserved memory is 400 MB, peak memory is 408 MB
PHY-1001 : End Stage 2.8.1 | Packing; Time: 6.087329s wall, 5.843750s user + 0.031250s system = 5.875000s CPU (96.5%); Memory(MB): used = 411, reserved = 402, peak = 411;

PHY-1001 : Stage 2.8.2 | Post Pack GP
PHY-3001 : Target density is 55%
PHY-3001 : Cell area utilization is 55%
PHY-3001 : After packing: Len = 308207, Over = 109.25
PHY-3001 : Target density is 55%
PHY-1001 : Stage 2.8.2.1 | Update Timing
PHY-1001 : SWNS: -2682, STNS: -21348, FEP: 14
PHY-1001 : End Stage 2.8.2.1 | Update Timing; Time: 0.129553s wall, 0.125000s user + 0.000000s system = 0.125000s CPU (96.5%); Memory(MB): used = 412, reserved = 403, peak = 412;

PHY-1001 : Stage 2.8.2.2 | Refresh Congestion
RUN-1001 : Generating global routing grids ...
PHY-1001 : Generate routing nets ...
PHY-1001 : Reuse net number 3933/8423.
PHY-1001 : Global iterations in 16 thread ...
PHY-1002 : len = 382216, over cnt = 740(2%), over = 1276, worst = 7
PHY-1002 : len = 391088, over cnt = 423(1%), over = 596, worst = 6
PHY-1002 : len = 396336, over cnt = 139(0%), over = 203, worst = 6
PHY-1002 : len = 398728, over cnt = 44(0%), over = 59, worst = 6
PHY-1002 : len = 399776, over cnt = 0(0%), over = 0, worst = 0
PHY-1001 : End global iterations;  0.987245s wall, 1.187500s user + 0.015625s system = 1.203125s CPU (121.9%)

PHY-1001 : Congestion index:
PHY-1001 : top1  = 44.97(S 56.72, N 60.43, E 46.01, W 71.90, I 0.00, O 0.00)
PHY-1001 : top5  = 36.48(S 43.54, N 49.15, E 37.31, W 53.28, I 0.00, O 0.00)
PHY-1001 : top10 = 32.42(S 37.17, N 42.96, E 32.17, W 44.57, I 0.00, O 0.00)
PHY-1001 : top15 = 29.80(S 33.53, N 38.97, E 29.16, W 39.18, I 0.00, O 0.00)
PHY-1001 : End Stage 2.8.2.2 | Refresh Congestion; Time: 1.279115s wall, 1.484375s user + 0.015625s system = 1.500000s CPU (117.3%); Memory(MB): used = 413, reserved = 404, peak = 413;

PHY-1001 : Stage 2.8.2.3 | GP Iteration
PHY-1001 : End Stage 2.8.2.3 | GP Iteration; Time: 0.736989s wall, 3.328125s user + 0.203125s system = 3.531250s CPU (479.1%); Memory(MB): used = 414, reserved = 404, peak = 414;

PHY-3001 : Multithread accelerating rate: 4.77
PHY-1001 : End Stage 2.8.2 | Post Pack GP; Time: 2.160914s wall, 4.953125s user + 0.218750s system = 5.171875s CPU (239.3%); Memory(MB): used = 414, reserved = 405, peak = 414;

PHY-1001 : End Stage 2.8 | Place Packing; Time: 8.248477s wall, 10.796875s user + 0.250000s system = 11.046875s CPU (133.9%); Memory(MB): used = 414, reserved = 405, peak = 414;

PHY-1001 : Stage 2.9 | Legalization
PHY-3001 : Before Legalized: Len = 354236
PHY-3001 : After Legalized: Len = 395968, Over = 0
PHY-1001 : End Stage 2.9 | Legalization; Time: 0.026725s wall, 0.031250s user + 0.000000s system = 0.031250s CPU (116.9%); Memory(MB): used = 414, reserved = 405, peak = 414;

PHY-1001 : Stage 2.10 | Global Placement Step 3
PHY-3001 : Target density is 54%
PHY-1001 : Stage 2.10.1 | Update Timing
PHY-1001 : SWNS: -2632, STNS: -21148, FEP: 14
PHY-1001 : End Stage 2.10.1 | Update Timing; Time: 1.599544s wall, 1.578125s user + 0.015625s system = 1.593750s CPU (99.6%); Memory(MB): used = 415, reserved = 406, peak = 415;

PHY-1001 : Stage 2.10.2 | Refresh Congestion
RUN-1001 : Generating global routing grids ...
PHY-1001 : Generate routing nets ...
PHY-1001 : Reuse net number 304/9104.
PHY-1001 : Global iterations in 16 thread ...
PHY-1002 : len = 459032, over cnt = 1023(2%), over = 1675, worst = 8
PHY-1002 : len = 471936, over cnt = 494(1%), over = 667, worst = 7
PHY-1002 : len = 478616, over cnt = 125(0%), over = 167, worst = 4
PHY-1002 : len = 479848, over cnt = 53(0%), over = 75, worst = 4
PHY-1002 : len = 481576, over cnt = 0(0%), over = 0, worst = 0
PHY-1001 : End global iterations;  1.776231s wall, 2.062500s user + 0.015625s system = 2.078125s CPU (117.0%)

PHY-1001 : Congestion index:
PHY-1001 : top1  = 45.86(S 57.41, N 66.49, E 44.11, W 66.98, I 0.00, O 0.00)
PHY-1001 : top5  = 39.42(S 48.32, N 55.06, E 36.62, W 53.64, I 0.00, O 0.00)
PHY-1001 : top10 = 35.55(S 42.83, N 48.40, E 32.55, W 46.34, I 0.00, O 0.00)
PHY-1001 : top15 = 33.10(S 39.00, N 44.20, E 29.96, W 41.61, I 0.00, O 0.00)
PHY-1001 : End Stage 2.10.2 | Refresh Congestion; Time: 2.089234s wall, 2.359375s user + 0.015625s system = 2.375000s CPU (113.7%); Memory(MB): used = 421, reserved = 412, peak = 421;

PHY-1001 : Stage 2.10.3 | GP Iteration
PHY-1001 : End Stage 2.10.3 | GP Iteration; Time: 0.610890s wall, 3.140625s user + 0.187500s system = 3.328125s CPU (544.8%); Memory(MB): used = 421, reserved = 412, peak = 421;

PHY-3001 : Multithread accelerating rate: 5.43
PHY-1001 : End Stage 2.10 | Global Placement Step 3; Time: 4.340662s wall, 7.125000s user + 0.218750s system = 7.343750s CPU (169.2%); Memory(MB): used = 421, reserved = 412, peak = 421;

PHY-1001 : Stage 2.11 | Final Legalization
PHY-3001 : Before Legalized: Len = 355567
PHY-3001 : After Legalized: Len = 373613, Over = 0
PHY-1001 : End Stage 2.11 | Final Legalization; Time: 0.023453s wall, 0.015625s user + 0.000000s system = 0.015625s CPU (66.6%); Memory(MB): used = 421, reserved = 412, peak = 421;

PHY-1001 : End Stage 2 | Global Placement; Time: 40.597011s wall, 57.937500s user + 2.921875s system = 60.859375s CPU (149.9%); Memory(MB): used = 421, reserved = 412, peak = 421;

PHY-1001 : Stage 3 | Detailed Placement
PHY-1001 : Stage 3.1 | SLICE Detailed Placement
PHY-1001 : Stage 3.1.1 | Spreading
PHY-3001 : Spreading special nets. 216 overflows in 2952 tiles.
PHY-3001 : End spreading;  0.059348s wall, 0.046875s user + 0.000000s system = 0.046875s CPU (79.0%)

PHY-1001 : End Stage 3.1.1 | Spreading; Time: 0.059413s wall, 0.046875s user + 0.000000s system = 0.046875s CPU (78.9%); Memory(MB): used = 422, reserved = 412, peak = 422;

PHY-3001 : Final: Len = 377151, Over = 0
PHY-1001 : End Stage 3.1 | SLICE Detailed Placement; Time: 1.687727s wall, 1.593750s user + 0.015625s system = 1.609375s CPU (95.4%); Memory(MB): used = 422, reserved = 412, peak = 422;

PHY-3001 : End Detailed Place; 
PHY-1001 : Stage 3.2 | Optimize Design
OPT-1001 : Start physical optimization ...
OPT-1001 : Total overflow 0.00 peak overflow 0.00
OPT-1001 : Stage 3.2.1 | Physical Optimization
OPT-1001 : Start high-fanout net optimization in optimize equivalent flow with high effort ...
OPT-1001 : Clean unloaded insts before merging registers
PHY-1001 : Populate physical database on model UDP_Example_Top.
PHY-1001 : Populate physical database on model UDP_Example_Top.
OPT-1001 : Total overflow 0.00 peak overflow 0.00
OPT-1001 : End optimize duplicated nets. Total 109 instances are merged and 1557 sinks are reconnected,  0.216619s wall, 0.218750s user + 0.000000s system = 0.218750s CPU (101.0%)

OPT-1001 : End high-fanout net optimization;  0.217545s wall, 0.218750s user + 0.000000s system = 0.218750s CPU (100.6%)

OPT-1001 : Update timing in Manhattan mode
RUN-1002 : start command "start_timer"
OPT-1001 : End timing update;  2.238750s wall, 2.234375s user + 0.000000s system = 2.234375s CPU (99.8%)

OPT-1001 : Current memory(MB): used = 422, reserved = 412, peak = 422.
OPT-1001 : End Stage 3.2.1 | Physical Optimization; Time: 2.602312s wall, 2.593750s user + 0.000000s system = 2.593750s CPU (99.7%); Memory(MB): used = 422, reserved = 412, peak = 422;

OPT-1001 : Stage 3.2.2 | Synthesize High-fanout Net
OPT-1001 : Start high-fanout net optimization in post-pack flow with high effort ...
OPT-1001 : Start: SWNS -2482 STNS -17784 NUM_FEPS 12
OPT-1001 : Total overflow 0.00 peak overflow 0.00
PHY-1001 : Populate physical database on model UDP_Example_Top.
OPT-1001 : 11 high-fanout net processed.
OPT-1001 : Total overflow 0.00 peak overflow 0.00
RUN-1001 : HFN opt statistic
RUN-1001 : ------------------------------------------------------
RUN-1001 :   DriverCell type  |  HFN count  |  Duplicated count  
RUN-1001 : ------------------------------------------------------
RUN-1001 :       LSLICE       |      0      |         0          
RUN-1001 :       MSLICE       |      0      |         0          
RUN-1001 :        OTHER       |     11      |         72         
RUN-1001 :        TOTAL       |     11      |         72         
RUN-1001 : ------------------------------------------------------
OPT-1001 : End high-fanout net optimization;  1.623207s wall, 1.546875s user + 0.015625s system = 1.562500s CPU (96.3%)

OPT-1001 : Current memory(MB): used = 422, reserved = 412, peak = 422.
OPT-1001 : End Stage 3.2.2 | Synthesize High-fanout Net; Time: 1.770709s wall, 1.703125s user + 0.015625s system = 1.718750s CPU (97.1%); Memory(MB): used = 422, reserved = 412, peak = 422;

OPT-1001 : Stage 3.2.3 | Optimize Bottleneck
OPT-1001 : Start bottleneck based optimization ...
OPT-0007 : Start: SWNS -1032 STNS -6634 NUM_FEPS 12
OPT-1001 : Start congestion update ...
RUN-1001 : Generating global routing grids ...
PHY-1001 : Generate routing nets ...
PHY-1001 : Reuse net number 2010/8982.
PHY-1001 : Global iterations in 16 thread ...
PHY-1002 : len = 445584, over cnt = 910(2%), over = 1487, worst = 9
PHY-1002 : len = 457648, over cnt = 430(1%), over = 552, worst = 5
PHY-1002 : len = 463728, over cnt = 89(0%), over = 108, worst = 3
PHY-1002 : len = 465144, over cnt = 17(0%), over = 18, worst = 2
PHY-1002 : len = 465376, over cnt = 0(0%), over = 0, worst = 0
PHY-1001 : End global iterations;  1.364848s wall, 1.968750s user + 0.000000s system = 1.968750s CPU (144.2%)

PHY-1001 : Congestion index:
PHY-1001 : top1  = 44.65(S 55.99, N 63.69, E 45.73, W 65.17, I 0.00, O 0.00)
PHY-1001 : top5  = 37.55(S 45.99, N 53.93, E 36.78, W 51.64, I 0.00, O 0.00)
PHY-1001 : top10 = 33.91(S 40.15, N 47.50, E 32.54, W 44.64, I 0.00, O 0.00)
PHY-1001 : top15 = 31.54(S 36.44, N 43.25, E 29.75, W 40.22, I 0.00, O 0.00)
OPT-1001 : End congestion update;  1.701562s wall, 2.312500s user + 0.000000s system = 2.312500s CPU (135.9%)

PHY-3001 : Start incremental legalization ...
PHY-1001 : Populate physical database on model UDP_Example_Top.
PHY-3001 : Target density is 48%
PHY-3001 : Target density is 55%
PHY-3001 : Initial: Len = 381159, Over = 0
PHY-3001 : End spreading;  0.037469s wall, 0.031250s user + 0.015625s system = 0.046875s CPU (125.1%)

PHY-3001 : Final: Len = 381159, Over = 0
PHY-3001 : End incremental legalization;  0.212429s wall, 0.203125s user + 0.015625s system = 0.218750s CPU (103.0%)

OPT-0007 : Iter 1: improved SWNS -1032 STNS -6634 NUM_FEPS 12 with 33(51) cells processed with 2500 slack improved, crit_thod: 445 ratio: 1.00(33/33) rt: 0.4s
OPT-0007 : Iter 2: improved SWNS -1032 STNS -6634 NUM_FEPS 12 with 0(0) cells processed with 0 slack improved, crit_thod: 445 ratio: -1.00(0/0) rt: 0.1s
OPT-0007 : Iter 3: improved SWNS -1032 STNS -6634 NUM_FEPS 12 with 0(0) cells processed with 0 slack improved, crit_thod: 445 ratio: -1.00(0/0) rt: 0.1s
OPT-1001 : End bottleneck based optimization;  2.393565s wall, 2.968750s user + 0.031250s system = 3.000000s CPU (125.3%)

OPT-1001 : Update timing in Manhattan mode
OPT-1001 : End timing update;  1.661160s wall, 1.640625s user + 0.000000s system = 1.640625s CPU (98.8%)

OPT-1001 : Current memory(MB): used = 427, reserved = 417, peak = 427.
OPT-1001 : End Stage 3.2.3 | Optimize Bottleneck; Time: 4.209713s wall, 4.765625s user + 0.031250s system = 4.796875s CPU (113.9%); Memory(MB): used = 427, reserved = 417, peak = 427;

OPT-1001 : Stage 3.2.4 | Optimize Path
OPT-1001 : Start path based optimization ...
OPT-0007 : Start: SWNS -1032 STNS -6634 NUM_FEPS 12 with mode 0
OPT-1001 : Start congestion update ...
RUN-1001 : Generating global routing grids ...
PHY-1001 : Generate routing nets ...
PHY-1001 : Reuse net number 8887/8979.
PHY-1001 : Global iterations in 16 thread ...
PHY-1002 : len = 465496, over cnt = 11(0%), over = 13, worst = 2
PHY-1002 : len = 465576, over cnt = 5(0%), over = 5, worst = 1
PHY-1002 : len = 465624, over cnt = 2(0%), over = 2, worst = 1
PHY-1002 : len = 465656, over cnt = 0(0%), over = 0, worst = 0
PHY-1001 : End global iterations;  0.200917s wall, 0.187500s user + 0.000000s system = 0.187500s CPU (93.3%)

PHY-1001 : Congestion index:
PHY-1001 : top1  = 44.65(S 55.99, N 63.69, E 45.65, W 65.17, I 0.00, O 0.00)
PHY-1001 : top5  = 37.55(S 46.09, N 53.93, E 36.74, W 51.64, I 0.00, O 0.00)
PHY-1001 : top10 = 33.91(S 40.20, N 47.50, E 32.53, W 44.62, I 0.00, O 0.00)
PHY-1001 : top15 = 31.54(S 36.44, N 43.25, E 29.72, W 40.21, I 0.00, O 0.00)
OPT-1001 : End congestion update;  0.498488s wall, 0.468750s user + 0.031250s system = 0.500000s CPU (100.3%)

PHY-3001 : Start incremental legalization ...
PHY-1001 : Populate physical database on model UDP_Example_Top.
PHY-3001 : Target density is 48%
PHY-3001 : Target density is 55%
PHY-3001 : Initial: Len = 383307, Over = 0
PHY-3001 : End spreading;  0.034318s wall, 0.046875s user + 0.000000s system = 0.046875s CPU (136.6%)

PHY-3001 : Final: Len = 383307, Over = 0
PHY-3001 : End incremental legalization;  0.197906s wall, 0.203125s user + 0.000000s system = 0.203125s CPU (102.6%)

OPT-0007 : Iter 1: improved SWNS -1032 STNS -6634 NUM_FEPS 12 with 31(354) cells and 184(184) paths processed with 11650 slack improved, crit_thod: 445 ratio: 1.00(31/31) rt: 0.4s
OPT-0007 : Iter 2: improved SWNS -1032 STNS -6634 NUM_FEPS 12 with 0(0) cells and 0(0) paths processed with 0 slack improved, crit_thod: 445 ratio: -1.00(0/0) rt: 0.0s
OPT-1001 : End path based optimization;  0.971275s wall, 0.921875s user + 0.046875s system = 0.968750s CPU (99.7%)

OPT-1001 : Update timing in Manhattan mode
OPT-1001 : End timing update;  1.640244s wall, 1.625000s user + 0.015625s system = 1.640625s CPU (100.0%)

OPT-1001 : Current memory(MB): used = 428, reserved = 418, peak = 428.
OPT-1001 : End Stage 3.2.4 | Optimize Path; Time: 2.761586s wall, 2.703125s user + 0.062500s system = 2.765625s CPU (100.1%); Memory(MB): used = 428, reserved = 418, peak = 428;

OPT-1001 : Stage 3.2.5 | Aggressive Optimization
OPT-1001 : End Stage 3.2.5 | Aggressive Optimization; Time: 0.146411s wall, 0.140625s user + 0.000000s system = 0.140625s CPU (96.0%); Memory(MB): used = 428, reserved = 418, peak = 428;

OPT-1001 : Stage 3.2.6 | Optimize Duplicated Nets
OPT-1001 : Start: WNS -232 TNS -232 NUM_FEPS 1
OPT-1001 : Clean unloaded insts before merging registers
PHY-1001 : Populate physical database on model UDP_Example_Top.
PHY-1001 : Populate physical database on model UDP_Example_Top.
OPT-1001 : Total overflow 0.00 peak overflow 0.00
OPT-1001 : End optimize duplicated nets. Total 10 instances are merged and 1421 sinks are reconnected,  0.503523s wall, 0.500000s user + 0.000000s system = 0.500000s CPU (99.3%)

OPT-1001 : Update timing in Manhattan mode
RUN-1002 : start command "start_timer"
OPT-1001 : End timing update;  2.378163s wall, 2.343750s user + 0.015625s system = 2.359375s CPU (99.2%)

OPT-1001 : Current memory(MB): used = 428, reserved = 418, peak = 428.
OPT-1001 : End Stage 3.2.6 | Optimize Duplicated Nets; Time: 3.020265s wall, 2.984375s user + 0.015625s system = 3.000000s CPU (99.3%); Memory(MB): used = 428, reserved = 418, peak = 428;

OPT-1001 : Stage 3.2.7 | Swap Pins
OPT-1001 : Start pin optimization...
OPT-1001 : skip pin optimization...
OPT-1001 : Current memory(MB): used = 428, reserved = 418, peak = 428.
OPT-1001 : End Stage 3.2.7 | Swap Pins; Time: 0.151221s wall, 0.140625s user + 0.000000s system = 0.140625s CPU (93.0%); Memory(MB): used = 428, reserved = 418, peak = 428;

OPT-0007 : End flow postpack: SWNS 218 STNS 0 NUM_FEPS 0
RUN-1001 : Generating global routing grids ...
PHY-1001 : Generate routing nets ...
PHY-1001 : Reuse net number 8878/8959.
PHY-1001 : Global iterations in 16 thread ...
PHY-1002 : len = 462976, over cnt = 75(0%), over = 80, worst = 2
PHY-1002 : len = 463720, over cnt = 29(0%), over = 32, worst = 2
PHY-1002 : len = 464080, over cnt = 6(0%), over = 6, worst = 1
PHY-1002 : len = 464600, over cnt = 3(0%), over = 3, worst = 1
PHY-1002 : len = 464648, over cnt = 0(0%), over = 0, worst = 0
PHY-1001 : End global iterations;  0.345396s wall, 0.375000s user + 0.015625s system = 0.390625s CPU (113.1%)

PHY-1001 : Congestion index:
PHY-1001 : top1  = 44.42(S 56.68, N 63.28, E 45.95, W 65.00, I 0.00, O 0.00)
PHY-1001 : top5  = 37.38(S 45.90, N 53.56, E 36.67, W 51.23, I 0.00, O 0.00)
PHY-1001 : top10 = 33.75(S 39.96, N 47.11, E 32.40, W 44.35, I 0.00, O 0.00)
PHY-1001 : top15 = 31.39(S 36.18, N 42.98, E 29.57, W 40.04, I 0.00, O 0.00)
RUN-1001 : QoR Analysis:
OPT-0007 :   SWNS 218 STNS 0 NUM_FEPS 0
RUN-1001 :   No local congestion issue, and most congested 1% tile average routing util is 43.931034
RUN-1001 :   Top critical paths
RUN-1001 :       #1 path slack 218ps with logic level 1 
RUN-1001 :       #2 path slack 318ps with logic level 1 
RUN-1001 :       #3 path slack 318ps with logic level 1 
RUN-1001 :       #4 path slack 318ps with logic level 1 
OPT-1001 : End physical optimization;  15.473004s wall, 15.875000s user + 0.140625s system = 16.015625s CPU (103.5%)

PHY-1001 : End Stage 3.2 | Optimize Design; Time: 15.473142s wall, 15.875000s user + 0.140625s system = 16.015625s CPU (103.5%); Memory(MB): used = 428, reserved = 418, peak = 428;

PHY-1001 : End Stage 3 | Detailed Placement; Time: 17.174449s wall, 17.484375s user + 0.156250s system = 17.640625s CPU (102.7%); Memory(MB): used = 428, reserved = 418, peak = 428;

PHY-1001 : Stage 4 | Optimize Design
PHY-3001 : Start incremental legalization ...
PHY-1001 : Populate physical database on model UDP_Example_Top.
PHY-3001 : Target density is 48%
PHY-3001 : Target density is 55%
PHY-3001 : Initial: Len = 378200, Over = 0
PHY-1001 : Stage 4.1 | Spreading
PHY-3001 : End spreading;  0.045515s wall, 0.031250s user + 0.000000s system = 0.031250s CPU (68.7%)

PHY-1001 : End Stage 4.1 | Spreading; Time: 0.045663s wall, 0.046875s user + 0.000000s system = 0.046875s CPU (102.7%); Memory(MB): used = 428, reserved = 418, peak = 428;

PHY-3001 : Final: Len = 378200, Over = 0
PHY-3001 : End incremental legalization;  0.224231s wall, 0.375000s user + 0.000000s system = 0.375000s CPU (167.2%)

RUN-1002 : start command "report_qor -step place -file place.qor"
RUN-1001 : Generating global routing grids ...
-----------------------------------------------------------
| QoR metrics               |         value               |
-----------------------------------------------------------
| Timing                    |                             |
|     Setup WNS             |          218                |
|     Setup TNS             |            0                |
|     Num of violated S-EP  |            0                |
|     FMAX                  |    10.022MHz                |
|     SWNS path clock period |     100000ps                |
|     Hold WNS              |         -111                |
|     Hold TNS              |        -6401                |
|     Num of violated H-EP  |          191                |
-----------------------------------------------------------
| Routing Resource          |                             |
|     Wire length           |       376296                |
-----------------------------------------------------------
| Utilization               |                             |
|     #slices               |         4755                |
|     slices percentage     |       48.52%                |
|     #RAMs                 |           23                |
|     #DSPs                 |            0                |
|     #DRAMHARDCON          |            0                |
-----------------------------------------------------------
| Congestion                |                             |
|     Top 1% tile util      |           40                |
|     Top 1% tile avg util  |       43.93%                |
|     Over 100% util #tile  |            0                |
-----------------------------------------------------------
Report place stage QoR done.

RUN-1003 : finish command "report_qor -step place -file place.qor" in  2.097455s wall, 2.265625s user + 0.046875s system = 2.312500s CPU (110.3%)

RUN-1004 : used memory is 428 MB, reserved memory is 418 MB, peak memory is 428 MB
PHY-1001 : End Stage 4 | Optimize Design; Time: 2.329452s wall, 2.640625s user + 0.046875s system = 2.687500s CPU (115.4%); Memory(MB): used = 428, reserved = 418, peak = 428;

PHY-1001 : Stage 5 | DRC Check
PHY-1001 : Stage 5.1 | Force Route Constraint Check
PHY-1001 : Check Pass.
PHY-1001 : End Stage 5.1 | Force Route Constraint Check; Time: 0.001447s wall, 0.000000s user + 0.000000s system = 0.000000s CPU (n/a%); Memory(MB): used = 428, reserved = 418, peak = 428;

PHY-1001 : Stage 5.2 | Duplicated SelfDriven Check
PHY-1001 : Check pass.
PHY-1001 : End Stage 5.2 | Duplicated SelfDriven Check; Time: 0.026496s wall, 0.031250s user + 0.000000s system = 0.031250s CPU (117.9%); Memory(MB): used = 428, reserved = 418, peak = 428;

PHY-1001 : Stage 5.3 | Clock Rule Check
PHY-1001 : End Stage 5.3 | Clock Rule Check; Time: 0.000632s wall, 0.000000s user + 0.000000s system = 0.000000s CPU (n/a%); Memory(MB): used = 428, reserved = 418, peak = 428;

PHY-1001 : End Stage 5 | DRC Check; Time: 0.059141s wall, 0.062500s user + 0.000000s system = 0.062500s CPU (105.7%); Memory(MB): used = 428, reserved = 418, peak = 428;

OPT-1001 : QoR tracer report on placement steps:
    SWNS [   incr ]    STNS [   incr ]    FEPS [   incr ]    CRIT [   incr ]      CELL [     incr ]        WL [     incr ]    CONG [   incr ]    PDES [   incr ]   RT(s) [   incr ]   MEM(mb) [     incr ]
       0 [      0 ]       0 [      0 ]       0 [      0 ]       0 [      0 ]     11840 [        0 ]         0 [        0 ]    0.00 [   0.00 ]       0 [      0 ]       0 [      0 ]       292 [        0 ] : preplace:simplify_lut
       0 [      0 ]       0 [      0 ]       0 [      0 ]       0 [      0 ]     11840 [        0 ]         0 [        0 ]    0.00 [   0.00 ]       0 [      0 ]       0 [      0 ]       292 [        0 ] : preplace:sweep
       0 [      0 ]       0 [      0 ]       0 [      0 ]       0 [      0 ]     11840 [        0 ]         0 [        0 ]    0.00 [   0.00 ]       0 [      0 ]       0 [      0 ]       292 [        0 ] : preplace:hfn_opt
    1293 [   1293 ]       0 [      0 ]       0 [      0 ]    3076 [   3076 ]     11841 [        1 ]    254991 [   254991 ]    0.00 [   0.00 ]       0 [      0 ]       6 [      6 ]       356 [       64 ] : step1_gp
    1293 [      0 ]       0 [      0 ]       0 [      0 ]    3072 [     -4 ]     11841 [        0 ]    256379 [     1388 ]    0.00 [   0.00 ]       0 [      0 ]       7 [      1 ]       356 [        0 ] : step1_legal
    1634 [    341 ]       0 [      0 ]       0 [      0 ]    3209 [    137 ]     11841 [        0 ]    304772 [    48393 ]   62.31 [  62.31 ]       0 [      0 ]      12 [      5 ]       393 [       37 ] : step2_gp
    1643 [      9 ]       0 [      0 ]       0 [      0 ]    3336 [    127 ]     12051 [      210 ]    301021 [    -3751 ]   50.41 [ -11.90 ]       0 [      0 ]      21 [      9 ]       404 [       11 ] : prepack:hfn_opt
    1643 [      0 ]       0 [      0 ]       0 [      0 ]    3343 [      7 ]     12051 [        0 ]    301541 [      520 ]   43.55 [  -6.86 ]       0 [      0 ]      27 [      6 ]       404 [        0 ] : prepack:bn_opt
    1643 [      0 ]       0 [      0 ]       0 [      0 ]    3343 [      0 ]     12051 [        0 ]    301541 [        0 ]   43.55 [   0.00 ]       0 [      0 ]      28 [      1 ]       404 [        0 ] : prepack:path_opt
   -2682 [  -4325 ]  -21348 [ -21348 ]      14 [     14 ]    2977 [   -366 ]      4793 [    -7258 ]    306293 [     4752 ]   43.55 [   0.00 ]       0 [      0 ]      34 [      6 ]       411 [        7 ] : pack
   -2682 [      0 ]  -21998 [   -650 ]      14 [      0 ]    2963 [    -14 ]      4793 [        0 ]    371699 [    65406 ]   45.48 [   1.93 ]       0 [      0 ]      42 [      8 ]       422 [       11 ] : post_pack_place
   -2682 [      0 ]  -21998 [      0 ]      14 [      0 ]    2963 [      0 ]      4793 [        0 ]    375237 [     3538 ]   45.48 [   0.00 ]       0 [      0 ]      44 [      2 ]       422 [        0 ] : post_pack_spreading
   -2482 [    200 ]  -17784 [   4214 ]      12 [     -2 ]    2981 [     18 ]      4774 [      -19 ]    363392 [   -11845 ]   45.48 [   0.00 ]       0 [      0 ]      46 [      2 ]       422 [        0 ] : postpack:optimize_equivalent_quick
   -1032 [   1450 ]   -6634 [  11150 ]      12 [      0 ]    2936 [    -45 ]      4846 [       72 ]    379293 [    15901 ]   45.48 [   0.00 ]       0 [      0 ]      48 [      2 ]       422 [        0 ] : postpack:hfn_opt
   -1032 [      0 ]   -6634 [      0 ]      12 [      0 ]    2936 [      0 ]      4846 [        0 ]    379253 [      -40 ]   44.21 [  -1.28 ]       0 [      0 ]      52 [      4 ]       427 [        5 ] : postpack:bn_opt
    -232 [    800 ]    -232 [   6402 ]       1 [    -11 ]    2936 [      0 ]      4846 [        0 ]    381401 [     2148 ]   44.21 [   0.00 ]       0 [      0 ]      55 [      3 ]       428 [        1 ] : postpack:path_opt
    -232 [      0 ]    -232 [      0 ]       1 [      0 ]    2936 [      0 ]      4846 [        0 ]    381401 [        0 ]   44.21 [   0.00 ]       0 [      0 ]      55 [      0 ]       428 [        0 ] : postpack:aggressive_opt
     218 [    450 ]       0 [    232 ]       0 [     -1 ]    2938 [      2 ]      4839 [       -7 ]    376296 [    -5105 ]   44.21 [   0.00 ]       0 [      0 ]      58 [      3 ]       428 [        0 ] : postpack:optimize_equivalent
     218 [      0 ]       0 [      0 ]       0 [      0 ]    2938 [      0 ]      4839 [        0 ]    376296 [        0 ]   44.21 [   0.00 ]       0 [      0 ]      58 [      0 ]       428 [        0 ] : postpack:pin_opt

RUN-1003 : finish command "place" in  62.217484s wall, 80.015625s user + 3.156250s system = 83.171875s CPU (133.7%)

RUN-1004 : used memory is 428 MB, reserved memory is 418 MB, peak memory is 428 MB
RUN-1002 : start command "update_timing -mode manhattan"
RUN-1002 : start command "start_timer"
RUN-1003 : finish command "update_timing -mode manhattan" in  2.332062s wall, 2.312500s user + 0.015625s system = 2.328125s CPU (99.8%)

RUN-1004 : used memory is 428 MB, reserved memory is 418 MB, peak memory is 428 MB
RUN-1002 : start command "report_timing_summary -file UDP_EXAMPLE_place.timing"
RUN-1002 : start command "report_area -io_info -file UDP_EXAMPLE_phy.area"
RUN-1001 : standard
***Report Model: UDP_Example_Top Device: EG4S20BG256***

IO Statistics
#IO                        49   out of    188   26.06%
  #input                    9
  #output                  40
  #inout                    0
#virtual IO                 1
  #input                    0
  #output                   0
  #inout                    0

Utilization Statistics
#lut                     5642   out of  19600   28.79%
#reg                     7094   out of  19600   36.19%
#le                      8479
  #lut only              1385   out of   8479   16.33%
  #reg only              2837   out of   8479   33.46%
  #lut&reg               4257   out of   8479   50.21%
#bram                      23   out of     64   35.94%
  #bram9k                  23
  #fifo9k                   0
#bram32k                    0   out of     16    0.00%
#dsp                        0   out of     29    0.00%
#pad                       49   out of    188   26.06%
  #ireg                     5
  #oreg                    23
  #treg                     0
#pll                        1   out of      4   25.00%
#gclk                       3   out of     16   18.75%

RUN-1002 : start command "flow_status -file place_flow.status"
Location         : D:\Anlu\lab_ex_1_receive\UDP_EG4_6.2\prj\UDP_EXAMPLE\UDP_EXAMPLE_Runs\phy_1
Running with     : Tang Dynasty v6.2.168116
                   Copyright (c) 2012-2025 Anlogic Inc.
Top Model        : UDP_Example_Top
Device           : EG4S20BG256
Speed            : NA

Timing Mode      : manhattan
Setup            : WNS   218ps  TNS        0ps  NUM_FEPS     0
Hold             : WNS  -111ps  TNS    -6401ps  NUM_FEPS   191

Flow Statistics  :
RUN-1001 : Flow Statistics:
RUN-1001 : ---------------------------------------------------------------------------------------------------
RUN-1001 :      command     |  #calls  |  wall time   |  cpu time(s)  |  used memory(mb)  |  peak memory(mb)  
RUN-1001 : ---------------------------------------------------------------------------------------------------
RUN-1001 :       place      |    1     |  1m2s(100%)  |   83(100%)    |        428        |        428        
RUN-1001 :     import_db    |    4     |    0s(0%)    |     0(0%)     |        290        |        290        
RUN-1001 :   import_device  |    1     |    0s(0%)    |     0(0%)     |        84         |        84         
RUN-1001 :       pack       |    1     |    0s(0%)    |     0(0%)     |        291        |        291        
RUN-1001 : ---------------------------------------------------------------------------------------------------
RUN-1001 :       total      |    7     |     1m2s     |      83       |        428        |        428        
RUN-1001 : ---------------------------------------------------------------------------------------------------
RUN-1002 : start command "report_clock_utilization -file place_clock_utilization.txt"
RUN-1001 : Device not support command report_clock_utilization.
RUN-1002 : start command "export_db UDP_EXAMPLE_place.db"
RUN-1001 : Exported flow parameters
RUN-1001 : Exported /
RUN-1001 : Exported libs
RUN-1001 : Exported entities
RUN-1001 : Exported ports
RUN-1001 : Exported pins
RUN-1001 : Exported instances
RUN-1001 : Exported nets
RUN-1001 : Exported buses
RUN-1001 : Exported models
RUN-1001 : Exported phy database
RUN-1001 : Exported packer
RUN-1001 : Exported congestions
RUN-1001 : Exported violations
RUN-1001 : Exported ATMR Setting
RUN-1001 : Exported timing constraints
RUN-1001 : Exported IO constraints
RUN-1001 : Exported Inst constraints
RUN-1001 : Exported ChipWatcher
RUN-1002 : start command "commit_param -step route"
RUN-1001 : Print Global Property
RUN-1001 : --------------------------------------------------------
RUN-1001 :   Parameters   |  Settings  |  Default Values  |  Note  
RUN-1001 : --------------------------------------------------------
RUN-1001 :   enable_seed  |    off     |       off        |        
RUN-1001 :     message    |  standard  |     standard     |        
RUN-1001 :   qor_monitor  |     on     |        on        |        
RUN-1001 :   syn_ip_flow  |    off     |       off        |        
RUN-1001 :     thread     |    auto    |       auto       |        
RUN-1001 : --------------------------------------------------------
RUN-1001 : Print Route Property
RUN-1001 : -------------------------------------------------------
RUN-1001 :   Parameters  |  Settings  |  Default Values  |  Note  
RUN-1001 : -------------------------------------------------------
RUN-1001 :     effort    |   normal   |      normal      |        
RUN-1001 :    fix_hold   |     on     |        on        |        
RUN-1001 :     timing    |     on     |        on        |        
RUN-1001 : -------------------------------------------------------
RUN-1002 : start command "route"
RUN-1001 : Open license file D:/Anlogic/TD_6.2.1_Engineer_6.2.168.116/license/Anlogic.lic
PHY-1001 : Route runs in 16 thread(s)
RUN-1001 : There are total 4839 instances
RUN-1001 : 2371 mslices, 2384 lslices, 49 pads, 23 brams, 0 dsps
RUN-1001 : There are total 9990 nets
RUN-1001 : 6331 nets have 2 pins
RUN-1001 : 2686 nets have [3 - 5] pins
RUN-1001 : 556 nets have [6 - 10] pins
RUN-1001 : 210 nets have [11 - 20] pins
RUN-1001 : 196 nets have [21 - 99] pins
RUN-1001 : 11 nets have 100+ pins
RUN-1002 : start command "start_timer"
PHY-1001 : 2371 mslices, 2384 lslices, 49 pads, 23 brams, 0 dsps

PHY-1001 : Stage 1 | Global Routing
PHY-1001 : Start global routing, caller is route ...
RUN-1001 : Generating global routing grids ...
PHY-1001 : Generate routing nets ...
RUN-1001 : Generate nets statistics:
RUN-1001 : ----------------------------
RUN-1001 :        Type       |  Nets   
RUN-1001 : ----------------------------
RUN-1001 :   TotalRouteNets  |  9526   
RUN-1001 :   DontRouteNets   |   759   
RUN-1001 :     RouteNets     |  8767   
RUN-1001 :     RouteSinks    |  19665  
RUN-1001 : ----------------------------
PHY-1001 : Global iterations in 16 thread ...
PHY-1002 : len = 434312, over cnt = 897(2%), over = 1559, worst = 9
PHY-1002 : len = 447952, over cnt = 464(1%), over = 619, worst = 5
PHY-1002 : len = 450984, over cnt = 298(0%), over = 392, worst = 5
PHY-1002 : len = 457856, over cnt = 1(0%), over = 1, worst = 1
PHY-1002 : len = 457872, over cnt = 0(0%), over = 0, worst = 0
PHY-1001 : End global iterations;  1.528968s wall, 1.937500s user + 0.062500s system = 2.000000s CPU (130.8%)

PHY-1001 : Congestion index:
PHY-1001 : top1  = 43.21(S 55.17, N 62.74, E 44.66, W 66.03, I 0.00, O 0.00)
PHY-1001 : top5  = 37.22(S 45.23, N 52.98, E 36.17, W 51.94, I 0.00, O 0.00)
PHY-1001 : top10 = 33.62(S 39.43, N 47.00, E 32.01, W 44.72, I 0.00, O 0.00)
PHY-1001 : top15 = 31.32(S 35.87, N 42.84, E 29.34, W 40.22, I 0.00, O 0.00)
PHY-1001 : End global routing;  1.864698s wall, 2.281250s user + 0.062500s system = 2.343750s CPU (125.7%)

PHY-1001 : End Stage 1 | Global Routing; Time: 1.864776s wall, 2.281250s user + 0.062500s system = 2.343750s CPU (125.7%); Memory(MB): used = 441, reserved = 542, peak = 445;

PHY-1001 : Stage 2 | Detail Routing
PHY-1001 : Stage 2.1 | Build Routing Design
PHY-1001 : Routing in high effort: false
PHY-1001 : Routing Mode: normal
PHY-1001 : Generate detailed routing grids ...
PHY-1001 : End build routing graph; 4.948340s wall, 4.843750s user + 0.062500s system = 4.906250s CPU (99.1%)

PHY-1001 : Generate nets ...
PHY-1001 : net clk_50_dup_1 will be routed on clock mesh
PHY-1001 : clock net temac_clk will be merged with clock u_clk_gen/u_pll_0/clk0_buf
PHY-1001 : net udp_clk will be routed on clock mesh
PHY-1001 : clock net cwc_jtck_syn_2 will be merged with clock cwc_jtck
PHY-1001 : clock net u4_trimac_block/rx_clk will be merged with clock phy1_rgmii_rx_clk_dup_1
PHY-1001 : net u4_trimac_block/u1_rgmii_interface/rgmii_txc_ddr/clk will be routed on clock mesh
PHY-1001 : net u_seg_scan/clk will be routed on clock mesh
RUN-1001 : Generate nets statistics:
RUN-1001 : ------------------------------
RUN-1001 :         Type        |  Nets   
RUN-1001 : ------------------------------
RUN-1001 :        Route        |  9526   
RUN-1001 :      DontRoute      |   464   
RUN-1001 :      RouteSinks     |  31558  
RUN-1001 :   RouteEntitySinks  |    0    
RUN-1001 :       Lut2Dff       |    0    
RUN-1001 :       Ram2Dff       |    0    
RUN-1001 :      Carry2Dff      |    0    
RUN-1001 : ------------------------------
RUN-1001 : DR clock net summary:
RUN-1001 : -----------------------------------------------------------------------------------
RUN-1001 :   Net Idx  |                        Net Name                        |  Clock Type  
RUN-1001 : -----------------------------------------------------------------------------------
RUN-1001 :      1     |                      clk_50_dup_1                      |    Normal    
RUN-1001 :      2     |                     cwc_jtck_syn_2                     |    Normal    
RUN-1001 :      3     |                       temac_clk                        |    Normal    
RUN-1001 :      4     |                 u4_trimac_block/rx_clk                 |    Normal    
RUN-1001 :      5     |  u4_trimac_block/u1_rgmii_interface/rgmii_txc_ddr/clk  |    Normal    
RUN-1001 :      6     |                     u_seg_scan/clk                     |    Normal    
RUN-1001 :      7     |                        udp_clk                         |    Normal    
RUN-1001 : -----------------------------------------------------------------------------------
RUN-1001 : DR clock buffer summary:
RUN-1001 : ----------------
RUN-1001 :   Idx  |  Name  
RUN-1001 : ----------------
RUN-1001 : ----------------
PHY-1001 : End Stage 2.1 | Build Routing Design; Time: 5.452697s wall, 5.296875s user + 0.078125s system = 5.375000s CPU (98.6%); Memory(MB): used = 704, reserved = 695, peak = 704;

RUN-1001 : Top Percentage Crit. Net Stat.
RUN-1001 : -------------------------------------------------------
RUN-1001 :   Top %  |  Net Count  |  Avg. Fanout  |  Avg. Slack   
RUN-1001 : -------------------------------------------------------
RUN-1001 :     1    |     99      |   5.434343    |  426.343434   
RUN-1001 :     2    |     199     |   3.251256    |  442.502513   
RUN-1001 :     3    |     299     |   3.260870    |  799.016722   
RUN-1001 :     4    |     399     |   3.368421    |  1261.345865  
RUN-1001 :     5    |     499     |   3.601202    |  1578.827655  
RUN-1001 :     6    |     599     |   3.592654    |  1814.171953  
RUN-1001 :     7    |     699     |   3.555079    |  1997.928469  
RUN-1001 :     8    |     799     |   3.553191    |  2147.947434  
RUN-1001 :     9    |     899     |   3.600667    |  2277.222469  
RUN-1001 :    10    |     999     |   3.605606    |  2395.600601  
RUN-1001 : -------------------------------------------------------
PHY-1001 : Stage 2.2 | Clock Nets Routing
PHY-1001 : Routed 0% nets.
PHY-1001 : len = 205560, over cnt = 0(0%), over = 0, worst = 0, crit = 0
PHY-1001 : End Stage 2.2 | Clock Nets Routing; Time: 8.372855s wall, 8.109375s user + 0.093750s system = 8.203125s CPU (98.0%); Memory(MB): used = 736, reserved = 727, peak = 736;

PHY-1001 : Stage 2.3 | Routing Initialization
PHY-1001 : Mark 1% net(place mode slack < 445ps) as critical nets.
PHY-1001 : Stage 2.3.1 | Normal Nets Routing
PHY-1001 : Routed 95% nets.
PHY-1001 : len = 842704, over cnt = 689(0%), over = 692, worst = 2, crit = 0
PHY-1001 : End Stage 2.3.1 | Normal Nets Routing; Time: 15.842099s wall, 33.656250s user + 0.656250s system = 34.312500s CPU (216.6%); Memory(MB): used = 743, reserved = 734, peak = 743;

PHY-1001 : Stage 2.3.2 | Update Timing
RUN-1002 : start command "start_timer"
USR-1002 : Derived clock:  create_generated_clock -name {u_clk_gen/u_pll_0/pll_inst.clkc[0]} -source [get_ports {clk_50}] -master_clock {clk_in} -multiply_by 2.5000 -duty_cycle 50.0000 [get_pins {u_clk_gen/u_pll_0/pll_inst.clkc[0]}]
USR-1002 : Derived clock:  create_generated_clock -name {u_clk_gen/u_pll_0/pll_inst.clkc[1]} -source [get_ports {clk_50}] -master_clock {clk_in} -multiply_by 2.5000 -duty_cycle 50.0000 [get_pins {u_clk_gen/u_pll_0/pll_inst.clkc[1]}]
USR-1002 : Derived clock:  create_generated_clock -name {u_clk_gen/u_pll_0/pll_inst.clkc[3]} -source [get_ports {clk_50}] -master_clock {clk_in} -divide_by 2.0000 -duty_cycle 50.0000 [get_pins {u_clk_gen/u_pll_0/pll_inst.clkc[3]}]
USR-1002 : Derived clock:  create_generated_clock -name {u_clk_gen/u_pll_0/pll_inst.clkc[4]} -source [get_ports {clk_50}] -master_clock {clk_in} -multiply_by 2.5000 -phase 90 -duty_cycle 50.0000 [get_pins {u_clk_gen/u_pll_0/pll_inst.clkc[4]}]
RUN-1003 : finish command "start_timer" in  1.779851s wall, 1.734375s user + 0.015625s system = 1.750000s CPU (98.3%)

RUN-1004 : used memory is 743 MB, reserved memory is 734 MB, peak memory is 743 MB
TMR-2502 : Net delay update with mode: Routed
PHY-1001 : 444/9526(4%) critical/total net(s).
PHY-1001 : Setup: WNS(ns) = -2.107, TNS(ns) = -473.915, FEP = 650 | Hold: WNS(ns) = 0.002, TNS(ns) = 0.000, FEP = 0.
PHY-1001 : End Stage 2.3.2 | Update Timing; Time: 3.633149s wall, 3.562500s user + 0.015625s system = 3.578125s CPU (98.5%); Memory(MB): used = 748, reserved = 739, peak = 748;

PHY-1001 : End Stage 2.3 | Routing Initialization; Time: 19.538679s wall, 37.281250s user + 0.671875s system = 37.953125s CPU (194.2%); Memory(MB): used = 748, reserved = 739, peak = 748;

PHY-1001 : Stage 2.4 | Routing Optimization
PHY-1001 : Build lut bridge;  0.130772s wall, 0.078125s user + 0.000000s system = 0.078125s CPU (59.7%)

PHY-1001 : Stage 2.4.1 | Phase 1
PHY-1001 : Stage 2.4.1.1 | Setup TimeOptimization
PHY-1001 : Start to optimize setup violation with net base ...
PHY-1001 : Iter 1; Processed 218 pins with SWNS -0.314ns STNS -4.085ns FEP 81 took 9.94108 seconds.
PHY-1001 : len = 852320, over cnt = 860(0%), over = 868, worst = 2, crit = 1
PHY-1001 : End Stage 2.4.1.1 | Setup TimeOptimization; Time: 10.093941s wall, 10.312500s user + 0.031250s system = 10.343750s CPU (102.5%); Memory(MB): used = 750, reserved = 740, peak = 750;

PHY-1001 : Stage 2.4.1.2 | Rip-up And ReRoute
PHY-1001 : Iter 1: len = 852928, over cnt = 243(0%), over = 243, worst = 1, crit = 0, time(s) = 1.26
PHY-1001 : Iter 2: len = 853336, over cnt = 131(0%), over = 131, worst = 1, crit = 0, time(s) = 0.41
PHY-1001 : Iter 3: len = 853432, over cnt = 114(0%), over = 114, worst = 1, crit = 0, time(s) = 0.24
PHY-1001 : Iter 4: len = 854688, over cnt = 23(0%), over = 23, worst = 1, crit = 0, time(s) = 0.20
PHY-1001 : Iter 5: len = 854736, over cnt = 16(0%), over = 16, worst = 1, crit = 0, time(s) = 0.11
PHY-1001 : Iter 6: len = 854736, over cnt = 17(0%), over = 17, worst = 1, crit = 0, time(s) = 0.08
PHY-1001 : Iter 7: len = 854736, over cnt = 17(0%), over = 17, worst = 1, crit = 0, time(s) = 0.08
PHY-1001 : Iter 8: len = 855104, over cnt = 2(0%), over = 2, worst = 1, crit = 0, time(s) = 0.04
PHY-1001 : Iter 9: len = 855160, over cnt = 0(0%), over = 0, worst = 0, crit = 0, time(s) = 0.03
PHY-1001 : End Stage 2.4.1.2 | Rip-up And ReRoute; Time: 2.494149s wall, 3.796875s user + 0.015625s system = 3.812500s CPU (152.9%); Memory(MB): used = 750, reserved = 740, peak = 750;

PHY-1001 : Stage 2.4.1.3 | Update Timing
RUN-1002 : start command "start_timer"
PHY-1001 : 224/9526(2%) critical/total net(s).
PHY-1001 : Setup: WNS(ns) = -1.283, TNS(ns) = -325.872, FEP = 591 | Hold: WNS(ns) = 0.002, TNS(ns) = 0.000, FEP = 0.
PHY-1001 : End Stage 2.4.1.3 | Update Timing; Time: 2.569434s wall, 2.500000s user + 0.015625s system = 2.515625s CPU (97.9%); Memory(MB): used = 752, reserved = 742, peak = 752;

PHY-1001 : Stage 2.4.1.4 | Commit Data
PHY-1001 : Commit better result to database ...
PHY-1001 : 194 feed throughs used by 167 nets
PHY-1001 : End Stage 2.4.1.4 | Commit Data; Time: 0.899095s wall, 0.875000s user + 0.000000s system = 0.875000s CPU (97.3%); Memory(MB): used = 786, reserved = 776, peak = 786;

PHY-1001 : End Stage 2.4.1 | Phase 1; Time: 16.341991s wall, 17.734375s user + 0.062500s system = 17.796875s CPU (108.9%); Memory(MB): used = 786, reserved = 776, peak = 786;

PHY-1001 : Stage 2.4.2 | Phase 2
PHY-1001 : Stage 2.4.2.1 | Setup TimeOptimization
PHY-1001 : Start to optimize setup violation with net base ...
PHY-1001 : Iter 1; Processed 87 pins with SWNS -0.314ns STNS -4.092ns FEP 82 took 3.75049 seconds.
PHY-1001 : len = 858312, over cnt = 78(0%), over = 78, worst = 1, crit = 0
PHY-1001 : End Stage 2.4.2.1 | Setup TimeOptimization; Time: 3.887806s wall, 3.781250s user + 0.031250s system = 3.812500s CPU (98.1%); Memory(MB): used = 786, reserved = 776, peak = 786;

PHY-1001 : Stage 2.4.2.2 | Rip-up And ReRoute
PHY-0007 : Congestion: {45.18, 40.22, 37.21, 35.15}; Timing: {-0.314ns, -4.092ns, 82}
PHY-1001 : Iter 1: len = 857624, over cnt = 2(0%), over = 2, worst = 1, crit = 0, time(s) = 0.28
PHY-1001 : Iter 2: len = 857672, over cnt = 0(0%), over = 0, worst = 0, crit = 0, time(s) = 0.02
PHY-1001 : End Stage 2.4.2.2 | Rip-up And ReRoute; Time: 0.354641s wall, 0.328125s user + 0.000000s system = 0.328125s CPU (92.5%); Memory(MB): used = 786, reserved = 776, peak = 786;

PHY-1001 : Stage 2.4.2.3 | Update Timing
RUN-1002 : start command "start_timer"
PHY-1001 : 272/9526(2%) critical/total net(s).
PHY-1001 : Setup: WNS(ns) = -2.020, TNS(ns) = -280.344, FEP = 585 | Hold: WNS(ns) = 0.002, TNS(ns) = 0.000, FEP = 0.
PHY-1001 : End Stage 2.4.2.3 | Update Timing; Time: 2.531228s wall, 2.500000s user + 0.015625s system = 2.515625s CPU (99.4%); Memory(MB): used = 787, reserved = 778, peak = 787;

PHY-1001 : Stage 2.4.2.4 | Commit Data
PHY-1001 : Don't need to commit to database ...
PHY-1001 : End Stage 2.4.2.4 | Commit Data; Time: 0.027563s wall, 0.031250s user + 0.000000s system = 0.031250s CPU (113.4%); Memory(MB): used = 787, reserved = 778, peak = 787;

PHY-1001 : End Stage 2.4.2 | Phase 2; Time: 7.049206s wall, 6.875000s user + 0.062500s system = 6.937500s CPU (98.4%); Memory(MB): used = 787, reserved = 778, peak = 787;

PHY-1001 : Stage 2.4.3 | Phase 3
PHY-1001 : Stage 2.4.3.1 | Setup TimeOptimization
PHY-1001 : Start to optimize setup violation with net base ...
PHY-1001 : Iter 1; Processed 49 pins with SWNS -0.314ns STNS -4.092ns FEP 82 took 2.32062 seconds.
PHY-1001 : len = 859384, over cnt = 53(0%), over = 53, worst = 1, crit = 1
PHY-1001 : End Stage 2.4.3.1 | Setup TimeOptimization; Time: 2.466678s wall, 2.437500s user + 0.015625s system = 2.453125s CPU (99.5%); Memory(MB): used = 787, reserved = 778, peak = 787;

PHY-1001 : Stage 2.4.3.2 | Rip-up And ReRoute
PHY-1001 : Iter 1: len = 859112, over cnt = 0(0%), over = 0, worst = 0, crit = 0, time(s) = 0.13
PHY-1001 : End Stage 2.4.3.2 | Rip-up And ReRoute; Time: 0.153352s wall, 0.234375s user + 0.000000s system = 0.234375s CPU (152.8%); Memory(MB): used = 787, reserved = 778, peak = 787;

PHY-1001 : Stage 2.4.3.3 | Update Timing
RUN-1002 : start command "start_timer"
PHY-1001 : 182/9526(1%) critical/total net(s).
PHY-1001 : Setup: WNS(ns) = -1.106, TNS(ns) = -230.300, FEP = 531 | Hold: WNS(ns) = 0.002, TNS(ns) = 0.000, FEP = 0.
PHY-1001 : End Stage 2.4.3.3 | Update Timing; Time: 2.510160s wall, 2.421875s user + 0.015625s system = 2.437500s CPU (97.1%); Memory(MB): used = 788, reserved = 778, peak = 788;

PHY-1001 : Stage 2.4.3.4 | Commit Data
PHY-1001 : Commit better result to database ...
PHY-1001 : 213 feed throughs used by 184 nets
PHY-1001 : End Stage 2.4.3.4 | Commit Data; Time: 0.898704s wall, 0.906250s user + 0.000000s system = 0.906250s CPU (100.8%); Memory(MB): used = 788, reserved = 778, peak = 788;

PHY-1001 : End Stage 2.4.3 | Phase 3; Time: 6.257302s wall, 6.203125s user + 0.031250s system = 6.234375s CPU (99.6%); Memory(MB): used = 788, reserved = 778, peak = 788;

PHY-1001 : Stage 2.4.4 | Phase 4
PHY-1001 : Stage 2.4.4.1 | Setup TimeOptimization
PHY-1001 : Start to optimize setup violation with net base ...
PHY-1001 : Iter 1; Processed 30 pins with SWNS -0.314ns STNS -4.092ns FEP 82 took 1.31142 seconds.
PHY-1001 : len = 860328, over cnt = 40(0%), over = 40, worst = 1, crit = 0
PHY-1001 : End Stage 2.4.4.1 | Setup TimeOptimization; Time: 1.461119s wall, 1.546875s user + 0.046875s system = 1.593750s CPU (109.1%); Memory(MB): used = 788, reserved = 778, peak = 788;

PHY-1001 : Stage 2.4.4.2 | Rip-up And ReRoute
PHY-1001 : Iter 1: len = 859808, over cnt = 1(0%), over = 1, worst = 1, crit = 0, time(s) = 0.31
PHY-1001 : Iter 2: len = 859808, over cnt = 0(0%), over = 0, worst = 0, crit = 0, time(s) = 0.03
PHY-1001 : End Stage 2.4.4.2 | Rip-up And ReRoute; Time: 0.362272s wall, 0.531250s user + 0.015625s system = 0.546875s CPU (151.0%); Memory(MB): used = 788, reserved = 778, peak = 788;

PHY-1001 : Stage 2.4.4.3 | Update Timing
RUN-1002 : start command "start_timer"
PHY-1001 : 118/9526(1%) critical/total net(s).
PHY-1001 : Setup: WNS(ns) = -0.443, TNS(ns) = -19.367, FEP = 160 | Hold: WNS(ns) = 0.002, TNS(ns) = 0.000, FEP = 0.
PHY-1001 : End Stage 2.4.4.3 | Update Timing; Time: 2.530680s wall, 2.421875s user + 0.062500s system = 2.484375s CPU (98.2%); Memory(MB): used = 788, reserved = 778, peak = 788;

PHY-1001 : Stage 2.4.4.4 | Commit Data
PHY-1001 : Commit better result to database ...
PHY-1001 : 221 feed throughs used by 188 nets
PHY-1001 : End Stage 2.4.4.4 | Commit Data; Time: 0.910586s wall, 0.890625s user + 0.000000s system = 0.890625s CPU (97.8%); Memory(MB): used = 788, reserved = 778, peak = 788;

PHY-1001 : End Stage 2.4.4 | Phase 4; Time: 5.515244s wall, 5.656250s user + 0.125000s system = 5.781250s CPU (104.8%); Memory(MB): used = 788, reserved = 778, peak = 788;

PHY-1001 : Stage 2.4.5 | Phase 5
PHY-1001 : Stage 2.4.5.1 | Setup TimeOptimization
PHY-1001 : Start to optimize setup violation with net base ...
PHY-1001 : Iter 1; Processed 17 pins with SWNS -0.314ns STNS -4.092ns FEP 82 took 0.776907 seconds.
PHY-1001 : len = 860616, over cnt = 19(0%), over = 19, worst = 1, crit = 0
PHY-1001 : End Stage 2.4.5.1 | Setup TimeOptimization; Time: 0.909965s wall, 0.890625s user + 0.015625s system = 0.906250s CPU (99.6%); Memory(MB): used = 788, reserved = 778, peak = 788;

PHY-1001 : Stage 2.4.5.2 | Rip-up And ReRoute
PHY-1001 : Iter 1: len = 860008, over cnt = 0(0%), over = 0, worst = 0, crit = 0, time(s) = 0.04
PHY-1001 : End Stage 2.4.5.2 | Rip-up And ReRoute; Time: 0.061687s wall, 0.062500s user + 0.000000s system = 0.062500s CPU (101.3%); Memory(MB): used = 788, reserved = 778, peak = 788;

PHY-1001 : Stage 2.4.5.3 | Update Timing
RUN-1002 : start command "start_timer"
PHY-1001 : 113/9526(1%) critical/total net(s).
PHY-1001 : Setup: WNS(ns) = -0.683, TNS(ns) = -17.771, FEP = 146 | Hold: WNS(ns) = 0.002, TNS(ns) = 0.000, FEP = 0.
PHY-1001 : End Stage 2.4.5.3 | Update Timing; Time: 2.472399s wall, 2.484375s user + 0.000000s system = 2.484375s CPU (100.5%); Memory(MB): used = 788, reserved = 778, peak = 788;

PHY-1001 : Stage 2.4.5.4 | Commit Data
PHY-1001 : Don't need to commit to database ...
PHY-1001 : End Stage 2.4.5.4 | Commit Data; Time: 0.022102s wall, 0.031250s user + 0.000000s system = 0.031250s CPU (141.4%); Memory(MB): used = 788, reserved = 778, peak = 788;

PHY-1001 : End Stage 2.4.5 | Phase 5; Time: 3.702139s wall, 3.671875s user + 0.015625s system = 3.687500s CPU (99.6%); Memory(MB): used = 788, reserved = 778, peak = 788;

PHY-1001 : Stage 2.4.6 | Phase 6
PHY-1001 : Stage 2.4.6.1 | Setup TimeOptimization
PHY-1001 : Start to optimize setup violation with net base ...
PHY-1001 : Iter 1; Processed 14 pins with SWNS -0.314ns STNS -4.092ns FEP 82 took 0.579125 seconds.
PHY-1001 : len = 860640, over cnt = 15(0%), over = 15, worst = 1, crit = 0
PHY-1001 : End Stage 2.4.6.1 | Setup TimeOptimization; Time: 0.714329s wall, 0.828125s user + 0.015625s system = 0.843750s CPU (118.1%); Memory(MB): used = 788, reserved = 778, peak = 788;

PHY-1001 : Stage 2.4.6.2 | Rip-up And ReRoute
PHY-0007 : Congestion: {46.36, 41.68, 39.04, 37.21}; Timing: {-0.314ns, -4.092ns, 82}
PHY-1001 : Iter 1: len = 860528, over cnt = 0(0%), over = 0, worst = 0, crit = 0, time(s) = 0.06
PHY-1001 : End Stage 2.4.6.2 | Rip-up And ReRoute; Time: 0.113786s wall, 0.125000s user + 0.000000s system = 0.125000s CPU (109.9%); Memory(MB): used = 788, reserved = 778, peak = 788;

PHY-1001 : Stage 2.4.6.3 | Update Timing
RUN-1002 : start command "start_timer"
PHY-1001 : 87/9526(0%) critical/total net(s).
PHY-1001 : Setup: WNS(ns) = -0.314, TNS(ns) = -6.240, FEP = 94 | Hold: WNS(ns) = 0.002, TNS(ns) = 0.000, FEP = 0.
PHY-1001 : End Stage 2.4.6.3 | Update Timing; Time: 2.521823s wall, 2.468750s user + 0.000000s system = 2.468750s CPU (97.9%); Memory(MB): used = 788, reserved = 778, peak = 788;

PHY-1001 : Stage 2.4.6.4 | Commit Data
PHY-1001 : Commit better result to database ...
PHY-1001 : 225 feed throughs used by 190 nets
PHY-1001 : End Stage 2.4.6.4 | Commit Data; Time: 0.922363s wall, 0.890625s user + 0.015625s system = 0.906250s CPU (98.3%); Memory(MB): used = 788, reserved = 778, peak = 788;

PHY-1001 : End Stage 2.4.6 | Phase 6; Time: 4.523953s wall, 4.562500s user + 0.031250s system = 4.593750s CPU (101.5%); Memory(MB): used = 788, reserved = 778, peak = 788;

PHY-1001 : End Stage 2.4 | Routing Optimization; Time: 45.477022s wall, 46.656250s user + 0.359375s system = 47.015625s CPU (103.4%); Memory(MB): used = 788, reserved = 778, peak = 788;

PHY-1003 : Routed, final wirelength = 860528
RUN-1002 : start command "export_db UDP_EXAMPLE_pr.db"
RUN-1001 : Exported flow parameters
RUN-1001 : Exported /
RUN-1001 : Exported libs
RUN-1001 : Exported entities
RUN-1001 : Exported ports
RUN-1001 : Exported pins
RUN-1001 : Exported instances
RUN-1001 : Exported nets
RUN-1001 : Exported buses
RUN-1001 : Exported models
RUN-1001 : Exported phy database
RUN-1001 : Exported packer
RUN-1001 : Exported congestions
RUN-1001 : Exported violations
RUN-1001 : Exported ATMR Setting
RUN-1001 : Exported timing constraints
RUN-1001 : Exported IO constraints
RUN-1001 : Exported Inst constraints
RUN-1001 : Exported ChipWatcher
PHY-1001 : Current memory(MB): used = 817, reserved = 927, peak = 817.
PHY-1001 : End export database. 0.499178s wall, 0.687500s user + 0.015625s system = 0.703125s CPU (140.9%)

PHY-1001 : End detail routing;  81.435650s wall, 99.968750s user + 1.265625s system = 101.234375s CPU (124.3%)

PHY-1001 : End Stage 2 | Detail Routing; Time: 81.435744s wall, 99.968750s user + 1.265625s system = 101.234375s CPU (124.3%); Memory(MB): used = 817, reserved = 927, peak = 817;

PHY-1001 : Stage 3 | Hold Fix
RUN-1002 : start command "start_timer"
RUN-1001 : No hold violation.
PHY-1001 : End Stage 3 | Hold Fix; Time: 2.387931s wall, 2.343750s user + 0.000000s system = 2.343750s CPU (98.1%); Memory(MB): used = 817, reserved = 927, peak = 817;

PHY-1001 : Stage 4 | Report Route Qor
RUN-1002 : start command "report_qor -step route -file route.qor"
RUN-1002 : start command "start_timer"
-----------------------------------------------------------
| QoR metrics               |         value               |
-----------------------------------------------------------
| Timing                    |                             |
|     Setup WNS             |         -314                |
|     Setup TNS             |        -6240                |
|     Num of violated S-EP  |           94                |
|     Hold WNS              |            2                |
|     Hold TNS              |            0                |
|     Num of violated H-EP  |            0                |
-----------------------------------------------------------
| Routing Resource          |                             |
|     Wire length           |       860528                |
-----------------------------------------------------------
| Utilization               |                             |
|     #slices               |         4755                |
|     slices percentage     |       48.52%                |
|     #RAMs                 |           23                |
|     #DSPs                 |            0                |
|     #DRAMHARDCON          |            0                |
-----------------------------------------------------------
Report route stage QoR done.

RUN-1003 : finish command "report_qor -step route -file route.qor" in  2.461691s wall, 2.421875s user + 0.015625s system = 2.437500s CPU (99.0%)

RUN-1004 : used memory is 818 MB, reserved memory is 927 MB, peak memory is 818 MB
RUN-1002 : start command "update_timing -mode final"
RUN-1002 : start command "start_timer"
RUN-1003 : finish command "update_timing -mode final" in  2.445163s wall, 2.421875s user + 0.031250s system = 2.453125s CPU (100.3%)

RUN-1004 : used memory is 818 MB, reserved memory is 927 MB, peak memory is 818 MB
RUN-1002 : start command "report_timing_summary -file final_timing.rpt"
OPT-1001 : QoR tracer report on route step:
    SWNS [   incr ]     STNS [    incr ]  S-FEPS [   incr ]    HWNS [   incr ]      HTNS [     incr ]    H-FEPS [     incr ]    CELL [   incr ]      WL [   incr ]   RT(s) [   incr ]   MEM(mb) [     incr ]
   -2107 [      0 ]  -473915 [       0 ]     650 [      0 ]       2 [      0 ]         0 [        0 ]         0 [        0 ]    4839 [      0 ]  842704 [      0 ]      39 [      0 ]       748 [        0 ] : dr_initialization
    -314 [   1793 ]    -4085 [  469830 ]      81 [   -569 ]       2 [      0 ]         0 [        0 ]         0 [        0 ]    4839 [      0 ]  852320 [   9616 ]      51 [     12 ]       750 [        2 ] : dr_timing_opt_phase1
   -1283 [   -969 ]  -325872 [ -321787 ]     591 [    510 ]       2 [      0 ]         0 [        0 ]         0 [        0 ]    4839 [      0 ]  855160 [   2840 ]      57 [      6 ]       786 [       36 ] : dr_opt_phase1
    -314 [    969 ]    -4092 [  321780 ]      82 [   -509 ]       2 [      0 ]         0 [        0 ]         0 [        0 ]    4839 [      0 ]  858312 [   3152 ]      61 [      4 ]       786 [        0 ] : dr_timing_opt_phase2
   -2020 [  -1706 ]  -280344 [ -276252 ]     585 [    503 ]       2 [      0 ]         0 [        0 ]         0 [        0 ]    4839 [      0 ]  857672 [   -640 ]      65 [      4 ]       787 [        1 ] : dr_opt_phase2
    -314 [   1706 ]    -4092 [  276252 ]      82 [   -503 ]       2 [      0 ]         0 [        0 ]         0 [        0 ]    4839 [      0 ]  859384 [   1712 ]      67 [      2 ]       787 [        0 ] : dr_timing_opt_phase3
   -1106 [   -792 ]  -230300 [ -226208 ]     531 [    449 ]       2 [      0 ]         0 [        0 ]         0 [        0 ]    4839 [      0 ]  859112 [   -272 ]      71 [      4 ]       788 [        1 ] : dr_opt_phase3
    -314 [    792 ]    -4092 [  226208 ]      82 [   -449 ]       2 [      0 ]         0 [        0 ]         0 [        0 ]    4839 [      0 ]  860328 [   1216 ]      72 [      1 ]       788 [        0 ] : dr_timing_opt_phase4
    -443 [   -129 ]   -19367 [  -15275 ]     160 [     78 ]       2 [      0 ]         0 [        0 ]         0 [        0 ]    4839 [      0 ]  859808 [   -520 ]      76 [      4 ]       788 [        0 ] : dr_opt_phase4
    -314 [    129 ]    -4092 [   15275 ]      82 [    -78 ]       2 [      0 ]         0 [        0 ]         0 [        0 ]    4839 [      0 ]  860616 [    808 ]      77 [      1 ]       788 [        0 ] : dr_timing_opt_phase5
    -683 [   -369 ]   -17771 [  -13679 ]     146 [     64 ]       2 [      0 ]         0 [        0 ]         0 [        0 ]    4839 [      0 ]  860008 [   -608 ]      80 [      3 ]       788 [        0 ] : dr_opt_phase5
    -314 [    369 ]    -4092 [   13679 ]      82 [    -64 ]       2 [      0 ]         0 [        0 ]         0 [        0 ]    4839 [      0 ]  860640 [    632 ]      81 [      1 ]       788 [        0 ] : dr_timing_opt_phase6
    -314 [      0 ]    -6240 [   -2148 ]      94 [     12 ]       2 [      0 ]         0 [        0 ]         0 [        0 ]    4839 [      0 ]  860528 [   -112 ]      85 [      4 ]       788 [        0 ] : dr_opt_phase6
    -314 [      0 ]    -6240 [       0 ]      94 [      0 ]       2 [      0 ]         0 [        0 ]         0 [        0 ]    4839 [      0 ]  860528 [      0 ]      85 [      0 ]       788 [        0 ] : multi_try_opt
    -314 [      0 ]    -6240 [       0 ]      94 [      0 ]       2 [      0 ]         0 [        0 ]         0 [        0 ]    4839 [      0 ]  860528 [      0 ]      88 [      3 ]       817 [       29 ] : fix_hold_opt

PHY-1001 : End Stage 4 | Report Route Qor; Time: 5.015340s wall, 4.937500s user + 0.046875s system = 4.984375s CPU (99.4%); Memory(MB): used = 818, reserved = 927, peak = 818;

PHY-1001 : Stage 5 | Routing DRC
PHY-1001 : Start multi-drive drc check......
PHY-1001 : No multi-drive.
PHY-1001 : Stage 5.1 | Clock Net Status Check
PHY-1001 : All clock nets do not utilize local routing resource.
PHY-1001 : End Stage 5.1 | Clock Net Status Check; Time: 0.002055s wall, 0.000000s user + 0.000000s system = 0.000000s CPU (n/a%); Memory(MB): used = 818, reserved = 927, peak = 818;

PHY-1001 : Stage 5.2 | Abnormal Timing Path check
PHY-1001 : No abnormal timing path.
PHY-1001 : End Stage 5.2 | Abnormal Timing Path check; Time: 0.167145s wall, 0.171875s user + 0.000000s system = 0.171875s CPU (102.8%); Memory(MB): used = 818, reserved = 927, peak = 818;

PHY-1001 : End Stage 5 | Routing DRC; Time: 0.244415s wall, 0.234375s user + 0.000000s system = 0.234375s CPU (95.9%); Memory(MB): used = 818, reserved = 927, peak = 818;

RUN-1003 : finish command "route" in  93.457529s wall, 112.265625s user + 1.375000s system = 113.640625s CPU (121.6%)

RUN-1004 : used memory is 818 MB, reserved memory is 927 MB, peak memory is 818 MB
RUN-1002 : start command "report_area -io_info -file UDP_EXAMPLE_phy.area"
RUN-1001 : standard
***Report Model: UDP_Example_Top Device: EG4S20BG256***

IO Statistics
#IO                        49   out of    188   26.06%
  #input                    9
  #output                  40
  #inout                    0
#virtual IO                 1
  #input                    0
  #output                   0
  #inout                    0

Utilization Statistics
#lut                     5642   out of  19600   28.79%
#reg                     7094   out of  19600   36.19%
#le                      8479
  #lut only              1385   out of   8479   16.33%
  #reg only              2837   out of   8479   33.46%
  #lut&reg               4257   out of   8479   50.21%
#bram                      23   out of     64   35.94%
  #bram9k                  23
  #fifo9k                   0
#bram32k                    0   out of     16    0.00%
#dsp                        0   out of     29    0.00%
#pad                       49   out of    188   26.06%
  #ireg                     5
  #oreg                    23
  #treg                     0
#pll                        1   out of      4   25.00%
#gclk                       3   out of     16   18.75%


DataNet Average Fanout:

   Index     Fanout     Nets  
    #1          1       6279  
    #2          2       1489  
    #3          3       872   
    #4          4       325   
    #5        5-10      616   
    #6        11-50     297   
    #7       51-100      44   
    #8       101-500     4    
  Average     2.78            

RUN-1002 : start command "update_timing -mode final"
RUN-1002 : start command "start_timer"
RUN-1003 : finish command "update_timing -mode final" in  2.379893s wall, 2.375000s user + 0.000000s system = 2.375000s CPU (99.8%)

RUN-1004 : used memory is 818 MB, reserved memory is 927 MB, peak memory is 818 MB
RUN-1002 : start command "report_timing_status -file UDP_EXAMPLE_phy.ts"
RUN-1002 : start command "report_timing_summary -file UDP_EXAMPLE_pr.timing"
RUN-1002 : start command "report_timing_exception -file UDP_EXAMPLE_exception.timing"
RUN-1002 : start command "flow_status -file route_flow.status"
Location         : D:\Anlu\lab_ex_1_receive\UDP_EG4_6.2\prj\UDP_EXAMPLE\UDP_EXAMPLE_Runs\phy_1
Running with     : Tang Dynasty v6.2.168116
                   Copyright (c) 2012-2025 Anlogic Inc.
Top Model        : UDP_Example_Top
Device           : EG4S20BG256
Speed            : NA

Timing Mode      : final
Setup            : WNS  -314ps  TNS    -6240ps  NUM_FEPS    94
Hold             : WNS     2ps  TNS        0ps  NUM_FEPS     0

Flow Statistics  :
RUN-1001 : Flow Statistics:
RUN-1001 : ---------------------------------------------------------------------------------------------------
RUN-1001 :      command     |  #calls  |  wall time   |  cpu time(s)  |  used memory(mb)  |  peak memory(mb)  
RUN-1001 : ---------------------------------------------------------------------------------------------------
RUN-1001 :       route      |    1     |  1m33s(60%)  |   113(57%)    |        818        |        818        
RUN-1001 :       place      |    1     |  1m2s(40%)   |    83(42%)    |        428        |        428        
RUN-1001 :     import_db    |    4     |    0s(0%)    |     0(0%)     |        290        |        290        
RUN-1001 :   import_device  |    1     |    0s(0%)    |     0(0%)     |        84         |        84         
RUN-1001 :       pack       |    1     |    0s(0%)    |     0(0%)     |        291        |        291        
RUN-1001 : ---------------------------------------------------------------------------------------------------
RUN-1001 :       total      |    8     |    2m35s     |      196      |        818        |        818        
RUN-1001 : ---------------------------------------------------------------------------------------------------
RUN-1002 : start command "report_clock_utilization -file route_clock_utilization.txt"
RUN-1001 : Device not support command report_clock_utilization.
RUN-1002 : start command "export_db UDP_EXAMPLE_pr.db"
RUN-1001 : Exported flow parameters
RUN-1001 : Exported /
RUN-1001 : Exported libs
RUN-1001 : Exported entities
RUN-1001 : Exported ports
RUN-1001 : Exported pins
RUN-1001 : Exported instances
RUN-1001 : Exported nets
RUN-1001 : Exported buses
RUN-1001 : Exported models
RUN-1001 : Exported phy database
RUN-1001 : Exported packer
RUN-1001 : Exported congestions
RUN-1001 : Exported violations
RUN-1001 : Exported ATMR Setting
RUN-1001 : Exported timing constraints
RUN-1001 : Exported IO constraints
RUN-1001 : Exported Inst constraints
RUN-1001 : Exported ChipWatcher
RUN-1002 : start command "commit_param -step bitgen"
RUN-1001 : Print Global Property
RUN-1001 : --------------------------------------------------------
RUN-1001 :   Parameters   |  Settings  |  Default Values  |  Note  
RUN-1001 : --------------------------------------------------------
RUN-1001 :   enable_seed  |    off     |       off        |        
RUN-1001 :     message    |  standard  |     standard     |        
RUN-1001 :   qor_monitor  |     on     |        on        |        
RUN-1001 :   syn_ip_flow  |    off     |       off        |        
RUN-1001 :     thread     |    auto    |       auto       |        
RUN-1001 : --------------------------------------------------------
RUN-1001 : Print Bitgen Property
RUN-1001 : -------------------------------------------------------------
RUN-1001 :      Parameters     |  Settings  |  Default Values  |  Note  
RUN-1001 : -------------------------------------------------------------
RUN-1001 :         bin         |    off     |       off        |        
RUN-1001 :       gen_mask      |    off     |       off        |        
RUN-1001 :      time_info      |     on     |        on        |        
RUN-1001 :   unused_io_status  |   pullup   |      pullup      |        
RUN-1001 :       version       |    0x00    |       0x00       |        
RUN-1001 : -------------------------------------------------------------
RUN-1002 : start command "bitgen -bit UDP_EXAMPLE.bit"
RUN-1002 : start command "export_bid UDP_EXAMPLE_inst.bid"
BIT-1003 : Start to generate bitstream. 
BIT-1002 : Init instances with 16 threads.
BIT-1002 : Init instances completely, inst num: 4832
BIT-1002 : Init pips with 16 threads.
BIT-1002 : Init pips completely, net num: 9527, pip num: 87112
BIT-1002 : Init feedthrough with 16 threads.
BIT-1002 : Init feedthrough completely, num: 225
BIT-1003 : Multithreading accelaration with 16 threads.
BIT-1003 : Generate bitstream completely, there are 234818 bits set as '1'.
BIT-1004 : PLL setting string = 0001
BIT-1004 : Generate bits file UDP_EXAMPLE.bit.
RUN-1003 : finish command "bitgen -bit UDP_EXAMPLE.bit" in  3.464389s wall, 26.203125s user + 1.156250s system = 27.359375s CPU (789.7%)

RUN-1004 : used memory is 820 MB, reserved memory is 927 MB, peak memory is 820 MB
RUN-1002 : start command "setup_debugger ../../chip_debugger"
KIT-1004 : Update chipwatcher trigger condition
KIT-1004 : Generate chipwatcher configuration file: cw/compiled.cwc
KIT-1004 : Generate chipwatcher bit file: cw/compiled.bit
RUN-1002 : start command "export_bitgen_param -file .bitgen_param.f"
RUN-1002 : start command "export_flow_status -s opt_place -e bitgen"
RUN-1002 : start command "flow_status"

Location         : D:\Anlu\lab_ex_1_receive\UDP_EG4_6.2\prj\UDP_EXAMPLE\UDP_EXAMPLE_Runs\phy_1
Running with     : Tang Dynasty v6.2.168116
                   Copyright (c) 2012-2025 Anlogic Inc.
Top Model        : UDP_Example_Top
Device           : EG4S20BG256
Speed            : NA

Timing Mode      : final
Setup            : WNS  -314ps  TNS    -6240ps  NUM_FEPS    94
Hold             : WNS     2ps  TNS        0ps  NUM_FEPS     0

RUN-1001 : Flow Statistics:
RUN-1001 : ---------------------------------------------------------------------------------------------------
RUN-1001 :      command     |  #calls  |  wall time   |  cpu time(s)  |  used memory(mb)  |  peak memory(mb)  
RUN-1001 : ---------------------------------------------------------------------------------------------------
RUN-1001 :       route      |    1     |  1m33s(58%)  |   113(50%)    |        818        |        818        
RUN-1001 :       place      |    1     |  1m2s(39%)   |    83(37%)    |        428        |        428        
RUN-1001 :      bitgen      |    1     |    3s(1%)    |    27(12%)    |        820        |        820        
RUN-1001 :     import_db    |    4     |    0s(0%)    |     0(0%)     |        290        |        290        
RUN-1001 :   import_device  |    1     |    0s(0%)    |     0(0%)     |        84         |        84         
RUN-1001 :       pack       |    1     |    0s(0%)    |     0(0%)     |        291        |        291        
RUN-1001 : ---------------------------------------------------------------------------------------------------
RUN-1001 :       total      |    9     |    2m38s     |      223      |        820        |        820        
RUN-1001 : ---------------------------------------------------------------------------------------------------
