============================================================
   Tang Dynasty, V6.2.175876
   Copyright (c) 2012-2025 Anlogic Inc.
   Executable = /home/ysara/桌面/TD_6.2.1_Release_175876_NL/bin/td
   Built by =   ysara
   Built at =   /home/ysar, 9月26日 09:54
   Run by =     root
   Run Date =   Wed Oct  1 19:21:32 2025

   Run on =     ysara-precision3660
============================================================
RUN-1002 : start command "import_db /home/ysara/2025Anlogic/HXEG420_lab_ex/lab_ex_1_ethernet_led/UDP_EG4_6.2/prj/UDP_EXAMPLE/UDP_EXAMPLE_Runs/phy_1/UDP_EXAMPLE_pr.db"
RUN-1001 : Importing database generated by Tang Dynasty, V6.2.175876.
RUN-1001 : Database version number 46207
RUN-1001 : Import flow parameters
RUN-1001 : Import netlist
PHY-1001 : Generate detailed routing grids ...
PHY-1001 : End build routing graph; 1.110000s wall, 1.090000s user + 0.030000s system = 1.120000s CPU (100.9%)

PHY-1001 : Build lut bridge;  0.020000s wall, 0.010000s user + 0.010000s system = 0.020000s CPU (100.0%)

PHY-1001 : Generate nets ...
PHY-1001 : net clk_50_dup_1 will be routed on clock mesh
PHY-1001 : clock net temac_clk will be merged with clock u_clk_gen/u_pll_0/clk0_buf
PHY-1001 : net udp_clk will be routed on clock mesh
PHY-1001 : net key_counter_inst/key2_debounce/clk will be routed on clock mesh
PHY-1001 : clock net cwc_jtck_syn_2 will be merged with clock cwc_jtck
PHY-1001 : clock net u4_trimac_block/rx_clk will be merged with clock phy1_rgmii_rx_clk_dup_1
PHY-1001 : net u4_trimac_block/u1_rgmii_interface/rgmii_txc_ddr/clk will be routed on clock mesh
PHY-1001 : eco open net = 0
PHY-1001 : 226 feed throughs used by 183 nets
RUN-1001 : Import phy database
RUN-1001 : Import timing constraints
RUN-1001 : Import IO constraints
RUN-1001 : Import Inst constraints
RUN-1001 : Import ChipWatcher
RUN-1001 : Import design success TD_VERSION=6.2.175876 , DB_VERSION=46207
RUN-1003 : finish command "import_db /home/ysara/2025Anlogic/HXEG420_lab_ex/lab_ex_1_ethernet_led/UDP_EG4_6.2/prj/UDP_EXAMPLE/UDP_EXAMPLE_Runs/phy_1/UDP_EXAMPLE_pr.db" in  2.900000s wall, 2.620000s user + 0.090000s system = 2.710000s CPU (93.4%)

RUN-1004 : used memory is 1056 MB, reserved memory is 822 MB, peak memory is 1056 MB
