============================================================
   Tang Dynasty, V6.2.168116
   Copyright (c) 2012-2025 Anlogic Inc.
   Executable = D:/Anlogic/TD_6.2.1_Engineer_6.2.168.116/bin/td.exe
   Built at =   16:32:07 Jun 12 2025
   Run by =     Administrator
   Run Date =   Mon Nov  3 20:43:38 2025

   Run on =     WIN-61TPHHLRMOG
============================================================
RUN-1002 : start command "import_db D:/Anlu/double_fpga_udp/tx/my_project_125/lab_ex_5_HX4S20_OV5640/pic_sdram_Runs/phy_1/pic_sdram_pr.db"
RUN-1001 : Importing database generated by Tang Dynasty, V6.2.168116.
RUN-1001 : Database version number 46207
RUN-1001 : Import flow parameters
RUN-1001 : Import netlist
PHY-1001 : Generate detailed routing grids ...
PHY-1001 : End build routing graph; 4.588794s wall, 4.687500s user + 0.546875s system = 5.234375s CPU (114.1%)

PHY-1001 : Build lut bridge;  0.086211s wall, 0.078125s user + 0.000000s system = 0.078125s CPU (90.6%)

PHY-1001 : Generate nets ...
PHY-1001 : net clk_dup_1 will be routed on clock mesh
PHY-1001 : net U3/u2_ram/SDRAM_CLK will be routed on clock mesh
PHY-1001 : clock net U3/u2_ram/u1_init_ref/Sdr_clk will be merged with clock sys_pll_m0/clk0_buf
PHY-1001 : clock net UDP_TOP_u0/temac_clk will be merged with clock UDP_TOP_u0/u_clk_gen/u_pll_0/clk0_buf
PHY-1001 : net UDP_TOP_u0/udp_clk will be routed on clock mesh
PHY-1001 : clock net UDP_TOP_u0/u2_hdmi_tx/Inst_DVITransmitter/PCLK_X5_I will be merged with clock UDP_TOP_u0/u0_clk_wize/clk0_buf
PHY-1001 : clock net u_ov5640_dri/u_i2c_dr/dri_clk_syn_4 will be merged with clock u_ov5640_dri/u_i2c_dr/dri_clk
PHY-1001 : clock net frame_read_write_m0/write_buf/clkw_syn_2 will be merged with clock frame_read_write_m0/write_buf/clkw
PHY-1001 : net u3_hdmi_tx/Inst_DVITransmitter/PCLK_X5_I will be routed on clock mesh
PHY-1001 : clock net u3_hdmi_tx/Inst_DVITransmitter/PCLK_I will be merged with clock video_pll_m0/clk0_buf
PHY-1001 : clock net UDP_TOP_u0/u4_trimac_block/rx_clk will be merged with clock phy1_rgmii_rx_clk_dup_1
PHY-1001 : net UDP_TOP_u0/u4_trimac_block/u1_rgmii_interface/rgmii_txc_ddr/clk will be routed on clock mesh
PHY-1001 : eco open net = 0
PHY-1001 : 177 feed throughs used by 143 nets
RUN-1001 : Import phy database
RUN-1001 : Import timing constraints
RUN-1001 : Import IO constraints
RUN-1001 : Import Inst constraints
RUN-1001 : Import ChipWatcher
RUN-1001 : Import design success TD_VERSION=6.2.168116 , DB_VERSION=46207
RUN-1003 : finish command "import_db D:/Anlu/double_fpga_udp/tx/my_project_125/lab_ex_5_HX4S20_OV5640/pic_sdram_Runs/phy_1/pic_sdram_pr.db" in  7.930117s wall, 8.171875s user + 0.984375s system = 9.156250s CPU (115.5%)

RUN-1004 : used memory is 675 MB, reserved memory is 633 MB, peak memory is 735 MB
