============================================================
   Tang Dynasty, V6.2.168116
   Copyright (c) 2012-2025 Anlogic Inc.
   Executable = D:/Anlogic/TD_6.2.1_Engineer_6.2.168.116/bin/run.exe
   Built at =   16:32:07 Jun 12 2025
   Run by =     Administrator
   Run Date =   Tue Nov  4 00:30:43 2025

   Run on =     WIN-61TPHHLRMOG
============================================================
RUN-1002 : start command "import_device eagle_s20.db -package EG4S20BG256"
RUN-1001 : Using default speed grade: NA
ARC-1001 : Device Initialization.
ARC-1001 : ------------------------------------------------------------------
ARC-1001 :            OPTION            |          IO          |   SETTING   
ARC-1001 : ------------------------------------------------------------------
ARC-1001 :   cso_b/cclk/mosi/miso/dout  |  T3/R11/T10/P10/S11  |    gpio    
ARC-1001 :             done             |         P13          |    gpio    
ARC-1001 :           program_b          |          T2          |  dedicate  
ARC-1001 :        tdi/tms/tck/tdo       |   C12/A15/C14/E14    |  dedicate  
ARC-1001 : ------------------------------------------------------------------
ARC-1004 : Device setting, marked 5 dedicate IOs in total.
RUN-1002 : start command "open_project UDP_EXAMPLE.prj -noanalyze"
RUN-1002 : start command "import_db ../syn_1/UDP_EXAMPLE_gate.db"
RUN-1001 : Importing database generated by Tang Dynasty, V6.2.168116.
RUN-1001 : Database version number 46207
RUN-1001 : Import flow parameters
RUN-1001 : Import netlist
RUN-1001 : Import timing constraints
RUN-1001 : Import IO constraints
RUN-1001 : Import Inst constraints
RUN-1001 : Import ChipWatcher
RUN-1001 : Import design success TD_VERSION=6.2.168116 , DB_VERSION=46207
RUN-1002 : start command "commit_param -step place"
RUN-1001 : Print Global Property
RUN-1001 : --------------------------------------------------------
RUN-1001 :   Parameters   |  Settings  |  Default Values  |  Note  
RUN-1001 : --------------------------------------------------------
RUN-1001 :   enable_seed  |    off     |       off        |        
RUN-1001 :     message    |  standard  |     standard     |        
RUN-1001 :   qor_monitor  |     on     |        on        |        
RUN-1001 :   syn_ip_flow  |    off     |       off        |        
RUN-1001 :     thread     |    auto    |       auto       |        
RUN-1001 : --------------------------------------------------------
RUN-1002 : start command "set_param place effort high"
RUN-1002 : start command "set_param place hfn_opt_effort high"
RUN-1002 : start command "set_param place opt_timing high"
RUN-1001 : Print Place Property
RUN-1001 : -----------------------------------------------------------
RUN-1001 :     Parameters    |  Settings  |  Default Values  |  Note  
RUN-1001 : -----------------------------------------------------------
RUN-1001 :       effort      |    high    |      medium      |   *    
RUN-1001 :   hfn_opt_effort  |    high    |      medium      |   *    
RUN-1001 :     max_fanout    |   999999   |      999999      |        
RUN-1001 :     opt_timing    |    high    |      medium      |   *    
RUN-1001 :   post_place_opt  |    auto    |       auto       |        
RUN-1001 :    pr_strategy    |     1      |        1         |        
RUN-1001 :     relaxation    |    1.00    |       1.00       |        
RUN-1001 : -----------------------------------------------------------
RUN-1002 : start command "insert_debugger ../../chip_debugger"
RUN-1002 : start command "place"
RUN-1001 : Open license file D:/Anlogic/TD_6.2.1_Engineer_6.2.168.116/license/Anlogic.lic
PHY-3001 : Placer runs in 16 thread(s) with high effort.
PHY-1001 : Stage 1 | Initialize Design
PHY-1001 : Stage 1.1 | Build Design
PHY-1001 : 4523 luts, 4872 seqs, 245 mslices, 130 lslices, 114 pads, 36 brams, 0 dsps
RUN-1002 : start command "legalize_phy_inst"
SYN-1011 : Flatten model UDP_Example_Top
PHY-1001 : Remove keep and sweep redundant instances ...
PHY-1001 : 4430 luts, 4755 seqs, 229 mslices, 114 lslices, 114 pads, 36 brams, 0 dsps
PHY-1001 : End Stage 1.1 | Build Design; Time: 0.072688s wall, 0.062500s user + 0.015625s system = 0.078125s CPU (107.5%); Memory(MB): used = 180, reserved = 176, peak = 180;

PHY-1001 : Stage 1.2 | Optimize Design
OPT-1001 : Stage 1.2.1 | Simplify Lut
OPT-1001 : End Stage 1.2.1 | Simplify Lut; Time: 0.015649s wall, 0.015625s user + 0.000000s system = 0.015625s CPU (99.8%); Memory(MB): used = 181, reserved = 176, peak = 181;

OPT-1001 : Stage 1.2.2 | Sweep
OPT-1001 : End Stage 1.2.2 | Sweep; Time: 0.005014s wall, 0.000000s user + 0.000000s system = 0.000000s CPU (n/a%); Memory(MB): used = 181, reserved = 176, peak = 181;

OPT-1001 : Stage 1.2.3 | Synthesize High-fanout Net
OPT-1001 : Current memory(MB): used = 181, reserved = 176, peak = 181.
OPT-1001 : End Stage 1.2.3 | Synthesize High-fanout Net; Time: 0.000079s wall, 0.000000s user + 0.000000s system = 0.000000s CPU (n/a%); Memory(MB): used = 181, reserved = 176, peak = 181;

OPT-1001 : End physical optimization;  0.020963s wall, 0.015625s user + 0.000000s system = 0.015625s CPU (74.5%)

PHY-1001 : End Stage 1.2 | Optimize Design; Time: 0.021051s wall, 0.015625s user + 0.000000s system = 0.015625s CPU (74.2%); Memory(MB): used = 181, reserved = 176, peak = 181;

PHY-1001 : Stage 1.3 | Initialize Clock
SYN-4016 : Net t3_sdram/u0_clk/clk0_out driven by BUFG (0 clock/control pins, 1 other pins).
SYN-4016 : Net temac_clk driven by BUFG (0 clock/control pins, 1 other pins).
SYN-4016 : Net u_sdram_write_sel/clk_cfg driven by BUFG (21 clock/control pins, 2 other pins).
SYN-4017 : Net cam_pclk_dup_1 connects BUFGMUX.
SYN-4017 : Net u_sdram_write_sel/clk_cfg connects BUFGMUX.
SYN-4017 : Net t3_sdram/u1_app_wrrd/sd_clk connects BUFGMUX.
SYN-4016 : Net u3_hdmi_tx/Inst_DVITransmitter/PCLK_I driven by BUFG (356 clock/control pins, 1 other pins).
SYN-4027 : Net t3_sdram/u1_app_wrrd/clk is clkc1 of pll t3_sdram/u0_clk/pll_inst.
SYN-4027 : Net t3_sdram/u2_ram/SDRAM_CLK is clkc2 of pll t3_sdram/u0_clk/pll_inst.
SYN-4019 : Net u_sdram_write_sel/clk_cfg is refclk of pll t3_sdram/u0_clk/pll_inst.
SYN-4020 : Net u_sdram_write_sel/clk_cfg is fbclk of pll t3_sdram/u0_clk/pll_inst.
SYN-4027 : Net udp_clk is clkc1 of pll u_clk_gen/u_pll_0/pll_inst.
SYN-4027 : Net temac_clk90 is clkc4 of pll u_clk_gen/u_pll_0/pll_inst.
SYN-4019 : Net clk_50_dup_1 is refclk of pll u_clk_gen/u_pll_0/pll_inst.
SYN-4020 : Net clk_50_dup_1 is fbclk of pll u_clk_gen/u_pll_0/pll_inst.
SYN-4027 : Net clk_50m_180deg is clkc1 of pll u_pll_50/pll_inst.
SYN-4019 : Net clk_50_dup_1 is refclk of pll u_pll_50/pll_inst.
SYN-4020 : Net clk_50_dup_1 is fbclk of pll u_pll_50/pll_inst.
SYN-4027 : Net u3_hdmi_tx/Inst_DVITransmitter/PCLK_X5_I is clkc1 of pll video_pll_m0/pll_inst.
SYN-4019 : Net clk_50_dup_1 is refclk of pll video_pll_m0/pll_inst.
SYN-4020 : Net clk_50_dup_1 is fbclk of pll video_pll_m0/pll_inst.
SYN-4024 : Net "u_sd_ctrl_top/u_sd_init/div_clk" drives clk pins.
SYN-4024 : Net "u_ov5640_dri/u_i2c_dr/dri_clk" drives clk pins.
SYN-4025 : Tag rtl::Net cam_pclk_dup_1 as clock net
SYN-4025 : Tag rtl::Net clk_50_dup_1 as clock net
SYN-4025 : Tag rtl::Net clk_50m_180deg as clock net
SYN-4025 : Tag rtl::Net t3_sdram/u0_clk/clk0_out as clock net
SYN-4025 : Tag rtl::Net t3_sdram/u1_app_wrrd/clk as clock net
SYN-4025 : Tag rtl::Net t3_sdram/u1_app_wrrd/sd_clk as clock net
SYN-4025 : Tag rtl::Net t3_sdram/u2_ram/SDRAM_CLK as clock net
SYN-4025 : Tag rtl::Net temac_clk as clock net
SYN-4025 : Tag rtl::Net temac_clk90 as clock net
SYN-4025 : Tag rtl::Net u3_hdmi_tx/Inst_DVITransmitter/PCLK_I as clock net
SYN-4025 : Tag rtl::Net u3_hdmi_tx/Inst_DVITransmitter/PCLK_X5_I as clock net
SYN-4025 : Tag rtl::Net u_ov5640_dri/u_i2c_dr/dri_clk as clock net
SYN-4025 : Tag rtl::Net u_sd_ctrl_top/u_sd_init/div_clk as clock net
SYN-4025 : Tag rtl::Net u_sdram_write_sel/clk_cfg as clock net
SYN-4025 : Tag rtl::Net udp_clk as clock net
SYN-4026 : Tagged 15 rtl::Net as clock net
SYN-4015 : Create BUFG instance for clk Net u_sd_ctrl_top/u_sd_init/div_clk to drive 102 clock pins.
SYN-4015 : Create BUFG instance for clk Net u_ov5640_dri/u_i2c_dr/dri_clk to drive 65 clock pins.
PHY-1001 : Populate physical database on model UDP_Example_Top.
RUN-1001 : There are total 9687 instances
RUN-0007 : 4424 luts, 4755 seqs, 229 mslices, 114 lslices, 114 pads, 36 brams, 0 dsps
RUN-1001 : There are total 10643 nets
RUN-1001 : 7610 nets have 2 pins
RUN-1001 : 2145 nets have [3 - 5] pins
RUN-1001 : 575 nets have [6 - 10] pins
RUN-1001 : 191 nets have [11 - 20] pins
RUN-1001 : 101 nets have [21 - 99] pins
RUN-1001 : 21 nets have 100+ pins
PHY-1001 : End Stage 1.3 | Initialize Clock; Time: 0.025999s wall, 0.015625s user + 0.000000s system = 0.015625s CPU (60.1%); Memory(MB): used = 181, reserved = 176, peak = 181;

PHY-1001 : End Stage 1 | Initialize Design; Time: 0.129621s wall, 0.109375s user + 0.015625s system = 0.125000s CPU (96.4%); Memory(MB): used = 181, reserved = 176, peak = 181;

PHY-1001 : Stage 2 | Global Placement
RUN-1001 : Report Control nets information:
RUN-1001 : DFF Distribution
RUN-1001 : -------------------------------------
RUN-1001 :   CE   |  SSR  |  ASR  |  DFF Count  
RUN-1001 : -------------------------------------
RUN-1001 :   No   |  No   |  No   |     623     
RUN-1001 :   No   |  No   |  Yes  |    1295     
RUN-1001 :   No   |  Yes  |  No   |     121     
RUN-1001 :   Yes  |  No   |  No   |     204     
RUN-1001 :   Yes  |  No   |  Yes  |    2041     
RUN-1001 :   Yes  |  Yes  |  No   |     471     
RUN-1001 : -------------------------------------
RUN-1001 : Control Group Statistic
RUN-1001 : -----------------------------
RUN-1001 :   #CLK  |  #CE  |  #SSR/ASR  
RUN-1001 : -----------------------------
RUN-1001 :    12   |  137  |     22     
RUN-1001 : -----------------------------
RUN-0007 : Control Set = 170
PHY-1001 : Stage 2.1 | Place Fixed Instances
PHY-1001 : End Stage 2.1 | Place Fixed Instances; Time: 0.050229s wall, 0.046875s user + 0.000000s system = 0.046875s CPU (93.3%); Memory(MB): used = 181, reserved = 176, peak = 181;

PHY-1001 : Stage 2.2 | Pre-Place DRC Check
PHY-1001 : Stage 2.2.1 | Force Route Constraint Check
PHY-1001 : Check Pass.
PHY-1001 : End Stage 2.2.1 | Force Route Constraint Check; Time: 0.001009s wall, 0.000000s user + 0.000000s system = 0.000000s CPU (n/a%); Memory(MB): used = 181, reserved = 176, peak = 181;

PHY-1001 : End Stage 2.2 | Pre-Place DRC Check; Time: 0.001064s wall, 0.000000s user + 0.000000s system = 0.000000s CPU (n/a%); Memory(MB): used = 181, reserved = 176, peak = 181;

PHY-1001 : Stage 2.3 | Global Placement Step 1
PHY-3001 : Target density is 26%
PHY-1001 : Stage 2.3.1 | Update Timing
RUN-1002 : start command "start_timer"
USR-1002 : Derived clock:  create_generated_clock -name {u_clk_gen/u_pll_0/pll_inst.clkc[0]} -source [get_ports {clk_50}] -master_clock {clk_in} -divide_by 4.0000 -duty_cycle 50.0000 [get_pins {u_clk_gen/u_pll_0/pll_inst.clkc[0]}]
USR-1002 : Derived clock:  create_generated_clock -name {u_clk_gen/u_pll_0/pll_inst.clkc[1]} -source [get_ports {clk_50}] -master_clock {clk_in} -divide_by 2.0000 -duty_cycle 50.0000 [get_pins {u_clk_gen/u_pll_0/pll_inst.clkc[1]}]
USR-1002 : Derived clock:  create_generated_clock -name {u_clk_gen/u_pll_0/pll_inst.clkc[4]} -source [get_ports {clk_50}] -master_clock {clk_in} -multiply_by 2.5000 -phase 180 -duty_cycle 50.0000 [get_pins {u_clk_gen/u_pll_0/pll_inst.clkc[4]}]
USR-1002 : Derived clock:  create_generated_clock -name {u_pll_50/pll_inst.clkc[0]} -source [get_ports {clk_50}] -master_clock {clk_in} -multiply_by 1.0000 -duty_cycle 50.0000 [get_pins {u_pll_50/pll_inst.clkc[0]}]
USR-1002 : Derived clock:  create_generated_clock -name {u_pll_50/pll_inst.clkc[1]} -source [get_ports {clk_50}] -master_clock {clk_in} -multiply_by 1.0000 -phase 180 -duty_cycle 50.0000 [get_pins {u_pll_50/pll_inst.clkc[1]}]
USR-1002 : Derived clock:  create_generated_clock -name {video_pll_m0/pll_inst.clkc[0]} -source [get_ports {clk_50}] -master_clock {clk_in} -divide_by 2.0000 -duty_cycle 50.0000 [get_pins {video_pll_m0/pll_inst.clkc[0]}]
USR-1002 : Derived clock:  create_generated_clock -name {video_pll_m0/pll_inst.clkc[1]} -source [get_ports {clk_50}] -master_clock {clk_in} -multiply_by 2.5000 -duty_cycle 50.0000 [get_pins {video_pll_m0/pll_inst.clkc[1]}]
USR-1002 : Derived clock:  create_generated_clock -name {t3_sdram/u0_clk/pll_inst.clkc[0]} -source [get_pins {u_pll_50/pll_inst.clkc[0]}] -master_clock {u_pll_50/pll_inst.clkc[0]} -multiply_by 2.5000 -duty_cycle 50.0000 [get_pins {t3_sdram/u0_clk/pll_inst.clkc[0]}]
USR-1002 : Derived clock:  create_generated_clock -name {t3_sdram/u0_clk/pll_inst.clkc[1]} -source [get_pins {u_pll_50/pll_inst.clkc[0]}] -master_clock {u_pll_50/pll_inst.clkc[0]} -multiply_by 2.5000 -phase 90 -duty_cycle 50.0000 [get_pins {t3_sdram/u0_clk/pll_inst.clkc[1]}]
USR-1002 : Derived clock:  create_generated_clock -name {t3_sdram/u0_clk/pll_inst.clkc[2]} -source [get_pins {u_pll_50/pll_inst.clkc[0]}] -master_clock {u_pll_50/pll_inst.clkc[0]} -multiply_by 2.5000 -phase 180 -duty_cycle 50.0000 [get_pins {t3_sdram/u0_clk/pll_inst.clkc[2]}]
8.000000
40.000000
20.000000
8.000000
USR-8130 CRITICAL-WARNING: No clock match the pattern: u_clk_gen/u_pll_0/pll_inst.clkc\[3\].
USR-8124 CRITICAL-WARNING: Rename_clock: please specify object list.
USR-8159 CRITICAL-WARNING: Command rename_clock -name {pll_inst_25M} [get_clocks {u_clk_gen/u_pll_0/pll_inst.clkc[3]}] in D:/Anlu/double_fpga_udp/tx/sdram_switch/UDP_EG4_6.2/source_code/constraints/UDP.sdc(8) fails.
RUN-1003 : finish command "start_timer" in  1.413073s wall, 1.296875s user + 0.046875s system = 1.343750s CPU (95.1%)

RUN-1004 : used memory is 243 MB, reserved memory is 237 MB, peak memory is 243 MB
TMR-2502 : Net delay update with mode: Synthesized
USR-6134 CRITICAL-WARNING: Clock definition problem: primary clock phy1_rgmii_rx_clk is defined on a dangling pin.
PHY-1001 : SWNS: -7291, STNS: -998299, FEP: 399
PHY-1001 : End Stage 2.3.1 | Update Timing; Time: 2.140225s wall, 2.015625s user + 0.046875s system = 2.062500s CPU (96.4%); Memory(MB): used = 312, reserved = 306, peak = 312;

PHY-0007 : Cell area utilization is 26%
RUN-1001 : Huge Net Statistic
RUN-1001 : ---------------------------------------------
RUN-1001 :   Fanout  |  Slack  |          Net           
RUN-1001 : ---------------------------------------------
RUN-1001 :    2766   |  -4900  |  u7_rx_fifo/wr_sreset  
RUN-1001 : ---------------------------------------------
PHY-3001 : Clustering ...
PHY-3001 : End clustering;  0.040276s wall, 0.031250s user + 0.000000s system = 0.031250s CPU (77.6%)

PHY-3001 : Target density is 26%
PHY-1001 : Stage 2.3.2 | GP Iteration
PHY-1001 : End Stage 2.3.2 | GP Iteration; Time: 0.398038s wall, 1.234375s user + 0.484375s system = 1.718750s CPU (431.8%); Memory(MB): used = 317, reserved = 310, peak = 317;

PHY-3001 : Multithread accelerating rate: 3.97
PHY-3001 : Low accelerating rate: 3.97. This may happen when it is heavy-loaded.
TMR-2502 : Net delay update with mode: Placed
PHY-3001 : No need to merge 9x9 Dsps.
PHY-1001 : Populate physical database on model UDP_Example_Top.
PHY-1001 : End Stage 2.3 | Global Placement Step 1; Time: 3.448839s wall, 4.156250s user + 0.531250s system = 4.687500s CPU (135.9%); Memory(MB): used = 319, reserved = 311, peak = 319;

PHY-1001 : Stage 2.4 | RAM/DSP Legalization and Detailed Placement
PHY-1001 : Stage 2.4.1 | Legalization
PHY-3001 : Before Legalized: Len = 184870
PHY-3001 : After Legalized: Len = 197147, Over = 3.3125
PHY-1001 : End Stage 2.4.1 | Legalization; Time: 0.790441s wall, 0.781250s user + 0.000000s system = 0.781250s CPU (98.8%); Memory(MB): used = 319, reserved = 311, peak = 319;

PHY-1001 : End Stage 2.4 | RAM/DSP Legalization and Detailed Placement; Time: 0.790707s wall, 0.781250s user + 0.000000s system = 0.781250s CPU (98.8%); Memory(MB): used = 319, reserved = 311, peak = 319;

PHY-1001 : Stage 2.5 | Global Placement Step 2
PHY-3001 : Target density is 31%
PHY-1001 : Stage 2.5.1 | Update Timing
PHY-1001 : SWNS: -9343, STNS: -889718, FEP: 366
PHY-1001 : End Stage 2.5.1 | Update Timing; Time: 0.057218s wall, 0.046875s user + 0.000000s system = 0.046875s CPU (81.9%); Memory(MB): used = 319, reserved = 311, peak = 319;

PHY-1001 : Stage 2.5.2 | Refresh Congestion
RUN-1001 : Generating global routing grids ...
RUN-1001 : Building simple global routing graph ...
PHY-1001 : Generate routing nets ...
PHY-1001 : Reuse net number 0/3114.
PHY-1001 : Global iterations in 16 thread ...
PHY-1002 : len = 229616, over cnt = 617(1%), over = 3204, worst = 77
PHY-1001 : End global iterations;  0.245040s wall, 0.343750s user + 0.031250s system = 0.375000s CPU (153.0%)

PHY-1001 : Congestion index:
PHY-1001 : top1  = 58.97(S 101.21, N 114.74, E 88.77, W 64.59, I 0.00, O 0.00)
PHY-1001 : top5  = 41.40(S 59.73, N 68.01, E 51.08, W 41.97, I 0.00, O 0.00)
PHY-1001 : top10 = 32.65(S 43.87, N 49.23, E 36.74, W 30.44, I 0.00, O 0.00)
PHY-1001 : top15 = 27.39(S 35.03, N 39.05, E 29.46, W 24.06, I 0.00, O 0.00)
PHY-1001 : End Stage 2.5.2 | Refresh Congestion; Time: 0.335855s wall, 0.437500s user + 0.031250s system = 0.468750s CPU (139.6%); Memory(MB): used = 353, reserved = 346, peak = 353;

PHY-1001 : Stage 2.5.3 | GP Iteration
PHY-1001 : End Stage 2.5.3 | GP Iteration; Time: 1.268110s wall, 8.484375s user + 0.656250s system = 9.140625s CPU (720.8%); Memory(MB): used = 354, reserved = 346, peak = 354;

PHY-3001 : Multithread accelerating rate: 7.19
PHY-1001 : End Stage 2.5 | Global Placement Step 2; Time: 2.463035s wall, 9.750000s user + 0.703125s system = 10.453125s CPU (424.4%); Memory(MB): used = 355, reserved = 347, peak = 355;

PHY-1001 : Stage 2.6 | RAM/DSP Detailed Placement
PHY-1001 : End Stage 2.6 | RAM/DSP Detailed Placement; Time: 0.005588s wall, 0.000000s user + 0.000000s system = 0.000000s CPU (n/a%); Memory(MB): used = 355, reserved = 347, peak = 355;

PHY-1001 : Stage 2.7 | Optimize Design
OPT-1001 : Start physical optimization ...
OPT-1001 : Total overflow 113.28 peak overflow 1.44
OPT-1001 : Stage 2.7.1 | Synthesize High-fanout Net
OPT-1001 : Start high-fanout net optimization in pre-pack flow with high effort ...
OPT-1001 : Update timing in Manhattan mode
OPT-1001 : End timing update;  0.746166s wall, 0.734375s user + 0.000000s system = 0.734375s CPU (98.4%)

OPT-1001 : Start: SWNS -9493 STNS -1021060 NUM_FEPS 368
OPT-1001 : Total overflow 113.28 peak overflow 1.44
PHY-1001 : Populate physical database on model UDP_Example_Top.
OPT-1001 : 13 high-fanout net processed.
PHY-3001 : Start incremental placement ...
PHY-1001 : Populate physical database on model UDP_Example_Top.
PHY-3001 : Target density is 32%
PHY-3001 : Target density is 32%
PHY-1001 : Stage 2.7.1.1 | Update Timing
PHY-1001 : SWNS: -6713, STNS: -536459, FEP: 210
PHY-1001 : End Stage 2.7.1.1 | Update Timing; Time: 0.088868s wall, 0.093750s user + 0.000000s system = 0.093750s CPU (105.5%); Memory(MB): used = 358, reserved = 349, peak = 358;

PHY-1001 : Stage 2.7.1.2 | Refresh Congestion
RUN-1001 : Generating global routing grids ...
PHY-1001 : Generate routing nets ...
PHY-1001 : Reuse net number 41/9053.
PHY-1001 : Global iterations in 16 thread ...
PHY-1002 : len = 360808, over cnt = 1240(3%), over = 3501, worst = 24
PHY-1001 : End global iterations;  0.459726s wall, 0.796875s user + 0.000000s system = 0.796875s CPU (173.3%)

PHY-1001 : Congestion index:
PHY-1001 : top1  = 47.28(S 74.91, N 105.69, E 61.66, W 51.29, I 0.00, O 0.00)
PHY-1001 : top5  = 37.81(S 54.80, N 70.39, E 46.10, W 38.17, I 0.00, O 0.00)
PHY-1001 : top10 = 33.28(S 45.12, N 56.34, E 38.89, W 32.18, I 0.00, O 0.00)
PHY-1001 : top15 = 30.27(S 39.39, N 48.62, E 34.76, W 28.56, I 0.00, O 0.00)
PHY-1001 : End Stage 2.7.1.2 | Refresh Congestion; Time: 0.556438s wall, 0.890625s user + 0.000000s system = 0.890625s CPU (160.1%); Memory(MB): used = 363, reserved = 355, peak = 363;

PHY-1001 : Stage 2.7.1.3 | GP Iteration
PHY-1001 : End Stage 2.7.1.3 | GP Iteration; Time: 0.375140s wall, 1.812500s user + 0.171875s system = 1.984375s CPU (529.0%); Memory(MB): used = 364, reserved = 355, peak = 364;

PHY-3001 : Multithread accelerating rate: 5.25
PHY-3001 : Final: Len = 263504, Over = 11.25
PHY-3001 : End incremental placement;  1.138494s wall, 2.890625s user + 0.171875s system = 3.062500s CPU (269.0%)

OPT-1001 : Total overflow 140.47 peak overflow 2.00
RUN-1001 : HFN opt statistic
RUN-1001 : ------------------------------------------------------
RUN-1001 :   DriverCell type  |  HFN count  |  Duplicated count  
RUN-1001 : ------------------------------------------------------
RUN-1001 :         REG        |     10      |         73         
RUN-1001 :        LUT6        |      0      |         0          
RUN-1001 :        LUT5        |      0      |         0          
RUN-1001 :        LUT4        |      1      |         3          
RUN-1001 :        LUT3        |      1      |         78         
RUN-1001 :        LUT2        |      1      |         27         
RUN-1001 :        TOTAL       |     13      |        181         
RUN-1001 : ------------------------------------------------------
OPT-1001 : End high-fanout net optimization;  3.090860s wall, 4.828125s user + 0.187500s system = 5.015625s CPU (162.3%)

OPT-1001 : Update timing in Manhattan mode
OPT-1001 : End timing update;  0.829920s wall, 0.812500s user + 0.015625s system = 0.828125s CPU (99.8%)

OPT-1001 : Current memory(MB): used = 364, reserved = 356, peak = 364.
OPT-1001 : End Stage 2.7.1 | Synthesize High-fanout Net; Time: 4.000214s wall, 5.718750s user + 0.203125s system = 5.921875s CPU (148.0%); Memory(MB): used = 364, reserved = 356, peak = 364;

OPT-1001 : Stage 2.7.2 | Optimize Bottleneck
OPT-1001 : Start bottleneck based optimization ...
OPT-0007 : Start: SWNS -6713 STNS -510438 NUM_FEPS 172
OPT-1001 : Start congestion update ...
RUN-1001 : Generating global routing grids ...
PHY-1001 : Generate routing nets ...
PHY-1001 : Reuse net number 1391/8449.
PHY-1001 : Global iterations in 16 thread ...
PHY-1002 : len = 320488, over cnt = 979(2%), over = 2018, worst = 12
PHY-1002 : len = 328992, over cnt = 607(1%), over = 1067, worst = 10
PHY-1002 : len = 337056, over cnt = 250(0%), over = 435, worst = 10
PHY-1002 : len = 340920, over cnt = 89(0%), over = 157, worst = 6
PHY-1002 : len = 342952, over cnt = 0(0%), over = 0, worst = 0
PHY-1001 : End global iterations;  0.827869s wall, 1.015625s user + 0.000000s system = 1.015625s CPU (122.7%)

PHY-1001 : Congestion index:
PHY-1001 : top1  = 37.40(S 53.97, N 66.55, E 46.90, W 44.01, I 0.00, O 0.00)
PHY-1001 : top5  = 31.53(S 43.06, N 51.62, E 36.71, W 33.75, I 0.00, O 0.00)
PHY-1001 : top10 = 28.61(S 37.06, N 44.22, E 31.68, W 29.62, I 0.00, O 0.00)
PHY-1001 : top15 = 26.65(S 33.25, N 39.60, E 28.78, W 26.92, I 0.00, O 0.00)
OPT-1001 : End congestion update;  0.967400s wall, 1.140625s user + 0.000000s system = 1.140625s CPU (117.9%)

OPT-0007 : Iter 1: improved SWNS -6713 STNS -506638 NUM_FEPS 172 with 20(44) cells processed with 650 slack improved, crit_thod: 2628 ratio: 1.00(20/20) rt: 0.8s
OPT-0007 : Iter 2: improved SWNS -6713 STNS -507240 NUM_FEPS 168 with 2(44) cells processed with 50 slack improved, crit_thod: 2628 ratio: 1.00(2/2) rt: 0.1s
OPT-0007 : Iter 3: improved SWNS -6713 STNS -507240 NUM_FEPS 168 with 0(44) cells processed with 0 slack improved, crit_thod: 2628 ratio: -1.00(0/0) rt: 0.1s
OPT-1001 : End bottleneck based optimization;  2.027193s wall, 2.109375s user + 0.015625s system = 2.125000s CPU (104.8%)

OPT-1001 : Current memory(MB): used = 364, reserved = 356, peak = 364.
OPT-1001 : End Stage 2.7.2 | Optimize Bottleneck; Time: 2.101946s wall, 2.203125s user + 0.015625s system = 2.218750s CPU (105.6%); Memory(MB): used = 364, reserved = 356, peak = 364;

OPT-1001 : Stage 2.7.3 | Optimize Path
OPT-1001 : Start path based optimization ...
OPT-0007 : Start: SWNS -6713 STNS -507240 NUM_FEPS 168 with mode 0
OPT-1001 : Start congestion update ...
RUN-1001 : Generating global routing grids ...
PHY-1001 : Generate routing nets ...
PHY-1001 : Reuse net number 8426/8457.
PHY-1001 : Global iterations in 16 thread ...
PHY-1002 : len = 342936, over cnt = 16(0%), over = 22, worst = 4
PHY-1002 : len = 343056, over cnt = 8(0%), over = 8, worst = 1
PHY-1002 : len = 343056, over cnt = 5(0%), over = 5, worst = 1
PHY-1002 : len = 343352, over cnt = 0(0%), over = 0, worst = 0
PHY-1001 : End global iterations;  0.105993s wall, 0.109375s user + 0.000000s system = 0.109375s CPU (103.2%)

PHY-1001 : Congestion index:
PHY-1001 : top1  = 37.45(S 53.97, N 67.07, E 46.90, W 44.01, I 0.00, O 0.00)
PHY-1001 : top5  = 31.55(S 43.11, N 51.72, E 36.72, W 33.79, I 0.00, O 0.00)
PHY-1001 : top10 = 28.61(S 37.09, N 44.14, E 31.68, W 29.60, I 0.00, O 0.00)
PHY-1001 : top15 = 26.65(S 33.28, N 39.56, E 28.76, W 26.92, I 0.00, O 0.00)
OPT-1001 : End congestion update;  0.259385s wall, 0.265625s user + 0.000000s system = 0.265625s CPU (102.4%)

OPT-0007 : Iter 1: improved SWNS -6713 STNS -500104 NUM_FEPS 165 with 222(1608) cells and 804(804) paths processed with 17750 slack improved, crit_thod: 2628 ratio: 1.00(222/222) rt: 0.3s
OPT-0007 : Iter 2: improved SWNS -6713 STNS -500104 NUM_FEPS 165 with 7(1638) cells and 826(826) paths processed with 1200 slack improved, crit_thod: 2597 ratio: 1.00(7/7) rt: 0.2s
OPT-1001 : End path based optimization;  0.739849s wall, 0.734375s user + 0.000000s system = 0.734375s CPU (99.3%)

OPT-1001 : Current memory(MB): used = 364, reserved = 356, peak = 364.
OPT-1001 : End Stage 2.7.3 | Optimize Path; Time: 0.812117s wall, 0.796875s user + 0.015625s system = 0.812500s CPU (100.0%); Memory(MB): used = 364, reserved = 356, peak = 364;

OPT-0007 : End flow prepack: SWNS -6713 STNS -500104 NUM_FEPS 165
OPT-1001 : End physical optimization;  6.933226s wall, 8.843750s user + 0.234375s system = 9.078125s CPU (130.9%)

PHY-1001 : End Stage 2.7 | Optimize Design; Time: 6.933413s wall, 8.843750s user + 0.234375s system = 9.078125s CPU (130.9%); Memory(MB): used = 364, reserved = 356, peak = 364;

PHY-1001 : Stage 2.8 | Place Packing
PHY-1001 : Stage 2.8.1 | Packing
SYN-4007 : Packing 0 MUX to BLE ...
SYN-4008 : Packed 0 MUX and 0 SEQ to BLE.
SYN-4007 : Packing 4532 LUT to BLE ...
SYN-4008 : Packed 4532 LUT and 2772 SEQ to BLE.
SYN-4003 : Packing 2056 remaining SEQ's ...
SYN-4005 : Packed 1204 SEQ with LUT/SLICE
SYN-4006 : 611 single LUT's are left
SYN-4006 : 852 single SEQ's are left
SYN-4011 : Packing model "UDP_Example_Top" (AL_USER_NORMAL) with 5384/5892 primitive instances ...
PHY-1001 : Populate physical database on model UDP_Example_Top.
RUN-1001 : There are total 3656 instances
RUN-1001 : 1746 mslices, 1745 lslices, 114 pads, 36 brams, 0 dsps
RUN-1001 : There are total 8213 nets
RUN-1001 : 4969 nets have 2 pins
RUN-1001 : 2166 nets have [3 - 5] pins
RUN-1001 : 664 nets have [6 - 10] pins
RUN-1001 : 217 nets have [11 - 20] pins
RUN-1001 : 190 nets have [21 - 99] pins
RUN-1001 : 7 nets have 100+ pins
PHY-3001 : Target density is 43%
RUN-1002 : start command "start_timer"
USR-1002 : Derived clock:  create_generated_clock -name {u_clk_gen/u_pll_0/pll_inst.clkc[0]} -source [get_ports {clk_50}] -master_clock {clk_in} -divide_by 4.0000 -duty_cycle 50.0000 [get_pins {u_clk_gen/u_pll_0/pll_inst.clkc[0]}]
USR-1002 : Derived clock:  create_generated_clock -name {u_clk_gen/u_pll_0/pll_inst.clkc[1]} -source [get_ports {clk_50}] -master_clock {clk_in} -divide_by 2.0000 -duty_cycle 50.0000 [get_pins {u_clk_gen/u_pll_0/pll_inst.clkc[1]}]
USR-1002 : Derived clock:  create_generated_clock -name {u_clk_gen/u_pll_0/pll_inst.clkc[4]} -source [get_ports {clk_50}] -master_clock {clk_in} -multiply_by 2.5000 -phase 180 -duty_cycle 50.0000 [get_pins {u_clk_gen/u_pll_0/pll_inst.clkc[4]}]
USR-1002 : Derived clock:  create_generated_clock -name {u_pll_50/pll_inst.clkc[0]} -source [get_ports {clk_50}] -master_clock {clk_in} -multiply_by 1.0000 -duty_cycle 50.0000 [get_pins {u_pll_50/pll_inst.clkc[0]}]
USR-1002 : Derived clock:  create_generated_clock -name {u_pll_50/pll_inst.clkc[1]} -source [get_ports {clk_50}] -master_clock {clk_in} -multiply_by 1.0000 -phase 180 -duty_cycle 50.0000 [get_pins {u_pll_50/pll_inst.clkc[1]}]
USR-1002 : Derived clock:  create_generated_clock -name {video_pll_m0/pll_inst.clkc[0]} -source [get_ports {clk_50}] -master_clock {clk_in} -divide_by 2.0000 -duty_cycle 50.0000 [get_pins {video_pll_m0/pll_inst.clkc[0]}]
USR-1002 : Derived clock:  create_generated_clock -name {video_pll_m0/pll_inst.clkc[1]} -source [get_ports {clk_50}] -master_clock {clk_in} -multiply_by 2.5000 -duty_cycle 50.0000 [get_pins {video_pll_m0/pll_inst.clkc[1]}]
USR-1002 : Derived clock:  create_generated_clock -name {t3_sdram/u0_clk/pll_inst.clkc[0]} -source [get_pins {u_pll_50/pll_inst.clkc[0]}] -master_clock {u_pll_50/pll_inst.clkc[0]} -multiply_by 2.5000 -duty_cycle 50.0000 [get_pins {t3_sdram/u0_clk/pll_inst.clkc[0]}]
USR-1002 : Derived clock:  create_generated_clock -name {t3_sdram/u0_clk/pll_inst.clkc[1]} -source [get_pins {u_pll_50/pll_inst.clkc[0]}] -master_clock {u_pll_50/pll_inst.clkc[0]} -multiply_by 2.5000 -phase 90 -duty_cycle 50.0000 [get_pins {t3_sdram/u0_clk/pll_inst.clkc[1]}]
USR-1002 : Derived clock:  create_generated_clock -name {t3_sdram/u0_clk/pll_inst.clkc[2]} -source [get_pins {u_pll_50/pll_inst.clkc[0]}] -master_clock {u_pll_50/pll_inst.clkc[0]} -multiply_by 2.5000 -phase 180 -duty_cycle 50.0000 [get_pins {t3_sdram/u0_clk/pll_inst.clkc[2]}]
8.000000
40.000000
20.000000
8.000000
USR-8130 CRITICAL-WARNING: No clock match the pattern: u_clk_gen/u_pll_0/pll_inst.clkc\[3\].
USR-8124 CRITICAL-WARNING: Rename_clock: please specify object list.
USR-8159 CRITICAL-WARNING: Command rename_clock -name {pll_inst_25M} [get_clocks {u_clk_gen/u_pll_0/pll_inst.clkc[3]}] in D:/Anlu/double_fpga_udp/tx/sdram_switch/UDP_EG4_6.2/source_code/constraints/UDP.sdc(8) fails.
RUN-1003 : finish command "start_timer" in  1.536814s wall, 1.515625s user + 0.015625s system = 1.531250s CPU (99.6%)

RUN-1004 : used memory is 367 MB, reserved memory is 359 MB, peak memory is 367 MB
PHY-1001 : End Stage 2.8.1 | Packing; Time: 2.965435s wall, 2.921875s user + 0.015625s system = 2.937500s CPU (99.1%); Memory(MB): used = 368, reserved = 359, peak = 368;

PHY-1001 : Stage 2.8.2 | Post Pack GP
PHY-3001 : Target density is 42%
PHY-3001 : Cell area utilization is 42%
PHY-3001 : After packing: Len = 273428, Over = 43.25
PHY-3001 : Target density is 42%
PHY-1001 : Stage 2.8.2.1 | Update Timing
PHY-1001 : SWNS: -8093, STNS: -423938, FEP: 137
PHY-1001 : End Stage 2.8.2.1 | Update Timing; Time: 0.060330s wall, 0.062500s user + 0.000000s system = 0.062500s CPU (103.6%); Memory(MB): used = 368, reserved = 360, peak = 368;

PHY-1001 : Stage 2.8.2.2 | Refresh Congestion
RUN-1001 : Generating global routing grids ...
PHY-1001 : Generate routing nets ...
PHY-1001 : Reuse net number 2800/6825.
PHY-1001 : Global iterations in 16 thread ...
PHY-1002 : len = 342536, over cnt = 590(1%), over = 914, worst = 6
PHY-1002 : len = 345328, over cnt = 372(1%), over = 534, worst = 5
PHY-1002 : len = 349208, over cnt = 127(0%), over = 179, worst = 5
PHY-1002 : len = 350632, over cnt = 16(0%), over = 19, worst = 3
PHY-1002 : len = 350944, over cnt = 0(0%), over = 0, worst = 0
PHY-1001 : End global iterations;  0.534180s wall, 0.687500s user + 0.015625s system = 0.703125s CPU (131.6%)

PHY-1001 : Congestion index:
PHY-1001 : top1  = 37.93(S 53.88, N 65.95, E 46.38, W 44.76, I 0.00, O 0.00)
PHY-1001 : top5  = 32.24(S 42.28, N 51.38, E 36.93, W 35.01, I 0.00, O 0.00)
PHY-1001 : top10 = 29.13(S 36.26, N 43.63, E 31.92, W 30.33, I 0.00, O 0.00)
PHY-1001 : top15 = 26.96(S 32.67, N 39.01, E 28.97, W 27.27, I 0.00, O 0.00)
PHY-1001 : End Stage 2.8.2.2 | Refresh Congestion; Time: 0.688884s wall, 0.843750s user + 0.015625s system = 0.859375s CPU (124.7%); Memory(MB): used = 369, reserved = 361, peak = 369;

PHY-1001 : Stage 2.8.2.3 | GP Iteration
PHY-1001 : End Stage 2.8.2.3 | GP Iteration; Time: 0.417617s wall, 1.562500s user + 0.156250s system = 1.718750s CPU (411.6%); Memory(MB): used = 369, reserved = 361, peak = 369;

PHY-3001 : Multithread accelerating rate: 4.10
PHY-1001 : End Stage 2.8.2 | Post Pack GP; Time: 1.174206s wall, 2.468750s user + 0.171875s system = 2.640625s CPU (224.9%); Memory(MB): used = 369, reserved = 361, peak = 369;

PHY-1001 : End Stage 2.8 | Place Packing; Time: 4.139892s wall, 5.390625s user + 0.187500s system = 5.578125s CPU (134.7%); Memory(MB): used = 369, reserved = 361, peak = 369;

PHY-1001 : Stage 2.9 | Legalization
PHY-3001 : Before Legalized: Len = 324197
PHY-3001 : After Legalized: Len = 350432, Over = 0
PHY-1001 : End Stage 2.9 | Legalization; Time: 0.008934s wall, 0.015625s user + 0.000000s system = 0.015625s CPU (174.9%); Memory(MB): used = 369, reserved = 361, peak = 369;

PHY-1001 : Stage 2.10 | Global Placement Step 3
PHY-3001 : Target density is 42%
PHY-1001 : Stage 2.10.1 | Update Timing
PHY-1001 : SWNS: -7793, STNS: -440530, FEP: 148
PHY-1001 : End Stage 2.10.1 | Update Timing; Time: 0.726451s wall, 0.703125s user + 0.015625s system = 0.718750s CPU (98.9%); Memory(MB): used = 370, reserved = 361, peak = 370;

PHY-1001 : Stage 2.10.2 | Refresh Congestion
RUN-1001 : Generating global routing grids ...
PHY-1001 : Generate routing nets ...
PHY-1001 : Reuse net number 135/7413.
PHY-1001 : Global iterations in 16 thread ...
PHY-1002 : len = 413856, over cnt = 809(2%), over = 1444, worst = 9
PHY-1002 : len = 420336, over cnt = 474(1%), over = 756, worst = 9
PHY-1002 : len = 424368, over cnt = 257(0%), over = 379, worst = 7
PHY-1002 : len = 426336, over cnt = 150(0%), over = 214, worst = 5
PHY-1002 : len = 428632, over cnt = 0(0%), over = 0, worst = 0
PHY-1001 : End global iterations;  0.808669s wall, 1.062500s user + 0.000000s system = 1.062500s CPU (131.4%)

PHY-1001 : Congestion index:
PHY-1001 : top1  = 40.40(S 55.86, N 66.12, E 49.02, W 44.63, I 0.00, O 0.00)
PHY-1001 : top5  = 34.64(S 45.54, N 56.09, E 39.37, W 35.36, I 0.00, O 0.00)
PHY-1001 : top10 = 31.61(S 39.91, N 49.53, E 34.32, W 30.87, I 0.00, O 0.00)
PHY-1001 : top15 = 29.48(S 36.26, N 44.91, E 31.12, W 28.17, I 0.00, O 0.00)
PHY-1001 : End Stage 2.10.2 | Refresh Congestion; Time: 0.975558s wall, 1.218750s user + 0.000000s system = 1.218750s CPU (124.9%); Memory(MB): used = 376, reserved = 368, peak = 376;

PHY-1001 : Stage 2.10.3 | GP Iteration
PHY-1001 : End Stage 2.10.3 | GP Iteration; Time: 0.163173s wall, 0.750000s user + 0.109375s system = 0.859375s CPU (526.7%); Memory(MB): used = 376, reserved = 368, peak = 376;

PHY-3001 : Multithread accelerating rate: 5.22
PHY-1001 : End Stage 2.10 | Global Placement Step 3; Time: 1.959130s wall, 2.671875s user + 0.140625s system = 2.812500s CPU (143.6%); Memory(MB): used = 376, reserved = 368, peak = 376;

PHY-1001 : Stage 2.11 | Final Legalization
PHY-3001 : Before Legalized: Len = 309026
PHY-3001 : After Legalized: Len = 319768, Over = 0
PHY-1001 : End Stage 2.11 | Final Legalization; Time: 0.008950s wall, 0.015625s user + 0.000000s system = 0.015625s CPU (174.6%); Memory(MB): used = 376, reserved = 368, peak = 376;

PHY-1001 : End Stage 2 | Global Placement; Time: 19.836783s wall, 31.703125s user + 1.796875s system = 33.500000s CPU (168.9%); Memory(MB): used = 376, reserved = 368, peak = 376;

PHY-1001 : Stage 3 | Detailed Placement
PHY-1001 : Stage 3.1 | SLICE Detailed Placement
PHY-1001 : Stage 3.1.1 | Spreading
PHY-3001 : Spreading special nets. 95 overflows in 2952 tiles.
PHY-3001 : End spreading;  0.024436s wall, 0.015625s user + 0.000000s system = 0.015625s CPU (63.9%)

PHY-1001 : End Stage 3.1.1 | Spreading; Time: 0.024480s wall, 0.015625s user + 0.000000s system = 0.015625s CPU (63.8%); Memory(MB): used = 376, reserved = 368, peak = 376;

PHY-3001 : Final: Len = 321578, Over = 0
PHY-1001 : End Stage 3.1 | SLICE Detailed Placement; Time: 0.923323s wall, 0.875000s user + 0.031250s system = 0.906250s CPU (98.2%); Memory(MB): used = 376, reserved = 368, peak = 376;

PHY-3001 : BANK 5 DIFFRESISTOR:NONE VOD:350M VCM:1.2
PHY-3001 : End Detailed Place; 
PHY-1001 : Stage 3.2 | Optimize Design
OPT-1001 : Start physical optimization ...
OPT-1001 : Total overflow 0.00 peak overflow 0.00
OPT-1001 : Stage 3.2.1 | Physical Optimization
OPT-1001 : Start high-fanout net optimization in optimize equivalent flow with high effort ...
OPT-1001 : Clean unloaded insts before merging registers
PHY-1001 : Populate physical database on model UDP_Example_Top.
PHY-1001 : Populate physical database on model UDP_Example_Top.
OPT-1001 : Total overflow 0.00 peak overflow 0.00
OPT-1001 : End optimize duplicated nets. Total 71 instances are merged and 1343 sinks are reconnected,  0.125598s wall, 0.109375s user + 0.000000s system = 0.109375s CPU (87.1%)

OPT-1001 : End high-fanout net optimization;  0.126016s wall, 0.109375s user + 0.000000s system = 0.109375s CPU (86.8%)

OPT-1001 : Update timing in Manhattan mode
RUN-1002 : start command "start_timer"
OPT-1001 : End timing update;  1.225756s wall, 1.234375s user + 0.000000s system = 1.234375s CPU (100.7%)

OPT-1001 : Current memory(MB): used = 377, reserved = 368, peak = 377.
OPT-1001 : End Stage 3.2.1 | Physical Optimization; Time: 1.418516s wall, 1.406250s user + 0.000000s system = 1.406250s CPU (99.1%); Memory(MB): used = 377, reserved = 368, peak = 377;

OPT-1001 : Stage 3.2.2 | Synthesize High-fanout Net
OPT-1001 : Start high-fanout net optimization in post-pack flow with high effort ...
OPT-1001 : Start: SWNS -6713 STNS -421029 NUM_FEPS 132
OPT-1001 : Total overflow 0.00 peak overflow 0.00
PHY-1001 : Populate physical database on model UDP_Example_Top.
OPT-1001 : 9 high-fanout net processed.
OPT-1001 : Total overflow 0.00 peak overflow 0.00
RUN-1001 : HFN opt statistic
RUN-1001 : ------------------------------------------------------
RUN-1001 :   DriverCell type  |  HFN count  |  Duplicated count  
RUN-1001 : ------------------------------------------------------
RUN-1001 :       LSLICE       |      0      |         0          
RUN-1001 :       MSLICE       |      0      |         0          
RUN-1001 :        OTHER       |      9      |         33         
RUN-1001 :        TOTAL       |      9      |         33         
RUN-1001 : ------------------------------------------------------
OPT-1001 : End high-fanout net optimization;  0.667888s wall, 0.859375s user + 0.015625s system = 0.875000s CPU (131.0%)

OPT-1001 : Current memory(MB): used = 377, reserved = 368, peak = 377.
OPT-1001 : End Stage 3.2.2 | Synthesize High-fanout Net; Time: 0.747612s wall, 0.937500s user + 0.015625s system = 0.953125s CPU (127.5%); Memory(MB): used = 377, reserved = 368, peak = 377;

OPT-1001 : Stage 3.2.3 | Optimize Bottleneck
OPT-1001 : Start bottleneck based optimization ...
OPT-0007 : Start: SWNS -6713 STNS -462730 NUM_FEPS 207
OPT-1001 : Start congestion update ...
RUN-1001 : Generating global routing grids ...
PHY-1001 : Generate routing nets ...
PHY-1001 : Reuse net number 1608/7340.
PHY-1001 : Global iterations in 16 thread ...
PHY-1002 : len = 391736, over cnt = 786(2%), over = 1288, worst = 7
PHY-1002 : len = 396784, over cnt = 421(1%), over = 602, worst = 5
PHY-1002 : len = 401400, over cnt = 156(0%), over = 231, worst = 5
PHY-1002 : len = 402752, over cnt = 92(0%), over = 135, worst = 4
PHY-1002 : len = 403920, over cnt = 9(0%), over = 15, worst = 3
PHY-1001 : End global iterations;  0.723099s wall, 0.968750s user + 0.015625s system = 0.984375s CPU (136.1%)

PHY-1001 : Congestion index:
PHY-1001 : top1  = 38.64(S 56.38, N 65.78, E 46.92, W 41.01, I 0.00, O 0.00)
PHY-1001 : top5  = 32.77(S 45.00, N 54.14, E 37.39, W 32.44, I 0.00, O 0.00)
PHY-1001 : top10 = 29.72(S 38.51, N 46.68, E 32.31, W 28.79, I 0.00, O 0.00)
PHY-1001 : top15 = 27.67(S 34.75, N 41.89, E 29.38, W 26.40, I 0.00, O 0.00)
OPT-1001 : End congestion update;  0.904041s wall, 1.140625s user + 0.015625s system = 1.156250s CPU (127.9%)

PHY-3001 : Start incremental legalization ...
PHY-1001 : Populate physical database on model UDP_Example_Top.
PHY-7002 CRITICAL-WARNING: Instance t3_sdram/sdram location (12, 12) is not honored. Cell's initial location is not legal at the beginning of ECO placement, and will be moved during placement. Please verify user location constraints through the adc file.
PHY-3001 : Target density is 35%
PHY-3001 : Target density is 42%
PHY-3001 : Initial: Len = 327894, Over = 0
PHY-3001 : End spreading;  0.019446s wall, 0.015625s user + 0.000000s system = 0.015625s CPU (80.3%)

PHY-3001 : Final: Len = 327894, Over = 0
PHY-3001 : End incremental legalization;  0.117821s wall, 0.093750s user + 0.000000s system = 0.093750s CPU (79.6%)

OPT-0007 : Iter 1: improved SWNS -6713 STNS -462730 NUM_FEPS 207 with 41(83) cells processed with 10980 slack improved, crit_thod: 2684 ratio: 1.00(41/41) rt: 0.5s
OPT-0007 : Iter 2: improved SWNS -6713 STNS -462730 NUM_FEPS 207 with 0(0) cells processed with 0 slack improved, crit_thod: 1260 ratio: -1.00(0/0) rt: 0.1s
OPT-0007 : Iter 3: improved SWNS -6713 STNS -462730 NUM_FEPS 207 with 0(0) cells processed with 0 slack improved, crit_thod: 1260 ratio: -1.00(0/0) rt: 0.1s
OPT-1001 : End bottleneck based optimization;  1.556735s wall, 1.750000s user + 0.015625s system = 1.765625s CPU (113.4%)

OPT-1001 : Update timing in Manhattan mode
OPT-1001 : End timing update;  0.806161s wall, 0.796875s user + 0.000000s system = 0.796875s CPU (98.8%)

OPT-1001 : Current memory(MB): used = 380, reserved = 372, peak = 380.
OPT-1001 : End Stage 3.2.3 | Optimize Bottleneck; Time: 2.435807s wall, 2.625000s user + 0.015625s system = 2.640625s CPU (108.4%); Memory(MB): used = 380, reserved = 372, peak = 380;

OPT-1001 : Stage 3.2.4 | Optimize Path
OPT-1001 : Start path based optimization ...
OPT-0007 : Start: SWNS -6713 STNS -447528 NUM_FEPS 185 with mode 0
OPT-1001 : Start congestion update ...
RUN-1001 : Generating global routing grids ...
PHY-1001 : Generate routing nets ...
PHY-1001 : Reuse net number 7215/7340.
PHY-1001 : Global iterations in 16 thread ...
PHY-1002 : len = 408680, over cnt = 59(0%), over = 72, worst = 3
PHY-1002 : len = 408896, over cnt = 42(0%), over = 43, worst = 2
PHY-1002 : len = 409168, over cnt = 17(0%), over = 18, worst = 2
PHY-1002 : len = 409264, over cnt = 10(0%), over = 10, worst = 1
PHY-1002 : len = 409512, over cnt = 0(0%), over = 0, worst = 0
PHY-1001 : End global iterations;  0.171792s wall, 0.218750s user + 0.000000s system = 0.218750s CPU (127.3%)

PHY-1001 : Congestion index:
PHY-1001 : top1  = 39.44(S 56.64, N 65.69, E 47.18, W 41.27, I 0.00, O 0.00)
PHY-1001 : top5  = 33.19(S 45.27, N 54.20, E 37.59, W 32.60, I 0.00, O 0.00)
PHY-1001 : top10 = 30.01(S 38.78, N 46.88, E 32.44, W 28.92, I 0.00, O 0.00)
PHY-1001 : top15 = 27.91(S 34.99, N 42.18, E 29.49, W 26.53, I 0.00, O 0.00)
OPT-1001 : End congestion update;  0.338135s wall, 0.359375s user + 0.000000s system = 0.359375s CPU (106.3%)

PHY-3001 : Start incremental legalization ...
PHY-1001 : Populate physical database on model UDP_Example_Top.
PHY-7002 CRITICAL-WARNING: Instance t3_sdram/sdram location (164, 288) is not honored. Cell's initial location is not legal at the beginning of ECO placement, and will be moved during placement. Please verify user location constraints through the adc file.
PHY-3001 : Target density is 35%
PHY-3001 : Target density is 42%
PHY-3001 : Initial: Len = 339252, Over = 0
PHY-3001 : End spreading;  0.017858s wall, 0.015625s user + 0.000000s system = 0.015625s CPU (87.5%)

PHY-3001 : Final: Len = 339252, Over = 0
PHY-3001 : End incremental legalization;  0.117594s wall, 0.109375s user + 0.000000s system = 0.109375s CPU (93.0%)

OPT-0007 : Iter 1: improved SWNS -6713 STNS -447528 NUM_FEPS 185 with 143(1268) cells and 643(643) paths processed with 37550 slack improved, crit_thod: 1260 ratio: 1.00(143/143) rt: 0.5s
OPT-0007 : Iter 2: improved SWNS -6713 STNS -447528 NUM_FEPS 185 with 0(0) cells and 0(0) paths processed with 0 slack improved, crit_thod: 919 ratio: -1.00(0/0) rt: 0.0s
OPT-1001 : End path based optimization;  0.834360s wall, 0.843750s user + 0.015625s system = 0.859375s CPU (103.0%)

OPT-1001 : Update timing in Manhattan mode
OPT-1001 : End timing update;  0.824914s wall, 0.812500s user + 0.000000s system = 0.812500s CPU (98.5%)

OPT-1001 : Current memory(MB): used = 382, reserved = 373, peak = 382.
OPT-1001 : End Stage 3.2.4 | Optimize Path; Time: 1.732255s wall, 1.734375s user + 0.015625s system = 1.750000s CPU (101.0%); Memory(MB): used = 382, reserved = 373, peak = 382;

OPT-1001 : Stage 3.2.5 | Aggressive Optimization
OPT-1001 : End Stage 3.2.5 | Aggressive Optimization; Time: 0.077166s wall, 0.078125s user + 0.000000s system = 0.078125s CPU (101.2%); Memory(MB): used = 382, reserved = 373, peak = 382;

OPT-1001 : Stage 3.2.6 | Optimize Duplicated Nets
OPT-1001 : Start: WNS -6713 TNS -402691 NUM_FEPS 135
OPT-1001 : Clean unloaded insts before merging registers
PHY-1001 : Populate physical database on model UDP_Example_Top.
PHY-1001 : Populate physical database on model UDP_Example_Top.
OPT-1001 : Total overflow 0.00 peak overflow 0.00
OPT-1001 : End optimize duplicated nets. Total 13 instances are merged and 555 sinks are reconnected,  0.252572s wall, 0.453125s user + 0.000000s system = 0.453125s CPU (179.4%)

OPT-1001 : Update timing in Manhattan mode
RUN-1002 : start command "start_timer"
OPT-1001 : End timing update;  1.302731s wall, 1.250000s user + 0.000000s system = 1.250000s CPU (96.0%)

OPT-1001 : Current memory(MB): used = 382, reserved = 373, peak = 382.
OPT-1001 : End Stage 3.2.6 | Optimize Duplicated Nets; Time: 1.624237s wall, 1.781250s user + 0.000000s system = 1.781250s CPU (109.7%); Memory(MB): used = 382, reserved = 373, peak = 382;

OPT-1001 : Stage 3.2.7 | Swap Pins
OPT-1001 : Start pin optimization...
OPT-1001 : skip pin optimization...
OPT-1001 : Current memory(MB): used = 382, reserved = 373, peak = 382.
OPT-1001 : End Stage 3.2.7 | Swap Pins; Time: 0.072162s wall, 0.062500s user + 0.000000s system = 0.062500s CPU (86.6%); Memory(MB): used = 382, reserved = 373, peak = 382;

OPT-0007 : End flow postpack: SWNS -6713 STNS -401039 NUM_FEPS 133
RUN-1001 : Generating global routing grids ...
PHY-1001 : Generate routing nets ...
PHY-1001 : Reuse net number 6936/7335.
PHY-1001 : Global iterations in 16 thread ...
PHY-1002 : len = 417448, over cnt = 147(0%), over = 184, worst = 4
PHY-1002 : len = 418312, over cnt = 80(0%), over = 90, worst = 3
PHY-1002 : len = 418768, over cnt = 47(0%), over = 53, worst = 3
PHY-1002 : len = 419784, over cnt = 7(0%), over = 7, worst = 1
PHY-1002 : len = 419888, over cnt = 0(0%), over = 0, worst = 0
PHY-1001 : End global iterations;  0.234043s wall, 0.250000s user + 0.000000s system = 0.250000s CPU (106.8%)

PHY-1001 : Congestion index:
PHY-1001 : top1  = 41.59(S 56.47, N 66.90, E 49.27, W 42.48, I 0.00, O 0.00)
PHY-1001 : top5  = 34.15(S 45.32, N 54.87, E 38.07, W 33.61, I 0.00, O 0.00)
PHY-1001 : top10 = 30.76(S 39.01, N 47.71, E 32.73, W 29.64, I 0.00, O 0.00)
PHY-1001 : top15 = 28.51(S 35.47, N 42.93, E 29.71, W 27.16, I 0.00, O 0.00)
RUN-1001 : QoR Analysis:
OPT-0007 :   SWNS -6713 STNS -401039 NUM_FEPS 133
RUN-1001 :   No local congestion issue, and most congested 1% tile average routing util is 41.103448
RUN-1001 :   Top critical paths
RUN-1001 :       #1 path slack -6713ps with logic level 2 and starts from PAD
RUN-1001 :       #2 path slack -6713ps with logic level 2 and starts from PAD
RUN-1001 :       #3 path slack -6713ps with logic level 2 and starts from PAD
RUN-1001 :       #4 path slack -6713ps with logic level 2 and starts from PAD
RUN-1001 :       #5 path slack -6713ps with logic level 2 and starts from PAD
RUN-1001 :       #6 path slack -6713ps with logic level 2 and starts from PAD
RUN-1001 :       #7 path slack -6713ps with logic level 2 and starts from PAD
RUN-1001 :       #8 path slack -6713ps with logic level 2 and starts from PAD
RUN-1001 :       #9 path slack -6713ps with logic level 2 and starts from PAD
RUN-1001 :       #10 path slack -6713ps with logic level 2 and starts from PAD
RUN-1001 :   0 HFN exist on timing critical paths out of 8169 nets
RUN-1001 :   0 long nets exist on timing critical paths out of 8169 nets
OPT-1001 : End physical optimization;  8.608889s wall, 9.140625s user + 0.046875s system = 9.187500s CPU (106.7%)

PHY-1001 : End Stage 3.2 | Optimize Design; Time: 8.609002s wall, 9.140625s user + 0.046875s system = 9.187500s CPU (106.7%); Memory(MB): used = 382, reserved = 373, peak = 382;

PHY-1001 : End Stage 3 | Detailed Placement; Time: 9.544550s wall, 10.031250s user + 0.078125s system = 10.109375s CPU (105.9%); Memory(MB): used = 382, reserved = 373, peak = 382;

PHY-1001 : Stage 4 | Optimize Design
PHY-3001 : Start incremental legalization ...
PHY-1001 : Populate physical database on model UDP_Example_Top.
PHY-7002 CRITICAL-WARNING: Instance t3_sdram/sdram location (164, 288) is not honored. Cell's initial location is not legal at the beginning of ECO placement, and will be moved during placement. Please verify user location constraints through the adc file.
PHY-3001 : Target density is 35%
PHY-3001 : Target density is 42%
PHY-3001 : Initial: Len = 335998, Over = 0
PHY-1001 : Stage 4.1 | Spreading
PHY-3001 : End spreading;  0.020527s wall, 0.015625s user + 0.000000s system = 0.015625s CPU (76.1%)

PHY-1001 : End Stage 4.1 | Spreading; Time: 0.020633s wall, 0.015625s user + 0.000000s system = 0.015625s CPU (75.7%); Memory(MB): used = 382, reserved = 373, peak = 382;

PHY-3001 : Final: Len = 335998, Over = 0
PHY-3001 : End incremental legalization;  0.126215s wall, 0.109375s user + 0.000000s system = 0.109375s CPU (86.7%)

RUN-1002 : start command "report_qor -step place -file place.qor"
RUN-1002 : start command "start_timer"
RUN-1001 : Generating global routing grids ...
-----------------------------------------------------------
| QoR metrics               |         value               |
-----------------------------------------------------------
| Timing                    |                             |
|     Setup WNS             |        -6713                |
|     Setup TNS             |      -401039                |
|     Num of violated S-EP  |          133                |
|     FMAX                  |    67.967MHz                |
|     SWNS path clock period |       8000ps                |
|     Hold WNS              |           30                |
|     Hold TNS              |            0                |
|     Num of violated H-EP  |            0                |
-----------------------------------------------------------
| Routing Resource          |                             |
|     Wire length           |       334448                |
-----------------------------------------------------------
| Utilization               |                             |
|     #slices               |         3506                |
|     slices percentage     |       35.78%                |
|     #RAMs                 |           36                |
|     #DSPs                 |            0                |
|     #DRAMHARDCON          |            0                |
-----------------------------------------------------------
| Congestion                |                             |
|     Top 1% tile util      |           37                |
|     Top 1% tile avg util  |       41.10%                |
|     Over 100% util #tile  |            0                |
-----------------------------------------------------------
Report place stage QoR done.

RUN-1003 : finish command "report_qor -step place -file place.qor" in  1.549178s wall, 1.500000s user + 0.015625s system = 1.515625s CPU (97.8%)

RUN-1004 : used memory is 382 MB, reserved memory is 373 MB, peak memory is 382 MB
PHY-1001 : End Stage 4 | Optimize Design; Time: 1.680117s wall, 1.625000s user + 0.015625s system = 1.640625s CPU (97.6%); Memory(MB): used = 382, reserved = 373, peak = 382;

PHY-1001 : Stage 5 | DRC Check
PHY-1001 : Stage 5.1 | Force Route Constraint Check
PHY-1001 : Check Pass.
PHY-1001 : End Stage 5.1 | Force Route Constraint Check; Time: 0.000630s wall, 0.000000s user + 0.000000s system = 0.000000s CPU (n/a%); Memory(MB): used = 382, reserved = 373, peak = 382;

PHY-1001 : Stage 5.2 | Duplicated SelfDriven Check
PHY-1001 : Check pass.
PHY-1001 : End Stage 5.2 | Duplicated SelfDriven Check; Time: 0.012964s wall, 0.015625s user + 0.000000s system = 0.015625s CPU (120.5%); Memory(MB): used = 382, reserved = 373, peak = 382;

PHY-1001 : Stage 5.3 | Clock Rule Check
PHY-1001 : End Stage 5.3 | Clock Rule Check; Time: 0.000349s wall, 0.000000s user + 0.000000s system = 0.000000s CPU (n/a%); Memory(MB): used = 382, reserved = 373, peak = 382;

PHY-1001 : End Stage 5 | DRC Check; Time: 0.031812s wall, 0.031250s user + 0.000000s system = 0.031250s CPU (98.2%); Memory(MB): used = 382, reserved = 373, peak = 382;

OPT-1001 : QoR tracer report on placement steps:
    SWNS [   incr ]      STNS [     incr ]    FEPS [   incr ]    CRIT [   incr ]      CELL [     incr ]        WL [     incr ]    CONG [   incr ]    PDES [   incr ]   RT(s) [   incr ]   MEM(mb) [     incr ]
       0 [      0 ]         0 [        0 ]       0 [      0 ]       0 [      0 ]      9685 [        0 ]         0 [        0 ]    0.00 [   0.00 ]       0 [      0 ]       0 [      0 ]       181 [        0 ] : preplace:simplify_lut
       0 [      0 ]         0 [        0 ]       0 [      0 ]       0 [      0 ]      9685 [        0 ]         0 [        0 ]    0.00 [   0.00 ]       0 [      0 ]       0 [      0 ]       181 [        0 ] : preplace:sweep
       0 [      0 ]         0 [        0 ]       0 [      0 ]       0 [      0 ]      9685 [        0 ]         0 [        0 ]    0.00 [   0.00 ]       0 [      0 ]       0 [      0 ]       181 [        0 ] : preplace:hfn_opt
   -9343 [  -9343 ]   -888968 [  -888968 ]     366 [    366 ]    5130 [   5130 ]      9687 [        2 ]    182882 [   182882 ]    0.00 [   0.00 ]       0 [      0 ]       3 [      3 ]       319 [      138 ] : step1_gp
   -9343 [      0 ]   -889718 [     -750 ]     366 [      0 ]    5106 [    -24 ]      9687 [        0 ]    195258 [    12376 ]    0.00 [   0.00 ]       0 [      0 ]       4 [      1 ]       319 [        0 ] : step1_legal
   -9493 [   -150 ]  -1021060 [  -131342 ]     368 [      2 ]    5121 [     15 ]      9687 [        0 ]    279766 [    84508 ]   58.62 [  58.62 ]       0 [      0 ]       6 [      2 ]       355 [       36 ] : step2_gp
   -6713 [   2780 ]   -510438 [   510622 ]     172 [   -196 ]    4830 [   -291 ]      9868 [      181 ]    261344 [   -18422 ]   46.93 [ -11.69 ]       0 [      0 ]      10 [      4 ]       364 [        9 ] : prepack:hfn_opt
   -6713 [      0 ]   -507240 [     3198 ]     168 [     -4 ]    4830 [      0 ]      9868 [        0 ]    261647 [      303 ]   36.97 [  -9.97 ]       0 [      0 ]      13 [      3 ]       364 [        0 ] : prepack:bn_opt
   -6713 [      0 ]   -500104 [     7136 ]     165 [     -3 ]    4772 [    -58 ]      9868 [        0 ]    266160 [     4513 ]   37.00 [   0.03 ]       0 [      0 ]      13 [      0 ]       364 [        0 ] : prepack:path_opt
   -8093 [  -1380 ]   -423938 [    76166 ]     137 [    -28 ]    4534 [   -238 ]      3656 [    -6212 ]    271869 [     5709 ]   37.00 [   0.00 ]       0 [      0 ]      16 [      3 ]       368 [        4 ] : pack
   -7893 [    200 ]   -436098 [   -12160 ]     146 [      9 ]    4296 [   -238 ]      3656 [        0 ]    318209 [    46340 ]   40.10 [   3.10 ]       0 [      0 ]      20 [      4 ]       376 [        8 ] : post_pack_place
   -7893 [      0 ]   -436148 [      -50 ]     146 [      0 ]    4304 [      8 ]      3656 [        0 ]    320019 [     1810 ]   40.10 [   0.00 ]       0 [      0 ]      21 [      1 ]       376 [        0 ] : post_pack_spreading
   -6713 [   1180 ]   -421029 [    15119 ]     132 [    -14 ]    4467 [    163 ]      3647 [       -9 ]    313616 [    -6403 ]   40.10 [   0.00 ]       0 [      0 ]      23 [      2 ]       377 [        1 ] : postpack:optimize_equivalent_quick
   -6713 [      0 ]   -462730 [   -41701 ]     207 [     75 ]    4383 [    -84 ]      3680 [       33 ]    321240 [     7624 ]   40.10 [   0.00 ]       0 [      0 ]      23 [      0 ]       377 [        0 ] : postpack:hfn_opt
   -6713 [      0 ]   -447528 [    15202 ]     185 [    -22 ]    4398 [     15 ]      3680 [        0 ]    326342 [     5102 ]   38.17 [  -1.93 ]       0 [      0 ]      26 [      3 ]       380 [        3 ] : postpack:bn_opt
   -6713 [      0 ]   -402691 [    44837 ]     135 [    -50 ]    4241 [   -157 ]      3680 [        0 ]    337700 [    11358 ]   38.93 [   0.76 ]       0 [      0 ]      28 [      2 ]       382 [        2 ] : postpack:path_opt
   -6713 [      0 ]   -402691 [        0 ]     135 [      0 ]    4241 [      0 ]      3680 [        0 ]    337700 [        0 ]   38.93 [   0.00 ]       0 [      0 ]      28 [      0 ]       382 [        0 ] : postpack:aggressive_opt
   -6713 [      0 ]   -401039 [     1652 ]     133 [     -2 ]    4216 [    -25 ]      3672 [       -8 ]    334448 [    -3252 ]   38.93 [   0.00 ]       0 [      0 ]      29 [      1 ]       382 [        0 ] : postpack:optimize_equivalent
   -6713 [      0 ]   -401039 [        0 ]     133 [      0 ]    4216 [      0 ]      3672 [        0 ]    334448 [        0 ]   38.93 [   0.00 ]       0 [      0 ]      29 [      0 ]       382 [        0 ] : postpack:pin_opt

RUN-1003 : finish command "place" in  32.073527s wall, 44.296875s user + 1.921875s system = 46.218750s CPU (144.1%)

RUN-1004 : used memory is 382 MB, reserved memory is 373 MB, peak memory is 382 MB
RUN-1002 : start command "update_timing -mode manhattan"
RUN-1002 : start command "start_timer"
RUN-1003 : finish command "update_timing -mode manhattan" in  1.257464s wall, 1.187500s user + 0.062500s system = 1.250000s CPU (99.4%)

RUN-1004 : used memory is 382 MB, reserved memory is 373 MB, peak memory is 382 MB
RUN-1002 : start command "report_timing_summary -file UDP_EXAMPLE_place.timing"
RUN-1002 : start command "report_area -io_info -file UDP_EXAMPLE_phy.area"
RUN-1001 : standard
***Report Model: UDP_Example_Top Device: EG4S20BG256***

IO Statistics
#IO                        55   out of    188   29.26%
  #input                   23
  #output                  31
  #inout                    1
#virtual IO                 3
  #input                    0
  #output                   0
  #inout                    0

Utilization Statistics
#lut                     5415   out of  19600   27.63%
#reg                     4948   out of  19600   25.24%
#le                      6236
  #lut only              1288   out of   6236   20.65%
  #reg only               821   out of   6236   13.17%
  #lut&reg               4127   out of   6236   66.18%
#bram                      36   out of     64   56.25%
  #bram9k                  36
  #fifo9k                   0
#bram32k                    0   out of     16    0.00%
#dsp                        0   out of     29    0.00%
#pad                       59   out of    188   31.38%
  #ireg                    17
  #oreg                    27
  #treg                     0
#pll                        4   out of      4  100.00%
#gclk                       7   out of     16   43.75%

RUN-1002 : start command "flow_status -file place_flow.status"
Location         : D:\Anlu\double_fpga_udp\tx\sdram_switch\UDP_EG4_6.2\prj\UDP_EXAMPLE\UDP_EXAMPLE_Runs\phy_1
Running with     : Tang Dynasty v6.2.168116
                   Copyright (c) 2012-2025 Anlogic Inc.
Top Model        : UDP_Example_Top
Device           : EG4S20BG256
Speed            : NA

Timing Mode      : manhattan
Setup            : WNS -6713ps  TNS  -401039ps  NUM_FEPS   133
Hold             : WNS    30ps  TNS        0ps  NUM_FEPS     0

Flow Statistics  :
RUN-1001 : Flow Statistics:
RUN-1001 : --------------------------------------------------------------------------------------------------
RUN-1001 :      command     |  #calls  |  wall time  |  cpu time(s)  |  used memory(mb)  |  peak memory(mb)  
RUN-1001 : --------------------------------------------------------------------------------------------------
RUN-1001 :       place      |    1     |  32s(100%)  |   45(100%)    |        382        |        382        
RUN-1001 :     import_db    |    1     |   0s(0%)    |     0(0%)     |        180        |        180        
RUN-1001 :   import_device  |    1     |   0s(0%)    |     0(0%)     |        84         |        84         
RUN-1001 : --------------------------------------------------------------------------------------------------
RUN-1001 :       total      |    3     |     32s     |      45       |        382        |        382        
RUN-1001 : --------------------------------------------------------------------------------------------------
RUN-1002 : start command "report_clock_utilization -file place_clock_utilization.txt"
RUN-1001 : Device not support command report_clock_utilization.
RUN-1002 : start command "export_db UDP_EXAMPLE_place.db"
RUN-1001 : Exported flow parameters
RUN-1001 : Exported /
RUN-1001 : Exported libs
RUN-1001 : Exported entities
RUN-1001 : Exported ports
RUN-1001 : Exported pins
RUN-1001 : Exported instances
RUN-1001 : Exported nets
RUN-1001 : Exported buses
RUN-1001 : Exported models
RUN-1001 : Exported phy database
RUN-1001 : Exported packer
RUN-1001 : Exported congestions
RUN-1001 : Exported violations
RUN-1001 : Exported ATMR Setting
RUN-1001 : Exported timing constraints
RUN-1001 : Exported IO constraints
RUN-1001 : Exported Inst constraints
RUN-1001 : Exported ChipWatcher
RUN-1002 : start command "commit_param -step route"
RUN-1001 : Print Global Property
RUN-1001 : --------------------------------------------------------
RUN-1001 :   Parameters   |  Settings  |  Default Values  |  Note  
RUN-1001 : --------------------------------------------------------
RUN-1001 :   enable_seed  |    off     |       off        |        
RUN-1001 :     message    |  standard  |     standard     |        
RUN-1001 :   qor_monitor  |     on     |        on        |        
RUN-1001 :   syn_ip_flow  |    off     |       off        |        
RUN-1001 :     thread     |    auto    |       auto       |        
RUN-1001 : --------------------------------------------------------
RUN-1001 : Print Route Property
RUN-1001 : -------------------------------------------------------
RUN-1001 :   Parameters  |  Settings  |  Default Values  |  Note  
RUN-1001 : -------------------------------------------------------
RUN-1001 :     effort    |   normal   |      normal      |        
RUN-1001 :    fix_hold   |     on     |        on        |        
RUN-1001 :     timing    |     on     |        on        |        
RUN-1001 : -------------------------------------------------------
RUN-1002 : start command "route"
RUN-1001 : Open license file D:/Anlogic/TD_6.2.1_Engineer_6.2.168.116/license/Anlogic.lic
PHY-1001 : Route runs in 16 thread(s)
RUN-1001 : There are total 3672 instances
RUN-1001 : 1765 mslices, 1741 lslices, 114 pads, 36 brams, 0 dsps
RUN-1001 : There are total 8169 nets
RUN-1001 : 4964 nets have 2 pins
RUN-1001 : 2146 nets have [3 - 5] pins
RUN-1001 : 652 nets have [6 - 10] pins
RUN-1001 : 239 nets have [11 - 20] pins
RUN-1001 : 161 nets have [21 - 99] pins
RUN-1001 : 7 nets have 100+ pins
RUN-1002 : start command "start_timer"
PHY-1001 : 1765 mslices, 1741 lslices, 114 pads, 36 brams, 0 dsps

PHY-1001 : Stage 1 | Global Routing
PHY-1001 : Start global routing, caller is route ...
RUN-1001 : Generating global routing grids ...
PHY-1001 : Generate routing nets ...
RUN-1001 : Generate nets statistics:
RUN-1001 : ----------------------------
RUN-1001 :        Type       |  Nets   
RUN-1001 : ----------------------------
RUN-1001 :   TotalRouteNets  |  7765   
RUN-1001 :   DontRouteNets   |   573   
RUN-1001 :     RouteNets     |  7192   
RUN-1001 :     RouteSinks    |  17262  
RUN-1001 : ----------------------------
PHY-1001 : Global iterations in 16 thread ...
PHY-1002 : len = 395032, over cnt = 888(2%), over = 1591, worst = 9
PHY-1002 : len = 403000, over cnt = 487(1%), over = 717, worst = 5
PHY-1002 : len = 409528, over cnt = 154(0%), over = 209, worst = 4
PHY-1002 : len = 411656, over cnt = 27(0%), over = 39, worst = 3
PHY-1002 : len = 412016, over cnt = 0(0%), over = 0, worst = 0
PHY-1001 : End global iterations;  0.796593s wall, 1.078125s user + 0.000000s system = 1.078125s CPU (135.3%)

PHY-1001 : Congestion index:
PHY-1001 : top1  = 41.36(S 56.47, N 66.29, E 48.51, W 42.35, I 0.00, O 0.00)
PHY-1001 : top5  = 33.86(S 45.05, N 54.92, E 38.20, W 33.38, I 0.00, O 0.00)
PHY-1001 : top10 = 30.36(S 38.93, N 47.44, E 33.14, W 29.37, I 0.00, O 0.00)
PHY-1001 : top15 = 28.18(S 35.14, N 42.79, E 30.04, W 26.89, I 0.00, O 0.00)
PHY-1001 : End global routing;  0.980779s wall, 1.265625s user + 0.000000s system = 1.265625s CPU (129.0%)

PHY-1001 : End Stage 1 | Global Routing; Time: 0.980821s wall, 1.265625s user + 0.000000s system = 1.265625s CPU (129.0%); Memory(MB): used = 399, reserved = 501, peak = 399;

PHY-1001 : Stage 2 | Detail Routing
PHY-1001 : Stage 2.1 | Build Routing Design
PHY-1001 : Routing in high effort: false
PHY-1001 : Routing Mode: normal
PHY-1001 : Generate detailed routing grids ...
PHY-1001 : End build routing graph; 2.463267s wall, 2.359375s user + 0.093750s system = 2.453125s CPU (99.6%)

PHY-1001 : Processed IO instance sd_miso_syn_4 with INV attribute.
PHY-1001 : Generate nets ...
PHY-1001 : net cam_pclk_dup_1 will be routed on clock mesh
PHY-1001 : net clk_50_dup_1 will be routed on clock mesh
PHY-1001 : net clk_50m_180deg will be routed on clock mesh
PHY-1001 : clock net temac_clk will be merged with clock u_clk_gen/u_pll_0/clk0_buf
PHY-1001 : net temac_clk90 will be routed on clock mesh
PHY-1001 : net udp_clk will be routed on clock mesh
PHY-1001 : clock net t3_sdram/u0_clk/clk0_out will be merged with clock t3_sdram/u0_clk/clk0_buf
PHY-1001 : net t3_sdram/u1_app_wrrd/clk will be routed on clock mesh
PHY-1001 : net t3_sdram/u1_app_wrrd/sd_clk will be routed on clock mesh
PHY-1001 : net t3_sdram/u2_ram/SDRAM_CLK will be routed on clock mesh
PHY-1001 : clock net u_sd_ctrl_top/u_sd_init/div_clk_syn_4 will be merged with clock u_sd_ctrl_top/u_sd_init/div_clk
PHY-1001 : clock net u_ov5640_dri/u_i2c_dr/dri_clk_syn_4 will be merged with clock u_ov5640_dri/u_i2c_dr/dri_clk
PHY-1001 : clock net u3_hdmi_tx/Inst_DVITransmitter/PCLK_I will be merged with clock video_pll_m0/clk0_buf
PHY-1001 : net u3_hdmi_tx/Inst_DVITransmitter/PCLK_X5_I will be routed on clock mesh
PHY-1001 : clock net u_sdram_write_sel/clk_cfg will be merged with clock u_pll_50/clk0_buf
RUN-1001 : Generate nets statistics:
RUN-1001 : ------------------------------
RUN-1001 :         Type        |  Nets   
RUN-1001 : ------------------------------
RUN-1001 :        Route        |  7765   
RUN-1001 :      DontRoute      |   404   
RUN-1001 :      RouteSinks     |  27367  
RUN-1001 :   RouteEntitySinks  |    0    
RUN-1001 :       Lut2Dff       |    0    
RUN-1001 :       Ram2Dff       |    0    
RUN-1001 :      Carry2Dff      |    0    
RUN-1001 : ------------------------------
RUN-1001 : DR clock net summary:
RUN-1001 : -----------------------------------------------------------------------
RUN-1001 :   Net Idx  |                  Net Name                  |  Clock Type  
RUN-1001 : -----------------------------------------------------------------------
RUN-1001 :      1     |               cam_pclk_dup_1               |    Normal    
RUN-1001 :      2     |                clk_50_dup_1                |    Normal    
RUN-1001 :      3     |               clk_50m_180deg               |    Normal    
RUN-1001 :      4     |          t3_sdram/u0_clk/clk0_out          |    Normal    
RUN-1001 :      5     |          t3_sdram/u1_app_wrrd/clk          |    Normal    
RUN-1001 :      6     |        t3_sdram/u1_app_wrrd/sd_clk         |    Normal    
RUN-1001 :      7     |         t3_sdram/u2_ram/SDRAM_CLK          |    Normal    
RUN-1001 :      8     |                 temac_clk                  |    Normal    
RUN-1001 :      9     |                temac_clk90                 |    Normal    
RUN-1001 :     10     |   u3_hdmi_tx/Inst_DVITransmitter/PCLK_I    |    Normal    
RUN-1001 :     11     |  u3_hdmi_tx/Inst_DVITransmitter/PCLK_X5_I  |    Normal    
RUN-1001 :     12     |    u_ov5640_dri/u_i2c_dr/dri_clk_syn_4     |    Normal    
RUN-1001 :     13     |   u_sd_ctrl_top/u_sd_init/div_clk_syn_4    |    Normal    
RUN-1001 :     14     |         u_sdram_write_sel/clk_cfg          |    Normal    
RUN-1001 :     15     |                  udp_clk                   |    Normal    
RUN-1001 : -----------------------------------------------------------------------
RUN-1001 : DR clock buffer summary:
RUN-1001 : ----------------
RUN-1001 :   Idx  |  Name  
RUN-1001 : ----------------
RUN-1001 : ----------------
PHY-1001 : End Stage 2.1 | Build Routing Design; Time: 2.684586s wall, 2.546875s user + 0.125000s system = 2.671875s CPU (99.5%); Memory(MB): used = 661, reserved = 651, peak = 661;

RUN-1001 : Top Percentage Crit. Net Stat.
RUN-1001 : --------------------------------------------------------
RUN-1001 :   Top %  |  Net Count  |  Avg. Fanout  |   Avg. Slack   
RUN-1001 : --------------------------------------------------------
RUN-1001 :     1    |     81      |   8.074074    |  -1594.037037  
RUN-1001 :     2    |     163     |   6.294479    |   209.134969   
RUN-1001 :     3    |     245     |   5.375510    |  1171.726531   
RUN-1001 :     4    |     326     |   4.601227    |  1727.794479   
RUN-1001 :     5    |     408     |   4.245098    |  2166.328431   
RUN-1001 :     6    |     490     |   4.128571    |  2578.918367   
RUN-1001 :     7    |     571     |   4.024518    |  2948.497373   
RUN-1001 :     8    |     653     |   3.837672    |  3276.176110   
RUN-1001 :     9    |     735     |   3.699320    |  3591.541497   
RUN-1001 :    10    |     816     |   3.509804    |  3914.481618   
RUN-1001 : --------------------------------------------------------
PHY-1001 : Stage 2.2 | Clock Nets Routing
PHY-1001 : Routed 0% nets.
PHY-1001 : len = 178672, over cnt = 0(0%), over = 0, worst = 0, crit = 0
PHY-1001 : End Stage 2.2 | Clock Nets Routing; Time: 9.920139s wall, 9.734375s user + 0.093750s system = 9.828125s CPU (99.1%); Memory(MB): used = 693, reserved = 683, peak = 693;

PHY-1001 : Stage 2.3 | Routing Initialization
PHY-1001 : Mark 1% net(place mode slack < 909ps) as critical nets.
PHY-1001 : Stage 2.3.1 | Normal Nets Routing
PHY-1001 : Routed 94% nets.
PHY-1001 : len = 761200, over cnt = 645(0%), over = 647, worst = 2, crit = 0
PHY-1001 : End Stage 2.3.1 | Normal Nets Routing; Time: 16.248727s wall, 28.437500s user + 0.281250s system = 28.718750s CPU (176.7%); Memory(MB): used = 699, reserved = 688, peak = 699;

PHY-1001 : Stage 2.3.2 | Update Timing
RUN-1002 : start command "start_timer"
USR-1002 : Derived clock:  create_generated_clock -name {u_clk_gen/u_pll_0/pll_inst.clkc[0]} -source [get_ports {clk_50}] -master_clock {clk_in} -divide_by 4.0000 -duty_cycle 50.0000 [get_pins {u_clk_gen/u_pll_0/pll_inst.clkc[0]}]
USR-1002 : Derived clock:  create_generated_clock -name {u_clk_gen/u_pll_0/pll_inst.clkc[1]} -source [get_ports {clk_50}] -master_clock {clk_in} -divide_by 2.0000 -duty_cycle 50.0000 [get_pins {u_clk_gen/u_pll_0/pll_inst.clkc[1]}]
USR-1002 : Derived clock:  create_generated_clock -name {u_clk_gen/u_pll_0/pll_inst.clkc[4]} -source [get_ports {clk_50}] -master_clock {clk_in} -multiply_by 2.5000 -phase 180 -duty_cycle 50.0000 [get_pins {u_clk_gen/u_pll_0/pll_inst.clkc[4]}]
USR-1002 : Derived clock:  create_generated_clock -name {u_pll_50/pll_inst.clkc[0]} -source [get_ports {clk_50}] -master_clock {clk_in} -multiply_by 1.0000 -duty_cycle 50.0000 [get_pins {u_pll_50/pll_inst.clkc[0]}]
USR-1002 : Derived clock:  create_generated_clock -name {u_pll_50/pll_inst.clkc[1]} -source [get_ports {clk_50}] -master_clock {clk_in} -multiply_by 1.0000 -phase 180 -duty_cycle 50.0000 [get_pins {u_pll_50/pll_inst.clkc[1]}]
USR-1002 : Derived clock:  create_generated_clock -name {video_pll_m0/pll_inst.clkc[0]} -source [get_ports {clk_50}] -master_clock {clk_in} -divide_by 2.0000 -duty_cycle 50.0000 [get_pins {video_pll_m0/pll_inst.clkc[0]}]
USR-1002 : Derived clock:  create_generated_clock -name {video_pll_m0/pll_inst.clkc[1]} -source [get_ports {clk_50}] -master_clock {clk_in} -multiply_by 2.5000 -duty_cycle 50.0000 [get_pins {video_pll_m0/pll_inst.clkc[1]}]
USR-1002 : Derived clock:  create_generated_clock -name {t3_sdram/u0_clk/pll_inst.clkc[0]} -source [get_pins {u_pll_50/pll_inst.clkc[0]}] -master_clock {u_pll_50/pll_inst.clkc[0]} -multiply_by 2.5000 -duty_cycle 50.0000 [get_pins {t3_sdram/u0_clk/pll_inst.clkc[0]}]
USR-1002 : Derived clock:  create_generated_clock -name {t3_sdram/u0_clk/pll_inst.clkc[1]} -source [get_pins {u_pll_50/pll_inst.clkc[0]}] -master_clock {u_pll_50/pll_inst.clkc[0]} -multiply_by 2.5000 -phase 90 -duty_cycle 50.0000 [get_pins {t3_sdram/u0_clk/pll_inst.clkc[1]}]
USR-1002 : Derived clock:  create_generated_clock -name {t3_sdram/u0_clk/pll_inst.clkc[2]} -source [get_pins {u_pll_50/pll_inst.clkc[0]}] -master_clock {u_pll_50/pll_inst.clkc[0]} -multiply_by 2.5000 -phase 180 -duty_cycle 50.0000 [get_pins {t3_sdram/u0_clk/pll_inst.clkc[2]}]
8.000000
40.000000
20.000000
8.000000
USR-8130 CRITICAL-WARNING: No clock match the pattern: u_clk_gen/u_pll_0/pll_inst.clkc\[3\].
USR-8124 CRITICAL-WARNING: Rename_clock: please specify object list.
USR-8159 CRITICAL-WARNING: Command rename_clock -name {pll_inst_25M} [get_clocks {u_clk_gen/u_pll_0/pll_inst.clkc[3]}] in D:/Anlu/double_fpga_udp/tx/sdram_switch/UDP_EG4_6.2/source_code/constraints/UDP.sdc(8) fails.
RUN-1003 : finish command "start_timer" in  1.475830s wall, 1.421875s user + 0.015625s system = 1.437500s CPU (97.4%)

RUN-1004 : used memory is 699 MB, reserved memory is 688 MB, peak memory is 699 MB
TMR-2502 : Net delay update with mode: Routed
USR-6134 CRITICAL-WARNING: Clock definition problem: primary clock phy1_rgmii_rx_clk is defined on a dangling pin.
PHY-1001 : 171/7765(2%) critical/total net(s).
PHY-1001 : Setup: WNS(ns) = -4.699, TNS(ns) = -462.995, FEP = 290 | Hold: WNS(ns) = 0.014, TNS(ns) = 0.000, FEP = 0.
PHY-1001 : End Stage 2.3.2 | Update Timing; Time: 2.636969s wall, 2.515625s user + 0.046875s system = 2.562500s CPU (97.2%); Memory(MB): used = 703, reserved = 693, peak = 703;

PHY-1001 : End Stage 2.3 | Routing Initialization; Time: 18.926998s wall, 31.000000s user + 0.328125s system = 31.328125s CPU (165.5%); Memory(MB): used = 703, reserved = 694, peak = 703;

PHY-1001 : Stage 2.4 | Routing Optimization
PHY-1001 : Build lut bridge;  0.073709s wall, 0.078125s user + 0.000000s system = 0.078125s CPU (106.0%)

PHY-1001 : Stage 2.4.1 | Phase 1
PHY-1001 : Stage 2.4.1.1 | Setup TimeOptimization
PHY-1001 : Start to optimize setup violation with net base ...
PHY-1001 : Iter 1; Processed 90 pins with SWNS -4.699ns STNS -399.145ns FEP 265 took 1.99786 seconds.
PHY-1001 : len = 766112, over cnt = 675(0%), over = 678, worst = 2, crit = 0
PHY-1001 : End Stage 2.4.1.1 | Setup TimeOptimization; Time: 2.087941s wall, 2.187500s user + 0.046875s system = 2.234375s CPU (107.0%); Memory(MB): used = 705, reserved = 695, peak = 705;

PHY-1001 : Stage 2.4.1.2 | Rip-up And ReRoute
PHY-1001 : Iter 1: len = 767760, over cnt = 195(0%), over = 196, worst = 2, crit = 0, time(s) = 0.68
PHY-1001 : Iter 2: len = 767992, over cnt = 115(0%), over = 115, worst = 1, crit = 0, time(s) = 0.31
PHY-1001 : Iter 3: len = 767952, over cnt = 104(0%), over = 104, worst = 1, crit = 0, time(s) = 0.25
PHY-1001 : Iter 4: len = 768880, over cnt = 29(0%), over = 29, worst = 1, crit = 0, time(s) = 0.15
PHY-1001 : Iter 5: len = 768960, over cnt = 24(0%), over = 24, worst = 1, crit = 0, time(s) = 0.09
PHY-1001 : Iter 6: len = 768952, over cnt = 23(0%), over = 23, worst = 1, crit = 0, time(s) = 0.09
PHY-1001 : Switch mode......
PHY-1001 : Iter 7: len = 769240, over cnt = 3(0%), over = 3, worst = 1, crit = 0, time(s) = 0.05
PHY-1001 : Iter 8: len = 769264, over cnt = 0(0%), over = 0, worst = 0, crit = 0, time(s) = 0.02
PHY-1001 : End Stage 2.4.1.2 | Rip-up And ReRoute; Time: 1.658716s wall, 3.140625s user + 0.062500s system = 3.203125s CPU (193.1%); Memory(MB): used = 706, reserved = 696, peak = 706;

PHY-1001 : Stage 2.4.1.3 | Update Timing
RUN-1002 : start command "start_timer"
PHY-1001 : 166/7765(2%) critical/total net(s).
PHY-1001 : Setup: WNS(ns) = -4.699, TNS(ns) = -407.151, FEP = 278 | Hold: WNS(ns) = 0.024, TNS(ns) = 0.000, FEP = 0.
PHY-1001 : End Stage 2.4.1.3 | Update Timing; Time: 1.999964s wall, 1.968750s user + 0.015625s system = 1.984375s CPU (99.2%); Memory(MB): used = 707, reserved = 697, peak = 707;

PHY-1001 : Stage 2.4.1.4 | Commit Data
PHY-1001 : Commit better result to database ...
PHY-1001 : 155 feed throughs used by 123 nets
PHY-1001 : End Stage 2.4.1.4 | Commit Data; Time: 0.674023s wall, 0.671875s user + 0.000000s system = 0.671875s CPU (99.7%); Memory(MB): used = 738, reserved = 727, peak = 738;

PHY-1001 : End Stage 2.4.1 | Phase 1; Time: 6.593911s wall, 8.140625s user + 0.125000s system = 8.265625s CPU (125.4%); Memory(MB): used = 738, reserved = 727, peak = 738;

PHY-1001 : Stage 2.4.2 | Phase 2
PHY-1001 : Stage 2.4.2.1 | Setup TimeOptimization
PHY-1001 : Start to optimize setup violation with net base ...
PHY-1001 : Iter 1; Processed 34 pins with SWNS -4.699ns STNS -399.091ns FEP 265 took 1.47716 seconds.
PHY-1001 : len = 770056, over cnt = 11(0%), over = 11, worst = 1, crit = 0
PHY-1001 : End Stage 2.4.2.1 | Setup TimeOptimization; Time: 1.595797s wall, 1.703125s user + 0.000000s system = 1.703125s CPU (106.7%); Memory(MB): used = 738, reserved = 728, peak = 738;

PHY-1001 : Stage 2.4.2.2 | Rip-up And ReRoute
PHY-0007 : Congestion: {44.40, 37.06, 33.85, 31.86}; Timing: {-4.699ns, -399.091ns, 265}
PHY-1001 : Iter 1: len = 769904, over cnt = 0(0%), over = 0, worst = 0, crit = 0, time(s) = 0.06
PHY-1001 : End Stage 2.4.2.2 | Rip-up And ReRoute; Time: 0.105179s wall, 0.093750s user + 0.000000s system = 0.093750s CPU (89.1%); Memory(MB): used = 738, reserved = 728, peak = 738;

PHY-1001 : Stage 2.4.2.3 | Update Timing
RUN-1002 : start command "start_timer"
PHY-1001 : 107/7765(1%) critical/total net(s).
PHY-1001 : Setup: WNS(ns) = -4.699, TNS(ns) = -402.836, FEP = 273 | Hold: WNS(ns) = 0.024, TNS(ns) = 0.000, FEP = 0.
PHY-1001 : End Stage 2.4.2.3 | Update Timing; Time: 2.050519s wall, 2.062500s user + 0.000000s system = 2.062500s CPU (100.6%); Memory(MB): used = 739, reserved = 729, peak = 739;

PHY-1001 : Stage 2.4.2.4 | Commit Data
PHY-1001 : Commit better result to database ...
PHY-1001 : 155 feed throughs used by 123 nets
PHY-1001 : End Stage 2.4.2.4 | Commit Data; Time: 0.719535s wall, 0.718750s user + 0.000000s system = 0.718750s CPU (99.9%); Memory(MB): used = 739, reserved = 729, peak = 739;

PHY-1001 : End Stage 2.4.2 | Phase 2; Time: 4.649371s wall, 4.750000s user + 0.000000s system = 4.750000s CPU (102.2%); Memory(MB): used = 739, reserved = 729, peak = 739;

PHY-1001 : End Stage 2.4 | Routing Optimization; Time: 12.504723s wall, 14.140625s user + 0.125000s system = 14.265625s CPU (114.1%); Memory(MB): used = 739, reserved = 729, peak = 739;

PHY-1003 : Routed, final wirelength = 769904
RUN-1002 : start command "export_db UDP_EXAMPLE_pr.db"
RUN-1001 : Exported flow parameters
RUN-1001 : Exported /
RUN-1001 : Exported libs
RUN-1001 : Exported entities
RUN-1001 : Exported ports
RUN-1001 : Exported pins
RUN-1001 : Exported instances
RUN-1001 : Exported nets
RUN-1001 : Exported buses
RUN-1001 : Exported models
RUN-1001 : Exported phy database
RUN-1001 : Exported packer
RUN-1001 : Exported congestions
RUN-1001 : Exported violations
RUN-1001 : Exported ATMR Setting
RUN-1001 : Exported timing constraints
RUN-1001 : Exported IO constraints
RUN-1001 : Exported Inst constraints
RUN-1001 : Exported ChipWatcher
PHY-1001 : Current memory(MB): used = 767, reserved = 878, peak = 767.
PHY-1001 : End export database. 0.372157s wall, 0.484375s user + 0.000000s system = 0.484375s CPU (130.2%)

PHY-1001 : End detail routing;  45.473069s wall, 58.921875s user + 0.718750s system = 59.640625s CPU (131.2%)

PHY-1001 : End Stage 2 | Detail Routing; Time: 45.473170s wall, 58.921875s user + 0.718750s system = 59.640625s CPU (131.2%); Memory(MB): used = 767, reserved = 878, peak = 767;

PHY-1001 : Stage 3 | Hold Fix
RUN-1002 : start command "start_timer"
RUN-1001 : No hold violation.
PHY-1001 : End Stage 3 | Hold Fix; Time: 1.801421s wall, 1.765625s user + 0.015625s system = 1.781250s CPU (98.9%); Memory(MB): used = 767, reserved = 878, peak = 767;

PHY-1001 : Stage 4 | Report Route Qor
RUN-1002 : start command "report_qor -step route -file route.qor"
RUN-1002 : start command "start_timer"
-----------------------------------------------------------
| QoR metrics               |         value               |
-----------------------------------------------------------
| Timing                    |                             |
|     Setup WNS             |        -4699                |
|     Setup TNS             |      -402836                |
|     Num of violated S-EP  |          273                |
|     Hold WNS              |           24                |
|     Hold TNS              |            0                |
|     Num of violated H-EP  |            0                |
-----------------------------------------------------------
| Routing Resource          |                             |
|     Wire length           |       769904                |
-----------------------------------------------------------
| Utilization               |                             |
|     #slices               |         3506                |
|     slices percentage     |       35.78%                |
|     #RAMs                 |           36                |
|     #DSPs                 |            0                |
|     #DRAMHARDCON          |            0                |
-----------------------------------------------------------
Report route stage QoR done.

RUN-1003 : finish command "report_qor -step route -file route.qor" in  1.742991s wall, 1.703125s user + 0.015625s system = 1.718750s CPU (98.6%)

RUN-1004 : used memory is 767 MB, reserved memory is 878 MB, peak memory is 767 MB
RUN-1002 : start command "update_timing -mode final"
RUN-1002 : start command "start_timer"
RUN-1003 : finish command "update_timing -mode final" in  1.766029s wall, 1.703125s user + 0.046875s system = 1.750000s CPU (99.1%)

RUN-1004 : used memory is 767 MB, reserved memory is 878 MB, peak memory is 767 MB
RUN-1002 : start command "report_timing_summary -file final_timing.rpt"
OPT-1001 : QoR tracer report on route step:
    SWNS [   incr ]     STNS [    incr ]  S-FEPS [   incr ]    HWNS [   incr ]      HTNS [     incr ]    H-FEPS [     incr ]    CELL [   incr ]      WL [   incr ]   RT(s) [   incr ]   MEM(mb) [     incr ]
   -4699 [      0 ]  -462995 [       0 ]     290 [      0 ]      14 [      0 ]         0 [        0 ]         0 [        0 ]    3672 [      0 ]  761200 [      0 ]      34 [      0 ]       703 [        0 ] : dr_initialization
   -4699 [      0 ]  -399145 [   63850 ]     265 [    -25 ]      14 [      0 ]         0 [        0 ]         0 [        0 ]    3672 [      0 ]  766112 [   4912 ]      38 [      4 ]       705 [        2 ] : dr_timing_opt_phase1
   -4699 [      0 ]  -407151 [   -8006 ]     278 [     13 ]      24 [     10 ]         0 [        0 ]         0 [        0 ]    3672 [      0 ]  769264 [   3152 ]      42 [      4 ]       738 [       33 ] : dr_opt_phase1
   -4699 [      0 ]  -399091 [    8060 ]     265 [    -13 ]      24 [      0 ]         0 [        0 ]         0 [        0 ]    3672 [      0 ]  770056 [    792 ]      44 [      2 ]       738 [        0 ] : dr_timing_opt_phase2
   -4699 [      0 ]  -402836 [   -3745 ]     273 [      8 ]      24 [      0 ]         0 [        0 ]         0 [        0 ]    3672 [      0 ]  769904 [   -152 ]      47 [      3 ]       739 [        1 ] : dr_opt_phase2
   -4699 [      0 ]  -402836 [       0 ]     273 [      0 ]      24 [      0 ]         0 [        0 ]         0 [        0 ]    3672 [      0 ]  769904 [      0 ]      47 [      0 ]       739 [        0 ] : multi_try_opt
   -4699 [      0 ]  -402836 [       0 ]     273 [      0 ]      24 [      0 ]         0 [        0 ]         0 [        0 ]    3672 [      0 ]  769904 [      0 ]      49 [      2 ]       767 [       28 ] : fix_hold_opt

PHY-1001 : End Stage 4 | Report Route Qor; Time: 3.596733s wall, 3.500000s user + 0.062500s system = 3.562500s CPU (99.0%); Memory(MB): used = 767, reserved = 878, peak = 767;

PHY-1001 : Stage 5 | Routing DRC
PHY-1001 : Start multi-drive drc check......
PHY-1001 : No multi-drive.
PHY-1001 : Stage 5.1 | Clock Net Status Check
PHY-1001 : 3 clock net(s) utilize local routing resource.
PHY-5079 CRITICAL-WARNING: Marked 2 clock net(s) utilize the local routing resources. Please check log message and the sinks of clock nets.
RUN-1001 : CTS Local Wire Summary
RUN-1001 : -------------------------------------------------------------------------------------------------------------------------------
RUN-1001 :               ClockName              |  DriverType  |  Clock/Fanout  |  LocalWireNum  |           NetName           |  Marked  
RUN-1001 : -------------------------------------------------------------------------------------------------------------------------------
RUN-1001 :                   -                  |  AL_PHY_PAD  |     48/48      |       84       |       cam_pclk_dup_1        |    -     
RUN-1001 :      u_pll_50/pll_inst.clkc[1]       |  AL_PHY_PLL  |      0/1       |       1        |       clk_50m_180deg        |   true   
RUN-1001 :   t3_sdram/u0_clk/pll_inst.clkc[2]   |  AL_PHY_PLL  |      0/1       |       1        |  t3_sdram/u2_ram/SDRAM_CLK  |   true   
RUN-1001 : -------------------------------------------------------------------------------------------------------------------------------
PHY-1001 : End Stage 5.1 | Clock Net Status Check; Time: 0.002284s wall, 0.000000s user + 0.000000s system = 0.000000s CPU (n/a%); Memory(MB): used = 767, reserved = 878, peak = 767;

PHY-1001 : Stage 5.2 | Abnormal Timing Path check
PHY-1001 : No abnormal timing path.
PHY-1001 : End Stage 5.2 | Abnormal Timing Path check; Time: 0.089870s wall, 0.078125s user + 0.000000s system = 0.078125s CPU (86.9%); Memory(MB): used = 767, reserved = 878, peak = 767;

PHY-1001 : End Stage 5 | Routing DRC; Time: 0.136447s wall, 0.125000s user + 0.000000s system = 0.125000s CPU (91.6%); Memory(MB): used = 767, reserved = 878, peak = 767;

RUN-1003 : finish command "route" in  53.368028s wall, 66.937500s user + 0.796875s system = 67.734375s CPU (126.9%)

RUN-1004 : used memory is 767 MB, reserved memory is 878 MB, peak memory is 767 MB
RUN-1002 : start command "report_area -io_info -file UDP_EXAMPLE_phy.area"
RUN-1001 : standard
***Report Model: UDP_Example_Top Device: EG4S20BG256***

IO Statistics
#IO                        55   out of    188   29.26%
  #input                   23
  #output                  31
  #inout                    1
#virtual IO                 3
  #input                    0
  #output                   0
  #inout                    0

Utilization Statistics
#lut                     5415   out of  19600   27.63%
#reg                     4948   out of  19600   25.24%
#le                      6236
  #lut only              1288   out of   6236   20.65%
  #reg only               821   out of   6236   13.17%
  #lut&reg               4127   out of   6236   66.18%
#bram                      36   out of     64   56.25%
  #bram9k                  36
  #fifo9k                   0
#bram32k                    0   out of     16    0.00%
#dsp                        0   out of     29    0.00%
#pad                       59   out of    188   31.38%
  #ireg                    17
  #oreg                    27
  #treg                     0
#pll                        4   out of      4  100.00%
#gclk                       7   out of     16   43.75%


DataNet Average Fanout:

   Index     Fanout     Nets  
    #1          1       4846  
    #2          2       1162  
    #3          3       613   
    #4          4       371   
    #5        5-10      696   
    #6        11-50     315   
    #7       51-100      34   
    #8       101-500     2    
  Average     3.05            

RUN-1002 : start command "update_timing -mode final"
RUN-1002 : start command "start_timer"
RUN-1003 : finish command "update_timing -mode final" in  1.610728s wall, 1.593750s user + 0.000000s system = 1.593750s CPU (98.9%)

RUN-1004 : used memory is 767 MB, reserved memory is 878 MB, peak memory is 767 MB
RUN-1002 : start command "report_timing_status -file UDP_EXAMPLE_phy.ts"
RUN-1002 : start command "report_timing_summary -file UDP_EXAMPLE_pr.timing"
RUN-1002 : start command "report_timing_exception -file UDP_EXAMPLE_exception.timing"
RUN-1002 : start command "flow_status -file route_flow.status"
Location         : D:\Anlu\double_fpga_udp\tx\sdram_switch\UDP_EG4_6.2\prj\UDP_EXAMPLE\UDP_EXAMPLE_Runs\phy_1
Running with     : Tang Dynasty v6.2.168116
                   Copyright (c) 2012-2025 Anlogic Inc.
Top Model        : UDP_Example_Top
Device           : EG4S20BG256
Speed            : NA

Timing Mode      : final
Setup            : WNS -4699ps  TNS  -402836ps  NUM_FEPS   273
Hold             : WNS    24ps  TNS        0ps  NUM_FEPS     0

Flow Statistics  :
RUN-1001 : Flow Statistics:
RUN-1001 : --------------------------------------------------------------------------------------------------
RUN-1001 :      command     |  #calls  |  wall time  |  cpu time(s)  |  used memory(mb)  |  peak memory(mb)  
RUN-1001 : --------------------------------------------------------------------------------------------------
RUN-1001 :       route      |    1     |  53s(62%)   |    66(59%)    |        767        |        767        
RUN-1001 :       place      |    1     |  32s(37%)   |    45(40%)    |        382        |        382        
RUN-1001 :     import_db    |    1     |   0s(0%)    |     0(0%)     |        180        |        180        
RUN-1001 :   import_device  |    1     |   0s(0%)    |     0(0%)     |        84         |        84         
RUN-1001 : --------------------------------------------------------------------------------------------------
RUN-1001 :       total      |    4     |    1m25s    |      111      |        767        |        767        
RUN-1001 : --------------------------------------------------------------------------------------------------
RUN-1002 : start command "report_clock_utilization -file route_clock_utilization.txt"
RUN-1001 : Device not support command report_clock_utilization.
RUN-1002 : start command "export_db UDP_EXAMPLE_pr.db"
RUN-1001 : Exported flow parameters
RUN-1001 : Exported /
RUN-1001 : Exported libs
RUN-1001 : Exported entities
RUN-1001 : Exported ports
RUN-1001 : Exported pins
RUN-1001 : Exported instances
RUN-1001 : Exported nets
RUN-1001 : Exported buses
RUN-1001 : Exported models
RUN-1001 : Exported phy database
RUN-1001 : Exported packer
RUN-1001 : Exported congestions
RUN-1001 : Exported violations
RUN-1001 : Exported ATMR Setting
RUN-1001 : Exported timing constraints
RUN-1001 : Exported IO constraints
RUN-1001 : Exported Inst constraints
RUN-1001 : Exported ChipWatcher
RUN-1002 : start command "commit_param -step bitgen"
RUN-1001 : Print Global Property
RUN-1001 : --------------------------------------------------------
RUN-1001 :   Parameters   |  Settings  |  Default Values  |  Note  
RUN-1001 : --------------------------------------------------------
RUN-1001 :   enable_seed  |    off     |       off        |        
RUN-1001 :     message    |  standard  |     standard     |        
RUN-1001 :   qor_monitor  |     on     |        on        |        
RUN-1001 :   syn_ip_flow  |    off     |       off        |        
RUN-1001 :     thread     |    auto    |       auto       |        
RUN-1001 : --------------------------------------------------------
RUN-1001 : Print Bitgen Property
RUN-1001 : -------------------------------------------------------------
RUN-1001 :      Parameters     |  Settings  |  Default Values  |  Note  
RUN-1001 : -------------------------------------------------------------
RUN-1001 :         bin         |    off     |       off        |        
RUN-1001 :       gen_mask      |    off     |       off        |        
RUN-1001 :      time_info      |     on     |        on        |        
RUN-1001 :   unused_io_status  |   pullup   |      pullup      |        
RUN-1001 :       version       |    0x00    |       0x00       |        
RUN-1001 : -------------------------------------------------------------
RUN-1002 : start command "bitgen -bit UDP_EXAMPLE.bit"
RUN-1002 : start command "export_bid UDP_EXAMPLE_inst.bid"
BIT-1003 : Start to generate bitstream. 
BIT-1002 : Init instances with 16 threads.
BIT-1002 : Init instances completely, inst num: 3670
BIT-1002 : Init pips with 16 threads.
BIT-1002 : Init pips completely, net num: 7760, pip num: 76296
BIT-1002 : Init feedthrough with 16 threads.
BIT-1002 : Init feedthrough completely, num: 155
BIT-1003 : Multithreading accelaration with 16 threads.
BIT-1003 : Generate bitstream completely, there are 209982 bits set as '1'.
BIT-1004 : PLL setting string = 1111
BIT-1004 : Generate bits file UDP_EXAMPLE.bit.
RUN-1003 : finish command "bitgen -bit UDP_EXAMPLE.bit" in  2.552831s wall, 24.843750s user + 1.218750s system = 26.062500s CPU (1020.9%)

RUN-1004 : used memory is 770 MB, reserved memory is 878 MB, peak memory is 770 MB
RUN-1002 : start command "setup_debugger ../../chip_debugger"
RUN-1002 : start command "export_bitgen_param -file .bitgen_param.f"
RUN-1002 : start command "export_flow_status -s opt_place -e bitgen"
RUN-1002 : start command "flow_status"

Location         : D:\Anlu\double_fpga_udp\tx\sdram_switch\UDP_EG4_6.2\prj\UDP_EXAMPLE\UDP_EXAMPLE_Runs\phy_1
Running with     : Tang Dynasty v6.2.168116
                   Copyright (c) 2012-2025 Anlogic Inc.
Top Model        : UDP_Example_Top
Device           : EG4S20BG256
Speed            : NA

Timing Mode      : final
Setup            : WNS -4699ps  TNS  -402836ps  NUM_FEPS   273
Hold             : WNS    24ps  TNS        0ps  NUM_FEPS     0

RUN-1001 : Flow Statistics:
RUN-1001 : --------------------------------------------------------------------------------------------------
RUN-1001 :      command     |  #calls  |  wall time  |  cpu time(s)  |  used memory(mb)  |  peak memory(mb)  
RUN-1001 : --------------------------------------------------------------------------------------------------
RUN-1001 :       route      |    1     |  53s(60%)   |    66(48%)    |        767        |        767        
RUN-1001 :       place      |    1     |  32s(36%)   |    45(33%)    |        382        |        382        
RUN-1001 :      bitgen      |    1     |   2s(2%)    |    25(18%)    |        770        |        770        
RUN-1001 :     import_db    |    1     |   0s(0%)    |     0(0%)     |        180        |        180        
RUN-1001 :   import_device  |    1     |   0s(0%)    |     0(0%)     |        84         |        84         
RUN-1001 : --------------------------------------------------------------------------------------------------
RUN-1001 :       total      |    5     |    1m27s    |      136      |        770        |        770        
RUN-1001 : --------------------------------------------------------------------------------------------------
