Created by          : Tang Dynasty v6.2.168116
                    : Copyright (c) 2012-2025 Anlogic Inc.
Generated           : Tue Oct  7 01:42:33 2025

Top Model           : test_camera
Device              : EG4S20BG256
Speed               : NA
STA coverage        : 96.87%
Constraint File     : 
Confidence          : Routed
Check Corner        : Both (Slow and Fast)
CRPR Enabled        : Yes
Report Scheme       : 10 end point(s) per path group, 1 path(s) per end point


Check Status
-------------

Corner   | Max      Min     
------------------------------------
Slow     | yes      yes     
Fast     | yes      yes     


Timing Status
--------------------
	SWNS: 1.037ns, STNS: 0.000ns
	HWNS: 0.033ns, HTNS: 0.000ns
	Period Check WNS: 0.000ns


Clock Summary
--------------------

       Clock-Id:       C-Freq       Fanout   Clock-Name
--------------------------------------------------------------------------------
           clk0:       50.000         2949   DeriveClock
--------------------------------------------------------------------------------

       Name            Type         Rise(ns)   Fall(ns)          C-Period(ns)     C-Freq(MHz)          R-Period(ns)     R-Freq(MHz)         SWNS(ns)   STNS(ns)         HWNS(ns)   HTNS(ns)         Skew(ns)           Fanout        Max-Level        CC-From    CC-To
       clk0           local            0.000     10.000                20.000          50.000                18.963          52.734            1.037      0.000            0.033      0.000            0.000             2949               17             no       no

Notes
----------
C-Period  :  constraint period
C-Freq    :  constraint freq
R-Period  :  report min period
R-Freq    :  report fmax
CC-From   :  has path(s) from cross-domain clock
CC-To     :  has path(s) to cross-domain clock


*   Clock R-Period data only takes intra-clock timing. SWNS/STNS/HWNS/HTNS take both intra-clock and inter-clock timing.
*   If there is mismatch between R-Period and SWNS, check inter-clock timing of this clock as capture clock.
*   SWNS/STNS/HWNS/HTNS of timing exception (SMCP/SMD) only counted in global Timing Status, not counted in Clock Summary.

Intra clock domain timing
--------------------------------------------------

----------------------------------------------------------------------------------------------------
Path Group     :     DeriveClock -> DeriveClock
Type           :     Self
From Clock     :     DeriveClock
To Clock       :     DeriveClock
Min Period     :     18.963ns
Fmax           :     52.734MHz

Statistics:
Max            : SWNS      1.037ns, STNS      0.000ns,         0 Viol Endpoints,      6719 Total Endpoints,     63643 Paths Analyzed
Min            : HWNS      0.033ns, HTNS      0.000ns,         0 Viol Endpoints,      6719 Total Endpoints,     63643 Paths Analyzed
----------------------------------------------------------------------------------------------------

Max Paths
----------------------------------------------------------------------------------------------------
Slack               : 1.037ns
Begin Point         : u_conv2_layer/u_conv2/ramread0_syn_74988.clk (rising edge triggered by clock DeriveClock  { rise@0.000000ns  fall@10.000000ns  period=20.000000 })
End Point           : u_conv1_layer/u_conv1/ramread0_syn_186580.ce (rising edge triggered by clock DeriveClock  { rise@0.000000ns  fall@10.000000ns  period=20.000000 })
Check Type          : setup
Process             : slow
Budget              : 20.000ns { DeriveClock rising@20.000ns - DeriveClock rising@0.000ns }
Data Path Delay     : 18.747ns (cell 2.676ns (14%), net 16.071ns (86%))
Clock Skew          : 0.000ns
Logic Level         : 8 ( LUT5=2  LUT4=2  LUT3=2  LUT2=2 )
Max Fanout          : 61
Clock Uncertainty   : 0.100ns (sdc uncertainty: 0.000ns, default uncertainty: 0.100ns)

Delay Type          Location             Incr           Path   Level  Netlist Info
--------------------------------------------------------------------  ---------------
launch edge                             0.000    r     0.000               
--------------------------------------------------------------------  ---------------
clk2q               x003y054z3          0.146    r     0.146          pin: u_conv2_layer/u_conv2/ramread0_syn_74988.q[0]
net (fo=9)                              4.530          4.676          net: u_conv1_layer/reset_n,  ../../conv1_layer1.v(23)
                                                                      pin: u_conv1_layer/u_conv1/ramread0_syn_186685.c[1]
LUT4                x028y028z2          0.348    f     5.024       1  pin: u_conv1_layer/u_conv1/ramread0_syn_186685.f[1]
net (fo=25)                             0.866          5.890          net: u_conv1_layer/rst_n_dup_5,  ../../conv1_layer1.v(12)
                                                                      pin: P1/POOL_CORE_B/pool_result_fft1_reg[5]_syn_4.d[1]
LUT2                x031y030z1          0.205    r     6.095       2  pin: P1/POOL_CORE_B/pool_result_fft1_reg[5]_syn_4.f[1]
net (fo=2)                              0.594          6.689          net: u_conv1_layer/u_conv1/ramread0_syn_175690,  ../../conv1.v(173)
                                                                      pin: u_conv1_layer/u_conv1/ramread0_syn_187118.b[1]
LUT5                x031y031z1          0.543    f     7.232       3  pin: u_conv1_layer/u_conv1/ramread0_syn_187118.fx[0]
net (fo=61)                             0.587          7.819          net: u_conv1_layer/u_conv1/ramread0_syn_3,  ../../conv1.v(173)
                                                                      pin: u_conv1_layer/u_conv1/ramread0_syn_186995.a[0]
LUT5                x033y032z2          0.424    f     8.243       4  pin: u_conv1_layer/u_conv1/ramread0_syn_186995.f[0]
net (fo=4)                              0.688          8.931          net: u_conv1_layer/u_conv1/ramread0_syn_168883,  ../../conv1.v(173)
                                                                      pin: u_conv1_layer/u_conv1/ramread0_syn_187712.c[1]
LUT4                x031y029z0          0.251    r     9.182       5  pin: u_conv1_layer/u_conv1/ramread0_syn_187712.f[1]
net (fo=4)                              1.011         10.193          net: u_conv1_layer/u_conv1/ramread0_syn_175984,  ../../conv1.v(173)
                                                                      pin: u_conv1_layer/u_conv1/ramread0_syn_189911.d[1]
LUT3                x033y025z1          0.205    r    10.398       6  pin: u_conv1_layer/u_conv1/ramread0_syn_189911.f[1]
net (fo=9)                              4.015         14.413          net: u_conv1_layer/u_conv1/ramread0_syn_175988,  ../../conv1.v(173)
                                                                      pin: RAM_02_P1/addrb[5]_syn_4.d[0]
LUT3                x021y030z0          0.205    r    14.618       7  pin: RAM_02_P1/addrb[5]_syn_4.f[0]
net (fo=9)                              0.738         15.356          net: u_conv1_layer/u_conv1/ramread0_syn_177943,  ../../conv1.v(173)
                                                                      pin: u_conv1_layer/u_conv1/ramread0_syn_186717.d[1]
LUT2                x020y028z3          0.262    r    15.618       8  pin: u_conv1_layer/u_conv1/ramread0_syn_186717.f[1]
net (fo=5)                              3.042         18.660          net: u_conv1_layer/u_conv1/ramread0_syn_85913,  ../../conv1.v(173)
                                                                      pin: u_conv1_layer/u_conv1/ramread0_syn_186580.ce
reg                 x014y048z1          0.087    r    18.747               
--------------------------------------------------------------------  ---------------
Arrival                                               18.747               

capture edge                           20.000    r    20.000               
--------------------------------------------------------------------  ---------------
setup                                  -0.116         19.884               
clock uncertainty                      -0.100         19.784               
clock pessimism                         0.000         19.784               
--------------------------------------------------------------------  ---------------
Required                                              19.784               
--------------------------------------------------------------------  ---------------
Slack                                                  1.037               

Slack               : 1.472ns
Begin Point         : u_conv2_layer/u_conv2/ramread0_syn_74988.clk (rising edge triggered by clock DeriveClock  { rise@0.000000ns  fall@10.000000ns  period=20.000000 })
End Point           : u_conv1_layer/u_conv1/ramread0_syn_186547.ce (rising edge triggered by clock DeriveClock  { rise@0.000000ns  fall@10.000000ns  period=20.000000 })
Check Type          : setup
Process             : slow
Budget              : 20.000ns { DeriveClock rising@20.000ns - DeriveClock rising@0.000ns }
Data Path Delay     : 18.312ns (cell 2.630ns (14%), net 15.682ns (86%))
Clock Skew          : 0.000ns
Logic Level         : 8 ( LUT3=3  LUT5=2  LUT2=2  LUT4=1 )
Max Fanout          : 61
Clock Uncertainty   : 0.100ns (sdc uncertainty: 0.000ns, default uncertainty: 0.100ns)

Delay Type          Location             Incr           Path   Level  Netlist Info
--------------------------------------------------------------------  ---------------
launch edge                             0.000    r     0.000               
--------------------------------------------------------------------  ---------------
clk2q               x003y054z3          0.146    r     0.146          pin: u_conv2_layer/u_conv2/ramread0_syn_74988.q[0]
net (fo=9)                              4.530          4.676          net: u_conv1_layer/reset_n,  ../../conv1_layer1.v(23)
                                                                      pin: u_conv1_layer/u_conv1/ramread0_syn_186685.c[1]
LUT4                x028y028z2          0.348    f     5.024       1  pin: u_conv1_layer/u_conv1/ramread0_syn_186685.f[1]
net (fo=25)                             0.866          5.890          net: u_conv1_layer/rst_n_dup_5,  ../../conv1_layer1.v(12)
                                                                      pin: P1/POOL_CORE_B/pool_result_fft1_reg[5]_syn_4.d[1]
LUT2                x031y030z1          0.205    r     6.095       2  pin: P1/POOL_CORE_B/pool_result_fft1_reg[5]_syn_4.f[1]
net (fo=2)                              0.594          6.689          net: u_conv1_layer/u_conv1/ramread0_syn_175690,  ../../conv1.v(173)
                                                                      pin: u_conv1_layer/u_conv1/ramread0_syn_187118.b[1]
LUT5                x031y031z1          0.543    f     7.232       3  pin: u_conv1_layer/u_conv1/ramread0_syn_187118.fx[0]
net (fo=61)                             0.587          7.819          net: u_conv1_layer/u_conv1/ramread0_syn_3,  ../../conv1.v(173)
                                                                      pin: u_conv1_layer/u_conv1/ramread0_syn_186995.a[1]
LUT5                x033y032z2          0.424    f     8.243       4  pin: u_conv1_layer/u_conv1/ramread0_syn_186995.f[1]
net (fo=4)                              1.023          9.266          net: u_conv1_layer/u_conv1/ramread0_syn_168882,  ../../conv1.v(173)
                                                                      pin: u_conv1_layer/u_conv1/ramread0_syn_188109.d[1]
LUT3                x031y028z3          0.262    r     9.528       5  pin: u_conv1_layer/u_conv1/ramread0_syn_188109.f[1]
net (fo=4)                              0.630         10.158          net: u_conv1_layer/u_conv1/ramread0_syn_176000,  ../../conv1.v(173)
                                                                      pin: u_conv1_layer/u_conv1/ramread0_syn_189926.d[1]
LUT3                x030y024z0          0.205    r    10.363       6  pin: u_conv1_layer/u_conv1/ramread0_syn_189926.f[1]
net (fo=9)                              4.037         14.400          net: u_conv1_layer/u_conv1/ramread0_syn_176005,  ../../conv1.v(173)
                                                                      pin: u_conv1_layer/u_conv1/ramread0_syn_190528.d[1]
LUT2                x015y030z1          0.205    r    14.605       7  pin: u_conv1_layer/u_conv1/ramread0_syn_190528.f[1]
net (fo=9)                              0.757         15.362          net: u_conv1_layer/u_conv1/ramread0_syn_177275,  ../../conv1.v(173)
                                                                      pin: u_conv1_layer/u_conv1/ramread0_syn_188943.d[1]
LUT3                x013y031z0          0.205    r    15.567       8  pin: u_conv1_layer/u_conv1/ramread0_syn_188943.f[1]
net (fo=6)                              2.658         18.225          net: u_conv1_layer/u_conv1/ramread0_syn_86167,  ../../conv1.v(173)
                                                                      pin: u_conv1_layer/u_conv1/ramread0_syn_186547.ce
reg                 x013y047z0          0.087    r    18.312               
--------------------------------------------------------------------  ---------------
Arrival                                               18.312               

capture edge                           20.000    r    20.000               
--------------------------------------------------------------------  ---------------
setup                                  -0.116         19.884               
clock uncertainty                      -0.100         19.784               
clock pessimism                         0.000         19.784               
--------------------------------------------------------------------  ---------------
Required                                              19.784               
--------------------------------------------------------------------  ---------------
Slack                                                  1.472               

Slack               : 1.479ns
Begin Point         : u_conv2_layer/u_conv2/ramread0_syn_74988.clk (rising edge triggered by clock DeriveClock  { rise@0.000000ns  fall@10.000000ns  period=20.000000 })
End Point           : u_conv1_layer/u_conv1/ramread0_syn_186580.d[0] (rising edge triggered by clock DeriveClock  { rise@0.000000ns  fall@10.000000ns  period=20.000000 })
Check Type          : setup
Process             : slow
Budget              : 20.000ns { DeriveClock rising@20.000ns - DeriveClock rising@0.000ns }
Data Path Delay     : 18.305ns (cell 2.641ns (14%), net 15.664ns (86%))
Clock Skew          : 0.000ns
Logic Level         : 8 ( LUT3=3  LUT5=2  LUT4=2  LUT2=1 )
Max Fanout          : 61
Clock Uncertainty   : 0.100ns (sdc uncertainty: 0.000ns, default uncertainty: 0.100ns)

Delay Type          Location             Incr           Path   Level  Netlist Info
--------------------------------------------------------------------  ---------------
launch edge                             0.000    r     0.000               
--------------------------------------------------------------------  ---------------
clk2q               x003y054z3          0.146    r     0.146          pin: u_conv2_layer/u_conv2/ramread0_syn_74988.q[0]
net (fo=9)                              4.530          4.676          net: u_conv1_layer/reset_n,  ../../conv1_layer1.v(23)
                                                                      pin: u_conv1_layer/u_conv1/ramread0_syn_186685.c[1]
LUT4                x028y028z2          0.348    f     5.024       1  pin: u_conv1_layer/u_conv1/ramread0_syn_186685.f[1]
net (fo=25)                             0.866          5.890          net: u_conv1_layer/rst_n_dup_5,  ../../conv1_layer1.v(12)
                                                                      pin: P1/POOL_CORE_B/pool_result_fft1_reg[5]_syn_4.d[1]
LUT2                x031y030z1          0.205    r     6.095       2  pin: P1/POOL_CORE_B/pool_result_fft1_reg[5]_syn_4.f[1]
net (fo=2)                              0.594          6.689          net: u_conv1_layer/u_conv1/ramread0_syn_175690,  ../../conv1.v(173)
                                                                      pin: u_conv1_layer/u_conv1/ramread0_syn_187118.b[1]
LUT5                x031y031z1          0.543    f     7.232       3  pin: u_conv1_layer/u_conv1/ramread0_syn_187118.fx[0]
net (fo=61)                             0.587          7.819          net: u_conv1_layer/u_conv1/ramread0_syn_3,  ../../conv1.v(173)
                                                                      pin: u_conv1_layer/u_conv1/ramread0_syn_186995.a[0]
LUT5                x033y032z2          0.424    f     8.243       4  pin: u_conv1_layer/u_conv1/ramread0_syn_186995.f[0]
net (fo=4)                              0.688          8.931          net: u_conv1_layer/u_conv1/ramread0_syn_168883,  ../../conv1.v(173)
                                                                      pin: u_conv1_layer/u_conv1/ramread0_syn_187712.c[1]
LUT4                x031y029z0          0.251    r     9.182       5  pin: u_conv1_layer/u_conv1/ramread0_syn_187712.f[1]
net (fo=4)                              1.011         10.193          net: u_conv1_layer/u_conv1/ramread0_syn_175984,  ../../conv1.v(173)
                                                                      pin: u_conv1_layer/u_conv1/ramread0_syn_189911.d[1]
LUT3                x033y025z1          0.205    r    10.398       6  pin: u_conv1_layer/u_conv1/ramread0_syn_189911.f[1]
net (fo=9)                              4.015         14.413          net: u_conv1_layer/u_conv1/ramread0_syn_175988,  ../../conv1.v(173)
                                                                      pin: RAM_02_P1/addrb[5]_syn_4.d[0]
LUT3                x021y030z0          0.205    r    14.618       7  pin: RAM_02_P1/addrb[5]_syn_4.f[0]
net (fo=9)                              3.373         17.991          net: u_conv1_layer/u_conv1/ramread0_syn_177943,  ../../conv1.v(173)
                                                                      pin: u_conv1_layer/u_conv1/ramread0_syn_186580.d[0]
LUT3 (reg)          x014y048z1          0.314    r    18.305       8  net: u_conv1_layer/u_conv1/ramread0_syn_3446[4],  ../../conv1.v(173)
--------------------------------------------------------------------  ---------------
Arrival                                               18.305               

capture edge                           20.000    r    20.000               
--------------------------------------------------------------------  ---------------
setup                                  -0.116         19.884               
clock uncertainty                      -0.100         19.784               
clock pessimism                         0.000         19.784               
--------------------------------------------------------------------  ---------------
Required                                              19.784               
--------------------------------------------------------------------  ---------------
Slack                                                  1.479               

Slack               : 1.479ns
Begin Point         : u_conv2_layer/u_conv2/ramread0_syn_74988.clk (rising edge triggered by clock DeriveClock  { rise@0.000000ns  fall@10.000000ns  period=20.000000 })
End Point           : u_conv1_layer/u_conv1/ramread0_syn_186580.d[1] (rising edge triggered by clock DeriveClock  { rise@0.000000ns  fall@10.000000ns  period=20.000000 })
Check Type          : setup
Process             : slow
Budget              : 20.000ns { DeriveClock rising@20.000ns - DeriveClock rising@0.000ns }
Data Path Delay     : 18.305ns (cell 2.641ns (14%), net 15.664ns (86%))
Clock Skew          : 0.000ns
Logic Level         : 8 ( LUT3=3  LUT5=2  LUT4=2  LUT2=1 )
Max Fanout          : 61
Clock Uncertainty   : 0.100ns (sdc uncertainty: 0.000ns, default uncertainty: 0.100ns)

Delay Type          Location             Incr           Path   Level  Netlist Info
--------------------------------------------------------------------  ---------------
launch edge                             0.000    r     0.000               
--------------------------------------------------------------------  ---------------
clk2q               x003y054z3          0.146    r     0.146          pin: u_conv2_layer/u_conv2/ramread0_syn_74988.q[0]
net (fo=9)                              4.530          4.676          net: u_conv1_layer/reset_n,  ../../conv1_layer1.v(23)
                                                                      pin: u_conv1_layer/u_conv1/ramread0_syn_186685.c[1]
LUT4                x028y028z2          0.348    f     5.024       1  pin: u_conv1_layer/u_conv1/ramread0_syn_186685.f[1]
net (fo=25)                             0.866          5.890          net: u_conv1_layer/rst_n_dup_5,  ../../conv1_layer1.v(12)
                                                                      pin: P1/POOL_CORE_B/pool_result_fft1_reg[5]_syn_4.d[1]
LUT2                x031y030z1          0.205    r     6.095       2  pin: P1/POOL_CORE_B/pool_result_fft1_reg[5]_syn_4.f[1]
net (fo=2)                              0.594          6.689          net: u_conv1_layer/u_conv1/ramread0_syn_175690,  ../../conv1.v(173)
                                                                      pin: u_conv1_layer/u_conv1/ramread0_syn_187118.b[1]
LUT5                x031y031z1          0.543    f     7.232       3  pin: u_conv1_layer/u_conv1/ramread0_syn_187118.fx[0]
net (fo=61)                             0.587          7.819          net: u_conv1_layer/u_conv1/ramread0_syn_3,  ../../conv1.v(173)
                                                                      pin: u_conv1_layer/u_conv1/ramread0_syn_186995.a[0]
LUT5                x033y032z2          0.424    f     8.243       4  pin: u_conv1_layer/u_conv1/ramread0_syn_186995.f[0]
net (fo=4)                              0.688          8.931          net: u_conv1_layer/u_conv1/ramread0_syn_168883,  ../../conv1.v(173)
                                                                      pin: u_conv1_layer/u_conv1/ramread0_syn_187712.c[1]
LUT4                x031y029z0          0.251    r     9.182       5  pin: u_conv1_layer/u_conv1/ramread0_syn_187712.f[1]
net (fo=4)                              1.011         10.193          net: u_conv1_layer/u_conv1/ramread0_syn_175984,  ../../conv1.v(173)
                                                                      pin: u_conv1_layer/u_conv1/ramread0_syn_189911.d[1]
LUT3                x033y025z1          0.205    r    10.398       6  pin: u_conv1_layer/u_conv1/ramread0_syn_189911.f[1]
net (fo=9)                              4.015         14.413          net: u_conv1_layer/u_conv1/ramread0_syn_175988,  ../../conv1.v(173)
                                                                      pin: RAM_02_P1/addrb[5]_syn_4.d[0]
LUT3                x021y030z0          0.205    r    14.618       7  pin: RAM_02_P1/addrb[5]_syn_4.f[0]
net (fo=9)                              3.373         17.991          net: u_conv1_layer/u_conv1/ramread0_syn_177943,  ../../conv1.v(173)
                                                                      pin: u_conv1_layer/u_conv1/ramread0_syn_186580.d[1]
LUT3 (reg)          x014y048z1          0.314    r    18.305       8  net: u_conv1_layer/u_conv1/ramread0_syn_3446[0],  ../../conv1.v(173)
--------------------------------------------------------------------  ---------------
Arrival                                               18.305               

capture edge                           20.000    r    20.000               
--------------------------------------------------------------------  ---------------
setup                                  -0.116         19.884               
clock uncertainty                      -0.100         19.784               
clock pessimism                         0.000         19.784               
--------------------------------------------------------------------  ---------------
Required                                              19.784               
--------------------------------------------------------------------  ---------------
Slack                                                  1.479               

Slack               : 1.636ns
Begin Point         : u_conv2_layer/u_conv2/ramread0_syn_74988.clk (rising edge triggered by clock DeriveClock  { rise@0.000000ns  fall@10.000000ns  period=20.000000 })
End Point           : u_conv1_layer/u_conv1/ramread0_syn_186585.d[0] (rising edge triggered by clock DeriveClock  { rise@0.000000ns  fall@10.000000ns  period=20.000000 })
Check Type          : setup
Process             : slow
Budget              : 20.000ns { DeriveClock rising@20.000ns - DeriveClock rising@0.000ns }
Data Path Delay     : 18.148ns (cell 2.698ns (14%), net 15.450ns (86%))
Clock Skew          : 0.000ns
Logic Level         : 8 ( LUT3=3  LUT5=2  LUT4=2  LUT2=1 )
Max Fanout          : 61
Clock Uncertainty   : 0.100ns (sdc uncertainty: 0.000ns, default uncertainty: 0.100ns)

Delay Type          Location             Incr           Path   Level  Netlist Info
--------------------------------------------------------------------  ---------------
launch edge                             0.000    r     0.000               
--------------------------------------------------------------------  ---------------
clk2q               x003y054z3          0.146    r     0.146          pin: u_conv2_layer/u_conv2/ramread0_syn_74988.q[0]
net (fo=9)                              4.530          4.676          net: u_conv1_layer/reset_n,  ../../conv1_layer1.v(23)
                                                                      pin: u_conv1_layer/u_conv1/ramread0_syn_186685.c[1]
LUT4                x028y028z2          0.348    f     5.024       1  pin: u_conv1_layer/u_conv1/ramread0_syn_186685.f[1]
net (fo=25)                             0.866          5.890          net: u_conv1_layer/rst_n_dup_5,  ../../conv1_layer1.v(12)
                                                                      pin: P1/POOL_CORE_B/pool_result_fft1_reg[5]_syn_4.d[1]
LUT2                x031y030z1          0.205    r     6.095       2  pin: P1/POOL_CORE_B/pool_result_fft1_reg[5]_syn_4.f[1]
net (fo=2)                              0.594          6.689          net: u_conv1_layer/u_conv1/ramread0_syn_175690,  ../../conv1.v(173)
                                                                      pin: u_conv1_layer/u_conv1/ramread0_syn_187118.b[1]
LUT5                x031y031z1          0.543    f     7.232       3  pin: u_conv1_layer/u_conv1/ramread0_syn_187118.fx[0]
net (fo=61)                             0.587          7.819          net: u_conv1_layer/u_conv1/ramread0_syn_3,  ../../conv1.v(173)
                                                                      pin: u_conv1_layer/u_conv1/ramread0_syn_186995.a[0]
LUT5                x033y032z2          0.424    f     8.243       4  pin: u_conv1_layer/u_conv1/ramread0_syn_186995.f[0]
net (fo=4)                              0.688          8.931          net: u_conv1_layer/u_conv1/ramread0_syn_168883,  ../../conv1.v(173)
                                                                      pin: u_conv1_layer/u_conv1/ramread0_syn_187712.c[1]
LUT4                x031y029z0          0.251    r     9.182       5  pin: u_conv1_layer/u_conv1/ramread0_syn_187712.f[1]
net (fo=4)                              1.011         10.193          net: u_conv1_layer/u_conv1/ramread0_syn_175984,  ../../conv1.v(173)
                                                                      pin: u_conv1_layer/u_conv1/ramread0_syn_189911.d[1]
LUT3                x033y025z1          0.205    r    10.398       6  pin: u_conv1_layer/u_conv1/ramread0_syn_189911.f[1]
net (fo=9)                              4.015         14.413          net: u_conv1_layer/u_conv1/ramread0_syn_175988,  ../../conv1.v(173)
                                                                      pin: RAM_02_P1/addrb[5]_syn_4.d[0]
LUT3                x021y030z0          0.205    r    14.618       7  pin: RAM_02_P1/addrb[5]_syn_4.f[0]
net (fo=9)                              3.159         17.777          net: u_conv1_layer/u_conv1/ramread0_syn_177943,  ../../conv1.v(173)
                                                                      pin: u_conv1_layer/u_conv1/ramread0_syn_186585.d[0]
LUT3 (reg)          x013y044z3          0.371    r    18.148       8  net: u_conv1_layer/u_conv1/ramread0_syn_3446[1],  ../../conv1.v(173)
--------------------------------------------------------------------  ---------------
Arrival                                               18.148               

capture edge                           20.000    r    20.000               
--------------------------------------------------------------------  ---------------
setup                                  -0.116         19.884               
clock uncertainty                      -0.100         19.784               
clock pessimism                         0.000         19.784               
--------------------------------------------------------------------  ---------------
Required                                              19.784               
--------------------------------------------------------------------  ---------------
Slack                                                  1.636               

Slack               : 1.636ns
Begin Point         : u_conv2_layer/u_conv2/ramread0_syn_74988.clk (rising edge triggered by clock DeriveClock  { rise@0.000000ns  fall@10.000000ns  period=20.000000 })
End Point           : u_conv1_layer/u_conv1/ramread0_syn_186585.d[1] (rising edge triggered by clock DeriveClock  { rise@0.000000ns  fall@10.000000ns  period=20.000000 })
Check Type          : setup
Process             : slow
Budget              : 20.000ns { DeriveClock rising@20.000ns - DeriveClock rising@0.000ns }
Data Path Delay     : 18.148ns (cell 2.698ns (14%), net 15.450ns (86%))
Clock Skew          : 0.000ns
Logic Level         : 8 ( LUT3=3  LUT5=2  LUT4=2  LUT2=1 )
Max Fanout          : 61
Clock Uncertainty   : 0.100ns (sdc uncertainty: 0.000ns, default uncertainty: 0.100ns)

Delay Type          Location             Incr           Path   Level  Netlist Info
--------------------------------------------------------------------  ---------------
launch edge                             0.000    r     0.000               
--------------------------------------------------------------------  ---------------
clk2q               x003y054z3          0.146    r     0.146          pin: u_conv2_layer/u_conv2/ramread0_syn_74988.q[0]
net (fo=9)                              4.530          4.676          net: u_conv1_layer/reset_n,  ../../conv1_layer1.v(23)
                                                                      pin: u_conv1_layer/u_conv1/ramread0_syn_186685.c[1]
LUT4                x028y028z2          0.348    f     5.024       1  pin: u_conv1_layer/u_conv1/ramread0_syn_186685.f[1]
net (fo=25)                             0.866          5.890          net: u_conv1_layer/rst_n_dup_5,  ../../conv1_layer1.v(12)
                                                                      pin: P1/POOL_CORE_B/pool_result_fft1_reg[5]_syn_4.d[1]
LUT2                x031y030z1          0.205    r     6.095       2  pin: P1/POOL_CORE_B/pool_result_fft1_reg[5]_syn_4.f[1]
net (fo=2)                              0.594          6.689          net: u_conv1_layer/u_conv1/ramread0_syn_175690,  ../../conv1.v(173)
                                                                      pin: u_conv1_layer/u_conv1/ramread0_syn_187118.b[1]
LUT5                x031y031z1          0.543    f     7.232       3  pin: u_conv1_layer/u_conv1/ramread0_syn_187118.fx[0]
net (fo=61)                             0.587          7.819          net: u_conv1_layer/u_conv1/ramread0_syn_3,  ../../conv1.v(173)
                                                                      pin: u_conv1_layer/u_conv1/ramread0_syn_186995.a[0]
LUT5                x033y032z2          0.424    f     8.243       4  pin: u_conv1_layer/u_conv1/ramread0_syn_186995.f[0]
net (fo=4)                              0.688          8.931          net: u_conv1_layer/u_conv1/ramread0_syn_168883,  ../../conv1.v(173)
                                                                      pin: u_conv1_layer/u_conv1/ramread0_syn_187712.c[1]
LUT4                x031y029z0          0.251    r     9.182       5  pin: u_conv1_layer/u_conv1/ramread0_syn_187712.f[1]
net (fo=4)                              1.011         10.193          net: u_conv1_layer/u_conv1/ramread0_syn_175984,  ../../conv1.v(173)
                                                                      pin: u_conv1_layer/u_conv1/ramread0_syn_189911.d[1]
LUT3                x033y025z1          0.205    r    10.398       6  pin: u_conv1_layer/u_conv1/ramread0_syn_189911.f[1]
net (fo=9)                              4.015         14.413          net: u_conv1_layer/u_conv1/ramread0_syn_175988,  ../../conv1.v(173)
                                                                      pin: RAM_02_P1/addrb[5]_syn_4.d[0]
LUT3                x021y030z0          0.205    r    14.618       7  pin: RAM_02_P1/addrb[5]_syn_4.f[0]
net (fo=9)                              3.159         17.777          net: u_conv1_layer/u_conv1/ramread0_syn_177943,  ../../conv1.v(173)
                                                                      pin: u_conv1_layer/u_conv1/ramread0_syn_186585.d[1]
LUT3 (reg)          x013y044z3          0.371    r    18.148       8  net: u_conv1_layer/u_conv1/ramread0_syn_3446[2],  ../../conv1.v(173)
--------------------------------------------------------------------  ---------------
Arrival                                               18.148               

capture edge                           20.000    r    20.000               
--------------------------------------------------------------------  ---------------
setup                                  -0.116         19.884               
clock uncertainty                      -0.100         19.784               
clock pessimism                         0.000         19.784               
--------------------------------------------------------------------  ---------------
Required                                              19.784               
--------------------------------------------------------------------  ---------------
Slack                                                  1.636               

Slack               : 1.691ns
Begin Point         : u_conv2_layer/u_conv2/ramread0_syn_74988.clk (rising edge triggered by clock DeriveClock  { rise@0.000000ns  fall@10.000000ns  period=20.000000 })
End Point           : u_conv1_layer/u_conv1/ramread0_syn_186413.ce (rising edge triggered by clock DeriveClock  { rise@0.000000ns  fall@10.000000ns  period=20.000000 })
Check Type          : setup
Process             : slow
Budget              : 20.000ns { DeriveClock rising@20.000ns - DeriveClock rising@0.000ns }
Data Path Delay     : 18.093ns (cell 2.630ns (14%), net 15.463ns (86%))
Clock Skew          : 0.000ns
Logic Level         : 8 ( LUT3=3  LUT5=2  LUT2=2  LUT4=1 )
Max Fanout          : 61
Clock Uncertainty   : 0.100ns (sdc uncertainty: 0.000ns, default uncertainty: 0.100ns)

Delay Type          Location             Incr           Path   Level  Netlist Info
--------------------------------------------------------------------  ---------------
launch edge                             0.000    r     0.000               
--------------------------------------------------------------------  ---------------
clk2q               x003y054z3          0.146    r     0.146          pin: u_conv2_layer/u_conv2/ramread0_syn_74988.q[0]
net (fo=9)                              4.530          4.676          net: u_conv1_layer/reset_n,  ../../conv1_layer1.v(23)
                                                                      pin: u_conv1_layer/u_conv1/ramread0_syn_186685.c[1]
LUT4                x028y028z2          0.348    f     5.024       1  pin: u_conv1_layer/u_conv1/ramread0_syn_186685.f[1]
net (fo=25)                             0.866          5.890          net: u_conv1_layer/rst_n_dup_5,  ../../conv1_layer1.v(12)
                                                                      pin: P1/POOL_CORE_B/pool_result_fft1_reg[5]_syn_4.d[1]
LUT2                x031y030z1          0.205    r     6.095       2  pin: P1/POOL_CORE_B/pool_result_fft1_reg[5]_syn_4.f[1]
net (fo=2)                              0.594          6.689          net: u_conv1_layer/u_conv1/ramread0_syn_175690,  ../../conv1.v(173)
                                                                      pin: u_conv1_layer/u_conv1/ramread0_syn_187118.b[1]
LUT5                x031y031z1          0.543    f     7.232       3  pin: u_conv1_layer/u_conv1/ramread0_syn_187118.fx[0]
net (fo=61)                             0.587          7.819          net: u_conv1_layer/u_conv1/ramread0_syn_3,  ../../conv1.v(173)
                                                                      pin: u_conv1_layer/u_conv1/ramread0_syn_186995.a[1]
LUT5                x033y032z2          0.424    f     8.243       4  pin: u_conv1_layer/u_conv1/ramread0_syn_186995.f[1]
net (fo=4)                              1.023          9.266          net: u_conv1_layer/u_conv1/ramread0_syn_168882,  ../../conv1.v(173)
                                                                      pin: u_conv1_layer/u_conv1/ramread0_syn_188109.d[1]
LUT3                x031y028z3          0.262    r     9.528       5  pin: u_conv1_layer/u_conv1/ramread0_syn_188109.f[1]
net (fo=4)                              0.630         10.158          net: u_conv1_layer/u_conv1/ramread0_syn_176000,  ../../conv1.v(173)
                                                                      pin: u_conv1_layer/u_conv1/ramread0_syn_189926.d[1]
LUT3                x030y024z0          0.205    r    10.363       6  pin: u_conv1_layer/u_conv1/ramread0_syn_189926.f[1]
net (fo=9)                              4.037         14.400          net: u_conv1_layer/u_conv1/ramread0_syn_176005,  ../../conv1.v(173)
                                                                      pin: u_conv1_layer/u_conv1/ramread0_syn_190528.d[1]
LUT2                x015y030z1          0.205    r    14.605       7  pin: u_conv1_layer/u_conv1/ramread0_syn_190528.f[1]
net (fo=9)                              0.757         15.362          net: u_conv1_layer/u_conv1/ramread0_syn_177275,  ../../conv1.v(173)
                                                                      pin: u_conv1_layer/u_conv1/ramread0_syn_188943.d[1]
LUT3                x013y031z0          0.205    r    15.567       8  pin: u_conv1_layer/u_conv1/ramread0_syn_188943.f[1]
net (fo=6)                              2.439         18.006          net: u_conv1_layer/u_conv1/ramread0_syn_86167,  ../../conv1.v(173)
                                                                      pin: u_conv1_layer/u_conv1/ramread0_syn_186413.ce
reg                 x011y043z3          0.087    r    18.093               
--------------------------------------------------------------------  ---------------
Arrival                                               18.093               

capture edge                           20.000    r    20.000               
--------------------------------------------------------------------  ---------------
setup                                  -0.116         19.884               
clock uncertainty                      -0.100         19.784               
clock pessimism                         0.000         19.784               
--------------------------------------------------------------------  ---------------
Required                                              19.784               
--------------------------------------------------------------------  ---------------
Slack                                                  1.691               

Slack               : 1.801ns
Begin Point         : u_conv2_layer/u_conv2/ramread0_syn_74988.clk (rising edge triggered by clock DeriveClock  { rise@0.000000ns  fall@10.000000ns  period=20.000000 })
End Point           : u_conv1_layer/u_conv1/ramread0_syn_186547.d[0] (rising edge triggered by clock DeriveClock  { rise@0.000000ns  fall@10.000000ns  period=20.000000 })
Check Type          : setup
Process             : slow
Budget              : 20.000ns { DeriveClock rising@20.000ns - DeriveClock rising@0.000ns }
Data Path Delay     : 17.983ns (cell 2.652ns (14%), net 15.331ns (86%))
Clock Skew          : 0.000ns
Logic Level         : 8 ( LUT3=3  LUT5=2  LUT2=2  LUT4=1 )
Max Fanout          : 61
Clock Uncertainty   : 0.100ns (sdc uncertainty: 0.000ns, default uncertainty: 0.100ns)

Delay Type          Location             Incr           Path   Level  Netlist Info
--------------------------------------------------------------------  ---------------
launch edge                             0.000    r     0.000               
--------------------------------------------------------------------  ---------------
clk2q               x003y054z3          0.146    r     0.146          pin: u_conv2_layer/u_conv2/ramread0_syn_74988.q[0]
net (fo=9)                              4.530          4.676          net: u_conv1_layer/reset_n,  ../../conv1_layer1.v(23)
                                                                      pin: u_conv1_layer/u_conv1/ramread0_syn_186685.c[1]
LUT4                x028y028z2          0.348    f     5.024       1  pin: u_conv1_layer/u_conv1/ramread0_syn_186685.f[1]
net (fo=25)                             0.866          5.890          net: u_conv1_layer/rst_n_dup_5,  ../../conv1_layer1.v(12)
                                                                      pin: P1/POOL_CORE_B/pool_result_fft1_reg[5]_syn_4.d[1]
LUT2                x031y030z1          0.205    r     6.095       2  pin: P1/POOL_CORE_B/pool_result_fft1_reg[5]_syn_4.f[1]
net (fo=2)                              0.594          6.689          net: u_conv1_layer/u_conv1/ramread0_syn_175690,  ../../conv1.v(173)
                                                                      pin: u_conv1_layer/u_conv1/ramread0_syn_187118.b[1]
LUT5                x031y031z1          0.543    f     7.232       3  pin: u_conv1_layer/u_conv1/ramread0_syn_187118.fx[0]
net (fo=61)                             0.587          7.819          net: u_conv1_layer/u_conv1/ramread0_syn_3,  ../../conv1.v(173)
                                                                      pin: u_conv1_layer/u_conv1/ramread0_syn_186995.a[1]
LUT5                x033y032z2          0.424    f     8.243       4  pin: u_conv1_layer/u_conv1/ramread0_syn_186995.f[1]
net (fo=4)                              1.023          9.266          net: u_conv1_layer/u_conv1/ramread0_syn_168882,  ../../conv1.v(173)
                                                                      pin: u_conv1_layer/u_conv1/ramread0_syn_188109.d[1]
LUT3                x031y028z3          0.262    r     9.528       5  pin: u_conv1_layer/u_conv1/ramread0_syn_188109.f[1]
net (fo=4)                              0.630         10.158          net: u_conv1_layer/u_conv1/ramread0_syn_176000,  ../../conv1.v(173)
                                                                      pin: u_conv1_layer/u_conv1/ramread0_syn_189926.d[1]
LUT3                x030y024z0          0.205    r    10.363       6  pin: u_conv1_layer/u_conv1/ramread0_syn_189926.f[1]
net (fo=9)                              4.037         14.400          net: u_conv1_layer/u_conv1/ramread0_syn_176005,  ../../conv1.v(173)
                                                                      pin: u_conv1_layer/u_conv1/ramread0_syn_190528.d[1]
LUT2                x015y030z1          0.205    r    14.605       7  pin: u_conv1_layer/u_conv1/ramread0_syn_190528.f[1]
net (fo=9)                              3.064         17.669          net: u_conv1_layer/u_conv1/ramread0_syn_177275,  ../../conv1.v(173)
                                                                      pin: u_conv1_layer/u_conv1/ramread0_syn_186547.d[0]
LUT3 (reg)          x013y047z0          0.314    r    17.983       8  net: u_conv1_layer/u_conv1/ramread0_syn_3486[4],  ../../conv1.v(173)
--------------------------------------------------------------------  ---------------
Arrival                                               17.983               

capture edge                           20.000    r    20.000               
--------------------------------------------------------------------  ---------------
setup                                  -0.116         19.884               
clock uncertainty                      -0.100         19.784               
clock pessimism                         0.000         19.784               
--------------------------------------------------------------------  ---------------
Required                                              19.784               
--------------------------------------------------------------------  ---------------
Slack                                                  1.801               

Slack               : 1.801ns
Begin Point         : u_conv2_layer/u_conv2/ramread0_syn_74988.clk (rising edge triggered by clock DeriveClock  { rise@0.000000ns  fall@10.000000ns  period=20.000000 })
End Point           : u_conv1_layer/u_conv1/ramread0_syn_186547.d[1] (rising edge triggered by clock DeriveClock  { rise@0.000000ns  fall@10.000000ns  period=20.000000 })
Check Type          : setup
Process             : slow
Budget              : 20.000ns { DeriveClock rising@20.000ns - DeriveClock rising@0.000ns }
Data Path Delay     : 17.983ns (cell 2.652ns (14%), net 15.331ns (86%))
Clock Skew          : 0.000ns
Logic Level         : 8 ( LUT3=3  LUT5=2  LUT2=2  LUT4=1 )
Max Fanout          : 61
Clock Uncertainty   : 0.100ns (sdc uncertainty: 0.000ns, default uncertainty: 0.100ns)

Delay Type          Location             Incr           Path   Level  Netlist Info
--------------------------------------------------------------------  ---------------
launch edge                             0.000    r     0.000               
--------------------------------------------------------------------  ---------------
clk2q               x003y054z3          0.146    r     0.146          pin: u_conv2_layer/u_conv2/ramread0_syn_74988.q[0]
net (fo=9)                              4.530          4.676          net: u_conv1_layer/reset_n,  ../../conv1_layer1.v(23)
                                                                      pin: u_conv1_layer/u_conv1/ramread0_syn_186685.c[1]
LUT4                x028y028z2          0.348    f     5.024       1  pin: u_conv1_layer/u_conv1/ramread0_syn_186685.f[1]
net (fo=25)                             0.866          5.890          net: u_conv1_layer/rst_n_dup_5,  ../../conv1_layer1.v(12)
                                                                      pin: P1/POOL_CORE_B/pool_result_fft1_reg[5]_syn_4.d[1]
LUT2                x031y030z1          0.205    r     6.095       2  pin: P1/POOL_CORE_B/pool_result_fft1_reg[5]_syn_4.f[1]
net (fo=2)                              0.594          6.689          net: u_conv1_layer/u_conv1/ramread0_syn_175690,  ../../conv1.v(173)
                                                                      pin: u_conv1_layer/u_conv1/ramread0_syn_187118.b[1]
LUT5                x031y031z1          0.543    f     7.232       3  pin: u_conv1_layer/u_conv1/ramread0_syn_187118.fx[0]
net (fo=61)                             0.587          7.819          net: u_conv1_layer/u_conv1/ramread0_syn_3,  ../../conv1.v(173)
                                                                      pin: u_conv1_layer/u_conv1/ramread0_syn_186995.a[1]
LUT5                x033y032z2          0.424    f     8.243       4  pin: u_conv1_layer/u_conv1/ramread0_syn_186995.f[1]
net (fo=4)                              1.023          9.266          net: u_conv1_layer/u_conv1/ramread0_syn_168882,  ../../conv1.v(173)
                                                                      pin: u_conv1_layer/u_conv1/ramread0_syn_188109.d[1]
LUT3                x031y028z3          0.262    r     9.528       5  pin: u_conv1_layer/u_conv1/ramread0_syn_188109.f[1]
net (fo=4)                              0.630         10.158          net: u_conv1_layer/u_conv1/ramread0_syn_176000,  ../../conv1.v(173)
                                                                      pin: u_conv1_layer/u_conv1/ramread0_syn_189926.d[1]
LUT3                x030y024z0          0.205    r    10.363       6  pin: u_conv1_layer/u_conv1/ramread0_syn_189926.f[1]
net (fo=9)                              4.037         14.400          net: u_conv1_layer/u_conv1/ramread0_syn_176005,  ../../conv1.v(173)
                                                                      pin: u_conv1_layer/u_conv1/ramread0_syn_190528.d[1]
LUT2                x015y030z1          0.205    r    14.605       7  pin: u_conv1_layer/u_conv1/ramread0_syn_190528.f[1]
net (fo=9)                              3.064         17.669          net: u_conv1_layer/u_conv1/ramread0_syn_177275,  ../../conv1.v(173)
                                                                      pin: u_conv1_layer/u_conv1/ramread0_syn_186547.d[1]
LUT3 (reg)          x013y047z0          0.314    r    17.983       8  net: u_conv1_layer/u_conv1/ramread0_syn_3486[0],  ../../conv1.v(173)
--------------------------------------------------------------------  ---------------
Arrival                                               17.983               

capture edge                           20.000    r    20.000               
--------------------------------------------------------------------  ---------------
setup                                  -0.116         19.884               
clock uncertainty                      -0.100         19.784               
clock pessimism                         0.000         19.784               
--------------------------------------------------------------------  ---------------
Required                                              19.784               
--------------------------------------------------------------------  ---------------
Slack                                                  1.801               

Slack               : 1.815ns
Begin Point         : u_conv2_layer/u_conv2/ramread0_syn_74988.clk (rising edge triggered by clock DeriveClock  { rise@0.000000ns  fall@10.000000ns  period=20.000000 })
End Point           : u_conv1_layer/u_conv1/ramread0_syn_186585.ce (rising edge triggered by clock DeriveClock  { rise@0.000000ns  fall@10.000000ns  period=20.000000 })
Check Type          : setup
Process             : slow
Budget              : 20.000ns { DeriveClock rising@20.000ns - DeriveClock rising@0.000ns }
Data Path Delay     : 17.969ns (cell 2.676ns (14%), net 15.293ns (86%))
Clock Skew          : 0.000ns
Logic Level         : 8 ( LUT5=2  LUT4=2  LUT3=2  LUT2=2 )
Max Fanout          : 61
Clock Uncertainty   : 0.100ns (sdc uncertainty: 0.000ns, default uncertainty: 0.100ns)

Delay Type          Location             Incr           Path   Level  Netlist Info
--------------------------------------------------------------------  ---------------
launch edge                             0.000    r     0.000               
--------------------------------------------------------------------  ---------------
clk2q               x003y054z3          0.146    r     0.146          pin: u_conv2_layer/u_conv2/ramread0_syn_74988.q[0]
net (fo=9)                              4.530          4.676          net: u_conv1_layer/reset_n,  ../../conv1_layer1.v(23)
                                                                      pin: u_conv1_layer/u_conv1/ramread0_syn_186685.c[1]
LUT4                x028y028z2          0.348    f     5.024       1  pin: u_conv1_layer/u_conv1/ramread0_syn_186685.f[1]
net (fo=25)                             0.866          5.890          net: u_conv1_layer/rst_n_dup_5,  ../../conv1_layer1.v(12)
                                                                      pin: P1/POOL_CORE_B/pool_result_fft1_reg[5]_syn_4.d[1]
LUT2                x031y030z1          0.205    r     6.095       2  pin: P1/POOL_CORE_B/pool_result_fft1_reg[5]_syn_4.f[1]
net (fo=2)                              0.594          6.689          net: u_conv1_layer/u_conv1/ramread0_syn_175690,  ../../conv1.v(173)
                                                                      pin: u_conv1_layer/u_conv1/ramread0_syn_187118.b[1]
LUT5                x031y031z1          0.543    f     7.232       3  pin: u_conv1_layer/u_conv1/ramread0_syn_187118.fx[0]
net (fo=61)                             0.587          7.819          net: u_conv1_layer/u_conv1/ramread0_syn_3,  ../../conv1.v(173)
                                                                      pin: u_conv1_layer/u_conv1/ramread0_syn_186995.a[0]
LUT5                x033y032z2          0.424    f     8.243       4  pin: u_conv1_layer/u_conv1/ramread0_syn_186995.f[0]
net (fo=4)                              0.688          8.931          net: u_conv1_layer/u_conv1/ramread0_syn_168883,  ../../conv1.v(173)
                                                                      pin: u_conv1_layer/u_conv1/ramread0_syn_187712.c[1]
LUT4                x031y029z0          0.251    r     9.182       5  pin: u_conv1_layer/u_conv1/ramread0_syn_187712.f[1]
net (fo=4)                              1.011         10.193          net: u_conv1_layer/u_conv1/ramread0_syn_175984,  ../../conv1.v(173)
                                                                      pin: u_conv1_layer/u_conv1/ramread0_syn_189911.d[1]
LUT3                x033y025z1          0.205    r    10.398       6  pin: u_conv1_layer/u_conv1/ramread0_syn_189911.f[1]
net (fo=9)                              4.015         14.413          net: u_conv1_layer/u_conv1/ramread0_syn_175988,  ../../conv1.v(173)
                                                                      pin: RAM_02_P1/addrb[5]_syn_4.d[0]
LUT3                x021y030z0          0.205    r    14.618       7  pin: RAM_02_P1/addrb[5]_syn_4.f[0]
net (fo=9)                              0.738         15.356          net: u_conv1_layer/u_conv1/ramread0_syn_177943,  ../../conv1.v(173)
                                                                      pin: u_conv1_layer/u_conv1/ramread0_syn_186717.d[1]
LUT2                x020y028z3          0.262    r    15.618       8  pin: u_conv1_layer/u_conv1/ramread0_syn_186717.f[1]
net (fo=5)                              2.264         17.882          net: u_conv1_layer/u_conv1/ramread0_syn_85913,  ../../conv1.v(173)
                                                                      pin: u_conv1_layer/u_conv1/ramread0_syn_186585.ce
reg                 x013y044z3          0.087    r    17.969               
--------------------------------------------------------------------  ---------------
Arrival                                               17.969               

capture edge                           20.000    r    20.000               
--------------------------------------------------------------------  ---------------
setup                                  -0.116         19.884               
clock uncertainty                      -0.100         19.784               
clock pessimism                         0.000         19.784               
--------------------------------------------------------------------  ---------------
Required                                              19.784               
--------------------------------------------------------------------  ---------------
Slack                                                  1.815               



Min Paths
----------------------------------------------------------------------------------------------------
Slack               : 0.033ns
Begin Point         : u_conv1_layer/u_conv1/raddr_reg[1]_syn_4.clk (rising edge triggered by clock DeriveClock  { rise@0.000000ns  fall@10.000000ns  period=20.000000 })
End Point           : U_PRE_LAYER/RAM_Y_784/inst_syn_1.addrb[4] (rising edge triggered by clock DeriveClock  { rise@0.000000ns  fall@10.000000ns  period=20.000000 })
Check Type          : hold
Process             : fast
Budget              : 0.000ns { DeriveClock rising@0.000ns - DeriveClock rising@0.000ns }
Data Path Delay     : 0.333ns (cell 0.109ns (32%), net 0.224ns (68%))
Clock Skew          : 0.000ns
Logic Level         : 1 ( EMB=1 )
Max Fanout          : 4
Clock Uncertainty   : 0.100ns (sdc uncertainty: 0.000ns, default uncertainty: 0.100ns)

Delay Type          Location             Incr           Path   Level  Netlist Info
--------------------------------------------------------------------  ---------------
launch edge                             0.000    r     0.000               
--------------------------------------------------------------------  ---------------
clk2q               x031y028z1          0.109    f     0.109          pin: u_conv1_layer/u_conv1/raddr_reg[1]_syn_4.q[1]
net (fo=4)                              0.224          0.333          net: u_conv1_layer/u_conv1/raddr[1],  ../../conv1.v(26)
                                                                      pin: U_PRE_LAYER/RAM_Y_784/inst_syn_1.addrb[4]
EMB (reg)           x032y027            0.000    f     0.333       1       
--------------------------------------------------------------------  ---------------
Arrival                                                0.333               

capture edge                            0.000    r     0.000               
--------------------------------------------------------------------  ---------------
hold                                    0.200          0.200               
clock uncertainty                       0.100          0.300               
clock pessimism                         0.000          0.300               
--------------------------------------------------------------------  ---------------
Required                                               0.300               
--------------------------------------------------------------------  ---------------
Slack                                                  0.033               

Slack               : 0.092ns
Begin Point         : u_conv2_layer/u_conv2/conv_out_reg[10]_syn_4.clk (rising edge triggered by clock DeriveClock  { rise@0.000000ns  fall@10.000000ns  period=20.000000 })
End Point           : u_conv2_layer/u_conv2/RAMT1/inst_syn_2.dib[0] (rising edge triggered by clock DeriveClock  { rise@0.000000ns  fall@10.000000ns  period=20.000000 })
Check Type          : hold
Process             : fast
Budget              : 0.000ns { DeriveClock rising@0.000ns - DeriveClock rising@0.000ns }
Data Path Delay     : 0.392ns (cell 0.109ns (27%), net 0.283ns (73%))
Clock Skew          : 0.000ns
Logic Level         : 1 ( EMB=1 )
Max Fanout          : 3
Clock Uncertainty   : 0.100ns (sdc uncertainty: 0.000ns, default uncertainty: 0.100ns)

Delay Type          Location             Incr           Path   Level  Netlist Info
--------------------------------------------------------------------  ---------------
launch edge                             0.000    r     0.000               
--------------------------------------------------------------------  ---------------
clk2q               x011y028z3          0.109    f     0.109          pin: u_conv2_layer/u_conv2/conv_out_reg[10]_syn_4.q[0]
net (fo=3)                              0.283          0.392          net: u_conv2_layer/u_conv2/conv_out[9],  ../../conv2.v(72)
                                                                      pin: u_conv2_layer/u_conv2/RAMT1/inst_syn_2.dib[0]
EMB (reg)           x008y027            0.000    f     0.392       1       
--------------------------------------------------------------------  ---------------
Arrival                                                0.392               

capture edge                            0.000    r     0.000               
--------------------------------------------------------------------  ---------------
hold                                    0.200          0.200               
clock uncertainty                       0.100          0.300               
clock pessimism                         0.000          0.300               
--------------------------------------------------------------------  ---------------
Required                                               0.300               
--------------------------------------------------------------------  ---------------
Slack                                                  0.092               

Slack               : 0.150ns
Begin Point         : u_conv2_layer/u_conv2/conv_raddr_reg[6]_syn_4.clk (rising edge triggered by clock DeriveClock  { rise@0.000000ns  fall@10.000000ns  period=20.000000 })
End Point           : u_conv2_layer/u_conv2/RAMT2/inst_syn_21.addrb[6] (rising edge triggered by clock DeriveClock  { rise@0.000000ns  fall@10.000000ns  period=20.000000 })
Check Type          : hold
Process             : fast
Budget              : 0.000ns { DeriveClock rising@0.000ns - DeriveClock rising@0.000ns }
Data Path Delay     : 0.450ns (cell 0.109ns (24%), net 0.341ns (76%))
Clock Skew          : 0.000ns
Logic Level         : 1 ( EMB=1 )
Max Fanout          : 4
Clock Uncertainty   : 0.100ns (sdc uncertainty: 0.000ns, default uncertainty: 0.100ns)

Delay Type          Location             Incr           Path   Level  Netlist Info
--------------------------------------------------------------------  ---------------
launch edge                             0.000    r     0.000               
--------------------------------------------------------------------  ---------------
clk2q               x006y036z2          0.109    f     0.109          pin: u_conv2_layer/u_conv2/conv_raddr_reg[6]_syn_4.q[1]
net (fo=4)                              0.341          0.450          net: u_conv2_layer/u_conv2/conv_raddr[6],  ../../conv2.v(77)
                                                                      pin: u_conv2_layer/u_conv2/RAMT2/inst_syn_21.addrb[6]
EMB (reg)           x008y027            0.000    f     0.450       1       
--------------------------------------------------------------------  ---------------
Arrival                                                0.450               

capture edge                            0.000    r     0.000               
--------------------------------------------------------------------  ---------------
hold                                    0.200          0.200               
clock uncertainty                       0.100          0.300               
clock pessimism                         0.000          0.300               
--------------------------------------------------------------------  ---------------
Required                                               0.300               
--------------------------------------------------------------------  ---------------
Slack                                                  0.150               

Slack               : 0.177ns
Begin Point         : u_conv1_layer/u_conv1/ramread0_syn_185002.clk (rising edge triggered by clock DeriveClock  { rise@0.000000ns  fall@10.000000ns  period=20.000000 })
End Point           : RAM_02_P1/inst_syn_11.dia[1] (rising edge triggered by clock DeriveClock  { rise@0.000000ns  fall@10.000000ns  period=20.000000 })
Check Type          : hold
Process             : fast
Budget              : 0.000ns { DeriveClock rising@0.000ns - DeriveClock rising@0.000ns }
Data Path Delay     : 0.477ns (cell 0.109ns (22%), net 0.368ns (78%))
Clock Skew          : 0.000ns
Logic Level         : 1 ( EMB=1 )
Max Fanout          : 1
Clock Uncertainty   : 0.100ns (sdc uncertainty: 0.000ns, default uncertainty: 0.100ns)

Delay Type          Location             Incr           Path   Level  Netlist Info
--------------------------------------------------------------------  ---------------
launch edge                             0.000    r     0.000               
--------------------------------------------------------------------  ---------------
clk2q               x025y027z3          0.109    f     0.109          pin: u_conv1_layer/u_conv1/ramread0_syn_185002.q[0]
net (fo=1)                              0.368          0.477          net: RAM_02_P1/dia[9],  ../../../al_ip/02.v(34)
                                                                      pin: RAM_02_P1/inst_syn_11.dia[1]
EMB (reg)           x024y018            0.000    f     0.477       1       
--------------------------------------------------------------------  ---------------
Arrival                                                0.477               

capture edge                            0.000    r     0.000               
--------------------------------------------------------------------  ---------------
hold                                    0.200          0.200               
clock uncertainty                       0.100          0.300               
clock pessimism                         0.000          0.300               
--------------------------------------------------------------------  ---------------
Required                                               0.300               
--------------------------------------------------------------------  ---------------
Slack                                                  0.177               

Slack               : 0.185ns
Begin Point         : P1/data_out_reg[14]_syn_4.clk (rising edge triggered by clock DeriveClock  { rise@0.000000ns  fall@10.000000ns  period=20.000000 })
End Point           : RAM_02_P1/inst_syn_16.dia[3] (rising edge triggered by clock DeriveClock  { rise@0.000000ns  fall@10.000000ns  period=20.000000 })
Check Type          : hold
Process             : fast
Budget              : 0.000ns { DeriveClock rising@0.000ns - DeriveClock rising@0.000ns }
Data Path Delay     : 0.485ns (cell 0.109ns (22%), net 0.376ns (78%))
Clock Skew          : 0.000ns
Logic Level         : 1 ( EMB=1 )
Max Fanout          : 1
Clock Uncertainty   : 0.100ns (sdc uncertainty: 0.000ns, default uncertainty: 0.100ns)

Delay Type          Location             Incr           Path   Level  Netlist Info
--------------------------------------------------------------------  ---------------
launch edge                             0.000    r     0.000               
--------------------------------------------------------------------  ---------------
clk2q               x027y024z3          0.109    f     0.109          pin: P1/data_out_reg[14]_syn_4.q[0]
net (fo=1)                              0.376          0.485          net: RAM_02_P1/dia[15],  ../../../al_ip/02.v(34)
                                                                      pin: RAM_02_P1/inst_syn_16.dia[3]
EMB (reg)           x024y018            0.000    f     0.485       1       
--------------------------------------------------------------------  ---------------
Arrival                                                0.485               

capture edge                            0.000    r     0.000               
--------------------------------------------------------------------  ---------------
hold                                    0.200          0.200               
clock uncertainty                       0.100          0.300               
clock pessimism                         0.000          0.300               
--------------------------------------------------------------------  ---------------
Required                                               0.300               
--------------------------------------------------------------------  ---------------
Slack                                                  0.185               

Slack               : 0.185ns
Begin Point         : P2/data_out_reg[10]_syn_3.clk (rising edge triggered by clock DeriveClock  { rise@0.000000ns  fall@10.000000ns  period=20.000000 })
End Point           : RAM_02_P2/inst_syn_1.dib[1] (rising edge triggered by clock DeriveClock  { rise@0.000000ns  fall@10.000000ns  period=20.000000 })
Check Type          : hold
Process             : fast
Budget              : 0.000ns { DeriveClock rising@0.000ns - DeriveClock rising@0.000ns }
Data Path Delay     : 0.485ns (cell 0.109ns (22%), net 0.376ns (78%))
Clock Skew          : 0.000ns
Logic Level         : 1 ( EMB=1 )
Max Fanout          : 1
Clock Uncertainty   : 0.100ns (sdc uncertainty: 0.000ns, default uncertainty: 0.100ns)

Delay Type          Location             Incr           Path   Level  Netlist Info
--------------------------------------------------------------------  ---------------
launch edge                             0.000    r     0.000               
--------------------------------------------------------------------  ---------------
clk2q               x025y010z1          0.109    f     0.109          pin: P2/data_out_reg[10]_syn_3.q[1]
net (fo=1)                              0.376          0.485          net: RAM_02_P2/dia[10],  ../../../al_ip/RAM03_512.v(34)
                                                                      pin: RAM_02_P2/inst_syn_1.dib[1]
EMB (reg)           x024y009            0.000    f     0.485       1       
--------------------------------------------------------------------  ---------------
Arrival                                                0.485               

capture edge                            0.000    r     0.000               
--------------------------------------------------------------------  ---------------
hold                                    0.200          0.200               
clock uncertainty                       0.100          0.300               
clock pessimism                         0.000          0.300               
--------------------------------------------------------------------  ---------------
Required                                               0.300               
--------------------------------------------------------------------  ---------------
Slack                                                  0.185               

Slack               : 0.219ns
Begin Point         : mux4_syn_121.clk (rising edge triggered by clock DeriveClock  { rise@0.000000ns  fall@10.000000ns  period=20.000000 })
End Point           : RAM_02_P1/inst_syn_1.dia[0] (rising edge triggered by clock DeriveClock  { rise@0.000000ns  fall@10.000000ns  period=20.000000 })
Check Type          : hold
Process             : fast
Budget              : 0.000ns { DeriveClock rising@0.000ns - DeriveClock rising@0.000ns }
Data Path Delay     : 0.519ns (cell 0.109ns (21%), net 0.410ns (79%))
Clock Skew          : 0.000ns
Logic Level         : 1 ( EMB=1 )
Max Fanout          : 1
Clock Uncertainty   : 0.100ns (sdc uncertainty: 0.000ns, default uncertainty: 0.100ns)

Delay Type          Location             Incr           Path   Level  Netlist Info
--------------------------------------------------------------------  ---------------
launch edge                             0.000    r     0.000               
--------------------------------------------------------------------  ---------------
clk2q               x027y030z3          0.109    f     0.109          pin: mux4_syn_121.q[0]
net (fo=1)                              0.410          0.519          net: RAM_02_P1/dia[0],  ../../../al_ip/02.v(34)
                                                                      pin: RAM_02_P1/inst_syn_1.dia[0]
EMB (reg)           x024y027            0.000    f     0.519       1       
--------------------------------------------------------------------  ---------------
Arrival                                                0.519               

capture edge                            0.000    r     0.000               
--------------------------------------------------------------------  ---------------
hold                                    0.200          0.200               
clock uncertainty                       0.100          0.300               
clock pessimism                         0.000          0.300               
--------------------------------------------------------------------  ---------------
Required                                               0.300               
--------------------------------------------------------------------  ---------------
Slack                                                  0.219               

Slack               : 0.219ns
Begin Point         : u_conv2_layer/u_conv2/conv_out_reg[5]_syn_4.clk (rising edge triggered by clock DeriveClock  { rise@0.000000ns  fall@10.000000ns  period=20.000000 })
End Point           : u_conv2_layer/u_conv2/RAMT1/inst_syn_2.dia[6] (rising edge triggered by clock DeriveClock  { rise@0.000000ns  fall@10.000000ns  period=20.000000 })
Check Type          : hold
Process             : fast
Budget              : 0.000ns { DeriveClock rising@0.000ns - DeriveClock rising@0.000ns }
Data Path Delay     : 0.519ns (cell 0.109ns (21%), net 0.410ns (79%))
Clock Skew          : 0.000ns
Logic Level         : 1 ( EMB=1 )
Max Fanout          : 3
Clock Uncertainty   : 0.100ns (sdc uncertainty: 0.000ns, default uncertainty: 0.100ns)

Delay Type          Location             Incr           Path   Level  Netlist Info
--------------------------------------------------------------------  ---------------
launch edge                             0.000    r     0.000               
--------------------------------------------------------------------  ---------------
clk2q               x013y028z0          0.109    f     0.109          pin: u_conv2_layer/u_conv2/conv_out_reg[5]_syn_4.q[0]
net (fo=3)                              0.410          0.519          net: u_conv2_layer/u_conv2/conv_out[6],  ../../conv2.v(72)
                                                                      pin: u_conv2_layer/u_conv2/RAMT1/inst_syn_2.dia[6]
EMB (reg)           x008y027            0.000    f     0.519       1       
--------------------------------------------------------------------  ---------------
Arrival                                                0.519               

capture edge                            0.000    r     0.000               
--------------------------------------------------------------------  ---------------
hold                                    0.200          0.200               
clock uncertainty                       0.100          0.300               
clock pessimism                         0.000          0.300               
--------------------------------------------------------------------  ---------------
Required                                               0.300               
--------------------------------------------------------------------  ---------------
Slack                                                  0.219               

Slack               : 0.220ns
Begin Point         : u_conv1_layer/u_conv1/mult10_syn_811.clk (rising edge triggered by clock DeriveClock  { rise@0.000000ns  fall@10.000000ns  period=20.000000 })
End Point           : RAM_02_P1/inst_syn_6.dia[1] (rising edge triggered by clock DeriveClock  { rise@0.000000ns  fall@10.000000ns  period=20.000000 })
Check Type          : hold
Process             : fast
Budget              : 0.000ns { DeriveClock rising@0.000ns - DeriveClock rising@0.000ns }
Data Path Delay     : 0.520ns (cell 0.109ns (20%), net 0.411ns (80%))
Clock Skew          : 0.000ns
Logic Level         : 1 ( EMB=1 )
Max Fanout          : 1
Clock Uncertainty   : 0.100ns (sdc uncertainty: 0.000ns, default uncertainty: 0.100ns)

Delay Type          Location             Incr           Path   Level  Netlist Info
--------------------------------------------------------------------  ---------------
launch edge                             0.000    r     0.000               
--------------------------------------------------------------------  ---------------
ADDER (clk2q)       x025y027z0          0.109    f     0.109          pin: u_conv1_layer/u_conv1/mult10_syn_811.q[0]
net (fo=1)                              0.411          0.520          net: RAM_02_P1/dia[5],  ../../../al_ip/02.v(34)
                                                                      pin: RAM_02_P1/inst_syn_6.dia[1]
EMB (reg)           x024y027            0.000    f     0.520       1       
--------------------------------------------------------------------  ---------------
Arrival                                                0.520               

capture edge                            0.000    r     0.000               
--------------------------------------------------------------------  ---------------
hold                                    0.200          0.200               
clock uncertainty                       0.100          0.300               
clock pessimism                         0.000          0.300               
--------------------------------------------------------------------  ---------------
Required                                               0.300               
--------------------------------------------------------------------  ---------------
Slack                                                  0.220               

Slack               : 0.226ns
Begin Point         : C1/CNN_L1_221009_R/mult0_syn_394.clk (rising edge triggered by clock DeriveClock  { rise@0.000000ns  fall@10.000000ns  period=20.000000 })
End Point           : U_PRE_LAYER/U_RGB2GRAY/B_reg[1]_syn_4.ce (rising edge triggered by clock DeriveClock  { rise@0.000000ns  fall@10.000000ns  period=20.000000 })
Check Type          : hold
Process             : fast
Budget              : 0.000ns { DeriveClock rising@0.000ns - DeriveClock rising@0.000ns }
Data Path Delay     : 0.387ns (cell 0.162ns (41%), net 0.225ns (59%))
Clock Skew          : 0.000ns
Logic Level         : 0
Max Fanout          : 11
Clock Uncertainty   : 0.100ns (sdc uncertainty: 0.000ns, default uncertainty: 0.100ns)

Delay Type          Location             Incr           Path   Level  Netlist Info
--------------------------------------------------------------------  ---------------
launch edge                             0.000    r     0.000               
--------------------------------------------------------------------  ---------------
ADDER (clk2q)       x025y004z0          0.109    f     0.109          pin: C1/CNN_L1_221009_R/mult0_syn_394.q[0]
net (fo=11)                             0.225          0.334          net: U_PRE_LAYER/U_RGB2GRAY/start_fft1,  ../../RGB2GRAY.v(42)
                                                                      pin: U_PRE_LAYER/U_RGB2GRAY/B_reg[1]_syn_4.ce
reg                 x025y005z3          0.053    f     0.387               
--------------------------------------------------------------------  ---------------
Arrival                                                0.387               

capture edge                            0.000    r     0.000               
--------------------------------------------------------------------  ---------------
hold                                    0.061          0.061               
clock uncertainty                       0.100          0.161               
clock pessimism                         0.000          0.161               
--------------------------------------------------------------------  ---------------
Required                                               0.161               
--------------------------------------------------------------------  ---------------
Slack                                                  0.226               


Inter clock domain timing
--------------------------------------------------

IP timing
--------------------------------------------------
