============================================================
   Tang Dynasty, V6.2.168116
   Copyright (c) 2012-2025 Anlogic Inc.
   Executable = D:/Anlogic/TD_6.2.1_Engineer_6.2.168.116/bin/run.exe
   Built at =   16:32:07 Jun 12 2025
   Run by =     Neko
   Run Date =   Tue Oct  7 01:40:20 2025

   Run on =     NEKO_DESKTOP
============================================================
RUN-1002 : start command "import_device eagle_s20.db -package EG4S20BG256"
RUN-1001 : Using default speed grade: NA
ARC-1001 : Device Initialization.
ARC-1001 : ------------------------------------------------------------------
ARC-1001 :            OPTION            |          IO          |   SETTING   
ARC-1001 : ------------------------------------------------------------------
ARC-1001 :   cso_b/cclk/mosi/miso/dout  |  T3/R11/T10/P10/S11  |    gpio    
ARC-1001 :             done             |         P13          |    gpio    
ARC-1001 :           program_b          |          T2          |  dedicate  
ARC-1001 :        tdi/tms/tck/tdo       |   C12/A15/C14/E14    |  dedicate  
ARC-1001 : ------------------------------------------------------------------
ARC-1004 : Device setting, marked 5 dedicate IOs in total.
RUN-1002 : start command "open_project cam.prj -noanalyze"
RUN-1002 : start command "import_db ../syn_1/cam_gate.db"
RUN-1001 : Importing database generated by Tang Dynasty, V6.2.168116.
RUN-1001 : Database version number 46207
RUN-1001 : Import flow parameters
RUN-1001 : Import netlist
RUN-1001 : Import IO constraints
RUN-1001 : Import Inst constraints
RUN-1001 : Import ChipWatcher
RUN-1001 : Import design success TD_VERSION=6.2.168116 , DB_VERSION=46207
RUN-1002 : start command "commit_param -step place"
RUN-1001 : Print Global Property
RUN-1001 : --------------------------------------------------------
RUN-1001 :   Parameters   |  Settings  |  Default Values  |  Note  
RUN-1001 : --------------------------------------------------------
RUN-1001 :   enable_seed  |    off     |       off        |        
RUN-1001 :     message    |  standard  |     standard     |        
RUN-1001 :   qor_monitor  |     on     |        on        |        
RUN-1001 :   syn_ip_flow  |    off     |       off        |        
RUN-1001 :     thread     |    auto    |       auto       |        
RUN-1001 : --------------------------------------------------------
RUN-1002 : start command "set_param place opt_timing high"
RUN-1001 : Print Place Property
RUN-1001 : -----------------------------------------------------------
RUN-1001 :     Parameters    |  Settings  |  Default Values  |  Note  
RUN-1001 : -----------------------------------------------------------
RUN-1001 :       effort      |   medium   |      medium      |        
RUN-1001 :   hfn_opt_effort  |   medium   |      medium      |        
RUN-1001 :     max_fanout    |   999999   |      999999      |        
RUN-1001 :     opt_timing    |    high    |      medium      |   *    
RUN-1001 :   post_place_opt  |    auto    |       auto       |        
RUN-1001 :    pr_strategy    |     1      |        1         |        
RUN-1001 :     relaxation    |    1.00    |       1.00       |        
RUN-1001 : -----------------------------------------------------------
RUN-1002 : start command "insert_debugger"
RUN-1002 : start command "place"
RUN-1001 : Open license file D:/Anlogic/TD_6.2.1_Engineer_6.2.168.116/license/Anlogic.lic
PHY-3001 : Placer runs in 12 thread(s).
PHY-1001 : Stage 1 | Initialize Design
PHY-1001 : Stage 1.1 | Build Design
PHY-1001 : 11811 luts, 3489 seqs, 956 mslices, 496 lslices, 45 pads, 33 brams, 29 dsps
RUN-1002 : start command "legalize_phy_inst"
SYN-1011 : Flatten model test_camera
PHY-1001 : Remove keep and sweep redundant instances ...
PHY-1001 : 11811 luts, 3489 seqs, 956 mslices, 496 lslices, 45 pads, 33 brams, 29 dsps
PHY-1001 : End Stage 1.1 | Build Design; Time: 0.039010s wall, 0.031250s user + 0.000000s system = 0.031250s CPU (80.1%); Memory(MB): used = 222, reserved = 216, peak = 222;

PHY-1001 : Stage 1.2 | Optimize Design
OPT-1001 : Stage 1.2.1 | Simplify Lut
OPT-1001 : End Stage 1.2.1 | Simplify Lut; Time: 0.031433s wall, 0.031250s user + 0.000000s system = 0.031250s CPU (99.4%); Memory(MB): used = 222, reserved = 216, peak = 222;

OPT-1001 : Stage 1.2.2 | Sweep
OPT-1001 : End Stage 1.2.2 | Sweep; Time: 0.006402s wall, 0.015625s user + 0.000000s system = 0.015625s CPU (244.1%); Memory(MB): used = 222, reserved = 216, peak = 222;

OPT-1001 : Stage 1.2.3 | Synthesize High-fanout Net
OPT-1001 : Current memory(MB): used = 222, reserved = 216, peak = 222.
OPT-1001 : End Stage 1.2.3 | Synthesize High-fanout Net; Time: 0.000030s wall, 0.000000s user + 0.000000s system = 0.000000s CPU (n/a%); Memory(MB): used = 222, reserved = 216, peak = 222;

OPT-1001 : End physical optimization;  0.038011s wall, 0.046875s user + 0.000000s system = 0.046875s CPU (123.3%)

PHY-1001 : End Stage 1.2 | Optimize Design; Time: 0.038103s wall, 0.046875s user + 0.000000s system = 0.046875s CPU (123.0%); Memory(MB): used = 222, reserved = 216, peak = 222;

PHY-1001 : Stage 1.3 | Initialize Clock
SYN-4016 : Net u_conv2_layer/u_conv2/RAMT2/clkb driven by BUFG (3373 clock/control pins, 2 other pins).
SYN-4027 : Net u_camera_reader/clk is clkc1 of pll u_pll/pll_inst.
SYN-4027 : Net u_camera_init/u_i2c_write/clk is clkc2 of pll u_pll/pll_inst.
SYN-4019 : Net clk_24m_dup_1 is refclk of pll u_pll/pll_inst.
SYN-4020 : Net clk_24m_dup_1 is fbclk of pll u_pll/pll_inst.
SYN-4024 : Net "cam_pclk_dup_1" drives clk pins.
SYN-4024 : Net "u_camera_init/divider2[7]" drives clk pins.
SYN-4024 : Net "u_camera_init/clk_div" drives clk pins.
SYN-4024 : Net "u_camera_reader/wrreq" drives clk pins.
SYN-4024 : Net "CNN3_C1/CNN_L1_221009_B/out_cnt" drives clk pins.
SYN-4024 : Net "P1/POOL_CORE_B/out_cnt" drives clk pins.
SYN-4024 : Net "P2/POOL_CORE_B/out_cnt" drives clk pins.
SYN-4024 : Net "C1/CNN_L1_221009_B/out_cnt" drives clk pins.
SYN-4024 : Net "u_conv1_layer/POOL_CORE_R/out_cnt" drives clk pins.
SYN-4024 : Net "u_conv2_layer/POOL_CORE_R/out_cnt" drives clk pins.
SYN-4024 : Net "u_camera_reader/wrclk1" drives clk pins.
SYN-4025 : Tag rtl::Net C1/CNN_L1_221009_B/out_cnt as clock net
SYN-4025 : Tag rtl::Net CNN3_C1/CNN_L1_221009_B/out_cnt as clock net
SYN-4025 : Tag rtl::Net P1/POOL_CORE_B/out_cnt as clock net
SYN-4025 : Tag rtl::Net P2/POOL_CORE_B/out_cnt as clock net
SYN-4025 : Tag rtl::Net cam_pclk_dup_1 as clock net
SYN-4025 : Tag rtl::Net clk_24m_dup_1 as clock net
SYN-4025 : Tag rtl::Net u_camera_init/clk_div as clock net
SYN-4025 : Tag rtl::Net u_camera_init/divider2[7] as clock net
SYN-4025 : Tag rtl::Net u_camera_init/u_i2c_write/clk as clock net
SYN-4025 : Tag rtl::Net u_camera_reader/clk as clock net
SYN-4025 : Tag rtl::Net u_camera_reader/wrclk1 as clock net
SYN-4025 : Tag rtl::Net u_camera_reader/wrreq as clock net
SYN-4025 : Tag rtl::Net u_conv1_layer/POOL_CORE_R/out_cnt as clock net
SYN-4025 : Tag rtl::Net u_conv2_layer/POOL_CORE_R/out_cnt as clock net
SYN-4025 : Tag rtl::Net u_conv2_layer/u_conv2/RAMT2/clkb as clock net
SYN-4026 : Tagged 15 rtl::Net as clock net
SYN-4015 : Create BUFG instance for clk Net u_camera_init/divider2[7] to drive 45 clock pins.
SYN-4015 : Create BUFG instance for clk Net u_camera_init/clk_div to drive 30 clock pins.
SYN-4015 : Create BUFG instance for clk Net u_camera_reader/wrreq to drive 16 clock pins.
SYN-4015 : Create BUFG instance for clk Net CNN3_C1/CNN_L1_221009_B/out_cnt to drive 15 clock pins.
SYN-4015 : Create BUFG instance for clk Net P1/POOL_CORE_B/out_cnt to drive 12 clock pins.
SYN-4015 : Create BUFG instance for clk Net P2/POOL_CORE_B/out_cnt to drive 12 clock pins.
SYN-4015 : Create BUFG instance for clk Net C1/CNN_L1_221009_B/out_cnt to drive 11 clock pins.
SYN-4015 : Create BUFG instance for clk Net u_conv1_layer/POOL_CORE_R/out_cnt to drive 11 clock pins.
SYN-4015 : Create BUFG instance for clk Net u_conv2_layer/POOL_CORE_R/out_cnt to drive 4 clock pins.
SYN-4015 : Create BUFG instance for clk Net u_camera_reader/wrclk1 to drive 1 clock pins.
PHY-1001 : Populate physical database on model test_camera.
RUN-1001 : There are total 16882 instances
RUN-0007 : 11811 luts, 3489 seqs, 956 mslices, 496 lslices, 45 pads, 33 brams, 29 dsps
RUN-1001 : There are total 20609 nets
RUN-1001 : 13378 nets have 2 pins
RUN-1001 : 5758 nets have [3 - 5] pins
RUN-1001 : 862 nets have [6 - 10] pins
RUN-1001 : 383 nets have [11 - 20] pins
RUN-1001 : 178 nets have [21 - 99] pins
RUN-1001 : 50 nets have 100+ pins
PHY-1001 : End Stage 1.3 | Initialize Clock; Time: 0.038913s wall, 0.031250s user + 0.000000s system = 0.031250s CPU (80.3%); Memory(MB): used = 222, reserved = 216, peak = 222;

PHY-1001 : End Stage 1 | Initialize Design; Time: 0.131505s wall, 0.125000s user + 0.000000s system = 0.125000s CPU (95.1%); Memory(MB): used = 222, reserved = 216, peak = 222;

PHY-1001 : Stage 2 | Global Placement
RUN-1001 : Report Control nets information:
RUN-1001 : DFF Distribution
RUN-1001 : -------------------------------------
RUN-1001 :   CE   |  SSR  |  ASR  |  DFF Count  
RUN-1001 : -------------------------------------
RUN-1001 :   No   |  No   |  No   |     157     
RUN-1001 :   No   |  No   |  Yes  |     536     
RUN-1001 :   No   |  Yes  |  No   |      0      
RUN-1001 :   Yes  |  No   |  No   |    2077     
RUN-1001 :   Yes  |  No   |  Yes  |     625     
RUN-1001 :   Yes  |  Yes  |  No   |     94      
RUN-1001 : -------------------------------------
RUN-1001 : Control Group Statistic
RUN-1001 : -----------------------------
RUN-1001 :   #CLK  |  #CE  |  #SSR/ASR  
RUN-1001 : -----------------------------
RUN-1001 :    12   |  259  |     8      
RUN-1001 : -----------------------------
RUN-0007 : Control Set = 271
PHY-1001 : Stage 2.1 | Place Fixed Instances
PHY-1001 : End Stage 2.1 | Place Fixed Instances; Time: 0.066098s wall, 0.062500s user + 0.000000s system = 0.062500s CPU (94.6%); Memory(MB): used = 224, reserved = 218, peak = 224;

PHY-1001 : Stage 2.2 | Pre-Place DRC Check
PHY-1001 : Stage 2.2.1 | Force Route Constraint Check
PHY-1001 : Check Pass.
PHY-1001 : End Stage 2.2.1 | Force Route Constraint Check; Time: 0.000967s wall, 0.000000s user + 0.000000s system = 0.000000s CPU (n/a%); Memory(MB): used = 224, reserved = 218, peak = 224;

PHY-1001 : End Stage 2.2 | Pre-Place DRC Check; Time: 0.000996s wall, 0.000000s user + 0.000000s system = 0.000000s CPU (n/a%); Memory(MB): used = 224, reserved = 218, peak = 224;

PHY-1001 : Stage 2.3 | Global Placement Step 1
PHY-3001 : Target density is 75%
PHY-1001 : Stage 2.3.1 | Update Timing
RUN-1002 : start command "start_timer"
TMR-2502 : Net delay update with mode: Synthesized
PHY-1001 : SWNS: 2476, STNS: 0, FEP: 0
PHY-1001 : End Stage 2.3.1 | Update Timing; Time: 0.888220s wall, 0.890625s user + 0.000000s system = 0.890625s CPU (100.3%); Memory(MB): used = 361, reserved = 352, peak = 361;

PHY-0007 : Cell area utilization is 75%
RUN-1001 : Huge Net Statistic
RUN-1001 : --------------------------------------------------------
RUN-1001 :   Fanout  |  Slack  |                Net                
RUN-1001 : --------------------------------------------------------
RUN-1001 :    1131   |  9626   |  u_conv1_layer/u_conv1/con_24[0]  
RUN-1001 : --------------------------------------------------------
PHY-3001 : Clustering ...
PHY-3001 : End clustering;  0.067670s wall, 0.062500s user + 0.000000s system = 0.062500s CPU (92.4%)

PHY-3001 : Target density is 75%
PHY-1001 : Stage 2.3.2 | GP Iteration
PHY-1001 : End Stage 2.3.2 | GP Iteration; Time: 0.576817s wall, 1.953125s user + 0.984375s system = 2.937500s CPU (509.3%); Memory(MB): used = 366, reserved = 357, peak = 366;

PHY-3001 : Multithread accelerating rate: 4.60
TMR-2502 : Net delay update with mode: Placed
PHY-3001 : No need to merge 9x9 Dsps.
PHY-1001 : Populate physical database on model test_camera.
PHY-1001 : End Stage 2.3 | Global Placement Step 1; Time: 2.196638s wall, 3.546875s user + 1.000000s system = 4.546875s CPU (207.0%); Memory(MB): used = 369, reserved = 359, peak = 369;

PHY-1001 : Stage 2.4 | RAM/DSP Legalization and Detailed Placement
PHY-1001 : Stage 2.4.1 | Legalization
PHY-3001 : Before Legalized: Len = 411551
PHY-3001 : After Legalized: Len = 589521, Over = 879.938
PHY-1001 : End Stage 2.4.1 | Legalization; Time: 0.535631s wall, 0.515625s user + 0.015625s system = 0.531250s CPU (99.2%); Memory(MB): used = 370, reserved = 359, peak = 370;

PHY-1001 : End Stage 2.4 | RAM/DSP Legalization and Detailed Placement; Time: 0.535986s wall, 0.515625s user + 0.015625s system = 0.531250s CPU (99.1%); Memory(MB): used = 370, reserved = 359, peak = 370;

PHY-1001 : Stage 2.5 | Global Placement Step 2
PHY-3001 : Target density is 80%
PHY-1001 : Stage 2.5.1 | Update Timing
PHY-1001 : SWNS: 4556, STNS: 0, FEP: 0
PHY-1001 : End Stage 2.5.1 | Update Timing; Time: 0.054530s wall, 0.046875s user + 0.000000s system = 0.046875s CPU (86.0%); Memory(MB): used = 370, reserved = 359, peak = 370;

PHY-1001 : Stage 2.5.2 | Refresh Congestion
RUN-1001 : Generating global routing grids ...
RUN-1001 : Building simple global routing graph ...
PHY-1001 : Generate routing nets ...
PHY-1001 : Reuse net number 0/9198.
PHY-1001 : Global iterations in 12 thread ...
PHY-1002 : len = 642792, over cnt = 1713(4%), over = 13547, worst = 105
PHY-1001 : End global iterations;  0.385065s wall, 0.562500s user + 0.031250s system = 0.593750s CPU (154.2%)

PHY-1001 : Congestion index:
PHY-1001 : top1  = 157.95(S 214.40, N 237.41, E 224.68, W 178.00, I 0.00, O 0.00)
PHY-1001 : top5  = 104.29(S 128.40, N 154.71, E 121.51, W 109.71, I 0.00, O 0.00)
PHY-1001 : top10 = 81.05(S 98.08, N 119.03, E 87.14, W 81.17, I 0.00, O 0.00)
PHY-1001 : top15 = 67.90(S 80.25, N 96.82, E 69.90, W 66.23, I 0.00, O 0.00)
PHY-1001 : End Stage 2.5.2 | Refresh Congestion; Time: 0.497762s wall, 0.671875s user + 0.031250s system = 0.703125s CPU (141.3%); Memory(MB): used = 413, reserved = 402, peak = 413;

PHY-1001 : Stage 2.5.3 | GP Iteration
PHY-1001 : End Stage 2.5.3 | GP Iteration; Time: 2.542789s wall, 14.421875s user + 0.500000s system = 14.921875s CPU (586.8%); Memory(MB): used = 413, reserved = 403, peak = 413;

PHY-3001 : Multithread accelerating rate: 5.87
PHY-1001 : End Stage 2.5 | Global Placement Step 2; Time: 3.718051s wall, 15.750000s user + 0.546875s system = 16.296875s CPU (438.3%); Memory(MB): used = 415, reserved = 405, peak = 415;

PHY-1001 : Stage 2.6 | RAM/DSP Detailed Placement
PHY-1001 : End Stage 2.6 | RAM/DSP Detailed Placement; Time: 0.009062s wall, 0.015625s user + 0.000000s system = 0.015625s CPU (172.4%); Memory(MB): used = 415, reserved = 405, peak = 415;

PHY-1001 : Stage 2.7 | Optimize Design
OPT-1001 : Start physical optimization ...
OPT-1001 : Total overflow 708.03 peak overflow 5.66
OPT-1001 : Stage 2.7.1 | Synthesize High-fanout Net
OPT-1001 : Start high-fanout net optimization in pre-pack flow with medium effort ...
OPT-1001 : Update timing in Manhattan mode
OPT-1001 : End timing update;  0.530180s wall, 0.531250s user + 0.000000s system = 0.531250s CPU (100.2%)

OPT-1001 : Start: SWNS 4306 STNS 0 NUM_FEPS 0
OPT-1001 : Total overflow 708.03 peak overflow 5.66
PHY-1001 : Populate physical database on model test_camera.
OPT-1001 : 46 high-fanout net processed.
PHY-3001 : Start incremental placement ...
PHY-1001 : Populate physical database on model test_camera.
PHY-3001 : Target density is 80%
PHY-3001 : Target density is 80%
PHY-1001 : Stage 2.7.1.1 | Update Timing
PHY-1001 : SWNS: 4306, STNS: 0, FEP: 0
PHY-1001 : End Stage 2.7.1.1 | Update Timing; Time: 0.070593s wall, 0.078125s user + 0.000000s system = 0.078125s CPU (110.7%); Memory(MB): used = 417, reserved = 406, peak = 417;

PHY-1001 : Stage 2.7.1.2 | Refresh Congestion
RUN-1001 : Generating global routing grids ...
PHY-1001 : Generate routing nets ...
PHY-1001 : Reuse net number 44/17917.
PHY-1001 : Global iterations in 12 thread ...
PHY-1002 : len = 885512, over cnt = 3795(10%), over = 17893, worst = 36
PHY-1001 : End global iterations;  0.803561s wall, 1.312500s user + 0.000000s system = 1.312500s CPU (163.3%)

PHY-1001 : Congestion index:
PHY-1001 : top1  = 98.28(S 157.67, N 204.14, E 138.33, W 110.58, I 0.00, O 0.00)
PHY-1001 : top5  = 78.61(S 115.10, N 138.93, E 101.79, W 81.14, I 0.00, O 0.00)
PHY-1001 : top10 = 70.06(S 96.76, N 115.18, E 85.30, W 69.47, I 0.00, O 0.00)
PHY-1001 : top15 = 64.90(S 85.48, N 102.04, E 75.79, W 62.30, I 0.00, O 0.00)
PHY-1001 : End Stage 2.7.1.2 | Refresh Congestion; Time: 0.924107s wall, 1.421875s user + 0.000000s system = 1.421875s CPU (153.9%); Memory(MB): used = 431, reserved = 420, peak = 431;

PHY-1001 : Stage 2.7.1.3 | GP Iteration
PHY-1001 : End Stage 2.7.1.3 | GP Iteration; Time: 0.383512s wall, 2.375000s user + 0.031250s system = 2.406250s CPU (627.4%); Memory(MB): used = 431, reserved = 420, peak = 431;

PHY-3001 : Multithread accelerating rate: 6.23
PHY-3001 : Final: Len = 719067, Over = 423.844
PHY-3001 : End incremental placement;  1.565183s wall, 4.078125s user + 0.031250s system = 4.109375s CPU (262.5%)

OPT-1001 : Total overflow 768.56 peak overflow 8.38
RUN-1001 : HFN opt statistic
RUN-1001 : ------------------------------------------------------
RUN-1001 :   DriverCell type  |  HFN count  |  Duplicated count  
RUN-1001 : ------------------------------------------------------
RUN-1001 :         REG        |     26      |        216         
RUN-1001 :        LUT6        |      0      |         0          
RUN-1001 :        LUT5        |      0      |         0          
RUN-1001 :        LUT4        |     13      |         60         
RUN-1001 :        LUT3        |      1      |         5          
RUN-1001 :        LUT2        |      6      |         44         
RUN-1001 :        TOTAL       |     46      |        325         
RUN-1001 : ------------------------------------------------------
OPT-1001 : End high-fanout net optimization;  4.175266s wall, 7.000000s user + 0.031250s system = 7.031250s CPU (168.4%)

OPT-1001 : Update timing in Manhattan mode
OPT-1001 : End timing update;  0.652548s wall, 0.593750s user + 0.031250s system = 0.625000s CPU (95.8%)

OPT-1001 : Current memory(MB): used = 431, reserved = 420, peak = 431.
OPT-1001 : End Stage 2.7.1 | Synthesize High-fanout Net; Time: 4.902170s wall, 7.656250s user + 0.062500s system = 7.718750s CPU (157.5%); Memory(MB): used = 431, reserved = 420, peak = 431;

OPT-1001 : Stage 2.7.2 | Optimize Bottleneck
OPT-1001 : Start bottleneck based optimization ...
OPT-0007 : Start: SWNS 4156 STNS 0 NUM_FEPS 0
OPT-1001 : Start congestion update ...
RUN-1001 : Generating global routing grids ...
PHY-1001 : Generate routing nets ...
PHY-1001 : Reuse net number 6439/17354.
PHY-1001 : Global iterations in 12 thread ...
PHY-1002 : len = 861952, over cnt = 3874(11%), over = 12792, worst = 31
PHY-1002 : len = 947808, over cnt = 3485(9%), over = 7246, worst = 12
PHY-1002 : len = 1.0343e+06, over cnt = 1868(5%), over = 2574, worst = 10
PHY-1002 : len = 1.07908e+06, over cnt = 730(2%), over = 807, worst = 7
PHY-1002 : len = 1.1272e+06, over cnt = 31(0%), over = 31, worst = 1
PHY-1001 : End global iterations;  2.820279s wall, 3.750000s user + 0.062500s system = 3.812500s CPU (135.2%)

PHY-1001 : Congestion index:
PHY-1001 : top1  = 74.43(S 93.02, N 93.62, E 78.45, W 77.87, I 0.00, O 0.00)
PHY-1001 : top5  = 65.80(S 77.93, N 83.81, E 70.63, W 68.43, I 0.00, O 0.00)
PHY-1001 : top10 = 61.68(S 70.25, N 77.19, E 65.98, W 63.63, I 0.00, O 0.00)
PHY-1001 : top15 = 59.07(S 65.83, N 72.82, E 62.74, W 60.33, I 0.00, O 0.00)
OPT-1001 : End congestion update;  3.021067s wall, 3.937500s user + 0.062500s system = 4.000000s CPU (132.4%)

OPT-0007 : Skip optimization due to slack greater than threshold 3000
OPT-1001 : Current memory(MB): used = 431, reserved = 420, peak = 431.
OPT-1001 : End Stage 2.7.2 | Optimize Bottleneck; Time: 3.103647s wall, 4.031250s user + 0.062500s system = 4.093750s CPU (131.9%); Memory(MB): used = 431, reserved = 420, peak = 431;

OPT-1001 : Stage 2.7.3 | Optimize Path
OPT-1001 : Start path based optimization ...
OPT-0007 : Start: SWNS 4156 STNS 0 NUM_FEPS 0 with mode 0
OPT-0007 : Skip optimization due to slack greater than threshold 3000
OPT-1001 : Current memory(MB): used = 431, reserved = 420, peak = 431.
OPT-1001 : End Stage 2.7.3 | Optimize Path; Time: 0.077550s wall, 0.078125s user + 0.000000s system = 0.078125s CPU (100.7%); Memory(MB): used = 431, reserved = 420, peak = 431;

OPT-0007 : End flow prepack: SWNS 4156 STNS 0 NUM_FEPS 0
OPT-1001 : End physical optimization;  8.094264s wall, 11.765625s user + 0.125000s system = 11.890625s CPU (146.9%)

PHY-1001 : End Stage 2.7 | Optimize Design; Time: 8.094368s wall, 11.765625s user + 0.125000s system = 11.890625s CPU (146.9%); Memory(MB): used = 431, reserved = 420, peak = 431;

PHY-1001 : Stage 2.8 | Place Packing
PHY-1001 : Stage 2.8.1 | Packing
SYN-4007 : Packing 0 MUX to BLE ...
SYN-4008 : Packed 0 MUX and 0 SEQ to BLE.
SYN-4007 : Packing 11920 LUT to BLE ...
SYN-4008 : Packed 11920 LUT and 2544 SEQ to BLE.
SYN-4003 : Packing 1161 remaining SEQ's ...
SYN-4005 : Packed 1135 SEQ with LUT/SLICE
SYN-4006 : 8239 single LUT's are left
SYN-4006 : 26 single SEQ's are left
SYN-4011 : Packing model "test_camera" (AL_USER_NORMAL) with 11946/13528 primitive instances ...
PHY-1001 : Populate physical database on model test_camera.
RUN-1001 : There are total 7882 instances
RUN-1001 : 3876 mslices, 3876 lslices, 45 pads, 33 brams, 29 dsps
RUN-1001 : There are total 18461 nets
RUN-1001 : 10415 nets have 2 pins
RUN-1001 : 6172 nets have [3 - 5] pins
RUN-1001 : 1052 nets have [6 - 10] pins
RUN-1001 : 379 nets have [11 - 20] pins
RUN-1001 : 430 nets have [21 - 99] pins
RUN-1001 : 13 nets have 100+ pins
PHY-3001 : Target density is 84%
RUN-1002 : start command "start_timer"
PHY-1001 : End Stage 2.8.1 | Packing; Time: 2.774050s wall, 2.765625s user + 0.000000s system = 2.765625s CPU (99.7%); Memory(MB): used = 447, reserved = 436, peak = 447;

PHY-1001 : Stage 2.8.2 | Post Pack GP
PHY-3001 : Target density is 83%
PHY-3001 : Cell area utilization is 83%
PHY-3001 : After packing: Len = 729512, Over = 572
PHY-3001 : Target density is 83%
PHY-1001 : Stage 2.8.2.1 | Update Timing
PHY-1001 : SWNS: 4662, STNS: 0, FEP: 0
PHY-1001 : End Stage 2.8.2.1 | Update Timing; Time: 0.065506s wall, 0.062500s user + 0.000000s system = 0.062500s CPU (95.4%); Memory(MB): used = 448, reserved = 436, peak = 448;

PHY-1001 : Stage 2.8.2.2 | Refresh Congestion
RUN-1001 : Generating global routing grids ...
PHY-1001 : Generate routing nets ...
PHY-1001 : Reuse net number 10736/15830.
PHY-1001 : Global iterations in 12 thread ...
PHY-1002 : len = 1.03767e+06, over cnt = 2862(8%), over = 5339, worst = 10
PHY-1002 : len = 1.04474e+06, over cnt = 2336(6%), over = 3500, worst = 10
PHY-1002 : len = 1.07373e+06, over cnt = 1055(2%), over = 1234, worst = 8
PHY-1002 : len = 1.08821e+06, over cnt = 552(1%), over = 649, worst = 5
PHY-1002 : len = 1.11291e+06, over cnt = 0(0%), over = 0, worst = 0
PHY-1001 : End global iterations;  1.589473s wall, 2.250000s user + 0.000000s system = 2.250000s CPU (141.6%)

PHY-1001 : Congestion index:
PHY-1001 : top1  = 73.91(S 91.38, N 92.67, E 80.97, W 77.52, I 0.00, O 0.00)
PHY-1001 : top5  = 65.60(S 77.11, N 82.42, E 70.70, W 68.50, I 0.00, O 0.00)
PHY-1001 : top10 = 61.54(S 69.64, N 75.78, E 65.25, W 63.62, I 0.00, O 0.00)
PHY-1001 : top15 = 58.84(S 65.38, N 71.61, E 61.87, W 60.23, I 0.00, O 0.00)
PHY-1001 : End Stage 2.8.2.2 | Refresh Congestion; Time: 1.843149s wall, 2.500000s user + 0.000000s system = 2.500000s CPU (135.6%); Memory(MB): used = 454, reserved = 443, peak = 454;

PHY-1001 : Stage 2.8.2.3 | GP Iteration
PHY-1001 : End Stage 2.8.2.3 | GP Iteration; Time: 1.020876s wall, 5.078125s user + 0.093750s system = 5.171875s CPU (506.6%); Memory(MB): used = 454, reserved = 443, peak = 454;

PHY-3001 : Multithread accelerating rate: 5.06
PHY-1001 : End Stage 2.8.2 | Post Pack GP; Time: 2.939311s wall, 7.640625s user + 0.093750s system = 7.734375s CPU (263.1%); Memory(MB): used = 454, reserved = 443, peak = 454;

PHY-1001 : End Stage 2.8 | Place Packing; Time: 5.713471s wall, 10.406250s user + 0.093750s system = 10.500000s CPU (183.8%); Memory(MB): used = 454, reserved = 443, peak = 454;

PHY-1001 : Stage 2.9 | Legalization
PHY-3001 : Before Legalized: Len = 888588
PHY-3001 : After Legalized: Len = 985732, Over = 0
PHY-1001 : End Stage 2.9 | Legalization; Time: 0.020995s wall, 0.015625s user + 0.000000s system = 0.015625s CPU (74.4%); Memory(MB): used = 455, reserved = 443, peak = 455;

PHY-1001 : Stage 2.10 | Global Placement Step 3
PHY-3001 : Target density is 82%
PHY-1001 : Stage 2.10.1 | Update Timing
PHY-1001 : SWNS: 4562, STNS: 0, FEP: 0
PHY-1001 : End Stage 2.10.1 | Update Timing; Time: 0.674089s wall, 0.656250s user + 0.015625s system = 0.671875s CPU (99.7%); Memory(MB): used = 456, reserved = 445, peak = 456;

PHY-1001 : Stage 2.10.2 | Refresh Congestion
RUN-1001 : Generating global routing grids ...
PHY-1001 : Generate routing nets ...
PHY-1001 : Reuse net number 204/17235.
PHY-1001 : Global iterations in 12 thread ...
PHY-1002 : len = 1.17034e+06, over cnt = 4096(11%), over = 8076, worst = 9
PHY-1002 : len = 1.21607e+06, over cnt = 2837(8%), over = 4333, worst = 8
PHY-1002 : len = 1.25001e+06, over cnt = 1388(3%), over = 1985, worst = 8
PHY-1002 : len = 1.27574e+06, over cnt = 460(1%), over = 580, worst = 8
PHY-1002 : len = 1.29114e+06, over cnt = 0(0%), over = 0, worst = 0
PHY-1001 : End global iterations;  2.512906s wall, 3.703125s user + 0.015625s system = 3.718750s CPU (148.0%)

PHY-1001 : Congestion index:
PHY-1001 : top1  = 64.77(S 85.75, N 90.69, E 79.42, W 68.84, I 0.00, O 0.00)
PHY-1001 : top5  = 59.15(S 71.61, N 79.98, E 68.89, W 62.70, I 0.00, O 0.00)
PHY-1001 : top10 = 56.31(S 66.49, N 74.17, E 63.25, W 59.20, I 0.00, O 0.00)
PHY-1001 : top15 = 54.51(S 63.36, N 70.69, E 59.88, W 56.55, I 0.00, O 0.00)
PHY-1001 : End Stage 2.10.2 | Refresh Congestion; Time: 2.825818s wall, 3.984375s user + 0.015625s system = 4.000000s CPU (141.6%); Memory(MB): used = 470, reserved = 459, peak = 470;

PHY-1001 : Stage 2.10.3 | GP Iteration
PHY-1001 : End Stage 2.10.3 | GP Iteration; Time: 0.584807s wall, 2.968750s user + 0.171875s system = 3.140625s CPU (537.0%); Memory(MB): used = 471, reserved = 459, peak = 471;

PHY-3001 : Multithread accelerating rate: 5.35
PHY-1001 : End Stage 2.10 | Global Placement Step 3; Time: 4.122754s wall, 7.625000s user + 0.218750s system = 7.843750s CPU (190.3%); Memory(MB): used = 471, reserved = 459, peak = 471;

PHY-1001 : Stage 2.11 | Final Legalization
PHY-3001 : Before Legalized: Len = 939878
PHY-3001 : After Legalized: Len = 972641, Over = 0
PHY-1001 : End Stage 2.11 | Final Legalization; Time: 0.023113s wall, 0.031250s user + 0.000000s system = 0.031250s CPU (135.2%); Memory(MB): used = 471, reserved = 459, peak = 471;

PHY-1001 : End Stage 2 | Global Placement; Time: 24.531895s wall, 49.765625s user + 2.000000s system = 51.765625s CPU (211.0%); Memory(MB): used = 471, reserved = 459, peak = 471;

PHY-1001 : Stage 3 | Detailed Placement
PHY-1001 : Stage 3.1 | SLICE Detailed Placement
PHY-1001 : Stage 3.1.1 | Spreading
PHY-3001 : Spreading special nets. 24 overflows in 2952 tiles.
PHY-3001 : End spreading;  0.026024s wall, 0.031250s user + 0.000000s system = 0.031250s CPU (120.1%)

PHY-1001 : End Stage 3.1.1 | Spreading; Time: 0.026070s wall, 0.031250s user + 0.000000s system = 0.031250s CPU (119.9%); Memory(MB): used = 473, reserved = 461, peak = 473;

PHY-3001 : Final: Len = 973175, Over = 0
PHY-1001 : End Stage 3.1 | SLICE Detailed Placement; Time: 0.725512s wall, 0.718750s user + 0.000000s system = 0.718750s CPU (99.1%); Memory(MB): used = 473, reserved = 461, peak = 473;

PHY-3001 : End Detailed Place; 
PHY-1001 : Stage 3.2 | Optimize Design
OPT-1001 : Start physical optimization ...
OPT-1001 : Total overflow 0.00 peak overflow 0.00
OPT-1001 : Stage 3.2.1 | Physical Optimization
OPT-1001 : Start high-fanout net optimization in optimize equivalent flow with medium effort ...
OPT-1001 : Clean unloaded insts before merging registers
PHY-1001 : Populate physical database on model test_camera.
PHY-1001 : Populate physical database on model test_camera.
OPT-1001 : Total overflow 0.00 peak overflow 0.00
OPT-1001 : End optimize duplicated nets. Total 35 instances are merged and 2263 sinks are reconnected,  0.196740s wall, 0.187500s user + 0.000000s system = 0.187500s CPU (95.3%)

OPT-1001 : End high-fanout net optimization;  0.197682s wall, 0.187500s user + 0.000000s system = 0.187500s CPU (94.8%)

OPT-1001 : Update timing in Manhattan mode
RUN-1002 : start command "start_timer"
OPT-1001 : End timing update;  1.478569s wall, 1.468750s user + 0.000000s system = 1.468750s CPU (99.3%)

OPT-1001 : Current memory(MB): used = 473, reserved = 461, peak = 473.
OPT-1001 : End Stage 3.2.1 | Physical Optimization; Time: 1.758885s wall, 1.734375s user + 0.000000s system = 1.734375s CPU (98.6%); Memory(MB): used = 473, reserved = 461, peak = 473;

OPT-1001 : Stage 3.2.2 | Synthesize High-fanout Net
OPT-1001 : Start high-fanout net optimization in post-pack flow with medium effort ...
OPT-1001 : Start: SWNS 4362 STNS 0 NUM_FEPS 0
OPT-1001 : Total overflow 0.00 peak overflow 0.00
PHY-1001 : Populate physical database on model test_camera.
OPT-1001 : 8 high-fanout net processed.
OPT-1001 : Total overflow 0.00 peak overflow 0.00
RUN-1001 : HFN opt statistic
RUN-1001 : ------------------------------------------------------
RUN-1001 :   DriverCell type  |  HFN count  |  Duplicated count  
RUN-1001 : ------------------------------------------------------
RUN-1001 :       LSLICE       |      0      |         0          
RUN-1001 :       MSLICE       |      0      |         0          
RUN-1001 :        OTHER       |      8      |         17         
RUN-1001 :        TOTAL       |      8      |         17         
RUN-1001 : ------------------------------------------------------
OPT-1001 : End high-fanout net optimization;  0.519379s wall, 0.500000s user + 0.000000s system = 0.500000s CPU (96.3%)

OPT-1001 : Current memory(MB): used = 473, reserved = 461, peak = 473.
OPT-1001 : End Stage 3.2.2 | Synthesize High-fanout Net; Time: 0.603222s wall, 0.593750s user + 0.000000s system = 0.593750s CPU (98.4%); Memory(MB): used = 473, reserved = 461, peak = 473;

OPT-1001 : Stage 3.2.3 | Optimize Bottleneck
OPT-1001 : Start bottleneck based optimization ...
OPT-0007 : Start: SWNS 4362 STNS 0 NUM_FEPS 0
OPT-1001 : Start congestion update ...
RUN-1001 : Generating global routing grids ...
PHY-1001 : Generate routing nets ...
PHY-1001 : Reuse net number 4841/17186.
PHY-1001 : Global iterations in 12 thread ...
PHY-1002 : len = 1.17763e+06, over cnt = 3905(11%), over = 7057, worst = 9
PHY-1002 : len = 1.21066e+06, over cnt = 2561(7%), over = 3680, worst = 7
PHY-1002 : len = 1.24734e+06, over cnt = 795(2%), over = 976, worst = 4
PHY-1002 : len = 1.25817e+06, over cnt = 304(0%), over = 365, worst = 4
PHY-1002 : len = 1.26633e+06, over cnt = 0(0%), over = 0, worst = 0
PHY-1001 : End global iterations;  2.226471s wall, 3.359375s user + 0.046875s system = 3.406250s CPU (153.0%)

PHY-1001 : Congestion index:
PHY-1001 : top1  = 61.82(S 83.66, N 86.55, E 76.81, W 68.92, I 0.00, O 0.00)
PHY-1001 : top5  = 56.82(S 72.27, N 76.97, E 66.35, W 61.96, I 0.00, O 0.00)
PHY-1001 : top10 = 54.43(S 66.93, N 71.95, E 61.51, W 58.32, I 0.00, O 0.00)
PHY-1001 : top15 = 52.75(S 63.56, N 68.78, E 58.09, W 55.75, I 0.00, O 0.00)
OPT-1001 : End congestion update;  2.554986s wall, 3.687500s user + 0.046875s system = 3.734375s CPU (146.2%)

OPT-0007 : Skip optimization due to slack greater than threshold 3000
OPT-1001 : Current memory(MB): used = 473, reserved = 461, peak = 473.
OPT-1001 : End Stage 3.2.3 | Optimize Bottleneck; Time: 2.656689s wall, 3.781250s user + 0.046875s system = 3.828125s CPU (144.1%); Memory(MB): used = 473, reserved = 461, peak = 473;

OPT-1001 : Stage 3.2.4 | Optimize Path
OPT-1001 : Start path based optimization ...
OPT-0007 : Start: SWNS 4362 STNS 0 NUM_FEPS 0 with mode 0
OPT-0007 : Skip optimization due to slack greater than threshold 3000
OPT-1001 : Current memory(MB): used = 473, reserved = 461, peak = 473.
OPT-1001 : End Stage 3.2.4 | Optimize Path; Time: 0.105732s wall, 0.093750s user + 0.000000s system = 0.093750s CPU (88.7%); Memory(MB): used = 473, reserved = 461, peak = 473;

OPT-1001 : Stage 3.2.5 | Aggressive Optimization
OPT-1001 : End Stage 3.2.5 | Aggressive Optimization; Time: 0.122972s wall, 0.125000s user + 0.000000s system = 0.125000s CPU (101.6%); Memory(MB): used = 473, reserved = 461, peak = 473;

OPT-1001 : Stage 3.2.6 | Optimize Duplicated Nets
OPT-1001 : Start: WNS 4362 TNS 0 NUM_FEPS 0
OPT-1001 : Clean unloaded insts before merging registers
PHY-1001 : Populate physical database on model test_camera.
PHY-1001 : Populate physical database on model test_camera.
OPT-1001 : Total overflow 0.00 peak overflow 0.00
OPT-1001 : End optimize duplicated nets. Total 1 instances are merged and 377 sinks are reconnected,  0.385904s wall, 0.468750s user + 0.015625s system = 0.484375s CPU (125.5%)

OPT-1001 : Update timing in Manhattan mode
RUN-1002 : start command "start_timer"
OPT-1001 : End timing update;  1.611813s wall, 1.578125s user + 0.000000s system = 1.578125s CPU (97.9%)

OPT-1001 : Current memory(MB): used = 473, reserved = 461, peak = 473.
OPT-1001 : End Stage 3.2.6 | Optimize Duplicated Nets; Time: 2.090206s wall, 2.140625s user + 0.015625s system = 2.156250s CPU (103.2%); Memory(MB): used = 473, reserved = 461, peak = 473;

OPT-1001 : Stage 3.2.7 | Swap Pins
OPT-1001 : Start pin optimization...
OPT-0007 : Skip optimization due to slack greater than threshold 3000
OPT-1001 : Current memory(MB): used = 473, reserved = 461, peak = 473.
OPT-1001 : End Stage 3.2.7 | Swap Pins; Time: 0.092659s wall, 0.093750s user + 0.000000s system = 0.093750s CPU (101.2%); Memory(MB): used = 473, reserved = 461, peak = 473;

OPT-0007 : End flow postpack: SWNS 4362 STNS 0 NUM_FEPS 0
RUN-1001 : Generating global routing grids ...
PHY-1001 : Generate routing nets ...
PHY-1001 : Reuse net number 17178/17183.
PHY-1001 : Global iterations in 12 thread ...
PHY-1002 : len = 1.26482e+06, over cnt = 60(0%), over = 61, worst = 2
PHY-1002 : len = 1.26483e+06, over cnt = 31(0%), over = 32, worst = 2
PHY-1002 : len = 1.2649e+06, over cnt = 10(0%), over = 11, worst = 2
PHY-1002 : len = 1.26505e+06, over cnt = 0(0%), over = 0, worst = 0
PHY-1001 : End global iterations;  0.278240s wall, 0.281250s user + 0.015625s system = 0.296875s CPU (106.7%)

PHY-1001 : Congestion index:
PHY-1001 : top1  = 61.82(S 83.66, N 86.55, E 76.81, W 68.99, I 0.00, O 0.00)
PHY-1001 : top5  = 56.76(S 72.20, N 77.01, E 66.30, W 61.84, I 0.00, O 0.00)
PHY-1001 : top10 = 54.38(S 66.88, N 71.94, E 61.48, W 58.22, I 0.00, O 0.00)
PHY-1001 : top15 = 52.71(S 63.54, N 68.73, E 58.06, W 55.64, I 0.00, O 0.00)
RUN-1001 : QoR Analysis:
OPT-0007 :   SWNS 4362 STNS 0 NUM_FEPS 0
RUN-1001 :   No local congestion issue, and most congested 1% tile average routing util is 61.275862
RUN-1001 :   Top critical paths
RUN-1001 :       #1 path slack 4362ps with logic level 7 
RUN-1001 :       #2 path slack 4419ps with logic level 7 
OPT-1001 : End physical optimization;  8.110830s wall, 9.265625s user + 0.078125s system = 9.343750s CPU (115.2%)

PHY-1001 : End Stage 3.2 | Optimize Design; Time: 8.110955s wall, 9.265625s user + 0.078125s system = 9.343750s CPU (115.2%); Memory(MB): used = 473, reserved = 461, peak = 473;

PHY-1001 : End Stage 3 | Detailed Placement; Time: 8.850320s wall, 10.000000s user + 0.078125s system = 10.078125s CPU (113.9%); Memory(MB): used = 473, reserved = 461, peak = 473;

PHY-1001 : Stage 4 | Optimize Design
PHY-3001 : Start incremental legalization ...
PHY-1001 : Populate physical database on model test_camera.
PHY-3001 : Target density is 79%
PHY-3001 : Target density is 83%
PHY-3001 : Initial: Len = 967496, Over = 0
PHY-1001 : Stage 4.1 | Spreading
PHY-3001 : End spreading;  0.026637s wall, 0.031250s user + 0.000000s system = 0.031250s CPU (117.3%)

PHY-1001 : End Stage 4.1 | Spreading; Time: 0.026716s wall, 0.031250s user + 0.000000s system = 0.031250s CPU (117.0%); Memory(MB): used = 474, reserved = 461, peak = 474;

PHY-3001 : Final: Len = 967496, Over = 0
PHY-3001 : End incremental legalization;  0.189542s wall, 0.187500s user + 0.000000s system = 0.187500s CPU (98.9%)

RUN-1002 : start command "report_qor -step place -file place.qor"
RUN-1002 : start command "start_timer"
RUN-1001 : Generating global routing grids ...
-----------------------------------------------------------
| QoR metrics               |         value               |
-----------------------------------------------------------
| Timing                    |                             |
|     Setup WNS             |         4362                |
|     Setup TNS             |            0                |
|     Num of violated S-EP  |            0                |
|     FMAX                  |    63.947MHz                |
|     SWNS path clock period |      20000ps                |
|     Hold WNS              |           59                |
|     Hold TNS              |            0                |
|     Num of violated H-EP  |            0                |
-----------------------------------------------------------
| Routing Resource          |                             |
|     Wire length           |       964052                |
-----------------------------------------------------------
| Utilization               |                             |
|     #slices               |         7767                |
|     slices percentage     |       79.26%                |
|     #RAMs                 |           33                |
|     #DSPs                 |           29                |
|     #DRAMHARDCON          |            0                |
-----------------------------------------------------------
| Congestion                |                             |
|     Top 1% tile util      |           58                |
|     Top 1% tile avg util  |       61.28%                |
|     Over 100% util #tile  |            0                |
-----------------------------------------------------------
Report place stage QoR done.

RUN-1003 : finish command "report_qor -step place -file place.qor" in  1.925804s wall, 1.921875s user + 0.015625s system = 1.937500s CPU (100.6%)

RUN-1004 : used memory is 474 MB, reserved memory is 461 MB, peak memory is 474 MB
PHY-1001 : End Stage 4 | Optimize Design; Time: 2.122300s wall, 2.109375s user + 0.015625s system = 2.125000s CPU (100.1%); Memory(MB): used = 474, reserved = 461, peak = 474;

PHY-1001 : Stage 5 | DRC Check
PHY-1001 : Stage 5.1 | Force Route Constraint Check
PHY-1001 : Check Pass.
PHY-1001 : End Stage 5.1 | Force Route Constraint Check; Time: 0.001814s wall, 0.000000s user + 0.000000s system = 0.000000s CPU (n/a%); Memory(MB): used = 474, reserved = 461, peak = 474;

PHY-1001 : Stage 5.2 | Duplicated SelfDriven Check
PHY-1001 : Check pass.
PHY-1001 : End Stage 5.2 | Duplicated SelfDriven Check; Time: 0.028485s wall, 0.031250s user + 0.000000s system = 0.031250s CPU (109.7%); Memory(MB): used = 474, reserved = 461, peak = 474;

PHY-1001 : Stage 5.3 | Clock Rule Check
PHY-1001 : End Stage 5.3 | Clock Rule Check; Time: 0.000860s wall, 0.000000s user + 0.000000s system = 0.000000s CPU (n/a%); Memory(MB): used = 474, reserved = 461, peak = 474;

PHY-1001 : End Stage 5 | DRC Check; Time: 0.057214s wall, 0.031250s user + 0.000000s system = 0.031250s CPU (54.6%); Memory(MB): used = 474, reserved = 461, peak = 474;

OPT-1001 : QoR tracer report on placement steps:
    SWNS [   incr ]    STNS [   incr ]    FEPS [   incr ]    CRIT [   incr ]      CELL [     incr ]        WL [     incr ]    CONG [   incr ]    PDES [   incr ]   RT(s) [   incr ]   MEM(mb) [     incr ]
       0 [      0 ]       0 [      0 ]       0 [      0 ]       0 [      0 ]     16872 [        0 ]         0 [        0 ]    0.00 [   0.00 ]       0 [      0 ]       0 [      0 ]       222 [        0 ] : preplace:simplify_lut
       0 [      0 ]       0 [      0 ]       0 [      0 ]       0 [      0 ]     16872 [        0 ]         0 [        0 ]    0.00 [   0.00 ]       0 [      0 ]       0 [      0 ]       222 [        0 ] : preplace:sweep
       0 [      0 ]       0 [      0 ]       0 [      0 ]       0 [      0 ]     16872 [        0 ]         0 [        0 ]    0.00 [   0.00 ]       0 [      0 ]       0 [      0 ]       222 [        0 ] : preplace:hfn_opt
    5006 [   5006 ]       0 [      0 ]       0 [      0 ]    8513 [   8513 ]     16882 [       10 ]    407630 [   407630 ]    0.00 [   0.00 ]       0 [      0 ]       2 [      2 ]       369 [      147 ] : step1_gp
    4556 [   -450 ]       0 [      0 ]       0 [      0 ]    8127 [   -386 ]     16882 [        0 ]    586208 [   178578 ]    0.00 [   0.00 ]       0 [      0 ]       2 [      0 ]       370 [        1 ] : step1_legal
    4306 [   -250 ]       0 [      0 ]       0 [      0 ]    7903 [   -224 ]     16882 [        0 ]    722458 [   136250 ]  157.52 [ 157.52 ]       0 [      0 ]       6 [      4 ]       415 [       45 ] : step2_gp
    4156 [   -150 ]       0 [      0 ]       0 [      0 ]    8318 [    415 ]     17207 [      325 ]    715328 [    -7130 ]   97.76 [ -59.76 ]       0 [      0 ]      11 [      5 ]       431 [       16 ] : prepack:hfn_opt
    4156 [      0 ]       0 [      0 ]       0 [      0 ]    8318 [      0 ]     17207 [        0 ]    715328 [        0 ]   73.90 [ -23.86 ]       0 [      0 ]      14 [      3 ]       431 [        0 ] : prepack:bn_opt
    4156 [      0 ]       0 [      0 ]       0 [      0 ]    8318 [      0 ]     17207 [        0 ]    715328 [        0 ]   73.90 [   0.00 ]       0 [      0 ]      14 [      0 ]       431 [        0 ] : prepack:path_opt
    4662 [    506 ]       0 [      0 ]       0 [      0 ]    8370 [     52 ]      7882 [    -9325 ]    726065 [    10737 ]   73.90 [   0.00 ]       0 [      0 ]      17 [      3 ]       447 [       16 ] : pack
    4362 [   -300 ]       0 [      0 ]       0 [      0 ]    8086 [   -284 ]      7882 [        0 ]    969196 [   243131 ]   64.31 [  -9.59 ]       0 [      0 ]      25 [      8 ]       473 [       26 ] : post_pack_place
    4362 [      0 ]       0 [      0 ]       0 [      0 ]    8086 [      0 ]      7882 [        0 ]    969730 [      534 ]   64.31 [   0.00 ]       0 [      0 ]      26 [      1 ]       473 [        0 ] : post_pack_spreading
    4362 [      0 ]       0 [      0 ]       0 [      0 ]    8084 [     -2 ]      7882 [        0 ]    962472 [    -7258 ]   64.31 [   0.00 ]       0 [      0 ]      27 [      1 ]       473 [        0 ] : postpack:optimize_equivalent_quick
    4362 [      0 ]       0 [      0 ]       0 [      0 ]    8084 [      0 ]      7899 [       17 ]    965258 [     2786 ]   64.31 [   0.00 ]       0 [      0 ]      28 [      1 ]       473 [        0 ] : postpack:hfn_opt
    4362 [      0 ]       0 [      0 ]       0 [      0 ]    8084 [      0 ]      7899 [        0 ]    965258 [        0 ]   61.28 [  -3.03 ]       0 [      0 ]      31 [      3 ]       473 [        0 ] : postpack:bn_opt
    4362 [      0 ]       0 [      0 ]       0 [      0 ]    8084 [      0 ]      7899 [        0 ]    965258 [        0 ]   61.28 [   0.00 ]       0 [      0 ]      31 [      0 ]       473 [        0 ] : postpack:path_opt
    4362 [      0 ]       0 [      0 ]       0 [      0 ]    8084 [      0 ]      7899 [        0 ]    965258 [        0 ]   61.28 [   0.00 ]       0 [      0 ]      31 [      0 ]       473 [        0 ] : postpack:aggressive_opt
    4362 [      0 ]       0 [      0 ]       0 [      0 ]    8084 [      0 ]      7897 [       -2 ]    964052 [    -1206 ]   61.28 [   0.00 ]       0 [      0 ]      33 [      2 ]       473 [        0 ] : postpack:optimize_equivalent
    4362 [      0 ]       0 [      0 ]       0 [      0 ]    8084 [      0 ]      7897 [        0 ]    964052 [        0 ]   61.28 [   0.00 ]       0 [      0 ]      33 [      0 ]       473 [        0 ] : postpack:pin_opt

RUN-1003 : finish command "place" in  36.506254s wall, 62.843750s user + 2.093750s system = 64.937500s CPU (177.9%)

RUN-1004 : used memory is 474 MB, reserved memory is 461 MB, peak memory is 474 MB
RUN-1002 : start command "update_timing -mode manhattan"
RUN-1002 : start command "start_timer"
RUN-1003 : finish command "update_timing -mode manhattan" in  1.673518s wall, 1.640625s user + 0.015625s system = 1.656250s CPU (99.0%)

RUN-1004 : used memory is 474 MB, reserved memory is 461 MB, peak memory is 474 MB
RUN-1002 : start command "report_timing_summary -file cam_place.timing"
RUN-1002 : start command "report_area -io_info -file cam_phy.area"
RUN-1001 : standard
***Report Model: test_camera Device: EG4S20BG256***

IO Statistics
#IO                        45   out of    188   23.94%
  #input                   13
  #output                  31
  #inout                    1

Utilization Statistics
#lut                    15334   out of  19600   78.23%
#reg                     3747   out of  19600   19.12%
#le                     15360
  #lut only             11613   out of  15360   75.61%
  #reg only                26   out of  15360    0.17%
  #lut&reg               3721   out of  15360   24.23%
#bram                      21   out of     64   32.81%
  #bram9k                  21
  #fifo9k                   0
#bram32k                   12   out of     16   75.00%
#dsp                       29   out of     29  100.00%
#pad                       45   out of    188   23.94%
  #ireg                     9
  #oreg                     2
  #treg                     1
#pll                        1   out of      4   25.00%
#gclk                      11   out of     16   68.75%

RUN-1002 : start command "flow_status -file place_flow.status"
Location         : C:\Users\Neko\Documents\FPGA\t\write2vga\sources\rtl\cam_Runs\phy_1
Running with     : Tang Dynasty v6.2.168116
                   Copyright (c) 2012-2025 Anlogic Inc.
Top Model        : test_camera
Device           : EG4S20BG256
Speed            : NA

Timing Mode      : manhattan
Setup            : WNS  4362ps  TNS        0ps  NUM_FEPS     0
Hold             : WNS    59ps  TNS        0ps  NUM_FEPS     0

Flow Statistics  :
RUN-1001 : Flow Statistics:
RUN-1001 : --------------------------------------------------------------------------------------------------
RUN-1001 :      command     |  #calls  |  wall time  |  cpu time(s)  |  used memory(mb)  |  peak memory(mb)  
RUN-1001 : --------------------------------------------------------------------------------------------------
RUN-1001 :       place      |    1     |  36s(100%)  |   64(100%)    |        474        |        474        
RUN-1001 :     import_db    |    1     |   0s(0%)    |     0(0%)     |        221        |        221        
RUN-1001 :   import_device  |    1     |   0s(0%)    |     0(0%)     |        86         |        86         
RUN-1001 : --------------------------------------------------------------------------------------------------
RUN-1001 :       total      |    3     |     36s     |      64       |        474        |        474        
RUN-1001 : --------------------------------------------------------------------------------------------------
RUN-1002 : start command "report_clock_utilization -file place_clock_utilization.txt"
RUN-1001 : Device not support command report_clock_utilization.
RUN-1002 : start command "export_db cam_place.db"
RUN-1001 : Exported flow parameters
RUN-1001 : Exported /
RUN-1001 : Exported libs
RUN-1001 : Exported entities
RUN-1001 : Exported ports
RUN-1001 : Exported pins
RUN-1001 : Exported instances
RUN-1001 : Exported nets
RUN-1001 : Exported buses
RUN-1001 : Exported models
RUN-1001 : Exported phy database
RUN-1001 : Exported packer
RUN-1001 : Exported congestions
RUN-1001 : Exported violations
RUN-1001 : Exported ATMR Setting
RUN-1001 : Exported IO constraints
RUN-1001 : Exported Inst constraints
RUN-1001 : Exported ChipWatcher
RUN-1002 : start command "commit_param -step route"
RUN-1001 : Print Global Property
RUN-1001 : --------------------------------------------------------
RUN-1001 :   Parameters   |  Settings  |  Default Values  |  Note  
RUN-1001 : --------------------------------------------------------
RUN-1001 :   enable_seed  |    off     |       off        |        
RUN-1001 :     message    |  standard  |     standard     |        
RUN-1001 :   qor_monitor  |     on     |        on        |        
RUN-1001 :   syn_ip_flow  |    off     |       off        |        
RUN-1001 :     thread     |    auto    |       auto       |        
RUN-1001 : --------------------------------------------------------
RUN-1001 : Print Route Property
RUN-1001 : -------------------------------------------------------
RUN-1001 :   Parameters  |  Settings  |  Default Values  |  Note  
RUN-1001 : -------------------------------------------------------
RUN-1001 :     effort    |   normal   |      normal      |        
RUN-1001 :    fix_hold   |     on     |        on        |        
RUN-1001 :     timing    |     on     |        on        |        
RUN-1001 : -------------------------------------------------------
RUN-1002 : start command "route"
RUN-1001 : Open license file D:/Anlogic/TD_6.2.1_Engineer_6.2.168.116/license/Anlogic.lic
PHY-1001 : Route runs in 12 thread(s)
RUN-1001 : There are total 7897 instances
RUN-1001 : 3887 mslices, 3880 lslices, 45 pads, 33 brams, 29 dsps
RUN-1001 : There are total 18442 nets
RUN-1001 : 10403 nets have 2 pins
RUN-1001 : 6168 nets have [3 - 5] pins
RUN-1001 : 1057 nets have [6 - 10] pins
RUN-1001 : 388 nets have [11 - 20] pins
RUN-1001 : 415 nets have [21 - 99] pins
RUN-1001 : 11 nets have 100+ pins
RUN-1002 : start command "start_timer"
PHY-1001 : 3887 mslices, 3880 lslices, 45 pads, 33 brams, 29 dsps

PHY-1001 : Stage 1 | Global Routing
PHY-1001 : Start global routing, caller is route ...
RUN-1001 : Generating global routing grids ...
PHY-1001 : Generate routing nets ...
RUN-1001 : Generate nets statistics:
RUN-1001 : ----------------------------
RUN-1001 :        Type       |  Nets   
RUN-1001 : ----------------------------
RUN-1001 :   TotalRouteNets  |  17233  
RUN-1001 :   DontRouteNets   |   539   
RUN-1001 :     RouteNets     |  16694  
RUN-1001 :     RouteSinks    |  42248  
RUN-1001 : ----------------------------
PHY-1001 : Global iterations in 12 thread ...
PHY-1002 : len = 1.14197e+06, over cnt = 4086(11%), over = 8008, worst = 9
PHY-1002 : len = 1.1824e+06, over cnt = 2819(8%), over = 4448, worst = 8
PHY-1002 : len = 1.21784e+06, over cnt = 1384(3%), over = 2011, worst = 8
PHY-1002 : len = 1.24418e+06, over cnt = 291(0%), over = 431, worst = 8
PHY-1002 : len = 1.25454e+06, over cnt = 0(0%), over = 0, worst = 0
PHY-1001 : End global iterations;  2.531757s wall, 3.390625s user + 0.015625s system = 3.406250s CPU (134.5%)

PHY-1001 : Congestion index:
PHY-1001 : top1  = 61.78(S 84.63, N 87.59, E 77.65, W 69.14, I 0.00, O 0.00)
PHY-1001 : top5  = 56.74(S 72.34, N 77.21, E 66.34, W 62.11, I 0.00, O 0.00)
PHY-1001 : top10 = 54.10(S 66.88, N 72.00, E 61.25, W 58.40, I 0.00, O 0.00)
PHY-1001 : top15 = 52.39(S 63.52, N 68.66, E 57.92, W 55.79, I 0.00, O 0.00)
PHY-1001 : End global routing;  2.817796s wall, 3.671875s user + 0.015625s system = 3.687500s CPU (130.9%)

PHY-1001 : End Stage 1 | Global Routing; Time: 2.817840s wall, 3.671875s user + 0.015625s system = 3.687500s CPU (130.9%); Memory(MB): used = 492, reserved = 598, peak = 492;

PHY-1001 : Stage 2 | Detail Routing
PHY-1001 : Stage 2.1 | Build Routing Design
PHY-1001 : Routing in high effort: false
PHY-1001 : Routing Mode: normal
PHY-1001 : Generate detailed routing grids ...
PHY-1001 : End build routing graph; 2.243106s wall, 2.093750s user + 0.093750s system = 2.187500s CPU (97.5%)

PHY-1001 : Processed IO instance cam_href_syn_4 with INV attribute.
PHY-1001 : Processed IO instance cam_soid_syn_2 with INV attribute.
PHY-1001 : Generate nets ...
PHY-1001 : net cam_pclk_dup_1 will be routed on clock mesh
PHY-1001 : net clk_24m_dup_1 will be routed on clock mesh
PHY-1001 : clock net u_conv2_layer/POOL_CORE_R/out_cnt_syn_8 will be merged with clock u_conv2_layer/POOL_CORE_R/out_cnt
PHY-1001 : clock net u_conv1_layer/POOL_CORE_R/out_cnt_syn_8 will be merged with clock u_conv1_layer/POOL_CORE_R/out_cnt
PHY-1001 : clock net u_camera_reader/wrreq_syn_2 will be merged with clock u_camera_reader/wrreq
PHY-1001 : clock net u_camera_reader/wrclk1_syn_4 will be merged with clock u_camera_reader/wrclk1
PHY-1001 : clock net u_camera_init/clk_div_syn_4 will be merged with clock u_camera_init/clk_div
PHY-1001 : clock net u_camera_init/divider2[7]_syn_4 will be merged with clock u_camera_init/divider2[7]
PHY-1001 : clock net P2/POOL_CORE_B/out_cnt_syn_8 will be merged with clock P2/POOL_CORE_B/out_cnt
PHY-1001 : clock net P1/POOL_CORE_B/out_cnt_syn_8 will be merged with clock P1/POOL_CORE_B/out_cnt
PHY-1001 : clock net CNN3_C1/CNN_L1_221009_B/out_cnt_syn_10 will be merged with clock CNN3_C1/CNN_L1_221009_B/out_cnt
PHY-1001 : clock net C1/CNN_L1_221009_B/out_cnt_syn_8 will be merged with clock C1/CNN_L1_221009_B/out_cnt
PHY-1001 : net u_camera_init/u_i2c_write/clk will be routed on clock mesh
PHY-1001 : net u_camera_reader/clk will be routed on clock mesh
PHY-1001 : clock net u_conv2_layer/u_conv2/RAMT2/clkb will be merged with clock u_pll/clk0_buf
RUN-1001 : Generate nets statistics:
RUN-1001 : ------------------------------
RUN-1001 :         Type        |  Nets   
RUN-1001 : ------------------------------
RUN-1001 :        Route        |  17233  
RUN-1001 :      DontRoute      |  1209   
RUN-1001 :      RouteSinks     |  57531  
RUN-1001 :   RouteEntitySinks  |    0    
RUN-1001 :       Lut2Dff       |    0    
RUN-1001 :       Ram2Dff       |    0    
RUN-1001 :      Carry2Dff      |    0    
RUN-1001 : ------------------------------
RUN-1001 : DR clock net summary:
RUN-1001 : ----------------------------------------------------------------------
RUN-1001 :   Net Idx  |                 Net Name                  |  Clock Type  
RUN-1001 : ----------------------------------------------------------------------
RUN-1001 :      1     |     C1/CNN_L1_221009_B/out_cnt_syn_8      |    Normal    
RUN-1001 :      2     |  CNN3_C1/CNN_L1_221009_B/out_cnt_syn_10   |    Normal    
RUN-1001 :      3     |       P1/POOL_CORE_B/out_cnt_syn_8        |    Normal    
RUN-1001 :      4     |       P2/POOL_CORE_B/out_cnt_syn_8        |    Normal    
RUN-1001 :      5     |              cam_pclk_dup_1               |    Normal    
RUN-1001 :      6     |               clk_24m_dup_1               |    Normal    
RUN-1001 :      7     |        u_camera_init/clk_div_syn_4        |    Normal    
RUN-1001 :      8     |      u_camera_init/divider2[7]_syn_4      |    Normal    
RUN-1001 :      9     |       u_camera_init/u_i2c_write/clk       |    Normal    
RUN-1001 :     10     |            u_camera_reader/clk            |    Normal    
RUN-1001 :     11     |       u_camera_reader/wrclk1_syn_4        |    Normal    
RUN-1001 :     12     |        u_camera_reader/wrreq_syn_2        |    Normal    
RUN-1001 :     13     |  u_conv1_layer/POOL_CORE_R/out_cnt_syn_8  |    Normal    
RUN-1001 :     14     |  u_conv2_layer/POOL_CORE_R/out_cnt_syn_8  |    Normal    
RUN-1001 :     15     |     u_conv2_layer/u_conv2/RAMT2/clkb      |    Normal    
RUN-1001 : ----------------------------------------------------------------------
RUN-1001 : DR clock buffer summary:
RUN-1001 : ----------------
RUN-1001 :   Idx  |  Name  
RUN-1001 : ----------------
RUN-1001 : ----------------
PHY-1001 : End Stage 2.1 | Build Routing Design; Time: 2.623907s wall, 2.437500s user + 0.109375s system = 2.546875s CPU (97.1%); Memory(MB): used = 753, reserved = 740, peak = 753;

RUN-1001 : Top Percentage Crit. Net Stat.
RUN-1001 : -------------------------------------------------------
RUN-1001 :   Top %  |  Net Count  |  Avg. Fanout  |  Avg. Slack   
RUN-1001 : -------------------------------------------------------
RUN-1001 :     1    |     184     |   1.798913    |  5983.255435  
RUN-1001 :     2    |     368     |   1.494565    |  6681.478261  
RUN-1001 :     3    |     553     |   1.656420    |  7030.444846  
RUN-1001 :     4    |     737     |   1.736771    |  7250.535957  
RUN-1001 :     5    |     922     |   1.764642    |  7407.969631  
RUN-1001 :     6    |    1106     |   1.830922    |  7527.975588  
RUN-1001 :     7    |    1290     |   1.844961    |  7625.743411  
RUN-1001 :     8    |    1475     |   1.833220    |  7709.272542  
RUN-1001 :     9    |    1659     |   1.854732    |  7783.101266  
RUN-1001 :    10    |    1844     |   1.892625    |  7850.282538  
RUN-1001 : -------------------------------------------------------
PHY-1001 : Stage 2.2 | Clock Nets Routing
PHY-1001 : Routed 0% nets.
PHY-1001 : len = 128360, over cnt = 0(0%), over = 0, worst = 0, crit = 0
PHY-1001 : End Stage 2.2 | Clock Nets Routing; Time: 10.544161s wall, 10.078125s user + 0.187500s system = 10.265625s CPU (97.4%); Memory(MB): used = 784, reserved = 780, peak = 784;

PHY-1001 : Stage 2.3 | Routing Initialization
PHY-1001 : Mark 1% net(place mode slack < 7173ps) as critical nets.
PHY-1001 : Stage 2.3.1 | Normal Nets Routing
PHY-1001 : Routed 93% nets.
PHY-1001 : len = 1.69066e+06, over cnt = 4579(0%), over = 4638, worst = 2, crit = 0
PHY-1001 : End Stage 2.3.1 | Normal Nets Routing; Time: 49.951236s wall, 80.546875s user + 0.656250s system = 81.203125s CPU (162.6%); Memory(MB): used = 806, reserved = 801, peak = 806;

PHY-1001 : Stage 2.3.2 | Update Timing
RUN-1002 : start command "start_timer"
TMR-2502 : Net delay update with mode: Routed
PHY-1001 : 10/17233(0%) critical/total net(s).
PHY-1001 : Setup: WNS(ns) = -0.646, TNS(ns) = -1.123, FEP = 3 | Hold: WNS(ns) = 0.033, TNS(ns) = 0.000, FEP = 0.
PHY-1001 : End Stage 2.3.2 | Update Timing; Time: 1.874401s wall, 1.828125s user + 0.000000s system = 1.828125s CPU (97.5%); Memory(MB): used = 808, reserved = 803, peak = 808;

PHY-1001 : End Stage 2.3 | Routing Initialization; Time: 51.850225s wall, 82.406250s user + 0.656250s system = 83.062500s CPU (160.2%); Memory(MB): used = 808, reserved = 803, peak = 808;

PHY-1001 : Stage 2.4 | Routing Optimization
PHY-1001 : Build lut bridge;  0.107115s wall, 0.109375s user + 0.000000s system = 0.109375s CPU (102.1%)

PHY-1001 : Stage 2.4.1 | Phase 1
PHY-1001 : Stage 2.4.1.1 | Setup TimeOptimization
PHY-1001 : Start to optimize setup violation with net base ...
PHY-1001 : Iter 1; Processed 1 pins with SWNS 1.190ns STNS 0.000ns FEP 0 took 0.0680555 seconds.
PHY-1001 : len = 1.69074e+06, over cnt = 4581(0%), over = 4640, worst = 2, crit = 0
PHY-1001 : End Stage 2.4.1.1 | Setup TimeOptimization; Time: 0.176734s wall, 0.171875s user + 0.000000s system = 0.171875s CPU (97.3%); Memory(MB): used = 809, reserved = 804, peak = 809;

PHY-1001 : Stage 2.4.1.2 | Rip-up And ReRoute
PHY-1001 : Iter 1: len = 1.70414e+06, over cnt = 2580(0%), over = 2586, worst = 2, crit = 0, time(s) = 3.45
PHY-1001 : Iter 2: len = 1.70826e+06, over cnt = 1987(0%), over = 1989, worst = 2, crit = 0, time(s) = 2.13
PHY-1001 : Iter 3: len = 1.71034e+06, over cnt = 1637(0%), over = 1638, worst = 2, crit = 0, time(s) = 1.70
PHY-1001 : Iter 4: len = 1.72371e+06, over cnt = 777(0%), over = 777, worst = 1, crit = 0, time(s) = 1.42
PHY-1001 : Iter 5: len = 1.72647e+06, over cnt = 576(0%), over = 576, worst = 1, crit = 0, time(s) = 1.03
PHY-1001 : Iter 6: len = 1.72739e+06, over cnt = 518(0%), over = 518, worst = 1, crit = 0, time(s) = 0.73
PHY-1001 : Iter 7: len = 1.72738e+06, over cnt = 497(0%), over = 497, worst = 1, crit = 0, time(s) = 0.51
PHY-1001 : Switch mode......
PHY-1001 : Iter 8: len = 1.73967e+06, over cnt = 134(0%), over = 134, worst = 1, crit = 0, time(s) = 0.31
PHY-1001 : Iter 9: len = 1.74119e+06, over cnt = 77(0%), over = 77, worst = 1, crit = 0, time(s) = 0.12
PHY-1001 : Iter 10: len = 1.74191e+06, over cnt = 55(0%), over = 55, worst = 1, crit = 0, time(s) = 0.10
PHY-1001 : Iter 11: len = 1.74206e+06, over cnt = 53(0%), over = 53, worst = 1, crit = 0, time(s) = 0.10
PHY-1001 : Iter 12: len = 1.74384e+06, over cnt = 12(0%), over = 12, worst = 1, crit = 0, time(s) = 0.14
PHY-1001 : Iter 13: len = 1.74424e+06, over cnt = 8(0%), over = 8, worst = 1, crit = 0, time(s) = 0.10
PHY-1001 : Iter 14: len = 1.74434e+06, over cnt = 5(0%), over = 5, worst = 1, crit = 0, time(s) = 0.05
PHY-1001 : Iter 15: len = 1.74434e+06, over cnt = 5(0%), over = 5, worst = 1, crit = 0, time(s) = 0.05
PHY-1001 : Iter 16: len = 1.74451e+06, over cnt = 2(0%), over = 2, worst = 1, crit = 0, time(s) = 0.04
PHY-1001 : Iter 17: len = 1.74451e+06, over cnt = 2(0%), over = 2, worst = 1, crit = 0, time(s) = 0.03
PHY-1001 : Iter 18: len = 1.74451e+06, over cnt = 2(0%), over = 2, worst = 1, crit = 0, time(s) = 0.03
PHY-1001 : Iter 19: len = 1.74451e+06, over cnt = 2(0%), over = 2, worst = 1, crit = 0, time(s) = 0.03
PHY-1001 : Iter 20: len = 1.74461e+06, over cnt = 0(0%), over = 0, worst = 0, crit = 0, time(s) = 0.02
PHY-1001 : End Stage 2.4.1.2 | Rip-up And ReRoute; Time: 12.109904s wall, 26.265625s user + 0.109375s system = 26.375000s CPU (217.8%); Memory(MB): used = 810, reserved = 804, peak = 810;

PHY-1001 : Stage 2.4.1.3 | Update Timing
RUN-1002 : start command "start_timer"
PHY-1001 : 0/17233(0%) critical/total net(s).
PHY-1001 : Setup: WNS(ns) = 1.037, TNS(ns) = 0.000, FEP = 0 | Hold: WNS(ns) = 0.033, TNS(ns) = 0.000, FEP = 0.
PHY-1001 : End Stage 2.4.1.3 | Update Timing; Time: 1.883126s wall, 1.859375s user + 0.000000s system = 1.859375s CPU (98.7%); Memory(MB): used = 811, reserved = 807, peak = 811;

PHY-1001 : Stage 2.4.1.4 | Commit Data
PHY-1001 : Commit better result to database ...
PHY-1001 : 883 feed throughs used by 631 nets
PHY-1001 : End Stage 2.4.1.4 | Commit Data; Time: 1.222589s wall, 1.218750s user + 0.015625s system = 1.234375s CPU (101.0%); Memory(MB): used = 879, reserved = 873, peak = 879;

PHY-1001 : End Stage 2.4.1 | Phase 1; Time: 15.471883s wall, 29.593750s user + 0.125000s system = 29.718750s CPU (192.1%); Memory(MB): used = 879, reserved = 873, peak = 879;

PHY-1001 : End Stage 2.4 | Routing Optimization; Time: 16.712212s wall, 30.859375s user + 0.140625s system = 31.000000s CPU (185.5%); Memory(MB): used = 879, reserved = 873, peak = 879;

PHY-1003 : Routed, final wirelength = 1.74461e+06
RUN-1002 : start command "export_db cam_pr.db"
RUN-1001 : Exported flow parameters
RUN-1001 : Exported /
RUN-1001 : Exported libs
RUN-1001 : Exported entities
RUN-1001 : Exported ports
RUN-1001 : Exported pins
RUN-1001 : Exported instances
RUN-1001 : Exported nets
RUN-1001 : Exported buses
RUN-1001 : Exported models
RUN-1001 : Exported phy database
RUN-1001 : Exported packer
RUN-1001 : Exported congestions
RUN-1001 : Exported violations
RUN-1001 : Exported ATMR Setting
RUN-1001 : Exported IO constraints
RUN-1001 : Exported Inst constraints
RUN-1001 : Exported ChipWatcher
PHY-1001 : Current memory(MB): used = 928, reserved = 1041, peak = 928.
PHY-1001 : End export database. 0.655695s wall, 0.921875s user + 0.031250s system = 0.953125s CPU (145.4%)

PHY-1001 : End detail routing;  83.362503s wall, 127.640625s user + 1.140625s system = 128.781250s CPU (154.5%)

PHY-1001 : End Stage 2 | Detail Routing; Time: 83.362581s wall, 127.640625s user + 1.140625s system = 128.781250s CPU (154.5%); Memory(MB): used = 928, reserved = 1041, peak = 928;

PHY-1001 : Stage 3 | Hold Fix
RUN-1002 : start command "start_timer"
RUN-1001 : No hold violation.
PHY-1001 : End Stage 3 | Hold Fix; Time: 1.756835s wall, 1.718750s user + 0.015625s system = 1.734375s CPU (98.7%); Memory(MB): used = 928, reserved = 1041, peak = 928;

PHY-1001 : Stage 4 | Report Route Qor
RUN-1002 : start command "report_qor -step route -file route.qor"
RUN-1002 : start command "start_timer"
-----------------------------------------------------------
| QoR metrics               |         value               |
-----------------------------------------------------------
| Timing                    |                             |
|     Setup WNS             |         1037                |
|     Setup TNS             |            0                |
|     Num of violated S-EP  |            0                |
|     Hold WNS              |           33                |
|     Hold TNS              |            0                |
|     Num of violated H-EP  |            0                |
-----------------------------------------------------------
| Routing Resource          |                             |
|     Wire length           |      1744608                |
-----------------------------------------------------------
| Utilization               |                             |
|     #slices               |         7767                |
|     slices percentage     |       79.26%                |
|     #RAMs                 |           33                |
|     #DSPs                 |           29                |
|     #DRAMHARDCON          |            0                |
-----------------------------------------------------------
Report route stage QoR done.

RUN-1003 : finish command "report_qor -step route -file route.qor" in  1.868167s wall, 1.843750s user + 0.000000s system = 1.843750s CPU (98.7%)

RUN-1004 : used memory is 928 MB, reserved memory is 1041 MB, peak memory is 928 MB
RUN-1002 : start command "update_timing -mode final"
RUN-1002 : start command "start_timer"
RUN-1003 : finish command "update_timing -mode final" in  1.787150s wall, 1.765625s user + 0.000000s system = 1.765625s CPU (98.8%)

RUN-1004 : used memory is 928 MB, reserved memory is 1041 MB, peak memory is 928 MB
RUN-1002 : start command "report_timing_summary -file final_timing.rpt"
OPT-1001 : QoR tracer report on route step:
    SWNS [   incr ]    STNS [   incr ]  S-FEPS [   incr ]    HWNS [   incr ]      HTNS [     incr ]    H-FEPS [     incr ]    CELL [   incr ]       WL [    incr ]   RT(s) [   incr ]   MEM(mb) [     incr ]
    -646 [      0 ]   -1123 [      0 ]       3 [      0 ]      33 [      0 ]         0 [        0 ]         0 [        0 ]    7897 [      0 ]  1690656 [       0 ]      70 [      0 ]       808 [        0 ] : dr_initialization
    1190 [   1836 ]       0 [   1123 ]       0 [     -3 ]      33 [      0 ]         0 [        0 ]         0 [        0 ]    7897 [      0 ]  1690736 [      80 ]      71 [      1 ]       809 [        1 ] : dr_timing_opt_phase1
    1037 [   -153 ]       0 [      0 ]       0 [      0 ]      33 [      0 ]         0 [        0 ]         0 [        0 ]    7897 [      0 ]  1744608 [   53872 ]      87 [     16 ]       879 [       70 ] : dr_opt_phase1
    1037 [      0 ]       0 [      0 ]       0 [      0 ]      33 [      0 ]         0 [        0 ]         0 [        0 ]    7897 [      0 ]  1744608 [       0 ]      87 [      0 ]       879 [        0 ] : multi_try_opt
    1037 [      0 ]       0 [      0 ]       0 [      0 ]      33 [      0 ]         0 [        0 ]         0 [        0 ]    7897 [      0 ]  1744608 [       0 ]      89 [      2 ]       928 [       49 ] : fix_hold_opt

PHY-1001 : End Stage 4 | Report Route Qor; Time: 3.662292s wall, 3.609375s user + 0.000000s system = 3.609375s CPU (98.6%); Memory(MB): used = 928, reserved = 1041, peak = 928;

PHY-1001 : Stage 5 | Routing DRC
PHY-1001 : Start multi-drive drc check......
PHY-1001 : No multi-drive.
PHY-1001 : Stage 5.1 | Clock Net Status Check
PHY-1001 : 1 clock net(s) utilize local routing resource.
PHY-5079 CRITICAL-WARNING: Marked 1 clock net(s) utilize the local routing resources. Please check log message and the sinks of clock nets.
RUN-1001 : CTS Local Wire Summary
RUN-1001 : -------------------------------------------------------------------------------------------------
RUN-1001 :   ClockName  |  DriverType  |  Clock/Fanout  |  LocalWireNum  |        NetName        |  Marked  
RUN-1001 : -------------------------------------------------------------------------------------------------
RUN-1001 :       -      |  AL_PHY_PLL  |      0/1       |       1        |  u_camera_reader/clk  |   true   
RUN-1001 : -------------------------------------------------------------------------------------------------
PHY-1001 : End Stage 5.1 | Clock Net Status Check; Time: 0.001572s wall, 0.000000s user + 0.000000s system = 0.000000s CPU (n/a%); Memory(MB): used = 928, reserved = 1041, peak = 928;

PHY-1001 : Stage 5.2 | Abnormal Timing Path check
PHY-1001 : No abnormal timing path.
PHY-1001 : End Stage 5.2 | Abnormal Timing Path check; Time: 0.023686s wall, 0.031250s user + 0.000000s system = 0.031250s CPU (131.9%); Memory(MB): used = 928, reserved = 1041, peak = 928;

PHY-1001 : End Stage 5 | Routing DRC; Time: 0.103640s wall, 0.109375s user + 0.000000s system = 0.109375s CPU (105.5%); Memory(MB): used = 928, reserved = 1041, peak = 928;

RUN-1003 : finish command "route" in  93.367388s wall, 138.421875s user + 1.171875s system = 139.593750s CPU (149.5%)

RUN-1004 : used memory is 928 MB, reserved memory is 1041 MB, peak memory is 928 MB
RUN-1002 : start command "report_area -io_info -file cam_phy.area"
RUN-1001 : standard
***Report Model: test_camera Device: EG4S20BG256***

IO Statistics
#IO                        45   out of    188   23.94%
  #input                   13
  #output                  31
  #inout                    1

Utilization Statistics
#lut                    15334   out of  19600   78.23%
#reg                     3747   out of  19600   19.12%
#le                     15360
  #lut only             11613   out of  15360   75.61%
  #reg only                26   out of  15360    0.17%
  #lut&reg               3721   out of  15360   24.23%
#bram                      21   out of     64   32.81%
  #bram9k                  21
  #fifo9k                   0
#bram32k                   12   out of     16   75.00%
#dsp                       29   out of     29  100.00%
#pad                       45   out of    188   23.94%
  #ireg                     9
  #oreg                     2
  #treg                     1
#pll                        1   out of      4   25.00%
#gclk                      11   out of     16   68.75%


DataNet Average Fanout:

   Index     Fanout     Nets   
    #1          1       10347  
    #2          2       3540   
    #3          3       1957   
    #4          4        670   
    #5        5-10      1101   
    #6        11-50      657   
    #7       51-100      92    
    #8       101-500      7    
    #9        >500        1    
  Average     3.03             

RUN-1002 : start command "update_timing -mode final"
RUN-1002 : start command "start_timer"
RUN-1003 : finish command "update_timing -mode final" in  1.828188s wall, 1.796875s user + 0.015625s system = 1.812500s CPU (99.1%)

RUN-1004 : used memory is 928 MB, reserved memory is 1041 MB, peak memory is 928 MB
RUN-1002 : start command "report_timing_status -file cam_phy.ts"
RUN-1002 : start command "report_timing_summary -file cam_pr.timing"
RUN-1002 : start command "report_timing_exception -file cam_exception.timing"
RUN-1002 : start command "flow_status -file route_flow.status"
Location         : C:\Users\Neko\Documents\FPGA\t\write2vga\sources\rtl\cam_Runs\phy_1
Running with     : Tang Dynasty v6.2.168116
                   Copyright (c) 2012-2025 Anlogic Inc.
Top Model        : test_camera
Device           : EG4S20BG256
Speed            : NA

Timing Mode      : final
Setup            : WNS  1037ps  TNS        0ps  NUM_FEPS     0
Hold             : WNS    33ps  TNS        0ps  NUM_FEPS     0

Flow Statistics  :
RUN-1001 : Flow Statistics:
RUN-1001 : ---------------------------------------------------------------------------------------------------
RUN-1001 :      command     |  #calls  |  wall time   |  cpu time(s)  |  used memory(mb)  |  peak memory(mb)  
RUN-1001 : ---------------------------------------------------------------------------------------------------
RUN-1001 :       route      |    1     |  1m33s(72%)  |   139(68%)    |        928        |        928        
RUN-1001 :       place      |    1     |   36s(27%)   |    64(31%)    |        474        |        474        
RUN-1001 :     import_db    |    1     |    0s(0%)    |     0(0%)     |        221        |        221        
RUN-1001 :   import_device  |    1     |    0s(0%)    |     0(0%)     |        86         |        86         
RUN-1001 : ---------------------------------------------------------------------------------------------------
RUN-1001 :       total      |    4     |     2m9s     |      203      |        928        |        928        
RUN-1001 : ---------------------------------------------------------------------------------------------------
RUN-1002 : start command "report_clock_utilization -file route_clock_utilization.txt"
RUN-1001 : Device not support command report_clock_utilization.
RUN-1002 : start command "export_db cam_pr.db"
RUN-1001 : Exported flow parameters
RUN-1001 : Exported /
RUN-1001 : Exported libs
RUN-1001 : Exported entities
RUN-1001 : Exported ports
RUN-1001 : Exported pins
RUN-1001 : Exported instances
RUN-1001 : Exported nets
RUN-1001 : Exported buses
RUN-1001 : Exported models
RUN-1001 : Exported phy database
RUN-1001 : Exported packer
RUN-1001 : Exported congestions
RUN-1001 : Exported violations
RUN-1001 : Exported ATMR Setting
RUN-1001 : Exported IO constraints
RUN-1001 : Exported Inst constraints
RUN-1001 : Exported ChipWatcher
RUN-1002 : start command "commit_param -step bitgen"
RUN-1001 : Print Global Property
RUN-1001 : --------------------------------------------------------
RUN-1001 :   Parameters   |  Settings  |  Default Values  |  Note  
RUN-1001 : --------------------------------------------------------
RUN-1001 :   enable_seed  |    off     |       off        |        
RUN-1001 :     message    |  standard  |     standard     |        
RUN-1001 :   qor_monitor  |     on     |        on        |        
RUN-1001 :   syn_ip_flow  |    off     |       off        |        
RUN-1001 :     thread     |    auto    |       auto       |        
RUN-1001 : --------------------------------------------------------
RUN-1001 : Print Bitgen Property
RUN-1001 : -------------------------------------------------------------
RUN-1001 :      Parameters     |  Settings  |  Default Values  |  Note  
RUN-1001 : -------------------------------------------------------------
RUN-1001 :         bin         |    off     |       off        |        
RUN-1001 :       gen_mask      |    off     |       off        |        
RUN-1001 :      time_info      |     on     |        on        |        
RUN-1001 :   unused_io_status  |   pullup   |      pullup      |        
RUN-1001 :       version       |    0x00    |       0x00       |        
RUN-1001 : -------------------------------------------------------------
RUN-1002 : start command "bitgen -bit cam.bit"
RUN-1002 : start command "export_bid cam_inst.bid"
BIT-1003 : Start to generate bitstream. 
BIT-1002 : Init instances with 12 threads.
BIT-1002 : Init instances completely, inst num: 7887
BIT-1002 : Init pips with 12 threads.
BIT-1002 : Init pips completely, net num: 17231, pip num: 173217
BIT-1002 : Init feedthrough with 12 threads.
BIT-1002 : Init feedthrough completely, num: 883
BIT-1003 : Multithreading accelaration with 12 threads.
BIT-1003 : Generate bitstream completely, there are 522089 bits set as '1'.
BIT-1004 : PLL setting string = 0001
BIT-1004 : Generate bits file cam.bit.
RUN-1003 : finish command "bitgen -bit cam.bit" in  3.169730s wall, 25.750000s user + 0.593750s system = 26.343750s CPU (831.1%)

RUN-1004 : used memory is 932 MB, reserved memory is 1040 MB, peak memory is 933 MB
RUN-1002 : start command "setup_debugger"
RUN-1002 : start command "export_bitgen_param -file .bitgen_param.f"
RUN-1002 : start command "export_flow_status -s opt_place -e bitgen"
RUN-1002 : start command "flow_status"

Location         : C:\Users\Neko\Documents\FPGA\t\write2vga\sources\rtl\cam_Runs\phy_1
Running with     : Tang Dynasty v6.2.168116
                   Copyright (c) 2012-2025 Anlogic Inc.
Top Model        : test_camera
Device           : EG4S20BG256
Speed            : NA

Timing Mode      : final
Setup            : WNS  1037ps  TNS        0ps  NUM_FEPS     0
Hold             : WNS    33ps  TNS        0ps  NUM_FEPS     0

RUN-1001 : Flow Statistics:
RUN-1001 : ---------------------------------------------------------------------------------------------------
RUN-1001 :      command     |  #calls  |  wall time   |  cpu time(s)  |  used memory(mb)  |  peak memory(mb)  
RUN-1001 : ---------------------------------------------------------------------------------------------------
RUN-1001 :       route      |    1     |  1m33s(70%)  |   139(60%)    |        928        |        928        
RUN-1001 :       place      |    1     |   36s(27%)   |    64(28%)    |        474        |        474        
RUN-1001 :      bitgen      |    1     |    3s(2%)    |    25(10%)    |        932        |        933        
RUN-1001 :     import_db    |    1     |    0s(0%)    |     0(0%)     |        221        |        221        
RUN-1001 :   import_device  |    1     |    0s(0%)    |     0(0%)     |        86         |        86         
RUN-1001 : ---------------------------------------------------------------------------------------------------
RUN-1001 :       total      |    5     |    2m12s     |      228      |        932        |        933        
RUN-1001 : ---------------------------------------------------------------------------------------------------
