============================================================
   Tang Dynasty, V6.2.168116
   Copyright (c) 2012-2025 Anlogic Inc.
   Executable = D:/Anlogic/TD_6.2.1_Engineer_6.2.168.116/bin/run.exe
   Built at =   16:32:07 Jun 12 2025
   Run by =     Neko
   Run Date =   Wed Nov  5 23:29:39 2025

   Run on =     NEKO_DESKTOP
============================================================
RUN-1002 : start command "import_device eagle_s20.db -package EG4S20BG256"
RUN-1001 : Using default speed grade: NA
ARC-1001 : Device Initialization.
ARC-1001 : ------------------------------------------------------------------
ARC-1001 :            OPTION            |          IO          |   SETTING   
ARC-1001 : ------------------------------------------------------------------
ARC-1001 :   cso_b/cclk/mosi/miso/dout  |  T3/R11/T10/P10/S11  |    gpio    
ARC-1001 :             done             |         P13          |    gpio    
ARC-1001 :           program_b          |          T2          |  dedicate  
ARC-1001 :        tdi/tms/tck/tdo       |   C12/A15/C14/E14    |  dedicate  
ARC-1001 : ------------------------------------------------------------------
ARC-1004 : Device setting, marked 5 dedicate IOs in total.
RUN-1002 : start command "open_project UDP_EXAMPLE.prj -noanalyze"
RUN-1002 : start command "import_db ../syn_1/UDP_EXAMPLE_gate.db"
RUN-1001 : Importing database generated by Tang Dynasty, V6.2.168116.
RUN-1001 : Database version number 46207
RUN-1001 : Import flow parameters
RUN-1001 : Import netlist
RUN-1001 : Import timing constraints
RUN-1001 : Import IO constraints
RUN-1001 : Import Inst constraints
RUN-1001 : Import ChipWatcher
RUN-1001 : Import design success TD_VERSION=6.2.168116 , DB_VERSION=46207
RUN-1002 : start command "commit_param -step place"
RUN-1001 : Print Global Property
RUN-1001 : --------------------------------------------------------
RUN-1001 :   Parameters   |  Settings  |  Default Values  |  Note  
RUN-1001 : --------------------------------------------------------
RUN-1001 :   enable_seed  |    off     |       off        |        
RUN-1001 :     message    |  standard  |     standard     |        
RUN-1001 :   qor_monitor  |     on     |        on        |        
RUN-1001 :   syn_ip_flow  |    off     |       off        |        
RUN-1001 :     thread     |    auto    |       auto       |        
RUN-1001 : --------------------------------------------------------
RUN-1002 : start command "set_param place effort high"
RUN-1002 : start command "set_param place hfn_opt_effort high"
RUN-1002 : start command "set_param place opt_timing high"
RUN-1001 : Print Place Property
RUN-1001 : -----------------------------------------------------------
RUN-1001 :     Parameters    |  Settings  |  Default Values  |  Note  
RUN-1001 : -----------------------------------------------------------
RUN-1001 :       effort      |    high    |      medium      |   *    
RUN-1001 :   hfn_opt_effort  |    high    |      medium      |   *    
RUN-1001 :     max_fanout    |   999999   |      999999      |        
RUN-1001 :     opt_timing    |    high    |      medium      |   *    
RUN-1001 :   post_place_opt  |    auto    |       auto       |        
RUN-1001 :    pr_strategy    |     1      |        1         |        
RUN-1001 :     relaxation    |    1.00    |       1.00       |        
RUN-1001 : -----------------------------------------------------------
RUN-1002 : start command "insert_debugger ../../chip_debugger"
RUN-1002 : start command "config_chipwatcher ../../chip_debugger/user.cfg"
RUN-1002 : start command "update_timing"
RUN-1002 : start command "start_timer"
USR-1002 : Derived clock:  create_generated_clock -name {u_clk_gen/u_pll_0/pll_inst.clkc[0]} -source [get_ports {clk_50}] -master_clock {clk_in} -multiply_by 2.5000 -duty_cycle 50.0000 [get_pins {u_clk_gen/u_pll_0/pll_inst.clkc[0]}]
USR-1002 : Derived clock:  create_generated_clock -name {u_clk_gen/u_pll_0/pll_inst.clkc[1]} -source [get_ports {clk_50}] -master_clock {clk_in} -multiply_by 2.5000 -duty_cycle 50.0000 [get_pins {u_clk_gen/u_pll_0/pll_inst.clkc[1]}]
USR-1002 : Derived clock:  create_generated_clock -name {u_clk_gen/u_pll_0/pll_inst.clkc[4]} -source [get_ports {clk_50}] -master_clock {clk_in} -multiply_by 2.5000 -phase 90 -duty_cycle 50.0000 [get_pins {u_clk_gen/u_pll_0/pll_inst.clkc[4]}]
USR-1002 : Derived clock:  create_generated_clock -name {u_pll_50/pll_inst.clkc[0]} -source [get_ports {clk_50}] -master_clock {clk_in} -multiply_by 1.0000 -duty_cycle 50.0000 [get_pins {u_pll_50/pll_inst.clkc[0]}]
USR-1002 : Derived clock:  create_generated_clock -name {u_pll_50/pll_inst.clkc[1]} -source [get_ports {clk_50}] -master_clock {clk_in} -multiply_by 1.0000 -phase 180 -duty_cycle 50.0000 [get_pins {u_pll_50/pll_inst.clkc[1]}]
USR-1002 : Derived clock:  create_generated_clock -name {u_pll_50/pll_inst.clkc[2]} -source [get_ports {clk_50}] -master_clock {clk_in} -multiply_by 5.0000 -duty_cycle 50.0000 [get_pins {u_pll_50/pll_inst.clkc[2]}]
USR-1002 : Derived clock:  create_generated_clock -name {u_rx_pll/pll_inst.clkc[0]} -source [get_ports {phy1_rgmii_rx_clk}] -master_clock {phy1_rgmii_rx_clk} -multiply_by 1.0000 -duty_cycle 50.0000 [get_pins {u_rx_pll/pll_inst.clkc[0]}]
USR-1002 : Derived clock:  create_generated_clock -name {u_rx_pll/pll_inst.clkc[1]} -source [get_ports {phy1_rgmii_rx_clk}] -master_clock {phy1_rgmii_rx_clk} -multiply_by 1.0000 -duty_cycle 50.0000 [get_pins {u_rx_pll/pll_inst.clkc[1]}]
USR-1002 : Derived clock:  create_generated_clock -name {u_rx_pll/pll_inst.clkc[2]} -source [get_ports {phy1_rgmii_rx_clk}] -master_clock {phy1_rgmii_rx_clk} -multiply_by 2.0000 -duty_cycle 50.0000 [get_pins {u_rx_pll/pll_inst.clkc[2]}]
USR-1002 : Derived clock:  create_generated_clock -name {t3_sdram/u0_clk/pll_inst.clkc[0]} -source [get_pins {u_pll_50/pll_inst.clkc[0]}] -master_clock {u_pll_50/pll_inst.clkc[0]} -divide_by 4.0000 -duty_cycle 50.0000 [get_pins {t3_sdram/u0_clk/pll_inst.clkc[0]}]
USR-1002 : Derived clock:  create_generated_clock -name {t3_sdram/u0_clk/pll_inst.clkc[1]} -source [get_pins {u_pll_50/pll_inst.clkc[0]}] -master_clock {u_pll_50/pll_inst.clkc[0]} -multiply_by 2.5000 -duty_cycle 50.0000 [get_pins {t3_sdram/u0_clk/pll_inst.clkc[1]}]
USR-1002 : Derived clock:  create_generated_clock -name {t3_sdram/u0_clk/pll_inst.clkc[2]} -source [get_pins {u_pll_50/pll_inst.clkc[0]}] -master_clock {u_pll_50/pll_inst.clkc[0]} -multiply_by 2.5000 -phase 180 -duty_cycle 50.0000 [get_pins {t3_sdram/u0_clk/pll_inst.clkc[2]}]
8.000000
USR-8130 CRITICAL-WARNING: No clock match the pattern: u_clk_gen/u_pll_0/pll_inst.clkc\[3\].
USR-8124 CRITICAL-WARNING: Rename_clock: please specify object list.
USR-8159 CRITICAL-WARNING: Command rename_clock -name {pll_inst_25M} [get_clocks {u_clk_gen/u_pll_0/pll_inst.clkc[3]}] in C:/Users/Neko/Documents/FPGA/github_anlu/video640 19fps blue chepau over/UDP_EG4_6.2/source_code/constraints/UDP.sdc(8) fails.
RUN-1003 : finish command "start_timer" in  2.224227s wall, 2.187500s user + 0.000000s system = 2.187500s CPU (98.3%)

RUN-1004 : used memory is 233 MB, reserved memory is 227 MB, peak memory is 233 MB
TMR-2502 : Net delay update with mode: Synthesized
RUN-1003 : finish command "update_timing" in  2.959141s wall, 2.875000s user + 0.015625s system = 2.890625s CPU (97.7%)

RUN-1004 : used memory is 309 MB, reserved memory is 302 MB, peak memory is 309 MB
KIT-5618 CRITICAL-WARNING: the bus debug_app_rx_data[7:0] is invalid in chipwatcher, ignored.
KIT-5603 WARNING: Net debug_app_rx_data_valid is invalid in chipwatcher, ignored.
KIT-5618 CRITICAL-WARNING: the bus debug_app_tx_data[7:0] is invalid in chipwatcher, ignored.
KIT-5603 WARNING: Net debug_app_tx_data_valid is invalid in chipwatcher, ignored.
KIT-5618 CRITICAL-WARNING: the bus debug_rx_data[7:0] is invalid in chipwatcher, ignored.
KIT-5603 WARNING: Net debug_rx_valid is invalid in chipwatcher, ignored.
KIT-5618 CRITICAL-WARNING: the bus debug_temac_rx_data[7:0] is invalid in chipwatcher, ignored.
KIT-5603 WARNING: Net debug_temac_rx_valid is invalid in chipwatcher, ignored.
KIT-5618 CRITICAL-WARNING: the bus debug_temac_tx_data[7:0] is invalid in chipwatcher, ignored.
KIT-5603 WARNING: Net debug_temac_tx_valid is invalid in chipwatcher, ignored.
KIT-5618 CRITICAL-WARNING: the bus debug_tx_data[7:0] is invalid in chipwatcher, ignored.
KIT-5603 WARNING: Net debug_tx_valid is invalid in chipwatcher, ignored.
KIT-1004 : chipwatcher: sanity check successfully
KIT-1004 : Chipwatcher code = 1001000110001111
KIT-1004 : import watcher inst auto_created_cwc1 completed, there are 7 view node(s), 21 trigger net(s), 21 data net(s).
RUN-1003 : finish command "config_chipwatcher ../../chip_debugger/user.cfg" in  2.960422s wall, 2.875000s user + 0.015625s system = 2.890625s CPU (97.6%)

RUN-1004 : used memory is 309 MB, reserved memory is 302 MB, peak memory is 309 MB
RUN-1002 : start command "compile_watcher"
KIT-1004 : Ooc flow for module top_debug_hub is running...
RUN-1002 : start command "import_db -mode ooc cw/debug_hub/top_debug_hub_ooc.db"
USR-1600 : Load OOC design OOC Model: top_debug_hub .
RUN-1001 : Import OOC design success TD_VERSION=6.2.168116 , DB_VERSION=46207
KIT-1004 : Ooc flow for module auto_created_cwc1 is running...
RUN-1002 : start command "import_db -mode ooc cw/auto_created_cwc1/auto_created_cwc1_ooc.db"
USR-1600 : Load OOC design OOC Model: auto_created_cwc1 .
RUN-1001 : Import OOC design success TD_VERSION=6.2.168116 , DB_VERSION=46207
RUN-1003 : finish command "compile_watcher" in  2.439703s wall, 0.140625s user + 0.015625s system = 0.156250s CPU (6.4%)

RUN-1004 : used memory is 327 MB, reserved memory is 344 MB, peak memory is 327 MB
RUN-1002 : start command "pack -eco"
SYN-4002 : Packing 0 DFF/LATCH to SEQ ...
RUN-1002 : start command "legalize_phy_inst"
SYN-1001 : Stage 1 | Legalize Phy Inst
SYN-1011 : Flatten model UDP_Example_Top
SYN-1001 : End Stage 1 | Legalize Phy Inst; Time: 0.030629s wall, 0.015625s user + 0.015625s system = 0.031250s CPU (102.0%); Memory(MB): used = 327, reserved = 344, peak = 327;

RUN-1003 : finish command "insert_debugger ../../chip_debugger" in  5.438866s wall, 3.031250s user + 0.046875s system = 3.078125s CPU (56.6%)

RUN-1004 : used memory is 327 MB, reserved memory is 344 MB, peak memory is 327 MB
RUN-1002 : start command "place"
RUN-1001 : Open license file D:/Anlogic/TD_6.2.1_Engineer_6.2.168.116/license/Anlogic.lic
PHY-3001 : Placer runs in 12 thread(s) with high effort.
PHY-1001 : Stage 1 | Initialize Design
PHY-1001 : Stage 1.1 | Build Design
PHY-1001 : 5325 luts, 5474 seqs, 909 mslices, 493 lslices, 89 pads, 37 brams, 9 dsps
RUN-1002 : start command "legalize_phy_inst"
SYN-1011 : Flatten model UDP_Example_Top
PHY-1001 : Remove keep and sweep redundant instances ...
PHY-1001 : 5229 luts, 5325 seqs, 893 mslices, 477 lslices, 89 pads, 37 brams, 9 dsps
PHY-1001 : End Stage 1.1 | Build Design; Time: 0.063262s wall, 0.046875s user + 0.000000s system = 0.046875s CPU (74.1%); Memory(MB): used = 327, reserved = 344, peak = 327;

PHY-1001 : Stage 1.2 | Optimize Design
OPT-1001 : Stage 1.2.1 | Simplify Lut
OPT-1001 : End Stage 1.2.1 | Simplify Lut; Time: 0.017658s wall, 0.031250s user + 0.000000s system = 0.031250s CPU (177.0%); Memory(MB): used = 328, reserved = 344, peak = 328;

OPT-1001 : Stage 1.2.2 | Sweep
OPT-1001 : End Stage 1.2.2 | Sweep; Time: 0.004830s wall, 0.000000s user + 0.000000s system = 0.000000s CPU (n/a%); Memory(MB): used = 328, reserved = 344, peak = 328;

OPT-1001 : Stage 1.2.3 | Synthesize High-fanout Net
OPT-1001 : Current memory(MB): used = 328, reserved = 344, peak = 328.
OPT-1001 : End Stage 1.2.3 | Synthesize High-fanout Net; Time: 0.000027s wall, 0.000000s user + 0.000000s system = 0.000000s CPU (n/a%); Memory(MB): used = 328, reserved = 344, peak = 328;

OPT-1001 : End physical optimization;  0.022670s wall, 0.031250s user + 0.000000s system = 0.031250s CPU (137.8%)

PHY-1001 : End Stage 1.2 | Optimize Design; Time: 0.022744s wall, 0.031250s user + 0.000000s system = 0.031250s CPU (137.4%); Memory(MB): used = 328, reserved = 344, peak = 328;

PHY-1001 : Stage 1.3 | Initialize Clock
SYN-4016 : Net t3_sdram/u0_clk/clk0_out driven by BUFG (0 clock/control pins, 1 other pins).
SYN-4016 : Net u4_trimac_block/rx_clk driven by BUFG (370 clock/control pins, 0 other pins).
SYN-4016 : Net temac_clk driven by BUFG (0 clock/control pins, 1 other pins).
SYN-4016 : Net u_ov5640_dri/u_i2c_dr/clk driven by BUFG (11 clock/control pins, 2 other pins).
SYN-4016 : Net u_rx_pll/clk0_out driven by BUFG (0 clock/control pins, 1 other pins).
SYN-4027 : Net t3_sdram/u1_app_wrrd/clk is clkc1 of pll t3_sdram/u0_clk/pll_inst.
SYN-4027 : Net t3_sdram/u2_ram/SDRAM_CLK is clkc2 of pll t3_sdram/u0_clk/pll_inst.
SYN-4019 : Net u_ov5640_dri/u_i2c_dr/clk is refclk of pll t3_sdram/u0_clk/pll_inst.
SYN-4020 : Net u_ov5640_dri/u_i2c_dr/clk is fbclk of pll t3_sdram/u0_clk/pll_inst.
SYN-4027 : Net udp_clk is clkc1 of pll u_clk_gen/u_pll_0/pll_inst.
SYN-4027 : Net temac_clk90 is clkc4 of pll u_clk_gen/u_pll_0/pll_inst.
SYN-4019 : Net clk_50_dup_1 is refclk of pll u_clk_gen/u_pll_0/pll_inst.
SYN-4020 : Net clk_50_dup_1 is fbclk of pll u_clk_gen/u_pll_0/pll_inst.
SYN-4019 : Net clk_50_dup_1 is refclk of pll u_pll_50/pll_inst.
SYN-4020 : Net clk_50_dup_1 is fbclk of pll u_pll_50/pll_inst.
SYN-4019 : Net auto_created_cwc1/wrapper_cwc_top/U_cwc_ram/clka is refclk of pll u_rx_pll/pll_inst.
SYN-4020 : Net auto_created_cwc1/wrapper_cwc_top/U_cwc_ram/clka is fbclk of pll u_rx_pll/pll_inst.
SYN-4024 : Net "cwc_jtck" drives clk pins.
SYN-4024 : Net "t3_sdram/u1_app_wrrd/u_wr_fifo_sdr_data/clkw" drives clk pins.
SYN-4024 : Net "u_ov5640_dri/u_i2c_dr/dri_clk" drives clk pins.
SYN-4025 : Tag rtl::Net auto_created_cwc1/wrapper_cwc_top/U_cwc_ram/clka as clock net
SYN-4025 : Tag rtl::Net clk_50_dup_1 as clock net
SYN-4025 : Tag rtl::Net cwc_jtck as clock net
SYN-4025 : Tag rtl::Net t3_sdram/u0_clk/clk0_out as clock net
SYN-4025 : Tag rtl::Net t3_sdram/u1_app_wrrd/clk as clock net
SYN-4025 : Tag rtl::Net t3_sdram/u1_app_wrrd/u_wr_fifo_sdr_data/clkw as clock net
SYN-4025 : Tag rtl::Net t3_sdram/u2_ram/SDRAM_CLK as clock net
SYN-4025 : Tag rtl::Net temac_clk as clock net
SYN-4025 : Tag rtl::Net temac_clk90 as clock net
SYN-4025 : Tag rtl::Net u4_trimac_block/rx_clk as clock net
SYN-4025 : Tag rtl::Net u_ov5640_dri/u_i2c_dr/clk as clock net
SYN-4025 : Tag rtl::Net u_ov5640_dri/u_i2c_dr/dri_clk as clock net
SYN-4025 : Tag rtl::Net u_rx_pll/clk0_out as clock net
SYN-4025 : Tag rtl::Net udp_clk as clock net
SYN-4026 : Tagged 14 rtl::Net as clock net
SYN-4015 : Create BUFG instance for clk Net cwc_jtck to drive 389 clock pins.
SYN-4015 : Create BUFG instance for clk Net t3_sdram/u1_app_wrrd/u_wr_fifo_sdr_data/clkw to drive 136 clock pins.
SYN-4015 : Create BUFG instance for clk Net u_ov5640_dri/u_i2c_dr/dri_clk to drive 65 clock pins.
PHY-1001 : Populate physical database on model UDP_Example_Top.
RUN-1001 : There are total 12076 instances
RUN-0007 : 5227 luts, 5325 seqs, 893 mslices, 477 lslices, 89 pads, 37 brams, 9 dsps
RUN-1001 : There are total 14097 nets
RUN-1001 : 10046 nets have 2 pins
RUN-1001 : 3087 nets have [3 - 5] pins
RUN-1001 : 521 nets have [6 - 10] pins
RUN-1001 : 307 nets have [11 - 20] pins
RUN-1001 : 113 nets have [21 - 99] pins
RUN-1001 : 23 nets have 100+ pins
PHY-1001 : End Stage 1.3 | Initialize Clock; Time: 0.024952s wall, 0.000000s user + 0.015625s system = 0.015625s CPU (62.6%); Memory(MB): used = 340, reserved = 344, peak = 340;

PHY-1001 : End Stage 1 | Initialize Design; Time: 0.121588s wall, 0.093750s user + 0.015625s system = 0.109375s CPU (90.0%); Memory(MB): used = 340, reserved = 344, peak = 340;

PHY-1001 : Stage 2 | Global Placement
RUN-1001 : Report Control nets information:
RUN-1001 : DFF Distribution
RUN-1001 : -------------------------------------
RUN-1001 :   CE   |  SSR  |  ASR  |  DFF Count  
RUN-1001 : -------------------------------------
RUN-1001 :   No   |  No   |  No   |     876     
RUN-1001 :   No   |  No   |  Yes  |    1107     
RUN-1001 :   No   |  Yes  |  No   |     81      
RUN-1001 :   Yes  |  No   |  No   |     204     
RUN-1001 :   Yes  |  No   |  Yes  |    2586     
RUN-1001 :   Yes  |  Yes  |  No   |     471     
RUN-1001 : -------------------------------------
RUN-1001 : Control Group Statistic
RUN-1001 : -----------------------------
RUN-1001 :   #CLK  |  #CE  |  #SSR/ASR  
RUN-1001 : -----------------------------
RUN-1001 :    9    |  151  |     22     
RUN-1001 : -----------------------------
RUN-0007 : Control Set = 181
PHY-1001 : Stage 2.1 | Place Fixed Instances
PHY-1001 : End Stage 2.1 | Place Fixed Instances; Time: 0.042738s wall, 0.046875s user + 0.000000s system = 0.046875s CPU (109.7%); Memory(MB): used = 350, reserved = 344, peak = 350;

PHY-1001 : Stage 2.2 | Pre-Place DRC Check
PHY-1001 : Stage 2.2.1 | Force Route Constraint Check
PHY-1001 : Check Pass.
PHY-1001 : End Stage 2.2.1 | Force Route Constraint Check; Time: 0.000611s wall, 0.000000s user + 0.000000s system = 0.000000s CPU (n/a%); Memory(MB): used = 350, reserved = 344, peak = 350;

PHY-1001 : End Stage 2.2 | Pre-Place DRC Check; Time: 0.000640s wall, 0.000000s user + 0.000000s system = 0.000000s CPU (n/a%); Memory(MB): used = 350, reserved = 344, peak = 350;

PHY-1001 : Stage 2.3 | Global Placement Step 1
PHY-3001 : Target density is 40%
PHY-1001 : Stage 2.3.1 | Update Timing
RUN-1002 : start command "start_timer"
PHY-1001 : SWNS: -49164, STNS: -891857, FEP: 593
PHY-1001 : End Stage 2.3.1 | Update Timing; Time: 1.113322s wall, 1.078125s user + 0.015625s system = 1.093750s CPU (98.2%); Memory(MB): used = 371, reserved = 363, peak = 371;

PHY-0007 : Cell area utilization is 40%
RUN-1001 : Huge Net Statistic
RUN-1001 : ---------------------------------------------
RUN-1001 :   Fanout  |  Slack  |          Net           
RUN-1001 : ---------------------------------------------
RUN-1001 :    2861   |  1215   |  u7_rx_fifo/wr_sreset  
RUN-1001 : ---------------------------------------------
PHY-3001 : Clustering ...
PHY-3001 : End clustering;  0.039256s wall, 0.046875s user + 0.000000s system = 0.046875s CPU (119.4%)

PHY-3001 : Target density is 40%
PHY-1001 : Stage 2.3.2 | GP Iteration
PHY-1001 : End Stage 2.3.2 | GP Iteration; Time: 0.840136s wall, 2.218750s user + 1.453125s system = 3.671875s CPU (437.1%); Memory(MB): used = 375, reserved = 366, peak = 375;

PHY-3001 : Multithread accelerating rate: 4.20
TMR-2502 : Net delay update with mode: Placed
PHY-3001 : No need to merge 9x9 Dsps.
PHY-1001 : Populate physical database on model UDP_Example_Top.
PHY-1001 : End Stage 2.3 | Global Placement Step 1; Time: 2.827364s wall, 4.093750s user + 1.531250s system = 5.625000s CPU (198.9%); Memory(MB): used = 377, reserved = 367, peak = 377;

PHY-1001 : Stage 2.4 | RAM/DSP Legalization and Detailed Placement
PHY-1001 : Stage 2.4.1 | Legalization
PHY-3001 : Before Legalized: Len = 308091
PHY-3001 : After Legalized: Len = 334237, Over = 32.2812
PHY-1001 : End Stage 2.4.1 | Legalization; Time: 0.705178s wall, 0.671875s user + 0.015625s system = 0.687500s CPU (97.5%); Memory(MB): used = 377, reserved = 367, peak = 377;

PHY-1001 : End Stage 2.4 | RAM/DSP Legalization and Detailed Placement; Time: 0.705400s wall, 0.671875s user + 0.015625s system = 0.687500s CPU (97.5%); Memory(MB): used = 377, reserved = 367, peak = 377;

PHY-1001 : Stage 2.5 | Global Placement Step 2
PHY-3001 : Target density is 47%
PHY-1001 : Stage 2.5.1 | Update Timing
PHY-1001 : SWNS: -40589, STNS: -750171, FEP: 99
PHY-1001 : End Stage 2.5.1 | Update Timing; Time: 0.055542s wall, 0.062500s user + 0.000000s system = 0.062500s CPU (112.5%); Memory(MB): used = 377, reserved = 367, peak = 377;

PHY-1001 : Stage 2.5.2 | Refresh Congestion
RUN-1001 : Generating global routing grids ...
RUN-1001 : Building simple global routing graph ...
PHY-1001 : Generate routing nets ...
PHY-1001 : Reuse net number 0/5746.
PHY-1001 : Global iterations in 12 thread ...
PHY-1002 : len = 383496, over cnt = 1082(3%), over = 5752, worst = 28
PHY-1001 : End global iterations;  0.242177s wall, 0.281250s user + 0.031250s system = 0.312500s CPU (129.0%)

PHY-1001 : Congestion index:
PHY-1001 : top1  = 74.21(S 133.97, N 129.29, E 98.28, W 68.58, I 0.00, O 0.00)
PHY-1001 : top5  = 52.83(S 82.15, N 87.74, E 67.00, W 44.88, I 0.00, O 0.00)
PHY-1001 : top10 = 43.32(S 63.07, N 67.95, E 53.42, W 34.61, I 0.00, O 0.00)
PHY-1001 : top15 = 37.37(S 52.21, N 56.41, E 45.05, W 28.91, I 0.00, O 0.00)
PHY-1001 : End Stage 2.5.2 | Refresh Congestion; Time: 0.324052s wall, 0.359375s user + 0.031250s system = 0.390625s CPU (120.5%); Memory(MB): used = 415, reserved = 406, peak = 415;

PHY-1001 : Stage 2.5.3 | GP Iteration
PHY-1001 : End Stage 2.5.3 | GP Iteration; Time: 0.926099s wall, 5.281250s user + 0.578125s system = 5.859375s CPU (632.7%); Memory(MB): used = 416, reserved = 406, peak = 416;

PHY-3001 : Multithread accelerating rate: 6.31
PHY-1001 : End Stage 2.5 | Global Placement Step 2; Time: 2.077251s wall, 6.484375s user + 0.609375s system = 7.093750s CPU (341.5%); Memory(MB): used = 417, reserved = 408, peak = 417;

PHY-1001 : Stage 2.6 | RAM/DSP Detailed Placement
PHY-1001 : End Stage 2.6 | RAM/DSP Detailed Placement; Time: 0.004570s wall, 0.000000s user + 0.000000s system = 0.000000s CPU (n/a%); Memory(MB): used = 417, reserved = 408, peak = 417;

PHY-1001 : Stage 2.7 | Optimize Design
OPT-1001 : Start physical optimization ...
OPT-1001 : Total overflow 389.66 peak overflow 2.88
OPT-1001 : Stage 2.7.1 | Synthesize High-fanout Net
OPT-1001 : Start high-fanout net optimization in pre-pack flow with high effort ...
OPT-1001 : Update timing in Manhattan mode
OPT-1001 : End timing update;  0.670709s wall, 0.640625s user + 0.000000s system = 0.640625s CPU (95.5%)

OPT-1001 : Start: SWNS -35686 STNS -696092 NUM_FEPS 98
OPT-1001 : Total overflow 389.66 peak overflow 2.88
PHY-1001 : Populate physical database on model UDP_Example_Top.
OPT-1001 : 16 high-fanout net processed.
PHY-3001 : Start incremental placement ...
PHY-1001 : Populate physical database on model UDP_Example_Top.
PHY-3001 : Target density is 48%
PHY-3001 : Target density is 48%
PHY-1001 : Stage 2.7.1.1 | Update Timing
PHY-1001 : SWNS: -35586, STNS: -689120, FEP: 92
PHY-1001 : End Stage 2.7.1.1 | Update Timing; Time: 0.075999s wall, 0.078125s user + 0.000000s system = 0.078125s CPU (102.8%); Memory(MB): used = 420, reserved = 411, peak = 420;

PHY-1001 : Stage 2.7.1.2 | Refresh Congestion
RUN-1001 : Generating global routing grids ...
PHY-1001 : Generate routing nets ...
PHY-1001 : Reuse net number 98/11419.
PHY-1001 : Global iterations in 12 thread ...
PHY-1002 : len = 469000, over cnt = 1901(5%), over = 6650, worst = 26
PHY-1001 : End global iterations;  0.389471s wall, 0.656250s user + 0.031250s system = 0.687500s CPU (176.5%)

PHY-1001 : Congestion index:
PHY-1001 : top1  = 65.79(S 119.40, N 121.47, E 97.93, W 70.15, I 0.00, O 0.00)
PHY-1001 : top5  = 49.70(S 74.73, N 75.24, E 68.07, W 52.49, I 0.00, O 0.00)
PHY-1001 : top10 = 42.84(S 60.22, N 59.48, E 56.56, W 44.47, I 0.00, O 0.00)
PHY-1001 : top15 = 38.94(S 52.24, N 51.05, E 50.18, W 39.59, I 0.00, O 0.00)
PHY-1001 : End Stage 2.7.1.2 | Refresh Congestion; Time: 0.473724s wall, 0.734375s user + 0.031250s system = 0.765625s CPU (161.6%); Memory(MB): used = 427, reserved = 417, peak = 427;

PHY-1001 : Stage 2.7.1.3 | GP Iteration
PHY-1001 : End Stage 2.7.1.3 | GP Iteration; Time: 0.507079s wall, 2.421875s user + 0.218750s system = 2.640625s CPU (520.8%); Memory(MB): used = 428, reserved = 418, peak = 428;

PHY-3001 : Multithread accelerating rate: 5.19
PHY-3001 : Final: Len = 351893, Over = 87.0312
PHY-3001 : End incremental placement;  1.176522s wall, 3.343750s user + 0.250000s system = 3.593750s CPU (305.5%)

OPT-1001 : Total overflow 399.75 peak overflow 3.75
RUN-1001 : HFN opt statistic
RUN-1001 : ------------------------------------------------------
RUN-1001 :   DriverCell type  |  HFN count  |  Duplicated count  
RUN-1001 : ------------------------------------------------------
RUN-1001 :         REG        |     11      |         64         
RUN-1001 :        LUT6        |      0      |         0          
RUN-1001 :        LUT5        |      0      |         0          
RUN-1001 :        LUT4        |      3      |         9          
RUN-1001 :        LUT3        |      1      |         79         
RUN-1001 :        LUT2        |      1      |         10         
RUN-1001 :        TOTAL       |     16      |        162         
RUN-1001 : ------------------------------------------------------
OPT-1001 : End high-fanout net optimization;  2.979769s wall, 5.078125s user + 0.265625s system = 5.343750s CPU (179.3%)

OPT-1001 : Update timing in Manhattan mode
OPT-1001 : End timing update;  0.806409s wall, 0.781250s user + 0.015625s system = 0.796875s CPU (98.8%)

OPT-1001 : Current memory(MB): used = 428, reserved = 418, peak = 428.
OPT-1001 : End Stage 2.7.1 | Synthesize High-fanout Net; Time: 3.867351s wall, 5.937500s user + 0.281250s system = 6.218750s CPU (160.8%); Memory(MB): used = 428, reserved = 418, peak = 428;

OPT-1001 : Stage 2.7.2 | Optimize Bottleneck
OPT-1001 : Start bottleneck based optimization ...
OPT-0007 : Start: SWNS -34429 STNS -675809 NUM_FEPS 91
OPT-1001 : Start congestion update ...
RUN-1001 : Generating global routing grids ...
PHY-1001 : Generate routing nets ...
PHY-1001 : Reuse net number 1536/10999.
PHY-1001 : Global iterations in 12 thread ...
PHY-1002 : len = 432056, over cnt = 1524(4%), over = 3640, worst = 12
PHY-1002 : len = 458368, over cnt = 1094(3%), over = 2025, worst = 12
PHY-1002 : len = 479712, over cnt = 417(1%), over = 736, worst = 8
PHY-1002 : len = 490080, over cnt = 103(0%), over = 168, worst = 7
PHY-1002 : len = 493496, over cnt = 0(0%), over = 0, worst = 0
PHY-1001 : End global iterations;  0.989985s wall, 1.015625s user + 0.015625s system = 1.031250s CPU (104.2%)

PHY-1001 : Congestion index:
PHY-1001 : top1  = 48.77(S 66.64, N 63.86, E 65.04, W 54.85, I 0.00, O 0.00)
PHY-1001 : top5  = 40.65(S 52.48, N 50.92, E 52.71, W 45.28, I 0.00, O 0.00)
PHY-1001 : top10 = 37.08(S 46.36, N 44.70, E 46.81, W 40.14, I 0.00, O 0.00)
PHY-1001 : top15 = 34.73(S 42.59, N 40.75, E 43.05, W 36.48, I 0.00, O 0.00)
OPT-1001 : End congestion update;  1.145159s wall, 1.156250s user + 0.015625s system = 1.171875s CPU (102.3%)

OPT-6001 CRITICAL-WARNING: Abort timing optimization due to too bad SWNS.
OPT-1001 : Current memory(MB): used = 428, reserved = 418, peak = 428.
OPT-1001 : End Stage 2.7.2 | Optimize Bottleneck; Time: 1.233130s wall, 1.250000s user + 0.015625s system = 1.265625s CPU (102.6%); Memory(MB): used = 428, reserved = 418, peak = 428;

OPT-1001 : Stage 2.7.3 | Optimize Path
OPT-1001 : Start path based optimization ...
OPT-0007 : Start: SWNS -34429 STNS -675809 NUM_FEPS 91 with mode 0
OPT-6001 CRITICAL-WARNING: Abort timing optimization due to too bad SWNS.
OPT-1001 : Current memory(MB): used = 428, reserved = 418, peak = 428.
OPT-1001 : End Stage 2.7.3 | Optimize Path; Time: 0.099684s wall, 0.093750s user + 0.000000s system = 0.093750s CPU (94.0%); Memory(MB): used = 428, reserved = 418, peak = 428;

OPT-0007 : End flow prepack: SWNS -34429 STNS -675809 NUM_FEPS 91
OPT-1001 : End physical optimization;  5.218638s wall, 7.421875s user + 0.296875s system = 7.718750s CPU (147.9%)

PHY-1001 : End Stage 2.7 | Optimize Design; Time: 5.218711s wall, 7.421875s user + 0.296875s system = 7.718750s CPU (147.9%); Memory(MB): used = 428, reserved = 418, peak = 428;

PHY-1001 : Stage 2.8 | Place Packing
PHY-1001 : Stage 2.8.1 | Packing
SYN-4007 : Packing 0 MUX to BLE ...
SYN-4008 : Packed 0 MUX and 0 SEQ to BLE.
SYN-4007 : Packing 5325 LUT to BLE ...
SYN-4008 : Packed 5325 LUT and 2671 SEQ to BLE.
SYN-4003 : Packing 2718 remaining SEQ's ...
SYN-4005 : Packed 1506 SEQ with LUT/SLICE
SYN-4006 : 1286 single LUT's are left
SYN-4006 : 1212 single SEQ's are left
SYN-4011 : Packing model "UDP_Example_Top" (AL_USER_NORMAL) with 6537/8061 primitive instances ...
PHY-1001 : Populate physical database on model UDP_Example_Top.
RUN-1001 : There are total 5244 instances
RUN-1001 : 2545 mslices, 2545 lslices, 89 pads, 37 brams, 9 dsps
RUN-1001 : There are total 11700 nets
RUN-1001 : 7413 nets have 2 pins
RUN-1001 : 3141 nets have [3 - 5] pins
RUN-1001 : 586 nets have [6 - 10] pins
RUN-1001 : 350 nets have [11 - 20] pins
RUN-1001 : 202 nets have [21 - 99] pins
RUN-1001 : 8 nets have 100+ pins
PHY-3001 : Target density is 60%
RUN-1002 : start command "start_timer"
USR-1002 : Derived clock:  create_generated_clock -name {u_clk_gen/u_pll_0/pll_inst.clkc[0]} -source [get_ports {clk_50}] -master_clock {clk_in} -multiply_by 2.5000 -duty_cycle 50.0000 [get_pins {u_clk_gen/u_pll_0/pll_inst.clkc[0]}]
USR-1002 : Derived clock:  create_generated_clock -name {u_clk_gen/u_pll_0/pll_inst.clkc[1]} -source [get_ports {clk_50}] -master_clock {clk_in} -multiply_by 2.5000 -duty_cycle 50.0000 [get_pins {u_clk_gen/u_pll_0/pll_inst.clkc[1]}]
USR-1002 : Derived clock:  create_generated_clock -name {u_clk_gen/u_pll_0/pll_inst.clkc[4]} -source [get_ports {clk_50}] -master_clock {clk_in} -multiply_by 2.5000 -phase 90 -duty_cycle 50.0000 [get_pins {u_clk_gen/u_pll_0/pll_inst.clkc[4]}]
USR-1002 : Derived clock:  create_generated_clock -name {u_pll_50/pll_inst.clkc[0]} -source [get_ports {clk_50}] -master_clock {clk_in} -multiply_by 1.0000 -duty_cycle 50.0000 [get_pins {u_pll_50/pll_inst.clkc[0]}]
USR-1002 : Derived clock:  create_generated_clock -name {u_rx_pll/pll_inst.clkc[0]} -source [get_ports {phy1_rgmii_rx_clk}] -master_clock {phy1_rgmii_rx_clk} -multiply_by 1.0000 -duty_cycle 50.0000 [get_pins {u_rx_pll/pll_inst.clkc[0]}]
USR-1002 : Derived clock:  create_generated_clock -name {u_rx_pll/pll_inst.clkc[1]} -source [get_ports {phy1_rgmii_rx_clk}] -master_clock {phy1_rgmii_rx_clk} -multiply_by 1.0000 -duty_cycle 50.0000 [get_pins {u_rx_pll/pll_inst.clkc[1]}]
USR-1002 : Derived clock:  create_generated_clock -name {t3_sdram/u0_clk/pll_inst.clkc[0]} -source [get_pins {u_pll_50/pll_inst.clkc[0]}] -master_clock {u_pll_50/pll_inst.clkc[0]} -divide_by 4.0000 -duty_cycle 50.0000 [get_pins {t3_sdram/u0_clk/pll_inst.clkc[0]}]
USR-1002 : Derived clock:  create_generated_clock -name {t3_sdram/u0_clk/pll_inst.clkc[1]} -source [get_pins {u_pll_50/pll_inst.clkc[0]}] -master_clock {u_pll_50/pll_inst.clkc[0]} -multiply_by 2.5000 -duty_cycle 50.0000 [get_pins {t3_sdram/u0_clk/pll_inst.clkc[1]}]
USR-1002 : Derived clock:  create_generated_clock -name {t3_sdram/u0_clk/pll_inst.clkc[2]} -source [get_pins {u_pll_50/pll_inst.clkc[0]}] -master_clock {u_pll_50/pll_inst.clkc[0]} -multiply_by 2.5000 -phase 180 -duty_cycle 50.0000 [get_pins {t3_sdram/u0_clk/pll_inst.clkc[2]}]
8.000000
USR-8130 CRITICAL-WARNING: No clock match the pattern: u_clk_gen/u_pll_0/pll_inst.clkc\[3\].
USR-8124 CRITICAL-WARNING: Rename_clock: please specify object list.
USR-8159 CRITICAL-WARNING: Command rename_clock -name {pll_inst_25M} [get_clocks {u_clk_gen/u_pll_0/pll_inst.clkc[3]}] in C:/Users/Neko/Documents/FPGA/github_anlu/video640 19fps blue chepau over/UDP_EG4_6.2/source_code/constraints/UDP.sdc(8) fails.
RUN-1003 : finish command "start_timer" in  2.816308s wall, 2.687500s user + 0.109375s system = 2.796875s CPU (99.3%)

RUN-1004 : used memory is 431 MB, reserved memory is 421 MB, peak memory is 431 MB
PHY-1001 : End Stage 2.8.1 | Packing; Time: 4.304293s wall, 4.078125s user + 0.140625s system = 4.218750s CPU (98.0%); Memory(MB): used = 434, reserved = 423, peak = 434;

PHY-1001 : Stage 2.8.2 | Post Pack GP
PHY-3001 : Target density is 59%
PHY-3001 : Cell area utilization is 59%
PHY-3001 : After packing: Len = 358898, Over = 160
PHY-3001 : Target density is 59%
PHY-1001 : Stage 2.8.2.1 | Update Timing
PHY-1001 : SWNS: -32716, STNS: -657074, FEP: 91
PHY-1001 : End Stage 2.8.2.1 | Update Timing; Time: 0.059262s wall, 0.062500s user + 0.000000s system = 0.062500s CPU (105.5%); Memory(MB): used = 435, reserved = 424, peak = 435;

PHY-1001 : Stage 2.8.2.2 | Refresh Congestion
RUN-1001 : Generating global routing grids ...
PHY-1001 : Generate routing nets ...
PHY-1001 : Reuse net number 5101/9387.
PHY-1001 : Global iterations in 12 thread ...
PHY-1002 : len = 471864, over cnt = 939(2%), over = 1547, worst = 7
PHY-1002 : len = 484880, over cnt = 540(1%), over = 749, worst = 7
PHY-1002 : len = 492664, over cnt = 161(0%), over = 206, worst = 6
PHY-1002 : len = 495512, over cnt = 38(0%), over = 48, worst = 4
PHY-1002 : len = 496184, over cnt = 9(0%), over = 9, worst = 1
PHY-1001 : End global iterations;  0.475556s wall, 0.546875s user + 0.000000s system = 0.546875s CPU (115.0%)

PHY-1001 : Congestion index:
PHY-1001 : top1  = 50.19(S 67.50, N 65.54, E 63.36, W 54.20, I 0.00, O 0.00)
PHY-1001 : top5  = 40.99(S 52.70, N 51.86, E 52.18, W 44.86, I 0.00, O 0.00)
PHY-1001 : top10 = 36.84(S 46.11, N 44.92, E 46.42, W 39.40, I 0.00, O 0.00)
PHY-1001 : top15 = 34.27(S 41.80, N 40.37, E 42.71, W 35.54, I 0.00, O 0.00)
PHY-1001 : End Stage 2.8.2.2 | Refresh Congestion; Time: 0.626506s wall, 0.687500s user + 0.000000s system = 0.687500s CPU (109.7%); Memory(MB): used = 437, reserved = 427, peak = 437;

PHY-1001 : Stage 2.8.2.3 | GP Iteration
PHY-1001 : End Stage 2.8.2.3 | GP Iteration; Time: 0.545083s wall, 2.812500s user + 0.093750s system = 2.906250s CPU (533.2%); Memory(MB): used = 437, reserved = 427, peak = 437;

PHY-3001 : Multithread accelerating rate: 5.32
PHY-1001 : End Stage 2.8.2 | Post Pack GP; Time: 1.238181s wall, 3.562500s user + 0.093750s system = 3.656250s CPU (295.3%); Memory(MB): used = 437, reserved = 427, peak = 437;

PHY-1001 : End Stage 2.8 | Place Packing; Time: 5.542637s wall, 7.640625s user + 0.234375s system = 7.875000s CPU (142.1%); Memory(MB): used = 437, reserved = 427, peak = 437;

PHY-1001 : Stage 2.9 | Legalization
PHY-3001 : Before Legalized: Len = 458273
PHY-3001 : After Legalized: Len = 505882, Over = 0
PHY-1001 : End Stage 2.9 | Legalization; Time: 0.013428s wall, 0.000000s user + 0.015625s system = 0.015625s CPU (116.4%); Memory(MB): used = 437, reserved = 427, peak = 437;

PHY-1001 : Stage 2.10 | Global Placement Step 3
PHY-3001 : Target density is 57%
PHY-1001 : Stage 2.10.1 | Update Timing
PHY-1001 : SWNS: -35576, STNS: -688599, FEP: 91
PHY-1001 : End Stage 2.10.1 | Update Timing; Time: 0.664970s wall, 0.656250s user + 0.000000s system = 0.656250s CPU (98.7%); Memory(MB): used = 438, reserved = 428, peak = 438;

PHY-1001 : Stage 2.10.2 | Refresh Congestion
RUN-1001 : Generating global routing grids ...
PHY-1001 : Generate routing nets ...
PHY-1001 : Reuse net number 190/10488.
PHY-1001 : Global iterations in 12 thread ...
PHY-1002 : len = 602144, over cnt = 1385(3%), over = 2486, worst = 8
PHY-1002 : len = 623360, over cnt = 807(2%), over = 1233, worst = 8
PHY-1002 : len = 635168, over cnt = 372(1%), over = 541, worst = 8
PHY-1002 : len = 640320, over cnt = 151(0%), over = 222, worst = 6
PHY-1002 : len = 645272, over cnt = 0(0%), over = 0, worst = 0
PHY-1001 : End global iterations;  0.873038s wall, 1.046875s user + 0.000000s system = 1.046875s CPU (119.9%)

PHY-1001 : Congestion index:
PHY-1001 : top1  = 50.66(S 67.41, N 65.26, E 62.55, W 53.75, I 0.00, O 0.00)
PHY-1001 : top5  = 43.97(S 55.87, N 56.43, E 52.82, W 45.44, I 0.00, O 0.00)
PHY-1001 : top10 = 40.18(S 50.06, N 51.16, E 47.38, W 40.69, I 0.00, O 0.00)
PHY-1001 : top15 = 37.70(S 46.44, N 47.49, E 43.85, W 37.50, I 0.00, O 0.00)
PHY-1001 : End Stage 2.10.2 | Refresh Congestion; Time: 1.031024s wall, 1.203125s user + 0.000000s system = 1.203125s CPU (116.7%); Memory(MB): used = 447, reserved = 437, peak = 447;

PHY-1001 : Stage 2.10.3 | GP Iteration
PHY-1001 : End Stage 2.10.3 | GP Iteration; Time: 0.122438s wall, 0.750000s user + 0.046875s system = 0.796875s CPU (650.8%); Memory(MB): used = 447, reserved = 437, peak = 447;

PHY-3001 : Multithread accelerating rate: 6.40
PHY-1001 : End Stage 2.10 | Global Placement Step 3; Time: 1.839076s wall, 2.640625s user + 0.046875s system = 2.687500s CPU (146.1%); Memory(MB): used = 447, reserved = 437, peak = 447;

PHY-1001 : Stage 2.11 | Final Legalization
PHY-3001 : Before Legalized: Len = 431215
PHY-3001 : After Legalized: Len = 448283, Over = 0
PHY-1001 : End Stage 2.11 | Final Legalization; Time: 0.009877s wall, 0.000000s user + 0.000000s system = 0.000000s CPU (n/a%); Memory(MB): used = 447, reserved = 437, peak = 447;

PHY-1001 : End Stage 2 | Global Placement; Time: 18.303950s wall, 29.015625s user + 2.750000s system = 31.765625s CPU (173.5%); Memory(MB): used = 447, reserved = 437, peak = 447;

PHY-1001 : Stage 3 | Detailed Placement
PHY-1001 : Stage 3.1 | SLICE Detailed Placement
PHY-1001 : Stage 3.1.1 | Spreading
PHY-3001 : Spreading special nets. 153 overflows in 2952 tiles.
PHY-3001 : End spreading;  0.025197s wall, 0.031250s user + 0.000000s system = 0.031250s CPU (124.0%)

PHY-1001 : End Stage 3.1.1 | Spreading; Time: 0.025233s wall, 0.031250s user + 0.000000s system = 0.031250s CPU (123.8%); Memory(MB): used = 448, reserved = 438, peak = 448;

PHY-3001 : Final: Len = 451495, Over = 0
PHY-1001 : End Stage 3.1 | SLICE Detailed Placement; Time: 0.732007s wall, 0.703125s user + 0.000000s system = 0.703125s CPU (96.1%); Memory(MB): used = 448, reserved = 438, peak = 448;

PHY-3001 : End Detailed Place; 
PHY-1001 : Stage 3.2 | Optimize Design
OPT-1001 : Start physical optimization ...
OPT-1001 : Total overflow 0.00 peak overflow 0.00
OPT-1001 : Stage 3.2.1 | Physical Optimization
OPT-1001 : Start high-fanout net optimization in optimize equivalent flow with high effort ...
OPT-1001 : Clean unloaded insts before merging registers
PHY-1001 : Populate physical database on model UDP_Example_Top.
PHY-1001 : Populate physical database on model UDP_Example_Top.
OPT-1001 : Total overflow 0.00 peak overflow 0.00
OPT-1001 : End optimize duplicated nets. Total 60 instances are merged and 1745 sinks are reconnected,  0.097553s wall, 0.093750s user + 0.000000s system = 0.093750s CPU (96.1%)

OPT-1001 : End high-fanout net optimization;  0.098055s wall, 0.093750s user + 0.000000s system = 0.093750s CPU (95.6%)

OPT-1001 : Update timing in Manhattan mode
RUN-1002 : start command "start_timer"
OPT-1001 : End timing update;  1.147995s wall, 1.156250s user + 0.000000s system = 1.156250s CPU (100.7%)

OPT-1001 : Current memory(MB): used = 448, reserved = 438, peak = 448.
OPT-1001 : End Stage 3.2.1 | Physical Optimization; Time: 1.309160s wall, 1.312500s user + 0.000000s system = 1.312500s CPU (100.3%); Memory(MB): used = 448, reserved = 438, peak = 448;

OPT-1001 : Stage 3.2.2 | Synthesize High-fanout Net
OPT-1001 : Start high-fanout net optimization in post-pack flow with high effort ...
OPT-1001 : Start: SWNS -34468 STNS -676214 NUM_FEPS 91
OPT-1001 : Total overflow 0.00 peak overflow 0.00
PHY-1001 : Populate physical database on model UDP_Example_Top.
OPT-1001 : 6 high-fanout net processed.
OPT-1001 : Total overflow 0.00 peak overflow 0.00
RUN-1001 : HFN opt statistic
RUN-1001 : ------------------------------------------------------
RUN-1001 :   DriverCell type  |  HFN count  |  Duplicated count  
RUN-1001 : ------------------------------------------------------
RUN-1001 :       LSLICE       |      0      |         0          
RUN-1001 :       MSLICE       |      0      |         0          
RUN-1001 :        OTHER       |      6      |         25         
RUN-1001 :        TOTAL       |      6      |         25         
RUN-1001 : ------------------------------------------------------
OPT-1001 : End high-fanout net optimization;  0.467185s wall, 0.468750s user + 0.000000s system = 0.468750s CPU (100.3%)

OPT-1001 : Current memory(MB): used = 448, reserved = 438, peak = 448.
OPT-1001 : End Stage 3.2.2 | Synthesize High-fanout Net; Time: 0.540770s wall, 0.531250s user + 0.000000s system = 0.531250s CPU (98.2%); Memory(MB): used = 448, reserved = 438, peak = 448;

OPT-1001 : Stage 3.2.3 | Optimize Bottleneck
OPT-1001 : Start bottleneck based optimization ...
OPT-0007 : Start: SWNS -34368 STNS -675414 NUM_FEPS 91
OPT-1001 : Start congestion update ...
RUN-1001 : Generating global routing grids ...
PHY-1001 : Generate routing nets ...
PHY-1001 : Reuse net number 2503/10264.
PHY-1001 : Global iterations in 12 thread ...
PHY-1002 : len = 556824, over cnt = 1200(3%), over = 2116, worst = 8
PHY-1002 : len = 573280, over cnt = 721(2%), over = 1090, worst = 8
PHY-1002 : len = 586752, over cnt = 140(0%), over = 216, worst = 8
PHY-1002 : len = 588824, over cnt = 44(0%), over = 55, worst = 3
PHY-1002 : len = 589800, over cnt = 0(0%), over = 0, worst = 0
PHY-1001 : End global iterations;  0.777459s wall, 0.937500s user + 0.015625s system = 0.953125s CPU (122.6%)

PHY-1001 : Congestion index:
PHY-1001 : top1  = 47.66(S 65.52, N 63.56, E 60.65, W 53.15, I 0.00, O 0.00)
PHY-1001 : top5  = 40.97(S 53.20, N 53.44, E 51.44, W 43.99, I 0.00, O 0.00)
PHY-1001 : top10 = 37.38(S 47.44, N 47.70, E 45.96, W 38.90, I 0.00, O 0.00)
PHY-1001 : top15 = 35.11(S 43.71, N 44.16, E 42.47, W 35.78, I 0.00, O 0.00)
OPT-1001 : End congestion update;  0.965443s wall, 1.109375s user + 0.031250s system = 1.140625s CPU (118.1%)

OPT-6001 CRITICAL-WARNING: Abort timing optimization due to too bad SWNS.
OPT-1001 : Current memory(MB): used = 448, reserved = 438, peak = 448.
OPT-1001 : End Stage 3.2.3 | Optimize Bottleneck; Time: 1.051990s wall, 1.203125s user + 0.031250s system = 1.234375s CPU (117.3%); Memory(MB): used = 448, reserved = 438, peak = 448;

OPT-1001 : Stage 3.2.4 | Optimize Path
OPT-1001 : Start path based optimization ...
OPT-0007 : Start: SWNS -34368 STNS -675414 NUM_FEPS 91 with mode 0
OPT-6001 CRITICAL-WARNING: Abort timing optimization due to too bad SWNS.
OPT-1001 : Current memory(MB): used = 448, reserved = 438, peak = 448.
OPT-1001 : End Stage 3.2.4 | Optimize Path; Time: 0.080394s wall, 0.078125s user + 0.000000s system = 0.078125s CPU (97.2%); Memory(MB): used = 448, reserved = 438, peak = 448;

OPT-1001 : Stage 3.2.5 | Aggressive Optimization
OPT-1001 : End Stage 3.2.5 | Aggressive Optimization; Time: 0.068062s wall, 0.062500s user + 0.000000s system = 0.062500s CPU (91.8%); Memory(MB): used = 448, reserved = 438, peak = 448;

OPT-1001 : Stage 3.2.6 | Optimize Duplicated Nets
OPT-1001 : Start: WNS -34368 TNS -675414 NUM_FEPS 91
OPT-1001 : Clean unloaded insts before merging registers
PHY-1001 : Populate physical database on model UDP_Example_Top.
PHY-1001 : Populate physical database on model UDP_Example_Top.
OPT-1001 : Total overflow 0.00 peak overflow 0.00
OPT-1001 : End optimize duplicated nets. Total 5 instances are merged and 433 sinks are reconnected,  0.244030s wall, 0.250000s user + 0.000000s system = 0.250000s CPU (102.4%)

OPT-1001 : Update timing in Manhattan mode
RUN-1002 : start command "start_timer"
OPT-1001 : End timing update;  1.247653s wall, 1.234375s user + 0.015625s system = 1.250000s CPU (100.2%)

OPT-1001 : Current memory(MB): used = 448, reserved = 438, peak = 448.
OPT-1001 : End Stage 3.2.6 | Optimize Duplicated Nets; Time: 1.579637s wall, 1.562500s user + 0.015625s system = 1.578125s CPU (99.9%); Memory(MB): used = 448, reserved = 438, peak = 448;

OPT-1001 : Stage 3.2.7 | Swap Pins
OPT-1001 : Start pin optimization...
OPT-1001 : skip pin optimization...
OPT-1001 : Current memory(MB): used = 448, reserved = 438, peak = 448.
OPT-1001 : End Stage 3.2.7 | Swap Pins; Time: 0.084651s wall, 0.093750s user + 0.000000s system = 0.093750s CPU (110.7%); Memory(MB): used = 448, reserved = 438, peak = 448;

OPT-0007 : End flow postpack: SWNS -34368 STNS -675414 NUM_FEPS 91
RUN-1001 : Generating global routing grids ...
PHY-1001 : Generate routing nets ...
PHY-1001 : Reuse net number 10247/10257.
PHY-1001 : Global iterations in 12 thread ...
PHY-1002 : len = 588328, over cnt = 31(0%), over = 32, worst = 2
PHY-1002 : len = 588440, over cnt = 21(0%), over = 21, worst = 1
PHY-1002 : len = 588616, over cnt = 0(0%), over = 0, worst = 0
PHY-1001 : End global iterations;  0.107584s wall, 0.125000s user + 0.000000s system = 0.125000s CPU (116.2%)

PHY-1001 : Congestion index:
PHY-1001 : top1  = 47.70(S 65.43, N 63.66, E 60.47, W 53.23, I 0.00, O 0.00)
PHY-1001 : top5  = 40.96(S 53.20, N 53.43, E 51.29, W 44.16, I 0.00, O 0.00)
PHY-1001 : top10 = 37.38(S 47.38, N 47.69, E 45.85, W 39.01, I 0.00, O 0.00)
PHY-1001 : top15 = 35.10(S 43.64, N 44.11, E 42.42, W 35.86, I 0.00, O 0.00)
RUN-1001 : QoR Analysis:
OPT-0007 :   SWNS -34368 STNS -675414 NUM_FEPS 91
RUN-1001 :   No local congestion issue, and most congested 1% tile average routing util is 47.241379
RUN-1001 :   Top critical paths
RUN-1001 :       #1 path slack -34368ps with too many logic level 50 
RUN-1001 :       #2 path slack -34324ps with too many logic level 50 
RUN-1001 :       #3 path slack -34324ps with too many logic level 50 
RUN-1001 :       #4 path slack -34280ps with too many logic level 50 
OPT-1002 :   please consider adjusting synthesis strategy to reduce the large logic level of these critical paths
RUN-1001 :   0 HFN exist on timing critical paths out of 11656 nets
RUN-1001 :   0 long nets exist on timing critical paths out of 11656 nets
OPT-1001 : End physical optimization;  5.112137s wall, 5.250000s user + 0.046875s system = 5.296875s CPU (103.6%)

PHY-1001 : End Stage 3.2 | Optimize Design; Time: 5.112216s wall, 5.250000s user + 0.046875s system = 5.296875s CPU (103.6%); Memory(MB): used = 449, reserved = 438, peak = 449;

PHY-1001 : End Stage 3 | Detailed Placement; Time: 5.851263s wall, 5.953125s user + 0.046875s system = 6.000000s CPU (102.5%); Memory(MB): used = 449, reserved = 438, peak = 449;

PHY-1001 : Stage 4 | Optimize Design
PHY-3001 : Start incremental legalization ...
PHY-1001 : Populate physical database on model UDP_Example_Top.
PHY-7002 CRITICAL-WARNING: Instance t3_sdram/sdram location (12, 12) is not honored. Cell's initial location is not legal at the beginning of ECO placement, and will be moved during placement. Please verify user location constraints through the adc file.
PHY-3001 : Target density is 52%
PHY-3001 : Target density is 59%
PHY-3001 : Initial: Len = 449911, Over = 0
PHY-1001 : Stage 4.1 | Spreading
PHY-3001 : End spreading;  0.023763s wall, 0.015625s user + 0.000000s system = 0.015625s CPU (65.8%)

PHY-1001 : End Stage 4.1 | Spreading; Time: 0.023858s wall, 0.015625s user + 0.000000s system = 0.015625s CPU (65.5%); Memory(MB): used = 449, reserved = 438, peak = 449;

PHY-3001 : Final: Len = 449911, Over = 0
PHY-3001 : End incremental legalization;  0.122187s wall, 0.109375s user + 0.000000s system = 0.109375s CPU (89.5%)

RUN-1002 : start command "report_qor -step place -file place.qor"
RUN-1001 : Generating global routing grids ...
-----------------------------------------------------------
| QoR metrics               |         value               |
-----------------------------------------------------------
| Timing                    |                             |
|     Setup WNS             |       -34368                |
|     Setup TNS             |      -675414                |
|     Num of violated S-EP  |           91                |
|     FMAX                  |    23.603MHz                |
|     SWNS path clock period |       8000ps                |
|     Hold WNS              |          -61                |
|     Hold TNS              |         -404                |
|     Num of violated H-EP  |           14                |
-----------------------------------------------------------
| Routing Resource          |                             |
|     Wire length           |       447834                |
-----------------------------------------------------------
| Utilization               |                             |
|     #slices               |         5106                |
|     slices percentage     |       52.10%                |
|     #RAMs                 |           37                |
|     #DSPs                 |            9                |
|     #DRAMHARDCON          |            0                |
-----------------------------------------------------------
| Congestion                |                             |
|     Top 1% tile util      |           44                |
|     Top 1% tile avg util  |       47.24%                |
|     Over 100% util #tile  |            0                |
-----------------------------------------------------------
Report place stage QoR done.

RUN-1003 : finish command "report_qor -step place -file place.qor" in  1.044337s wall, 0.968750s user + 0.015625s system = 0.984375s CPU (94.3%)

RUN-1004 : used memory is 449 MB, reserved memory is 438 MB, peak memory is 449 MB
PHY-1001 : End Stage 4 | Optimize Design; Time: 1.170265s wall, 1.093750s user + 0.015625s system = 1.109375s CPU (94.8%); Memory(MB): used = 449, reserved = 438, peak = 449;

PHY-1001 : Stage 5 | DRC Check
PHY-1001 : Stage 5.1 | Force Route Constraint Check
PHY-1001 : Check Pass.
PHY-1001 : End Stage 5.1 | Force Route Constraint Check; Time: 0.000681s wall, 0.000000s user + 0.000000s system = 0.000000s CPU (n/a%); Memory(MB): used = 449, reserved = 438, peak = 449;

PHY-1001 : Stage 5.2 | Duplicated SelfDriven Check
PHY-1001 : Check pass.
PHY-1001 : End Stage 5.2 | Duplicated SelfDriven Check; Time: 0.011881s wall, 0.015625s user + 0.000000s system = 0.015625s CPU (131.5%); Memory(MB): used = 449, reserved = 438, peak = 449;

PHY-1001 : Stage 5.3 | Clock Rule Check
PHY-1001 : End Stage 5.3 | Clock Rule Check; Time: 0.000416s wall, 0.000000s user + 0.000000s system = 0.000000s CPU (n/a%); Memory(MB): used = 449, reserved = 438, peak = 449;

PHY-1001 : End Stage 5 | DRC Check; Time: 0.027049s wall, 0.031250s user + 0.000000s system = 0.031250s CPU (115.5%); Memory(MB): used = 449, reserved = 438, peak = 449;

OPT-1001 : QoR tracer report on placement steps:
    SWNS [   incr ]     STNS [    incr ]    FEPS [   incr ]    CRIT [   incr ]      CELL [     incr ]        WL [     incr ]    CONG [   incr ]    PDES [   incr ]   RT(s) [   incr ]   MEM(mb) [     incr ]
       0 [      0 ]        0 [       0 ]       0 [      0 ]       0 [      0 ]     12073 [        0 ]         0 [        0 ]    0.00 [   0.00 ]       0 [      0 ]       0 [      0 ]       328 [        0 ] : preplace:simplify_lut
       0 [      0 ]        0 [       0 ]       0 [      0 ]       0 [      0 ]     12073 [        0 ]         0 [        0 ]    0.00 [   0.00 ]       0 [      0 ]       0 [      0 ]       328 [        0 ] : preplace:sweep
       0 [      0 ]        0 [       0 ]       0 [      0 ]       0 [      0 ]     12073 [        0 ]         0 [        0 ]    0.00 [   0.00 ]       0 [      0 ]       0 [      0 ]       328 [        0 ] : preplace:hfn_opt
  -40033 [ -40033 ]  -743855 [ -743855 ]      99 [     99 ]  -38009 [ -38009 ]     12076 [        3 ]    305439 [   305439 ]    0.00 [   0.00 ]       0 [      0 ]       3 [      3 ]       377 [       49 ] : step1_gp
  -40589 [   -556 ]  -750171 [   -6316 ]      99 [      0 ]  -38532 [   -523 ]     12076 [        0 ]    331660 [    26221 ]    0.00 [   0.00 ]       0 [      0 ]       3 [      0 ]       377 [        0 ] : step1_legal
  -35686 [   4903 ]  -696092 [   54079 ]      98 [     -1 ]  -34821 [   3711 ]     12076 [        0 ]    371143 [    39483 ]   73.72 [  73.72 ]       0 [      0 ]       5 [      2 ]       417 [       40 ] : step2_gp
  -34429 [   1257 ]  -675809 [   20283 ]      91 [     -7 ]  -33777 [   1044 ]     12238 [      162 ]    349307 [   -21836 ]   65.34 [  -8.38 ]       0 [      0 ]       9 [      4 ]       428 [       11 ] : prepack:hfn_opt
  -34429 [      0 ]  -675809 [       0 ]      91 [      0 ]  -33777 [      0 ]     12238 [        0 ]    349307 [        0 ]   48.24 [ -17.10 ]       0 [      0 ]      10 [      1 ]       428 [        0 ] : prepack:bn_opt
  -34429 [      0 ]  -675809 [       0 ]      91 [      0 ]  -33777 [      0 ]     12238 [        0 ]    349307 [        0 ]   48.24 [   0.00 ]       0 [      0 ]      11 [      1 ]       428 [        0 ] : prepack:path_opt
  -32716 [   1713 ]  -657074 [   18735 ]      91 [      0 ]  -32138 [   1639 ]      5244 [    -6994 ]    356813 [     7506 ]   48.24 [   0.00 ]       0 [      0 ]      15 [      4 ]       434 [        6 ] : pack
  -34666 [  -1950 ]  -677496 [  -20422 ]      91 [      0 ]  -33704 [  -1566 ]      5244 [        0 ]    446198 [    89385 ]   50.24 [   2.00 ]       0 [      0 ]      19 [      4 ]       448 [       14 ] : post_pack_place
  -34666 [      0 ]  -677496 [       0 ]      91 [      0 ]  -33704 [      0 ]      5244 [        0 ]    449410 [     3212 ]   50.24 [   0.00 ]       0 [      0 ]      19 [      0 ]       448 [        0 ] : post_pack_spreading
  -34468 [    198 ]  -676214 [    1282 ]      91 [      0 ]  -33603 [    101 ]      5239 [       -5 ]    440476 [    -8934 ]   50.24 [   0.00 ]       0 [      0 ]      21 [      2 ]       448 [        0 ] : postpack:optimize_equivalent_quick
  -34368 [    100 ]  -675414 [     800 ]      91 [      0 ]  -33545 [     58 ]      5264 [       25 ]    449988 [     9512 ]   50.24 [   0.00 ]       0 [      0 ]      21 [      0 ]       448 [        0 ] : postpack:hfn_opt
  -34368 [      0 ]  -675414 [       0 ]      91 [      0 ]  -33545 [      0 ]      5264 [        0 ]    449988 [        0 ]   47.17 [  -3.07 ]       0 [      0 ]      22 [      1 ]       448 [        0 ] : postpack:bn_opt
  -34368 [      0 ]  -675414 [       0 ]      91 [      0 ]  -33545 [      0 ]      5264 [        0 ]    449988 [        0 ]   47.17 [   0.00 ]       0 [      0 ]      22 [      0 ]       448 [        0 ] : postpack:path_opt
  -34368 [      0 ]  -675414 [       0 ]      91 [      0 ]  -33545 [      0 ]      5264 [        0 ]    449988 [        0 ]   47.17 [   0.00 ]       0 [      0 ]      22 [      0 ]       448 [        0 ] : postpack:aggressive_opt
  -34368 [      0 ]  -675414 [       0 ]      91 [      0 ]  -33545 [      0 ]      5260 [       -4 ]    447834 [    -2154 ]   47.17 [   0.00 ]       0 [      0 ]      24 [      2 ]       448 [        0 ] : postpack:optimize_equivalent
  -34368 [      0 ]  -675414 [       0 ]      91 [      0 ]  -33545 [      0 ]      5260 [        0 ]    447834 [        0 ]   47.17 [   0.00 ]       0 [      0 ]      24 [      0 ]       448 [        0 ] : postpack:pin_opt

RUN-1003 : finish command "place" in  26.225747s wall, 36.921875s user + 2.828125s system = 39.750000s CPU (151.6%)

RUN-1004 : used memory is 449 MB, reserved memory is 438 MB, peak memory is 449 MB
RUN-1002 : start command "update_timing -mode manhattan"
RUN-1002 : start command "start_timer"
RUN-1003 : finish command "update_timing -mode manhattan" in  1.258288s wall, 1.234375s user + 0.031250s system = 1.265625s CPU (100.6%)

RUN-1004 : used memory is 449 MB, reserved memory is 438 MB, peak memory is 449 MB
RUN-1002 : start command "report_timing_summary -file UDP_EXAMPLE_place.timing"
RUN-1002 : start command "report_area -io_info -file UDP_EXAMPLE_phy.area"
RUN-1001 : standard
***Report Model: UDP_Example_Top Device: EG4S20BG256***

IO Statistics
#IO                        34   out of    188   18.09%
  #input                   21
  #output                  12
  #inout                    1
#virtual IO                15
  #input                    0
  #output                   0
  #inout                    0

Utilization Statistics
#lut                     8228   out of  19600   41.98%
#reg                     5501   out of  19600   28.07%
#le                      9405
  #lut only              3904   out of   9405   41.51%
  #reg only              1177   out of   9405   12.51%
  #lut&reg               4324   out of   9405   45.98%
#bram                      37   out of     64   57.81%
  #bram9k                  37
  #fifo9k                   0
#bram32k                    0   out of     16    0.00%
#dsp                        9   out of     29   31.03%
#pad                       34   out of    188   18.09%
  #ireg                    15
  #oreg                     8
  #treg                     0
#pll                        4   out of      4  100.00%
#gclk                       8   out of     16   50.00%

RUN-1002 : start command "flow_status -file place_flow.status"
Location         : C:\Users\Neko\Documents\FPGA\github_anlu\video640 19fps blue chepau over\UDP_EG4_6.2\prj\UDP_EXAMPLE\UDP_EXAMPLE_Runs\phy_1
Running with     : Tang Dynasty v6.2.168116
                   Copyright (c) 2012-2025 Anlogic Inc.
Top Model        : UDP_Example_Top
Device           : EG4S20BG256
Speed            : NA

Timing Mode      : manhattan
Setup            : WNS -34368ps  TNS  -675414ps  NUM_FEPS    91
Hold             : WNS   -61ps  TNS     -404ps  NUM_FEPS    14

Flow Statistics  :
RUN-1001 : Flow Statistics:
RUN-1001 : --------------------------------------------------------------------------------------------------
RUN-1001 :      command     |  #calls  |  wall time  |  cpu time(s)  |  used memory(mb)  |  peak memory(mb)  
RUN-1001 : --------------------------------------------------------------------------------------------------
RUN-1001 :       place      |    1     |  26s(100%)  |   38(100%)    |        449        |        449        
RUN-1001 :     import_db    |    3     |   0s(0%)    |     0(0%)     |        327        |        327        
RUN-1001 :   import_device  |    1     |   0s(0%)    |     0(0%)     |        86         |        86         
RUN-1001 :       pack       |    1     |   0s(0%)    |     0(0%)     |        327        |        327        
RUN-1001 : --------------------------------------------------------------------------------------------------
RUN-1001 :       total      |    6     |     26s     |      38       |        449        |        449        
RUN-1001 : --------------------------------------------------------------------------------------------------
RUN-1002 : start command "report_clock_utilization -file place_clock_utilization.txt"
RUN-1001 : Device not support command report_clock_utilization.
RUN-1002 : start command "export_db UDP_EXAMPLE_place.db"
RUN-1001 : Exported flow parameters
RUN-1001 : Exported /
RUN-1001 : Exported libs
RUN-1001 : Exported entities
RUN-1001 : Exported ports
RUN-1001 : Exported pins
RUN-1001 : Exported instances
RUN-1001 : Exported nets
RUN-1001 : Exported buses
RUN-1001 : Exported models
RUN-1001 : Exported phy database
RUN-1001 : Exported packer
RUN-1001 : Exported congestions
RUN-1001 : Exported violations
RUN-1001 : Exported ATMR Setting
RUN-1001 : Exported timing constraints
RUN-1001 : Exported IO constraints
RUN-1001 : Exported Inst constraints
RUN-1001 : Exported ChipWatcher
RUN-1002 : start command "commit_param -step route"
RUN-1001 : Print Global Property
RUN-1001 : --------------------------------------------------------
RUN-1001 :   Parameters   |  Settings  |  Default Values  |  Note  
RUN-1001 : --------------------------------------------------------
RUN-1001 :   enable_seed  |    off     |       off        |        
RUN-1001 :     message    |  standard  |     standard     |        
RUN-1001 :   qor_monitor  |     on     |        on        |        
RUN-1001 :   syn_ip_flow  |    off     |       off        |        
RUN-1001 :     thread     |    auto    |       auto       |        
RUN-1001 : --------------------------------------------------------
RUN-1001 : Print Route Property
RUN-1001 : -------------------------------------------------------
RUN-1001 :   Parameters  |  Settings  |  Default Values  |  Note  
RUN-1001 : -------------------------------------------------------
RUN-1001 :     effort    |   normal   |      normal      |        
RUN-1001 :    fix_hold   |     on     |        on        |        
RUN-1001 :     timing    |     on     |        on        |        
RUN-1001 : -------------------------------------------------------
RUN-1002 : start command "route"
RUN-1001 : Open license file D:/Anlogic/TD_6.2.1_Engineer_6.2.168.116/license/Anlogic.lic
PHY-1001 : Route runs in 12 thread(s)
RUN-1001 : There are total 5260 instances
RUN-1001 : 2552 mslices, 2554 lslices, 89 pads, 37 brams, 9 dsps
RUN-1001 : There are total 11656 nets
RUN-1001 : 7400 nets have 2 pins
RUN-1001 : 3135 nets have [3 - 5] pins
RUN-1001 : 598 nets have [6 - 10] pins
RUN-1001 : 329 nets have [11 - 20] pins
RUN-1001 : 184 nets have [21 - 99] pins
RUN-1001 : 10 nets have 100+ pins
RUN-1002 : start command "start_timer"
PHY-1001 : 2552 mslices, 2554 lslices, 89 pads, 37 brams, 9 dsps

PHY-1001 : Stage 1 | Global Routing
PHY-1001 : Start global routing, caller is route ...
RUN-1001 : Generating global routing grids ...
PHY-1001 : Generate routing nets ...
RUN-1001 : Generate nets statistics:
RUN-1001 : ----------------------------
RUN-1001 :        Type       |  Nets   
RUN-1001 : ----------------------------
RUN-1001 :   TotalRouteNets  |  10397  
RUN-1001 :   DontRouteNets   |   667   
RUN-1001 :     RouteNets     |  9730   
RUN-1001 :     RouteSinks    |  22917  
RUN-1001 : ----------------------------
PHY-1001 : Global iterations in 12 thread ...
PHY-1002 : len = 539272, over cnt = 1288(3%), over = 2455, worst = 9
PHY-1002 : len = 555880, over cnt = 843(2%), over = 1402, worst = 8
PHY-1002 : len = 571224, over cnt = 392(1%), over = 611, worst = 7
PHY-1002 : len = 582576, over cnt = 1(0%), over = 1, worst = 1
PHY-1002 : len = 582624, over cnt = 0(0%), over = 0, worst = 0
PHY-1001 : End global iterations;  0.776362s wall, 0.906250s user + 0.000000s system = 0.906250s CPU (116.7%)

PHY-1001 : Congestion index:
PHY-1001 : top1  = 47.30(S 66.21, N 62.91, E 59.57, W 52.11, I 0.00, O 0.00)
PHY-1001 : top5  = 40.47(S 52.64, N 52.77, E 50.68, W 43.47, I 0.00, O 0.00)
PHY-1001 : top10 = 36.96(S 46.81, N 47.28, E 45.53, W 38.84, I 0.00, O 0.00)
PHY-1001 : top15 = 34.75(S 43.23, N 43.81, E 42.19, W 35.51, I 0.00, O 0.00)
PHY-1001 : End global routing;  0.969185s wall, 1.062500s user + 0.031250s system = 1.093750s CPU (112.9%)

PHY-1001 : End Stage 1 | Global Routing; Time: 0.969235s wall, 1.062500s user + 0.031250s system = 1.093750s CPU (112.8%); Memory(MB): used = 468, reserved = 574, peak = 468;

PHY-1001 : Stage 2 | Detail Routing
PHY-1001 : Stage 2.1 | Build Routing Design
PHY-1001 : Routing in high effort: false
PHY-1001 : Routing Mode: normal
PHY-1001 : Generate detailed routing grids ...
PHY-1001 : End build routing graph; 1.738299s wall, 1.671875s user + 0.046875s system = 1.718750s CPU (98.9%)

PHY-1001 : Generate nets ...
PHY-1001 : net clk_50_dup_1 will be routed on clock mesh
PHY-1001 : clock net temac_clk will be merged with clock u_clk_gen/u_pll_0/clk0_buf
PHY-1001 : net temac_clk90 will be routed on clock mesh
PHY-1001 : net udp_clk will be routed on clock mesh
PHY-1001 : clock net t3_sdram/u0_clk/clk0_out will be merged with clock t3_sdram/u0_clk/clk0_buf
PHY-1001 : net t3_sdram/u1_app_wrrd/clk will be routed on clock mesh
PHY-1001 : net t3_sdram/u2_ram/SDRAM_CLK will be routed on clock mesh
PHY-1001 : clock net cwc_jtck_syn_2 will be merged with clock cwc_jtck
PHY-1001 : clock net u_ov5640_dri/u_i2c_dr/dri_clk_syn_4 will be merged with clock u_ov5640_dri/u_i2c_dr/dri_clk
PHY-1001 : clock net t3_sdram/u1_app_wrrd/u_wr_fifo_sdr_data/clkw_syn_2 will be merged with clock t3_sdram/u1_app_wrrd/u_wr_fifo_sdr_data/clkw
PHY-1001 : net auto_created_cwc1/wrapper_cwc_top/U_cwc_ram/clka will be routed on clock mesh
PHY-1001 : clock net u_rx_pll/clk0_out will be merged with clock u_rx_pll/clk0_buf
PHY-1001 : clock net u_ov5640_dri/u_i2c_dr/clk will be merged with clock u_pll_50/clk0_buf
PHY-1001 : clock net u4_trimac_block/rx_clk will be merged with clock u4_trimac_block/u1_rgmii_interface/rgmii_rxc
RUN-1001 : Generate nets statistics:
RUN-1001 : ------------------------------
RUN-1001 :         Type        |  Nets   
RUN-1001 : ------------------------------
RUN-1001 :        Route        |  10397  
RUN-1001 :      DontRoute      |  1259   
RUN-1001 :      RouteSinks     |  34072  
RUN-1001 :   RouteEntitySinks  |    0    
RUN-1001 :       Lut2Dff       |    0    
RUN-1001 :       Ram2Dff       |    0    
RUN-1001 :      Carry2Dff      |    0    
RUN-1001 : ------------------------------
RUN-1001 : DR clock net summary:
RUN-1001 : ---------------------------------------------------------------------------------
RUN-1001 :   Net Idx  |                       Net Name                       |  Clock Type  
RUN-1001 : ---------------------------------------------------------------------------------
RUN-1001 :      1     |   auto_created_cwc1/wrapper_cwc_top/U_cwc_ram/clka   |    Normal    
RUN-1001 :      2     |                     clk_50_dup_1                     |    Normal    
RUN-1001 :      3     |                    cwc_jtck_syn_2                    |    Normal    
RUN-1001 :      4     |               t3_sdram/u0_clk/clk0_out               |    Normal    
RUN-1001 :      5     |               t3_sdram/u1_app_wrrd/clk               |    Normal    
RUN-1001 :      6     |  t3_sdram/u1_app_wrrd/u_wr_fifo_sdr_data/clkw_syn_2  |    Normal    
RUN-1001 :      7     |              t3_sdram/u2_ram/SDRAM_CLK               |    Normal    
RUN-1001 :      8     |                      temac_clk                       |    Normal    
RUN-1001 :      9     |                     temac_clk90                      |    Normal    
RUN-1001 :     10     |                u4_trimac_block/rx_clk                |    Normal    
RUN-1001 :     11     |              u_ov5640_dri/u_i2c_dr/clk               |    Normal    
RUN-1001 :     12     |         u_ov5640_dri/u_i2c_dr/dri_clk_syn_4          |    Normal    
RUN-1001 :     13     |                  u_rx_pll/clk0_out                   |    Normal    
RUN-1001 :     14     |                       udp_clk                        |    Normal    
RUN-1001 : ---------------------------------------------------------------------------------
RUN-1001 : DR clock buffer summary:
RUN-1001 : ----------------
RUN-1001 :   Idx  |  Name  
RUN-1001 : ----------------
RUN-1001 : ----------------
PHY-1001 : End Stage 2.1 | Build Routing Design; Time: 1.949115s wall, 1.875000s user + 0.046875s system = 1.921875s CPU (98.6%); Memory(MB): used = 728, reserved = 716, peak = 728;

RUN-1001 : Top Percentage Crit. Net Stat.
RUN-1001 : ---------------------------------------------------------
RUN-1001 :   Top %  |  Net Count  |  Avg. Fanout  |   Avg. Slack    
RUN-1001 : ---------------------------------------------------------
RUN-1001 :     1    |     116     |   5.284483    |  -34271.706897  
RUN-1001 :     2    |     233     |   4.987124    |  -34169.815451  
RUN-1001 :     3    |     349     |   4.286533    |  -34082.535817  
RUN-1001 :     4    |     466     |   3.703863    |  -34001.566524  
RUN-1001 :     5    |     582     |   3.300687    |  -33924.216495  
RUN-1001 :     6    |     699     |   2.965665    |  -33848.012876  
RUN-1001 :     7    |     815     |   2.973006    |  -33772.131288  
RUN-1001 :     8    |     932     |   3.025751    |  -33700.260730  
RUN-1001 :     9    |    1049     |   3.081030    |  -33632.270734  
RUN-1001 :    10    |    1165     |   2.993991    |  -33569.479828  
RUN-1001 : ---------------------------------------------------------
PHY-1001 : Stage 2.2 | Clock Nets Routing
PHY-1001 : Routed 0% nets.
PHY-1001 : len = 172888, over cnt = 0(0%), over = 0, worst = 0, crit = 0
PHY-1001 : End Stage 2.2 | Clock Nets Routing; Time: 5.918097s wall, 5.843750s user + 0.031250s system = 5.875000s CPU (99.3%); Memory(MB): used = 760, reserved = 749, peak = 760;

PHY-1001 : Stage 2.3 | Routing Initialization
PHY-1001 : Mark 1% net(place mode slack < -34129ps) as critical nets.
PHY-1001 : Stage 2.3.1 | Normal Nets Routing
PHY-1001 : Routed 89% nets.
PHY-1001 : len = 932720, over cnt = 898(0%), over = 901, worst = 2, crit = 0
PHY-1001 : End Stage 2.3.1 | Normal Nets Routing; Time: 18.207334s wall, 28.296875s user + 0.515625s system = 28.812500s CPU (158.2%); Memory(MB): used = 767, reserved = 756, peak = 767;

PHY-1001 : Stage 2.3.2 | Update Timing
RUN-1002 : start command "start_timer"
USR-1002 : Derived clock:  create_generated_clock -name {u_clk_gen/u_pll_0/pll_inst.clkc[0]} -source [get_ports {clk_50}] -master_clock {clk_in} -multiply_by 2.5000 -duty_cycle 50.0000 [get_pins {u_clk_gen/u_pll_0/pll_inst.clkc[0]}]
USR-1002 : Derived clock:  create_generated_clock -name {u_clk_gen/u_pll_0/pll_inst.clkc[1]} -source [get_ports {clk_50}] -master_clock {clk_in} -multiply_by 2.5000 -duty_cycle 50.0000 [get_pins {u_clk_gen/u_pll_0/pll_inst.clkc[1]}]
USR-1002 : Derived clock:  create_generated_clock -name {u_clk_gen/u_pll_0/pll_inst.clkc[4]} -source [get_ports {clk_50}] -master_clock {clk_in} -multiply_by 2.5000 -phase 90 -duty_cycle 50.0000 [get_pins {u_clk_gen/u_pll_0/pll_inst.clkc[4]}]
USR-1002 : Derived clock:  create_generated_clock -name {u_pll_50/pll_inst.clkc[0]} -source [get_ports {clk_50}] -master_clock {clk_in} -multiply_by 1.0000 -duty_cycle 50.0000 [get_pins {u_pll_50/pll_inst.clkc[0]}]
USR-1002 : Derived clock:  create_generated_clock -name {u_rx_pll/pll_inst.clkc[0]} -source [get_ports {phy1_rgmii_rx_clk}] -master_clock {phy1_rgmii_rx_clk} -multiply_by 1.0000 -duty_cycle 50.0000 [get_pins {u_rx_pll/pll_inst.clkc[0]}]
USR-1002 : Derived clock:  create_generated_clock -name {u_rx_pll/pll_inst.clkc[1]} -source [get_ports {phy1_rgmii_rx_clk}] -master_clock {phy1_rgmii_rx_clk} -multiply_by 1.0000 -duty_cycle 50.0000 [get_pins {u_rx_pll/pll_inst.clkc[1]}]
USR-1002 : Derived clock:  create_generated_clock -name {t3_sdram/u0_clk/pll_inst.clkc[0]} -source [get_pins {u_pll_50/pll_inst.clkc[0]}] -master_clock {u_pll_50/pll_inst.clkc[0]} -divide_by 4.0000 -duty_cycle 50.0000 [get_pins {t3_sdram/u0_clk/pll_inst.clkc[0]}]
USR-1002 : Derived clock:  create_generated_clock -name {t3_sdram/u0_clk/pll_inst.clkc[1]} -source [get_pins {u_pll_50/pll_inst.clkc[0]}] -master_clock {u_pll_50/pll_inst.clkc[0]} -multiply_by 2.5000 -duty_cycle 50.0000 [get_pins {t3_sdram/u0_clk/pll_inst.clkc[1]}]
USR-1002 : Derived clock:  create_generated_clock -name {t3_sdram/u0_clk/pll_inst.clkc[2]} -source [get_pins {u_pll_50/pll_inst.clkc[0]}] -master_clock {u_pll_50/pll_inst.clkc[0]} -multiply_by 2.5000 -phase 180 -duty_cycle 50.0000 [get_pins {t3_sdram/u0_clk/pll_inst.clkc[2]}]
8.000000
USR-8130 CRITICAL-WARNING: No clock match the pattern: u_clk_gen/u_pll_0/pll_inst.clkc\[3\].
USR-8124 CRITICAL-WARNING: Rename_clock: please specify object list.
USR-8159 CRITICAL-WARNING: Command rename_clock -name {pll_inst_25M} [get_clocks {u_clk_gen/u_pll_0/pll_inst.clkc[3]}] in C:/Users/Neko/Documents/FPGA/github_anlu/video640 19fps blue chepau over/UDP_EG4_6.2/source_code/constraints/UDP.sdc(8) fails.
RUN-1003 : finish command "start_timer" in  3.034406s wall, 2.953125s user + 0.031250s system = 2.984375s CPU (98.4%)

RUN-1004 : used memory is 768 MB, reserved memory is 756 MB, peak memory is 768 MB
TMR-2502 : Net delay update with mode: Routed
PHY-1001 : 3153/10397(30%) critical/total net(s).
PHY-1001 : Setup: WNS(ns) = -51.762, TNS(ns) = -2976.496, FEP = 2414 | Hold: WNS(ns) = -1.860, TNS(ns) = -30.075, FEP = 44.
PHY-1001 : End Stage 2.3.2 | Update Timing; Time: 4.365317s wall, 4.125000s user + 0.046875s system = 4.171875s CPU (95.6%); Memory(MB): used = 771, reserved = 760, peak = 771;

PHY-1001 : End Stage 2.3 | Routing Initialization; Time: 22.622304s wall, 32.468750s user + 0.562500s system = 33.031250s CPU (146.0%); Memory(MB): used = 771, reserved = 760, peak = 771;

PHY-1001 : Stage 2.4 | Routing Optimization
PHY-1001 : Build lut bridge;  0.066162s wall, 0.062500s user + 0.000000s system = 0.062500s CPU (94.5%)

PHY-1001 : Stage 2.4.1 | Phase 1
PHY-1001 : Stage 2.4.1.1 | Setup TimeOptimization
PHY-1001 : Start to optimize setup violation with net base ...
PHY-1001 : Iter 1; Processed 1179 pins with SWNS -43.162ns STNS -848.216ns FEP 288 took 36.41 seconds.
PHY-1001 : len = 964376, over cnt = 1602(0%), over = 1622, worst = 2, crit = 10
PHY-1001 : End Stage 2.4.1.1 | Setup TimeOptimization; Time: 36.521112s wall, 35.406250s user + 0.375000s system = 35.781250s CPU (98.0%); Memory(MB): used = 773, reserved = 761, peak = 773;

PHY-1001 : Stage 2.4.1.2 | Rip-up And ReRoute
PHY-1001 : Iter 1: len = 966296, over cnt = 560(0%), over = 565, worst = 2, crit = 3, time(s) = 1.61
PHY-1001 : Iter 2: len = 967528, over cnt = 223(0%), over = 223, worst = 1, crit = 0, time(s) = 0.46
PHY-1001 : Iter 3: len = 967608, over cnt = 178(0%), over = 178, worst = 1, crit = 0, time(s) = 0.18
PHY-1001 : Iter 4: len = 969424, over cnt = 51(0%), over = 51, worst = 1, crit = 0, time(s) = 0.20
PHY-1001 : Iter 5: len = 969344, over cnt = 38(0%), over = 38, worst = 1, crit = 0, time(s) = 0.09
PHY-1001 : Iter 6: len = 969432, over cnt = 35(0%), over = 35, worst = 1, crit = 0, time(s) = 0.08
PHY-1001 : Iter 7: len = 969432, over cnt = 35(0%), over = 35, worst = 1, crit = 0, time(s) = 0.08
PHY-1001 : Iter 8: len = 970136, over cnt = 6(0%), over = 6, worst = 1, crit = 0, time(s) = 0.07
PHY-1001 : Iter 9: len = 970168, over cnt = 5(0%), over = 5, worst = 1, crit = 0, time(s) = 0.02
PHY-1001 : Iter 10: len = 970192, over cnt = 4(0%), over = 4, worst = 1, crit = 0, time(s) = 0.02
PHY-1001 : Iter 11: len = 970208, over cnt = 3(0%), over = 3, worst = 1, crit = 0, time(s) = 0.02
PHY-1001 : Iter 12: len = 970296, over cnt = 0(0%), over = 0, worst = 0, crit = 0, time(s) = 0.02
PHY-1001 : End Stage 2.4.1.2 | Rip-up And ReRoute; Time: 2.897253s wall, 5.265625s user + 0.031250s system = 5.296875s CPU (182.8%); Memory(MB): used = 773, reserved = 762, peak = 773;

PHY-1001 : Stage 2.4.1.3 | Update Timing
RUN-1002 : start command "start_timer"
PHY-1001 : 2971/10397(28%) critical/total net(s).
PHY-1001 : Setup: WNS(ns) = -46.191, TNS(ns) = -972.835, FEP = 496 | Hold: WNS(ns) = -1.860, TNS(ns) = -30.648, FEP = 53.
PHY-1001 : End Stage 2.4.1.3 | Update Timing; Time: 1.872907s wall, 1.812500s user + 0.031250s system = 1.843750s CPU (98.4%); Memory(MB): used = 774, reserved = 763, peak = 774;

PHY-1001 : Stage 2.4.1.4 | Commit Data
PHY-1001 : Commit better result to database ...
PHY-1001 : 299 feed throughs used by 277 nets
PHY-1001 : End Stage 2.4.1.4 | Commit Data; Time: 0.633470s wall, 0.546875s user + 0.000000s system = 0.546875s CPU (86.3%); Memory(MB): used = 816, reserved = 804, peak = 816;

PHY-1001 : End Stage 2.4.1 | Phase 1; Time: 42.085179s wall, 43.203125s user + 0.437500s system = 43.640625s CPU (103.7%); Memory(MB): used = 816, reserved = 804, peak = 816;

PHY-1001 : Stage 2.4.2 | Phase 2
PHY-1001 : Stage 2.4.2.1 | Setup TimeOptimization
PHY-1001 : Start to optimize setup violation with net base ...
PHY-1001 : Iter 1; Processed 405 pins with SWNS -43.162ns STNS -849.640ns FEP 288 took 12.0222 seconds.
PHY-1001 : len = 974472, over cnt = 229(0%), over = 229, worst = 1, crit = 0
PHY-1001 : End Stage 2.4.2.1 | Setup TimeOptimization; Time: 12.125273s wall, 11.515625s user + 0.125000s system = 11.640625s CPU (96.0%); Memory(MB): used = 817, reserved = 805, peak = 817;

PHY-1001 : Stage 2.4.2.2 | Rip-up And ReRoute
PHY-0007 : Congestion: {50.09, 43.65, 40.45, 38.43}; Timing: {-43.162ns, -849.640ns, 288}
PHY-1001 : Iter 1: len = 973104, over cnt = 14(0%), over = 14, worst = 1, crit = 0, time(s) = 0.29
PHY-1001 : Iter 2: len = 973320, over cnt = 2(0%), over = 2, worst = 1, crit = 0, time(s) = 0.04
PHY-1001 : Iter 3: len = 973312, over cnt = 1(0%), over = 1, worst = 1, crit = 0, time(s) = 0.03
PHY-1001 : Iter 4: len = 973360, over cnt = 0(0%), over = 0, worst = 0, crit = 0, time(s) = 0.02
PHY-1001 : End Stage 2.4.2.2 | Rip-up And ReRoute; Time: 0.410131s wall, 0.484375s user + 0.000000s system = 0.484375s CPU (118.1%); Memory(MB): used = 817, reserved = 805, peak = 817;

PHY-1001 : Stage 2.4.2.3 | Update Timing
RUN-1002 : start command "start_timer"
PHY-1001 : 2843/10397(27%) critical/total net(s).
PHY-1001 : Setup: WNS(ns) = -44.817, TNS(ns) = -960.027, FEP = 620 | Hold: WNS(ns) = -1.860, TNS(ns) = -30.648, FEP = 53.
PHY-1001 : End Stage 2.4.2.3 | Update Timing; Time: 1.784946s wall, 1.718750s user + 0.031250s system = 1.750000s CPU (98.0%); Memory(MB): used = 817, reserved = 806, peak = 817;

PHY-1001 : Stage 2.4.2.4 | Commit Data
PHY-1001 : Commit better result to database ...
PHY-1001 : 313 feed throughs used by 284 nets
PHY-1001 : End Stage 2.4.2.4 | Commit Data; Time: 0.586552s wall, 0.546875s user + 0.015625s system = 0.562500s CPU (95.9%); Memory(MB): used = 817, reserved = 806, peak = 817;

PHY-1001 : End Stage 2.4.2 | Phase 2; Time: 15.059787s wall, 14.406250s user + 0.171875s system = 14.578125s CPU (96.8%); Memory(MB): used = 817, reserved = 806, peak = 817;

PHY-1001 : End Stage 2.4 | Routing Optimization; Time: 58.588910s wall, 59.046875s user + 0.609375s system = 59.656250s CPU (101.8%); Memory(MB): used = 817, reserved = 806, peak = 817;

PHY-1003 : Routed, final wirelength = 973360
RUN-1002 : start command "export_db UDP_EXAMPLE_pr.db"
RUN-1001 : Exported flow parameters
RUN-1001 : Exported /
RUN-1001 : Exported libs
RUN-1001 : Exported entities
RUN-1001 : Exported ports
RUN-1001 : Exported pins
RUN-1001 : Exported instances
RUN-1001 : Exported nets
RUN-1001 : Exported buses
RUN-1001 : Exported models
RUN-1001 : Exported phy database
RUN-1001 : Exported packer
RUN-1001 : Exported congestions
RUN-1001 : Exported violations
RUN-1001 : Exported ATMR Setting
RUN-1001 : Exported timing constraints
RUN-1001 : Exported IO constraints
RUN-1001 : Exported Inst constraints
RUN-1001 : Exported ChipWatcher
PHY-1001 : Current memory(MB): used = 851, reserved = 959, peak = 851.
PHY-1001 : End export database. 0.388796s wall, 0.421875s user + 0.031250s system = 0.453125s CPU (116.5%)

PHY-1001 : End detail routing;  90.395053s wall, 100.625000s user + 1.312500s system = 101.937500s CPU (112.8%)

PHY-1001 : End Stage 2 | Detail Routing; Time: 90.395128s wall, 100.625000s user + 1.312500s system = 101.937500s CPU (112.8%); Memory(MB): used = 851, reserved = 959, peak = 851;

PHY-1001 : Stage 3 | Hold Fix
RUN-1002 : start command "start_timer"
RUN-1001 : Too much hold violation, please check the src code.
PHY-1001 : End Stage 3 | Hold Fix; Time: 1.693999s wall, 1.640625s user + 0.000000s system = 1.640625s CPU (96.8%); Memory(MB): used = 851, reserved = 959, peak = 851;

PHY-1001 : Stage 4 | Report Route Qor
RUN-1002 : start command "report_qor -step route -file route.qor"
RUN-1002 : start command "start_timer"
-----------------------------------------------------------
| QoR metrics               |         value               |
-----------------------------------------------------------
| Timing                    |                             |
|     Setup WNS             |       -44817                |
|     Setup TNS             |      -960027                |
|     Num of violated S-EP  |          620                |
|     Hold WNS              |        -1860                |
|     Hold TNS              |       -30648                |
|     Num of violated H-EP  |           53                |
-----------------------------------------------------------
| Routing Resource          |                             |
|     Wire length           |       973360                |
-----------------------------------------------------------
| Utilization               |                             |
|     #slices               |         5106                |
|     slices percentage     |       52.10%                |
|     #RAMs                 |           37                |
|     #DSPs                 |            9                |
|     #DRAMHARDCON          |            0                |
-----------------------------------------------------------
Report route stage QoR done.

RUN-1003 : finish command "report_qor -step route -file route.qor" in  1.770821s wall, 1.750000s user + 0.015625s system = 1.765625s CPU (99.7%)

RUN-1004 : used memory is 851 MB, reserved memory is 959 MB, peak memory is 851 MB
RUN-1002 : start command "update_timing -mode final"
RUN-1002 : start command "start_timer"
RUN-1003 : finish command "update_timing -mode final" in  1.732793s wall, 1.625000s user + 0.000000s system = 1.625000s CPU (93.8%)

RUN-1004 : used memory is 851 MB, reserved memory is 959 MB, peak memory is 851 MB
RUN-1002 : start command "report_timing_summary -file final_timing.rpt"
OPT-1001 : QoR tracer report on route step:
    SWNS [   incr ]      STNS [     incr ]  S-FEPS [   incr ]    HWNS [   incr ]      HTNS [     incr ]    H-FEPS [     incr ]    CELL [   incr ]      WL [   incr ]   RT(s) [   incr ]   MEM(mb) [     incr ]
  -51762 [      0 ]  -2976496 [        0 ]    2414 [      0 ]   -1860 [      0 ]    -30075 [        0 ]        44 [        0 ]    5260 [      0 ]  932720 [      0 ]      33 [      0 ]       771 [        0 ] : dr_initialization
  -43162 [   8600 ]   -848216 [  2128280 ]     288 [  -2126 ]   -1860 [      0 ]    -31116 [    -1041 ]        52 [        8 ]    5260 [      0 ]  964376 [  31656 ]      71 [     38 ]       773 [        2 ] : dr_timing_opt_phase1
  -46191 [  -3029 ]   -972835 [  -124619 ]     496 [    208 ]   -1860 [      0 ]    -30648 [      468 ]        53 [        1 ]    5260 [      0 ]  970296 [   5920 ]      77 [      6 ]       816 [       43 ] : dr_opt_phase1
  -43162 [   3029 ]   -849640 [   123195 ]     288 [   -208 ]   -1860 [      0 ]    -30648 [        0 ]        53 [        0 ]    5260 [      0 ]  974472 [   4176 ]      89 [     12 ]       817 [        1 ] : dr_timing_opt_phase2
  -44817 [  -1655 ]   -960027 [  -110387 ]     620 [    332 ]   -1860 [      0 ]    -30648 [        0 ]        53 [        0 ]    5260 [      0 ]  973360 [  -1112 ]      92 [      3 ]       817 [        0 ] : dr_opt_phase2
  -44817 [      0 ]   -960027 [        0 ]     620 [      0 ]   -1860 [      0 ]    -30648 [        0 ]        53 [        0 ]    5260 [      0 ]  973360 [      0 ]      92 [      0 ]       817 [        0 ] : multi_try_opt
  -44817 [      0 ]   -960027 [        0 ]     620 [      0 ]   -1860 [      0 ]    -30648 [        0 ]        53 [        0 ]    5260 [      0 ]  973360 [      0 ]      94 [      2 ]       851 [       34 ] : fix_hold_opt

PHY-1001 : End Stage 4 | Report Route Qor; Time: 3.578657s wall, 3.453125s user + 0.015625s system = 3.468750s CPU (96.9%); Memory(MB): used = 851, reserved = 959, peak = 851;

PHY-1001 : Stage 5 | Routing DRC
PHY-1001 : Start multi-drive drc check......
PHY-1001 : No multi-drive.
PHY-1001 : Stage 5.1 | Clock Net Status Check
PHY-1001 : 2 clock net(s) utilize local routing resource.
PHY-5079 CRITICAL-WARNING: Marked 2 clock net(s) utilize the local routing resources. Please check log message and the sinks of clock nets.
RUN-1001 : CTS Local Wire Summary
RUN-1001 : -------------------------------------------------------------------------------------------------------------------------------
RUN-1001 :               ClockName              |  DriverType  |  Clock/Fanout  |  LocalWireNum  |           NetName           |  Marked  
RUN-1001 : -------------------------------------------------------------------------------------------------------------------------------
RUN-1001 :                clk_in                |  AL_PHY_PAD  |      9/11      |       2        |        clk_50_dup_1         |   true   
RUN-1001 :   t3_sdram/u0_clk/pll_inst.clkc[2]   |  AL_PHY_PLL  |      0/1       |       1        |  t3_sdram/u2_ram/SDRAM_CLK  |   true   
RUN-1001 : -------------------------------------------------------------------------------------------------------------------------------
PHY-1001 : End Stage 5.1 | Clock Net Status Check; Time: 0.002612s wall, 0.000000s user + 0.000000s system = 0.000000s CPU (n/a%); Memory(MB): used = 852, reserved = 959, peak = 852;

PHY-1001 : Stage 5.2 | Abnormal Timing Path check
PHY-5089 WARNING: Skip 49 abnormal timing path for routing due to clock skew is greater than 1000ps or hold slack is less than -1000ps, use load pr.db and report_abnormal_timing_target -file to get detail message. If need to fix these hold violation, place turn on hold fix high.
PHY-1001 : End Stage 5.2 | Abnormal Timing Path check; Time: 0.084721s wall, 0.078125s user + 0.000000s system = 0.078125s CPU (92.2%); Memory(MB): used = 852, reserved = 959, peak = 852;

PHY-1001 : End Stage 5 | Routing DRC; Time: 0.133172s wall, 0.125000s user + 0.000000s system = 0.125000s CPU (93.9%); Memory(MB): used = 852, reserved = 959, peak = 852;

RUN-1003 : finish command "route" in  98.053085s wall, 108.156250s user + 1.375000s system = 109.531250s CPU (111.7%)

RUN-1004 : used memory is 852 MB, reserved memory is 959 MB, peak memory is 852 MB
RUN-1002 : start command "report_area -io_info -file UDP_EXAMPLE_phy.area"
RUN-1001 : standard
***Report Model: UDP_Example_Top Device: EG4S20BG256***

IO Statistics
#IO                        34   out of    188   18.09%
  #input                   21
  #output                  12
  #inout                    1
#virtual IO                15
  #input                    0
  #output                   0
  #inout                    0

Utilization Statistics
#lut                     8228   out of  19600   41.98%
#reg                     5501   out of  19600   28.07%
#le                      9405
  #lut only              3904   out of   9405   41.51%
  #reg only              1177   out of   9405   12.51%
  #lut&reg               4324   out of   9405   45.98%
#bram                      37   out of     64   57.81%
  #bram9k                  37
  #fifo9k                   0
#bram32k                    0   out of     16    0.00%
#dsp                        9   out of     29   31.03%
#pad                       34   out of    188   18.09%
  #ireg                    15
  #oreg                     8
  #treg                     0
#pll                        4   out of      4  100.00%
#gclk                       8   out of     16   50.00%


DataNet Average Fanout:

   Index     Fanout     Nets  
    #1          1       7291  
    #2          2       1365  
    #3          3       1403  
    #4          4       367   
    #5        5-10      645   
    #6        11-50     411   
    #7       51-100      49   
    #8       101-500     2    
  Average     2.74            

RUN-1002 : start command "update_timing -mode final"
RUN-1002 : start command "start_timer"
RUN-1003 : finish command "update_timing -mode final" in  1.700783s wall, 1.687500s user + 0.000000s system = 1.687500s CPU (99.2%)

RUN-1004 : used memory is 852 MB, reserved memory is 959 MB, peak memory is 852 MB
RUN-1002 : start command "report_timing_status -file UDP_EXAMPLE_phy.ts"
RUN-1002 : start command "report_timing_summary -file UDP_EXAMPLE_pr.timing"
RUN-1002 : start command "report_timing_exception -file UDP_EXAMPLE_exception.timing"
RUN-1002 : start command "flow_status -file route_flow.status"
Location         : C:\Users\Neko\Documents\FPGA\github_anlu\video640 19fps blue chepau over\UDP_EG4_6.2\prj\UDP_EXAMPLE\UDP_EXAMPLE_Runs\phy_1
Running with     : Tang Dynasty v6.2.168116
                   Copyright (c) 2012-2025 Anlogic Inc.
Top Model        : UDP_Example_Top
Device           : EG4S20BG256
Speed            : NA

Timing Mode      : final
Setup            : WNS -44817ps  TNS  -960027ps  NUM_FEPS   620
Hold             : WNS -1860ps  TNS   -30648ps  NUM_FEPS    53

Flow Statistics  :
RUN-1001 : Flow Statistics:
RUN-1001 : ---------------------------------------------------------------------------------------------------
RUN-1001 :      command     |  #calls  |  wall time   |  cpu time(s)  |  used memory(mb)  |  peak memory(mb)  
RUN-1001 : ---------------------------------------------------------------------------------------------------
RUN-1001 :       route      |    1     |  1m38s(79%)  |   109(74%)    |        852        |        852        
RUN-1001 :       place      |    1     |   26s(20%)   |    38(25%)    |        449        |        449        
RUN-1001 :     import_db    |    3     |    0s(0%)    |     0(0%)     |        327        |        327        
RUN-1001 :   import_device  |    1     |    0s(0%)    |     0(0%)     |        86         |        86         
RUN-1001 :       pack       |    1     |    0s(0%)    |     0(0%)     |        327        |        327        
RUN-1001 : ---------------------------------------------------------------------------------------------------
RUN-1001 :       total      |    7     |     2m4s     |      147      |        852        |        852        
RUN-1001 : ---------------------------------------------------------------------------------------------------
RUN-1002 : start command "report_clock_utilization -file route_clock_utilization.txt"
RUN-1001 : Device not support command report_clock_utilization.
RUN-1002 : start command "export_db UDP_EXAMPLE_pr.db"
RUN-1001 : Exported flow parameters
RUN-1001 : Exported /
RUN-1001 : Exported libs
RUN-1001 : Exported entities
RUN-1001 : Exported ports
RUN-1001 : Exported pins
RUN-1001 : Exported instances
RUN-1001 : Exported nets
RUN-1001 : Exported buses
RUN-1001 : Exported models
RUN-1001 : Exported phy database
RUN-1001 : Exported packer
RUN-1001 : Exported congestions
RUN-1001 : Exported violations
RUN-1001 : Exported ATMR Setting
RUN-1001 : Exported timing constraints
RUN-1001 : Exported IO constraints
RUN-1001 : Exported Inst constraints
RUN-1001 : Exported ChipWatcher
RUN-1002 : start command "commit_param -step bitgen"
RUN-1001 : Print Global Property
RUN-1001 : --------------------------------------------------------
RUN-1001 :   Parameters   |  Settings  |  Default Values  |  Note  
RUN-1001 : --------------------------------------------------------
RUN-1001 :   enable_seed  |    off     |       off        |        
RUN-1001 :     message    |  standard  |     standard     |        
RUN-1001 :   qor_monitor  |     on     |        on        |        
RUN-1001 :   syn_ip_flow  |    off     |       off        |        
RUN-1001 :     thread     |    auto    |       auto       |        
RUN-1001 : --------------------------------------------------------
RUN-1001 : Print Bitgen Property
RUN-1001 : -------------------------------------------------------------
RUN-1001 :      Parameters     |  Settings  |  Default Values  |  Note  
RUN-1001 : -------------------------------------------------------------
RUN-1001 :         bin         |    off     |       off        |        
RUN-1001 :       gen_mask      |    off     |       off        |        
RUN-1001 :      time_info      |     on     |        on        |        
RUN-1001 :   unused_io_status  |   pullup   |      pullup      |        
RUN-1001 :       version       |    0x00    |       0x00       |        
RUN-1001 : -------------------------------------------------------------
RUN-1002 : start command "bitgen -bit UDP_EXAMPLE.bit"
RUN-1002 : start command "export_bid UDP_EXAMPLE_inst.bid"
BIT-1003 : Start to generate bitstream. 
BIT-1002 : Init instances with 12 threads.
BIT-1002 : Init instances completely, inst num: 5255
BIT-1002 : Init pips with 12 threads.
BIT-1002 : Init pips completely, net num: 10392, pip num: 99313
BIT-1002 : Init feedthrough with 12 threads.
BIT-1002 : Init feedthrough completely, num: 313
BIT-1003 : Multithreading accelaration with 12 threads.
BIT-1003 : Generate bitstream completely, there are 292572 bits set as '1'.
BIT-1004 : PLL setting string = 1111
BIT-1004 : Generate bits file UDP_EXAMPLE.bit.
RUN-1003 : finish command "bitgen -bit UDP_EXAMPLE.bit" in  2.568167s wall, 15.390625s user + 0.468750s system = 15.859375s CPU (617.5%)

RUN-1004 : used memory is 855 MB, reserved memory is 960 MB, peak memory is 855 MB
RUN-1002 : start command "setup_debugger ../../chip_debugger"
KIT-1004 : Update chipwatcher trigger condition
KIT-1004 : Generate chipwatcher configuration file: cw/compiled.cwc
KIT-1004 : Generate chipwatcher bit file: cw/compiled.bit
RUN-1002 : start command "export_bitgen_param -file .bitgen_param.f"
RUN-1002 : start command "export_flow_status -s opt_place -e bitgen"
RUN-1002 : start command "flow_status"

Location         : C:\Users\Neko\Documents\FPGA\github_anlu\video640 19fps blue chepau over\UDP_EG4_6.2\prj\UDP_EXAMPLE\UDP_EXAMPLE_Runs\phy_1
Running with     : Tang Dynasty v6.2.168116
                   Copyright (c) 2012-2025 Anlogic Inc.
Top Model        : UDP_Example_Top
Device           : EG4S20BG256
Speed            : NA

Timing Mode      : final
Setup            : WNS -44817ps  TNS  -960027ps  NUM_FEPS   620
Hold             : WNS -1860ps  TNS   -30648ps  NUM_FEPS    53

RUN-1001 : Flow Statistics:
RUN-1001 : ---------------------------------------------------------------------------------------------------
RUN-1001 :      command     |  #calls  |  wall time   |  cpu time(s)  |  used memory(mb)  |  peak memory(mb)  
RUN-1001 : ---------------------------------------------------------------------------------------------------
RUN-1001 :       route      |    1     |  1m38s(77%)  |   109(67%)    |        852        |        852        
RUN-1001 :       place      |    1     |   26s(20%)   |    38(23%)    |        449        |        449        
RUN-1001 :      bitgen      |    1     |    2s(1%)    |    15(9%)     |        855        |        855        
RUN-1001 :     import_db    |    3     |    0s(0%)    |     0(0%)     |        327        |        327        
RUN-1001 :   import_device  |    1     |    0s(0%)    |     0(0%)     |        86         |        86         
RUN-1001 :       pack       |    1     |    0s(0%)    |     0(0%)     |        327        |        327        
RUN-1001 : ---------------------------------------------------------------------------------------------------
RUN-1001 :       total      |    8     |     2m6s     |      162      |        855        |        855        
RUN-1001 : ---------------------------------------------------------------------------------------------------
