============================================================
   Tang Dynasty, V6.2.168116
   Copyright (c) 2012-2025 Anlogic Inc.
   Executable = D:/Anlogic/TD_6.2.1_Engineer_6.2.168.116/bin/td.exe
   Built at =   16:32:07 Jun 12 2025
   Run by =     Neko
   Run Date =   Sun Oct 19 22:27:09 2025

   Run on =     NEKO_DESKTOP
============================================================
RUN-1002 : start command "import_db C:/Users/Neko/Documents/FPGA/hand_cnn/lab_ex_2_CNN/UDP_EG4_6.2/prj/UDP_EXAMPLE/UDP_EXAMPLE_Runs/phy_1/UDP_EXAMPLE_pr.db"
RUN-1001 : Importing database generated by Tang Dynasty, V6.2.168116.
RUN-1001 : Database version number 46207
RUN-1001 : Import flow parameters
RUN-1001 : Import netlist
PHY-1001 : Generate detailed routing grids ...
PHY-1001 : End build routing graph; 2.128334s wall, 2.140625s user + 0.109375s system = 2.250000s CPU (105.7%)

PHY-1001 : Build lut bridge;  0.054549s wall, 0.062500s user + 0.015625s system = 0.078125s CPU (143.2%)

PHY-1001 : Generate nets ...
PHY-1001 : net clk_50_dup_1 will be routed on clock mesh
PHY-1001 : clock net temac_clk will be merged with clock u_clk_gen/u_pll_0/clk0_buf
PHY-1001 : net udp_clk will be routed on clock mesh
PHY-1001 : net u2_hdmi_tx/Inst_DVITransmitter/PCLK_I will be routed on clock mesh
PHY-1001 : clock net u2_hdmi_tx/Inst_DVITransmitter/PCLK_X5_I will be merged with clock u0_clk_wize/clk0_buf
PHY-1001 : clock net cwc_jtck_syn_2 will be merged with clock cwc_jtck
PHY-1001 : clock net u4_trimac_block/rx_clk will be merged with clock phy1_rgmii_rx_clk_dup_1
PHY-1001 : net u4_trimac_block/u1_rgmii_interface/rgmii_txc_ddr/clk will be routed on clock mesh
PHY-1001 : eco open net = 0
PHY-1001 : 246 feed throughs used by 193 nets
RUN-1001 : Import phy database
RUN-1001 : Import timing constraints
RUN-1001 : Import IO constraints
RUN-1001 : Import Inst constraints
RUN-1001 : Import ChipWatcher
RUN-1001 : Import design success TD_VERSION=6.2.168116 , DB_VERSION=46207
RUN-1003 : finish command "import_db C:/Users/Neko/Documents/FPGA/hand_cnn/lab_ex_2_CNN/UDP_EG4_6.2/prj/UDP_EXAMPLE/UDP_EXAMPLE_Runs/phy_1/UDP_EXAMPLE_pr.db" in  4.247900s wall, 4.046875s user + 0.343750s system = 4.390625s CPU (103.4%)

RUN-1004 : used memory is 709 MB, reserved memory is 666 MB, peak memory is 749 MB
PRJ-8403 ERROR: File(C:/Users/Neko/Documents/FPGA/hand_cnn/lab_ex_2_CNN/UDP_EG4_6.2/prj/UDP_EXAMPLE/al_ip/clk_wize.ipc) is already in fileSet(design_1).
GUI-5001 WARNING: Failed to add the file: C:/Users/Neko/Documents/FPGA/hand_cnn/lab_ex_2_CNN/UDP_EG4_6.2/prj/UDP_EXAMPLE/al_ip/clk_wize.ipc
PRJ-8403 ERROR: File(C:/Users/Neko/Documents/FPGA/hand_cnn/lab_ex_2_CNN/UDP_EG4_6.2/prj/UDP_EXAMPLE/al_ip/pll_gen.ipc) is already in fileSet(design_1).
GUI-5001 WARNING: Failed to add the file: C:/Users/Neko/Documents/FPGA/hand_cnn/lab_ex_2_CNN/UDP_EG4_6.2/prj/UDP_EXAMPLE/al_ip/pll_gen.ipc
PRJ-8403 ERROR: File(C:/Users/Neko/Documents/FPGA/hand_cnn/lab_ex_2_CNN/UDP_EG4_6.2/prj/UDP_EXAMPLE/al_ip/ram.ipc) is already in fileSet(design_1).
GUI-5001 WARNING: Failed to add the file: C:/Users/Neko/Documents/FPGA/hand_cnn/lab_ex_2_CNN/UDP_EG4_6.2/prj/UDP_EXAMPLE/al_ip/ram.ipc
GUI-5001 WARNING: Failed to add the file: C:/Users/Neko/Documents/FPGA/hand_cnn/lab_ex_2_CNN/UDP_EG4_6.2/prj/UDP_EXAMPLE/al_ip/img_fifo/Design.xml
GUI-5001 WARNING: Failed to add the file: C:/Users/Neko/Documents/FPGA/hand_cnn/lab_ex_2_CNN/UDP_EG4_6.2/prj/UDP_EXAMPLE/al_ip/img_fifo/DesignConfiguration.xml
RUN-1002 : start command "commit_param -step design"
RUN-1001 : Print Global Property
RUN-1001 : --------------------------------------------------------
RUN-1001 :   Parameters   |  Settings  |  Default Values  |  Note  
RUN-1001 : --------------------------------------------------------
RUN-1001 :   enable_seed  |    off     |       off        |        
RUN-1001 :     message    |  standard  |     standard     |        
RUN-1001 :   qor_monitor  |     on     |        on        |        
RUN-1001 :   syn_ip_flow  |    off     |       off        |        
RUN-1001 :     thread     |    auto    |       auto       |        
RUN-1001 : --------------------------------------------------------
RUN-1001 : Print Design Property
RUN-1001 : ----------------------------------------------------------------
RUN-1001 :       Parameters       |  Settings  |  Default Values  |  Note  
RUN-1001 : ----------------------------------------------------------------
RUN-1001 :   default_reg_initial  |    auto    |       auto       |        
RUN-1001 :    hdl_warning_level   |   normal   |      normal      |        
RUN-1001 : ----------------------------------------------------------------
HDL-1007 : analyze verilog file al_ip/CNN_RAM1.v
HDL-1007 : analyze verilog file al_ip/RAM03_512.v
HDL-1007 : analyze verilog file al_ip/RAM04_1024.v
HDL-1007 : analyze verilog file al_ip/RAM12_1024.v
HDL-1007 : analyze verilog file al_ip/RAM12_128.v
HDL-1007 : analyze verilog file al_ip/RAM12_512.v
HDL-1007 : analyze verilog file al_ip/RAM14_256.v
HDL-1007 : analyze verilog file al_ip/RAM20_191.v
HDL-1007 : analyze verilog file al_ip/RAM_02.v
HDL-1007 : analyze verilog file al_ip/TEMAC_CORE/RTL/mac_core_aead6cd6dadd.v
HDL-1007 : analyze verilog file al_ip/TEMAC_CORE/RTL/TEMAC_CORE_aead6cd6dadd.v
HDL-5007 WARNING: column 1032 exceeds maximum value 1023 in al_ip/TEMAC_CORE/RTL/TEMAC_CORE_aead6cd6dadd.v(30)
HDL-1007 : back to file 'al_ip/TEMAC_CORE/RTL/TEMAC_CORE_aead6cd6dadd.v' in al_ip/TEMAC_CORE/RTL/TEMAC_CORE_aead6cd6dadd.v(86)
HDL-5007 WARNING: event expressions must result in a singular type in al_ip/TEMAC_CORE/RTL/TEMAC_CORE_aead6cd6dadd.v(3001)
HDL-1007 : undeclared symbol '**', assumed default net type '**' in al_ip/TEMAC_CORE/RTL/TEMAC_CORE_aead6cd6dadd.v(5050)
HDL-1007 : undeclared symbol '**', assumed default net type '**' in al_ip/TEMAC_CORE/RTL/TEMAC_CORE_aead6cd6dadd.v(5458)
HDL-5007 WARNING: column 1035 exceeds maximum value 1023 in al_ip/TEMAC_CORE/RTL/TEMAC_CORE_aead6cd6dadd.v(6001)
HDL-1007 : back to file 'al_ip/TEMAC_CORE/RTL/TEMAC_CORE_aead6cd6dadd.v' in al_ip/TEMAC_CORE/RTL/TEMAC_CORE_aead6cd6dadd.v(260)
HDL-1007 : analyze verilog file al_ip/TEMAC_CORE/TEMAC_CORE.v
HDL-1007 : analyze verilog file al_ip/clk_wize.v
HDL-1007 : undeclared symbol 'open', assumed default net type 'wire' in al_ip/clk_wize.v(70)
HDL-1007 : analyze verilog file al_ip/img.v
HDL-1007 : analyze verilog file al_ip/img_fifo/RTL/soft_fifo_9c6690866e03.v
HDL-5007 WARNING: block identifier is required on this block in al_ip/img_fifo/RTL/soft_fifo_9c6690866e03.v(509)
HDL-1007 : back to file 'al_ip/img_fifo/RTL/soft_fifo_9c6690866e03.v' in al_ip/img_fifo/RTL/soft_fifo_9c6690866e03.v(1)
HDL-1007 : analyze verilog file al_ip/img_fifo/img_fifo.v
HDL-1007 : analyze verilog file al_ip/ip_pll.v
HDL-1007 : undeclared symbol 'ip_pll_open0', assumed default net type 'wire' in al_ip/ip_pll.v(77)
HDL-1007 : undeclared symbol 'ip_pll_open1', assumed default net type 'wire' in al_ip/ip_pll.v(83)
HDL-1007 : undeclared symbol 'ip_pll_open9', assumed default net type 'wire' in al_ip/ip_pll.v(89)
HDL-1007 : undeclared symbol 'ip_pll_open8', assumed default net type 'wire' in al_ip/ip_pll.v(89)
HDL-1007 : undeclared symbol 'ip_pll_open7', assumed default net type 'wire' in al_ip/ip_pll.v(89)
HDL-1007 : undeclared symbol 'ip_pll_open6', assumed default net type 'wire' in al_ip/ip_pll.v(89)
HDL-1007 : undeclared symbol 'ip_pll_open5', assumed default net type 'wire' in al_ip/ip_pll.v(89)
HDL-1007 : undeclared symbol 'ip_pll_open4', assumed default net type 'wire' in al_ip/ip_pll.v(89)
HDL-1007 : undeclared symbol 'ip_pll_open3', assumed default net type 'wire' in al_ip/ip_pll.v(89)
HDL-1007 : undeclared symbol 'ip_pll_open2', assumed default net type 'wire' in al_ip/ip_pll.v(89)
HDL-1007 : undeclared symbol 'ip_pll_open11', assumed default net type 'wire' in al_ip/ip_pll.v(91)
HDL-1007 : undeclared symbol 'ip_pll_open10', assumed default net type 'wire' in al_ip/ip_pll.v(91)
HDL-1007 : analyze verilog file al_ip/pll_gen.v
HDL-1007 : undeclared symbol 'pll_gen_open0', assumed default net type 'wire' in al_ip/pll_gen.v(99)
HDL-1007 : undeclared symbol 'pll_gen_open8', assumed default net type 'wire' in al_ip/pll_gen.v(105)
HDL-1007 : undeclared symbol 'pll_gen_open7', assumed default net type 'wire' in al_ip/pll_gen.v(105)
HDL-1007 : undeclared symbol 'pll_gen_open6', assumed default net type 'wire' in al_ip/pll_gen.v(105)
HDL-1007 : undeclared symbol 'pll_gen_open5', assumed default net type 'wire' in al_ip/pll_gen.v(105)
HDL-1007 : undeclared symbol 'pll_gen_open4', assumed default net type 'wire' in al_ip/pll_gen.v(105)
HDL-1007 : undeclared symbol 'pll_gen_open3', assumed default net type 'wire' in al_ip/pll_gen.v(105)
HDL-1007 : undeclared symbol 'pll_gen_open2', assumed default net type 'wire' in al_ip/pll_gen.v(105)
HDL-1007 : undeclared symbol 'pll_gen_open1', assumed default net type 'wire' in al_ip/pll_gen.v(105)
HDL-1007 : analyze verilog file al_ip/ram.v
HDL-1007 : analyze verilog file ../../source_code/rtl/BUFGMUX.v
HDL-1007 : analyze verilog file ../../source_code/rtl/clk_gen_rst_gen.v
HDL-1007 : analyze verilog file ../../source_code/rtl/div_clk_gen.v
HDL-1007 : analyze verilog file ../../source_code/rtl/IDDR.v
HDL-1007 : analyze verilog file ../../source_code/rtl/ODDR.v
HDL-1007 : analyze verilog file ../../source_code/rtl/RAMB16_S9_S9.v
HDL-1007 : undeclared symbol 'open', assumed default net type 'wire' in ../../source_code/rtl/RAMB16_S9_S9.v(109)
HDL-1007 : analyze verilog file ../../source_code/rtl/rgmii_interface.v
HDL-1007 : analyze verilog file ../../source_code/rtl/rx_client_fifo.v
HDL-5370 WARNING: parameter 'WAIT_s' becomes localparam in 'rx_client_fifo' with formal parameter declaration list in ../../source_code/rtl/rx_client_fifo.v(49)
HDL-5370 WARNING: parameter 'QUEUE1_s' becomes localparam in 'rx_client_fifo' with formal parameter declaration list in ../../source_code/rtl/rx_client_fifo.v(50)
HDL-5370 WARNING: parameter 'QUEUE2_s' becomes localparam in 'rx_client_fifo' with formal parameter declaration list in ../../source_code/rtl/rx_client_fifo.v(51)
HDL-5370 WARNING: parameter 'QUEUE3_s' becomes localparam in 'rx_client_fifo' with formal parameter declaration list in ../../source_code/rtl/rx_client_fifo.v(52)
HDL-5370 WARNING: parameter 'QUEUE_SOF_s' becomes localparam in 'rx_client_fifo' with formal parameter declaration list in ../../source_code/rtl/rx_client_fifo.v(53)
HDL-5370 WARNING: parameter 'SOF_s' becomes localparam in 'rx_client_fifo' with formal parameter declaration list in ../../source_code/rtl/rx_client_fifo.v(54)
HDL-5370 WARNING: parameter 'DATA_s' becomes localparam in 'rx_client_fifo' with formal parameter declaration list in ../../source_code/rtl/rx_client_fifo.v(55)
HDL-5370 WARNING: parameter 'EOF_s' becomes localparam in 'rx_client_fifo' with formal parameter declaration list in ../../source_code/rtl/rx_client_fifo.v(56)
HDL-5370 WARNING: parameter 'IDLE_s' becomes localparam in 'rx_client_fifo' with formal parameter declaration list in ../../source_code/rtl/rx_client_fifo.v(62)
HDL-5370 WARNING: parameter 'FRAME_s' becomes localparam in 'rx_client_fifo' with formal parameter declaration list in ../../source_code/rtl/rx_client_fifo.v(63)
HDL-5370 Similar messages will be suppressed.
HDL-1007 : analyze verilog file ../../source_code/rtl/temac_block.v
HDL-1007 : analyze verilog file ../../source_code/rtl/temac_clk_gen.v
HDL-1007 : analyze verilog file ../../source_code/rtl/tx_client_fifo.v
HDL-5370 WARNING: parameter 'IDLE_s' becomes localparam in 'tx_client_fifo' with formal parameter declaration list in ../../source_code/rtl/tx_client_fifo.v(53)
HDL-5370 WARNING: parameter 'QUEUE1_s' becomes localparam in 'tx_client_fifo' with formal parameter declaration list in ../../source_code/rtl/tx_client_fifo.v(54)
HDL-5370 WARNING: parameter 'QUEUE2_s' becomes localparam in 'tx_client_fifo' with formal parameter declaration list in ../../source_code/rtl/tx_client_fifo.v(55)
HDL-5370 WARNING: parameter 'QUEUE3_s' becomes localparam in 'tx_client_fifo' with formal parameter declaration list in ../../source_code/rtl/tx_client_fifo.v(56)
HDL-5370 WARNING: parameter 'QUEUE_ACK_s' becomes localparam in 'tx_client_fifo' with formal parameter declaration list in ../../source_code/rtl/tx_client_fifo.v(57)
HDL-5370 WARNING: parameter 'WAIT_ACK_s' becomes localparam in 'tx_client_fifo' with formal parameter declaration list in ../../source_code/rtl/tx_client_fifo.v(58)
HDL-5370 WARNING: parameter 'FRAME_s' becomes localparam in 'tx_client_fifo' with formal parameter declaration list in ../../source_code/rtl/tx_client_fifo.v(59)
HDL-5370 WARNING: parameter 'DROP_s' becomes localparam in 'tx_client_fifo' with formal parameter declaration list in ../../source_code/rtl/tx_client_fifo.v(60)
HDL-5370 WARNING: parameter 'RETRANSMIT_s' becomes localparam in 'tx_client_fifo' with formal parameter declaration list in ../../source_code/rtl/tx_client_fifo.v(61)
HDL-5370 WARNING: parameter 'WAIT_s' becomes localparam in 'tx_client_fifo' with formal parameter declaration list in ../../source_code/rtl/tx_client_fifo.v(67)
HDL-5370 Similar messages will be suppressed.
HDL-1007 : analyze verilog file ../../source_code/rtl/tx_clk_en_gen.v
HDL-1007 : analyze verilog file ../../source_code/rtl/udp_data_tpg.v
HDL-1007 : analyze verilog file ../../source_code/rtl/UDP_Example_Top.v
HDL-1007 : undeclared symbol 'phy_reset', assumed default net type 'wire' in ../../source_code/rtl/UDP_Example_Top.v(137)
HDL-1007 : undeclared symbol 'pixel_clk_5x', assumed default net type 'wire' in ../../source_code/rtl/UDP_Example_Top.v(536)
HDL-1007 : undeclared symbol 'pixel_clk', assumed default net type 'wire' in ../../source_code/rtl/UDP_Example_Top.v(537)
HDL-1007 : undeclared symbol 'VGA_HSYNC', assumed default net type 'wire' in ../../source_code/rtl/UDP_Example_Top.v(553)
HDL-1007 : undeclared symbol 'VGA_VSYNC', assumed default net type 'wire' in ../../source_code/rtl/UDP_Example_Top.v(554)
HDL-1007 : undeclared symbol 'rd_en', assumed default net type 'wire' in ../../source_code/rtl/UDP_Example_Top.v(556)
HDL-1007 : undeclared symbol 'tpg_data_done', assumed default net type 'wire' in ../../source_code/rtl/UDP_Example_Top.v(611)
HDL-1007 : analyze verilog file ../../source_code/rtl/udp_ip_protocol_stack_merge.enc.v
HDL-1007 : back to file '../../source_code/rtl/udp_ip_protocol_stack_merge.enc.v' in ../../source_code/rtl/udp_ip_protocol_stack_merge.enc.v(56)
HDL-1007 : undeclared symbol '**', assumed default net type '**' in ../../source_code/rtl/udp_ip_protocol_stack_merge.enc.v(2638)
HDL-1007 : back to file '../../source_code/rtl/udp_ip_protocol_stack_merge.enc.v' in ../../source_code/rtl/udp_ip_protocol_stack_merge.enc.v(420)
HDL-1007 : analyze verilog file ../../source_code/rtl/udp_loopback.v
HDL-1007 : analyze verilog file ../../source_code/rtl/app/addr_crt.v
HDL-1007 : analyze verilog file ../../source_code/rtl/app/app.v
HDL-1007 : analyze verilog file ../../source_code/rtl/app/vga_disp_rtl.v
HDL-1007 : analyze VHDL file ../../source_code/rtl/hdmi_rtl/enc_file/DVITransmitter.enc.vhd
HDL-1007 : analyze entity dvitransmitter in ../../source_code/rtl/hdmi_rtl/enc_file/DVITransmitter.enc.vhd(13)
HDL-1007 : analyze architecture ** in ../../source_code/rtl/hdmi_rtl/enc_file/DVITransmitter.enc.vhd(2)
HDL-1007 : analyze VHDL file ../../source_code/rtl/hdmi_rtl/enc_file/SerializerN_1_lvds.enc.vhd
HDL-1007 : analyze entity ** in ../../source_code/rtl/hdmi_rtl/enc_file/SerializerN_1_lvds.enc.vhd(12)
HDL-1007 : analyze architecture ** in ../../source_code/rtl/hdmi_rtl/enc_file/SerializerN_1_lvds.enc.vhd(25)
HDL-1007 : analyze VHDL file ../../source_code/rtl/hdmi_rtl/enc_file/SerializerN_1_lvds_dat.enc.vhd
HDL-1007 : analyze entity ** in ../../source_code/rtl/hdmi_rtl/enc_file/SerializerN_1_lvds_dat.enc.vhd(14)
HDL-1007 : analyze architecture ** in ../../source_code/rtl/hdmi_rtl/enc_file/SerializerN_1_lvds_dat.enc.vhd(28)
HDL-1007 : analyze VHDL file ../../source_code/rtl/hdmi_rtl/enc_file/TMDSEncoder.enc.vhd
HDL-1007 : analyze entity ** in ../../source_code/rtl/hdmi_rtl/enc_file/TMDSEncoder.enc.vhd(13)
HDL-1007 : analyze architecture ** in ../../source_code/rtl/hdmi_rtl/enc_file/TMDSEncoder.enc.vhd(24)
HDL-1007 : analyze verilog file ../../source_code/rtl/hdmi_rtl/enc_file/video_tpg_1024768.enc.v
HDL-5007 WARNING: literal value ** truncated to fit in ** bits in ../../source_code/rtl/hdmi_rtl/enc_file/video_tpg_1024768.enc.v(231)
HDL-1007 : back to file '../../source_code/rtl/hdmi_rtl/enc_file/video_tpg_1024768.enc.v' in ../../source_code/rtl/hdmi_rtl/enc_file/video_tpg_1024768.enc.v(1)
HDL-1007 : analyze verilog file ../../source_code/rtl/hdmi_rtl/enc_file/video_tpg_1080p.enc.v
HDL-1007 : back to file '../../source_code/rtl/hdmi_rtl/enc_file/video_tpg_1080p.enc.v' in ../../source_code/rtl/hdmi_rtl/enc_file/video_tpg_1080p.enc.v(1)
HDL-1007 : analyze verilog file ../../source_code/rtl/hdmi_rtl/enc_file/video_tpg_12801024p.enc.v
HDL-1007 : back to file '../../source_code/rtl/hdmi_rtl/enc_file/video_tpg_12801024p.enc.v' in ../../source_code/rtl/hdmi_rtl/enc_file/video_tpg_12801024p.enc.v(1)
HDL-1007 : analyze verilog file ../../source_code/rtl/hdmi_rtl/enc_file/video_tpg_1280800.enc.v
HDL-5007 WARNING: literal value ** truncated to fit in ** bits in ../../source_code/rtl/hdmi_rtl/enc_file/video_tpg_1280800.enc.v(233)
HDL-1007 : back to file '../../source_code/rtl/hdmi_rtl/enc_file/video_tpg_1280800.enc.v' in ../../source_code/rtl/hdmi_rtl/enc_file/video_tpg_1280800.enc.v(1)
HDL-1007 : analyze verilog file ../../source_code/rtl/hdmi_rtl/enc_file/video_tpg_16801050p.enc.v
HDL-1007 : back to file '../../source_code/rtl/hdmi_rtl/enc_file/video_tpg_16801050p.enc.v' in ../../source_code/rtl/hdmi_rtl/enc_file/video_tpg_16801050p.enc.v(1)
HDL-1007 : analyze verilog file ../../source_code/rtl/hdmi_rtl/enc_file/video_tpg_800600.enc.v
HDL-1007 : back to file '../../source_code/rtl/hdmi_rtl/enc_file/video_tpg_800600.enc.v' in ../../source_code/rtl/hdmi_rtl/enc_file/video_tpg_800600.enc.v(1)
HDL-1007 : analyze verilog file ../../source_code/rtl/hdmi_rtl/hdmi_top.v
HDL-1007 : analyze VHDL file ../../source_code/rtl/hdmi_rtl/hdmi_tx.vhd
HDL-1007 : analyze entity hdmi_tx in ../../source_code/rtl/hdmi_rtl/hdmi_tx.vhd(11)
HDL-1007 : analyze architecture behavioral in ../../source_code/rtl/hdmi_rtl/hdmi_tx.vhd(33)
HDL-1007 : analyze verilog file ../../source_code/rtl/hdmi_rtl/hdmi_tx_display.v
HDL-1007 : undeclared symbol 'pixel_clk_5x', assumed default net type 'wire' in ../../source_code/rtl/hdmi_rtl/hdmi_tx_display.v(25)
HDL-1007 : undeclared symbol 'pixel_clk', assumed default net type 'wire' in ../../source_code/rtl/hdmi_rtl/hdmi_tx_display.v(26)
HDL-1007 : analyze verilog file ../../source_code/rtl/hdmi_rtl/vga_disp_rtl.v
HDL-7201 CRITICAL-WARNING: overwrite current module 'vga_disp_rtl' in ../../source_code/rtl/hdmi_rtl/vga_disp_rtl.v(1)
HDL-7307 CRITICAL-WARNING: previous definition of design element module 'vga_disp_rtl' is here. This is because multiple modules(values) with the same name are defined. Please consider rewriting code in ../../source_code/rtl/app/vga_disp_rtl.v(1)
PRJ-8403 ERROR: File(C:/Users/Neko/Documents/FPGA/hand_cnn/lab_ex_2_CNN/UDP_EG4_6.2/source_code/rtl/BUFGMUX.v) is already in fileSet(design_1).
GUI-5001 WARNING: Failed to add the file: C:/Users/Neko/Documents/FPGA/hand_cnn/lab_ex_2_CNN/UDP_EG4_6.2/source_code/rtl/BUFGMUX.v
PRJ-8403 ERROR: File(C:/Users/Neko/Documents/FPGA/hand_cnn/lab_ex_2_CNN/UDP_EG4_6.2/source_code/rtl/clk_gen_rst_gen.v) is already in fileSet(design_1).
GUI-5001 WARNING: Failed to add the file: C:/Users/Neko/Documents/FPGA/hand_cnn/lab_ex_2_CNN/UDP_EG4_6.2/source_code/rtl/clk_gen_rst_gen.v
PRJ-8403 ERROR: File(C:/Users/Neko/Documents/FPGA/hand_cnn/lab_ex_2_CNN/UDP_EG4_6.2/source_code/rtl/div_clk_gen.v) is already in fileSet(design_1).
GUI-5001 WARNING: Failed to add the file: C:/Users/Neko/Documents/FPGA/hand_cnn/lab_ex_2_CNN/UDP_EG4_6.2/source_code/rtl/div_clk_gen.v
PRJ-8403 ERROR: File(C:/Users/Neko/Documents/FPGA/hand_cnn/lab_ex_2_CNN/UDP_EG4_6.2/source_code/rtl/IDDR.v) is already in fileSet(design_1).
GUI-5001 WARNING: Failed to add the file: C:/Users/Neko/Documents/FPGA/hand_cnn/lab_ex_2_CNN/UDP_EG4_6.2/source_code/rtl/IDDR.v
PRJ-8403 ERROR: File(C:/Users/Neko/Documents/FPGA/hand_cnn/lab_ex_2_CNN/UDP_EG4_6.2/source_code/rtl/ODDR.v) is already in fileSet(design_1).
GUI-5001 WARNING: Failed to add the file: C:/Users/Neko/Documents/FPGA/hand_cnn/lab_ex_2_CNN/UDP_EG4_6.2/source_code/rtl/ODDR.v
PRJ-8403 ERROR: File(C:/Users/Neko/Documents/FPGA/hand_cnn/lab_ex_2_CNN/UDP_EG4_6.2/source_code/rtl/RAMB16_S9_S9.v) is already in fileSet(design_1).
GUI-5001 WARNING: Failed to add the file: C:/Users/Neko/Documents/FPGA/hand_cnn/lab_ex_2_CNN/UDP_EG4_6.2/source_code/rtl/RAMB16_S9_S9.v
PRJ-8403 ERROR: File(C:/Users/Neko/Documents/FPGA/hand_cnn/lab_ex_2_CNN/UDP_EG4_6.2/source_code/rtl/rgmii_interface.v) is already in fileSet(design_1).
GUI-5001 WARNING: Failed to add the file: C:/Users/Neko/Documents/FPGA/hand_cnn/lab_ex_2_CNN/UDP_EG4_6.2/source_code/rtl/rgmii_interface.v
PRJ-8403 ERROR: File(C:/Users/Neko/Documents/FPGA/hand_cnn/lab_ex_2_CNN/UDP_EG4_6.2/source_code/rtl/rx_client_fifo.v) is already in fileSet(design_1).
GUI-5001 WARNING: Failed to add the file: C:/Users/Neko/Documents/FPGA/hand_cnn/lab_ex_2_CNN/UDP_EG4_6.2/source_code/rtl/rx_client_fifo.v
PRJ-8403 ERROR: File(C:/Users/Neko/Documents/FPGA/hand_cnn/lab_ex_2_CNN/UDP_EG4_6.2/source_code/rtl/temac_block.v) is already in fileSet(design_1).
GUI-5001 WARNING: Failed to add the file: C:/Users/Neko/Documents/FPGA/hand_cnn/lab_ex_2_CNN/UDP_EG4_6.2/source_code/rtl/temac_block.v
PRJ-8403 ERROR: File(C:/Users/Neko/Documents/FPGA/hand_cnn/lab_ex_2_CNN/UDP_EG4_6.2/source_code/rtl/temac_clk_gen.v) is already in fileSet(design_1).
GUI-5001 WARNING: Failed to add the file: C:/Users/Neko/Documents/FPGA/hand_cnn/lab_ex_2_CNN/UDP_EG4_6.2/source_code/rtl/temac_clk_gen.v
PRJ-8403 ERROR: File(C:/Users/Neko/Documents/FPGA/hand_cnn/lab_ex_2_CNN/UDP_EG4_6.2/source_code/rtl/tx_client_fifo.v) is already in fileSet(design_1).
GUI-5001 WARNING: Failed to add the file: C:/Users/Neko/Documents/FPGA/hand_cnn/lab_ex_2_CNN/UDP_EG4_6.2/source_code/rtl/tx_client_fifo.v
PRJ-8403 ERROR: File(C:/Users/Neko/Documents/FPGA/hand_cnn/lab_ex_2_CNN/UDP_EG4_6.2/source_code/rtl/tx_clk_en_gen.v) is already in fileSet(design_1).
GUI-5001 WARNING: Failed to add the file: C:/Users/Neko/Documents/FPGA/hand_cnn/lab_ex_2_CNN/UDP_EG4_6.2/source_code/rtl/tx_clk_en_gen.v
PRJ-8403 ERROR: File(C:/Users/Neko/Documents/FPGA/hand_cnn/lab_ex_2_CNN/UDP_EG4_6.2/source_code/rtl/udp_data_tpg.v) is already in fileSet(design_1).
GUI-5001 WARNING: Failed to add the file: C:/Users/Neko/Documents/FPGA/hand_cnn/lab_ex_2_CNN/UDP_EG4_6.2/source_code/rtl/udp_data_tpg.v
PRJ-8403 ERROR: File(C:/Users/Neko/Documents/FPGA/hand_cnn/lab_ex_2_CNN/UDP_EG4_6.2/source_code/rtl/UDP_Example_Top.v) is already in fileSet(design_1).
GUI-5001 WARNING: Failed to add the file: C:/Users/Neko/Documents/FPGA/hand_cnn/lab_ex_2_CNN/UDP_EG4_6.2/source_code/rtl/UDP_Example_Top.v
PRJ-8403 ERROR: File(C:/Users/Neko/Documents/FPGA/hand_cnn/lab_ex_2_CNN/UDP_EG4_6.2/source_code/rtl/udp_ip_protocol_stack_merge.enc.v) is already in fileSet(design_1).
GUI-5001 WARNING: Failed to add the file: C:/Users/Neko/Documents/FPGA/hand_cnn/lab_ex_2_CNN/UDP_EG4_6.2/source_code/rtl/udp_ip_protocol_stack_merge.enc.v
PRJ-8403 ERROR: File(C:/Users/Neko/Documents/FPGA/hand_cnn/lab_ex_2_CNN/UDP_EG4_6.2/source_code/rtl/udp_loopback.v) is already in fileSet(design_1).
GUI-5001 WARNING: Failed to add the file: C:/Users/Neko/Documents/FPGA/hand_cnn/lab_ex_2_CNN/UDP_EG4_6.2/source_code/rtl/udp_loopback.v
PRJ-8403 ERROR: File(C:/Users/Neko/Documents/FPGA/hand_cnn/lab_ex_2_CNN/UDP_EG4_6.2/source_code/rtl/app/addr_crt.v) is already in fileSet(design_1).
GUI-5001 WARNING: Failed to add the file: C:/Users/Neko/Documents/FPGA/hand_cnn/lab_ex_2_CNN/UDP_EG4_6.2/source_code/rtl/app/addr_crt.v
PRJ-8403 ERROR: File(C:/Users/Neko/Documents/FPGA/hand_cnn/lab_ex_2_CNN/UDP_EG4_6.2/source_code/rtl/app/app.v) is already in fileSet(design_1).
GUI-5001 WARNING: Failed to add the file: C:/Users/Neko/Documents/FPGA/hand_cnn/lab_ex_2_CNN/UDP_EG4_6.2/source_code/rtl/app/app.v
PRJ-8403 ERROR: File(C:/Users/Neko/Documents/FPGA/hand_cnn/lab_ex_2_CNN/UDP_EG4_6.2/source_code/rtl/app/vga_disp_rtl.v) is already in fileSet(design_1).
GUI-5001 WARNING: Failed to add the file: C:/Users/Neko/Documents/FPGA/hand_cnn/lab_ex_2_CNN/UDP_EG4_6.2/source_code/rtl/app/vga_disp_rtl.v
RUN-1002 : start command "commit_param -step design"
RUN-1001 : Print Global Property
RUN-1001 : --------------------------------------------------------
RUN-1001 :   Parameters   |  Settings  |  Default Values  |  Note  
RUN-1001 : --------------------------------------------------------
RUN-1001 :   enable_seed  |    off     |       off        |        
RUN-1001 :     message    |  standard  |     standard     |        
RUN-1001 :   qor_monitor  |     on     |        on        |        
RUN-1001 :   syn_ip_flow  |    off     |       off        |        
RUN-1001 :     thread     |    auto    |       auto       |        
RUN-1001 : --------------------------------------------------------
RUN-1001 : Print Design Property
RUN-1001 : ----------------------------------------------------------------
RUN-1001 :       Parameters       |  Settings  |  Default Values  |  Note  
RUN-1001 : ----------------------------------------------------------------
RUN-1001 :   default_reg_initial  |    auto    |       auto       |        
RUN-1001 :    hdl_warning_level   |   normal   |      normal      |        
RUN-1001 : ----------------------------------------------------------------
HDL-1007 : analyze verilog file al_ip/CNN_RAM1.v
HDL-1007 : analyze verilog file al_ip/RAM03_512.v
HDL-1007 : analyze verilog file al_ip/RAM04_1024.v
HDL-1007 : analyze verilog file al_ip/RAM12_1024.v
HDL-1007 : analyze verilog file al_ip/RAM12_128.v
HDL-1007 : analyze verilog file al_ip/RAM12_512.v
HDL-1007 : analyze verilog file al_ip/RAM14_256.v
HDL-1007 : analyze verilog file al_ip/RAM20_191.v
HDL-1007 : analyze verilog file al_ip/RAM_02.v
HDL-1007 : analyze verilog file al_ip/TEMAC_CORE/RTL/mac_core_aead6cd6dadd.v
HDL-1007 : analyze verilog file al_ip/TEMAC_CORE/RTL/TEMAC_CORE_aead6cd6dadd.v
HDL-5007 WARNING: column 1032 exceeds maximum value 1023 in al_ip/TEMAC_CORE/RTL/TEMAC_CORE_aead6cd6dadd.v(30)
HDL-1007 : back to file 'al_ip/TEMAC_CORE/RTL/TEMAC_CORE_aead6cd6dadd.v' in al_ip/TEMAC_CORE/RTL/TEMAC_CORE_aead6cd6dadd.v(86)
HDL-5007 WARNING: event expressions must result in a singular type in al_ip/TEMAC_CORE/RTL/TEMAC_CORE_aead6cd6dadd.v(3001)
HDL-1007 : undeclared symbol '**', assumed default net type '**' in al_ip/TEMAC_CORE/RTL/TEMAC_CORE_aead6cd6dadd.v(5050)
HDL-1007 : undeclared symbol '**', assumed default net type '**' in al_ip/TEMAC_CORE/RTL/TEMAC_CORE_aead6cd6dadd.v(5458)
HDL-5007 WARNING: column 1035 exceeds maximum value 1023 in al_ip/TEMAC_CORE/RTL/TEMAC_CORE_aead6cd6dadd.v(6001)
HDL-1007 : back to file 'al_ip/TEMAC_CORE/RTL/TEMAC_CORE_aead6cd6dadd.v' in al_ip/TEMAC_CORE/RTL/TEMAC_CORE_aead6cd6dadd.v(260)
HDL-1007 : analyze verilog file al_ip/TEMAC_CORE/TEMAC_CORE.v
HDL-1007 : analyze verilog file al_ip/clk_wize.v
HDL-1007 : undeclared symbol 'open', assumed default net type 'wire' in al_ip/clk_wize.v(70)
HDL-1007 : analyze verilog file al_ip/img.v
HDL-1007 : analyze verilog file al_ip/img_fifo/RTL/soft_fifo_9c6690866e03.v
HDL-5007 WARNING: block identifier is required on this block in al_ip/img_fifo/RTL/soft_fifo_9c6690866e03.v(509)
HDL-1007 : back to file 'al_ip/img_fifo/RTL/soft_fifo_9c6690866e03.v' in al_ip/img_fifo/RTL/soft_fifo_9c6690866e03.v(1)
HDL-1007 : analyze verilog file al_ip/img_fifo/img_fifo.v
HDL-1007 : analyze verilog file al_ip/ip_pll.v
HDL-1007 : undeclared symbol 'ip_pll_open0', assumed default net type 'wire' in al_ip/ip_pll.v(77)
HDL-1007 : undeclared symbol 'ip_pll_open1', assumed default net type 'wire' in al_ip/ip_pll.v(83)
HDL-1007 : undeclared symbol 'ip_pll_open9', assumed default net type 'wire' in al_ip/ip_pll.v(89)
HDL-1007 : undeclared symbol 'ip_pll_open8', assumed default net type 'wire' in al_ip/ip_pll.v(89)
HDL-1007 : undeclared symbol 'ip_pll_open7', assumed default net type 'wire' in al_ip/ip_pll.v(89)
HDL-1007 : undeclared symbol 'ip_pll_open6', assumed default net type 'wire' in al_ip/ip_pll.v(89)
HDL-1007 : undeclared symbol 'ip_pll_open5', assumed default net type 'wire' in al_ip/ip_pll.v(89)
HDL-1007 : undeclared symbol 'ip_pll_open4', assumed default net type 'wire' in al_ip/ip_pll.v(89)
HDL-1007 : undeclared symbol 'ip_pll_open3', assumed default net type 'wire' in al_ip/ip_pll.v(89)
HDL-1007 : undeclared symbol 'ip_pll_open2', assumed default net type 'wire' in al_ip/ip_pll.v(89)
HDL-1007 : undeclared symbol 'ip_pll_open11', assumed default net type 'wire' in al_ip/ip_pll.v(91)
HDL-1007 : undeclared symbol 'ip_pll_open10', assumed default net type 'wire' in al_ip/ip_pll.v(91)
HDL-1007 : analyze verilog file al_ip/pll_gen.v
HDL-1007 : undeclared symbol 'pll_gen_open0', assumed default net type 'wire' in al_ip/pll_gen.v(99)
HDL-1007 : undeclared symbol 'pll_gen_open8', assumed default net type 'wire' in al_ip/pll_gen.v(105)
HDL-1007 : undeclared symbol 'pll_gen_open7', assumed default net type 'wire' in al_ip/pll_gen.v(105)
HDL-1007 : undeclared symbol 'pll_gen_open6', assumed default net type 'wire' in al_ip/pll_gen.v(105)
HDL-1007 : undeclared symbol 'pll_gen_open5', assumed default net type 'wire' in al_ip/pll_gen.v(105)
HDL-1007 : undeclared symbol 'pll_gen_open4', assumed default net type 'wire' in al_ip/pll_gen.v(105)
HDL-1007 : undeclared symbol 'pll_gen_open3', assumed default net type 'wire' in al_ip/pll_gen.v(105)
HDL-1007 : undeclared symbol 'pll_gen_open2', assumed default net type 'wire' in al_ip/pll_gen.v(105)
HDL-1007 : undeclared symbol 'pll_gen_open1', assumed default net type 'wire' in al_ip/pll_gen.v(105)
HDL-1007 : analyze verilog file al_ip/ram.v
HDL-1007 : analyze verilog file ../../source_code/rtl/BUFGMUX.v
HDL-1007 : analyze verilog file ../../source_code/rtl/clk_gen_rst_gen.v
HDL-1007 : analyze verilog file ../../source_code/rtl/div_clk_gen.v
HDL-1007 : analyze verilog file ../../source_code/rtl/IDDR.v
HDL-1007 : analyze verilog file ../../source_code/rtl/ODDR.v
HDL-1007 : analyze verilog file ../../source_code/rtl/RAMB16_S9_S9.v
HDL-1007 : undeclared symbol 'open', assumed default net type 'wire' in ../../source_code/rtl/RAMB16_S9_S9.v(109)
HDL-1007 : analyze verilog file ../../source_code/rtl/rgmii_interface.v
HDL-1007 : analyze verilog file ../../source_code/rtl/rx_client_fifo.v
HDL-5370 WARNING: parameter 'WAIT_s' becomes localparam in 'rx_client_fifo' with formal parameter declaration list in ../../source_code/rtl/rx_client_fifo.v(49)
HDL-5370 WARNING: parameter 'QUEUE1_s' becomes localparam in 'rx_client_fifo' with formal parameter declaration list in ../../source_code/rtl/rx_client_fifo.v(50)
HDL-5370 WARNING: parameter 'QUEUE2_s' becomes localparam in 'rx_client_fifo' with formal parameter declaration list in ../../source_code/rtl/rx_client_fifo.v(51)
HDL-5370 WARNING: parameter 'QUEUE3_s' becomes localparam in 'rx_client_fifo' with formal parameter declaration list in ../../source_code/rtl/rx_client_fifo.v(52)
HDL-5370 WARNING: parameter 'QUEUE_SOF_s' becomes localparam in 'rx_client_fifo' with formal parameter declaration list in ../../source_code/rtl/rx_client_fifo.v(53)
HDL-5370 WARNING: parameter 'SOF_s' becomes localparam in 'rx_client_fifo' with formal parameter declaration list in ../../source_code/rtl/rx_client_fifo.v(54)
HDL-5370 WARNING: parameter 'DATA_s' becomes localparam in 'rx_client_fifo' with formal parameter declaration list in ../../source_code/rtl/rx_client_fifo.v(55)
HDL-5370 WARNING: parameter 'EOF_s' becomes localparam in 'rx_client_fifo' with formal parameter declaration list in ../../source_code/rtl/rx_client_fifo.v(56)
HDL-5370 WARNING: parameter 'IDLE_s' becomes localparam in 'rx_client_fifo' with formal parameter declaration list in ../../source_code/rtl/rx_client_fifo.v(62)
HDL-5370 WARNING: parameter 'FRAME_s' becomes localparam in 'rx_client_fifo' with formal parameter declaration list in ../../source_code/rtl/rx_client_fifo.v(63)
HDL-5370 Similar messages will be suppressed.
HDL-1007 : analyze verilog file ../../source_code/rtl/temac_block.v
HDL-1007 : analyze verilog file ../../source_code/rtl/temac_clk_gen.v
HDL-1007 : analyze verilog file ../../source_code/rtl/tx_client_fifo.v
HDL-5370 WARNING: parameter 'IDLE_s' becomes localparam in 'tx_client_fifo' with formal parameter declaration list in ../../source_code/rtl/tx_client_fifo.v(53)
HDL-5370 WARNING: parameter 'QUEUE1_s' becomes localparam in 'tx_client_fifo' with formal parameter declaration list in ../../source_code/rtl/tx_client_fifo.v(54)
HDL-5370 WARNING: parameter 'QUEUE2_s' becomes localparam in 'tx_client_fifo' with formal parameter declaration list in ../../source_code/rtl/tx_client_fifo.v(55)
HDL-5370 WARNING: parameter 'QUEUE3_s' becomes localparam in 'tx_client_fifo' with formal parameter declaration list in ../../source_code/rtl/tx_client_fifo.v(56)
HDL-5370 WARNING: parameter 'QUEUE_ACK_s' becomes localparam in 'tx_client_fifo' with formal parameter declaration list in ../../source_code/rtl/tx_client_fifo.v(57)
HDL-5370 WARNING: parameter 'WAIT_ACK_s' becomes localparam in 'tx_client_fifo' with formal parameter declaration list in ../../source_code/rtl/tx_client_fifo.v(58)
HDL-5370 WARNING: parameter 'FRAME_s' becomes localparam in 'tx_client_fifo' with formal parameter declaration list in ../../source_code/rtl/tx_client_fifo.v(59)
HDL-5370 WARNING: parameter 'DROP_s' becomes localparam in 'tx_client_fifo' with formal parameter declaration list in ../../source_code/rtl/tx_client_fifo.v(60)
HDL-5370 WARNING: parameter 'RETRANSMIT_s' becomes localparam in 'tx_client_fifo' with formal parameter declaration list in ../../source_code/rtl/tx_client_fifo.v(61)
HDL-5370 WARNING: parameter 'WAIT_s' becomes localparam in 'tx_client_fifo' with formal parameter declaration list in ../../source_code/rtl/tx_client_fifo.v(67)
HDL-5370 Similar messages will be suppressed.
HDL-1007 : analyze verilog file ../../source_code/rtl/tx_clk_en_gen.v
HDL-1007 : analyze verilog file ../../source_code/rtl/udp_data_tpg.v
HDL-1007 : analyze verilog file ../../source_code/rtl/UDP_Example_Top.v
HDL-1007 : undeclared symbol 'phy_reset', assumed default net type 'wire' in ../../source_code/rtl/UDP_Example_Top.v(137)
HDL-1007 : undeclared symbol 'pixel_clk_5x', assumed default net type 'wire' in ../../source_code/rtl/UDP_Example_Top.v(536)
HDL-1007 : undeclared symbol 'pixel_clk', assumed default net type 'wire' in ../../source_code/rtl/UDP_Example_Top.v(537)
HDL-1007 : undeclared symbol 'VGA_HSYNC', assumed default net type 'wire' in ../../source_code/rtl/UDP_Example_Top.v(553)
HDL-1007 : undeclared symbol 'VGA_VSYNC', assumed default net type 'wire' in ../../source_code/rtl/UDP_Example_Top.v(554)
HDL-1007 : undeclared symbol 'rd_en', assumed default net type 'wire' in ../../source_code/rtl/UDP_Example_Top.v(556)
HDL-1007 : undeclared symbol 'tpg_data_done', assumed default net type 'wire' in ../../source_code/rtl/UDP_Example_Top.v(611)
HDL-1007 : analyze verilog file ../../source_code/rtl/udp_ip_protocol_stack_merge.enc.v
HDL-1007 : back to file '../../source_code/rtl/udp_ip_protocol_stack_merge.enc.v' in ../../source_code/rtl/udp_ip_protocol_stack_merge.enc.v(56)
HDL-1007 : undeclared symbol '**', assumed default net type '**' in ../../source_code/rtl/udp_ip_protocol_stack_merge.enc.v(2638)
HDL-1007 : back to file '../../source_code/rtl/udp_ip_protocol_stack_merge.enc.v' in ../../source_code/rtl/udp_ip_protocol_stack_merge.enc.v(420)
HDL-1007 : analyze verilog file ../../source_code/rtl/udp_loopback.v
HDL-1007 : analyze verilog file ../../source_code/rtl/app/addr_crt.v
HDL-1007 : analyze verilog file ../../source_code/rtl/app/app.v
HDL-1007 : analyze verilog file ../../source_code/rtl/app/vga_disp_rtl.v
HDL-1007 : analyze VHDL file ../../source_code/rtl/hdmi_rtl/enc_file/DVITransmitter.enc.vhd
HDL-1007 : analyze entity dvitransmitter in ../../source_code/rtl/hdmi_rtl/enc_file/DVITransmitter.enc.vhd(13)
HDL-1007 : analyze architecture ** in ../../source_code/rtl/hdmi_rtl/enc_file/DVITransmitter.enc.vhd(2)
HDL-1007 : analyze VHDL file ../../source_code/rtl/hdmi_rtl/enc_file/SerializerN_1_lvds.enc.vhd
HDL-1007 : analyze entity ** in ../../source_code/rtl/hdmi_rtl/enc_file/SerializerN_1_lvds.enc.vhd(12)
HDL-1007 : analyze architecture ** in ../../source_code/rtl/hdmi_rtl/enc_file/SerializerN_1_lvds.enc.vhd(25)
HDL-1007 : analyze VHDL file ../../source_code/rtl/hdmi_rtl/enc_file/SerializerN_1_lvds_dat.enc.vhd
HDL-1007 : analyze entity ** in ../../source_code/rtl/hdmi_rtl/enc_file/SerializerN_1_lvds_dat.enc.vhd(14)
HDL-1007 : analyze architecture ** in ../../source_code/rtl/hdmi_rtl/enc_file/SerializerN_1_lvds_dat.enc.vhd(28)
HDL-1007 : analyze VHDL file ../../source_code/rtl/hdmi_rtl/enc_file/TMDSEncoder.enc.vhd
HDL-1007 : analyze entity ** in ../../source_code/rtl/hdmi_rtl/enc_file/TMDSEncoder.enc.vhd(13)
HDL-1007 : analyze architecture ** in ../../source_code/rtl/hdmi_rtl/enc_file/TMDSEncoder.enc.vhd(24)
HDL-1007 : analyze verilog file ../../source_code/rtl/hdmi_rtl/enc_file/video_tpg_1024768.enc.v
HDL-5007 WARNING: literal value ** truncated to fit in ** bits in ../../source_code/rtl/hdmi_rtl/enc_file/video_tpg_1024768.enc.v(231)
HDL-1007 : back to file '../../source_code/rtl/hdmi_rtl/enc_file/video_tpg_1024768.enc.v' in ../../source_code/rtl/hdmi_rtl/enc_file/video_tpg_1024768.enc.v(1)
HDL-1007 : analyze verilog file ../../source_code/rtl/hdmi_rtl/enc_file/video_tpg_1080p.enc.v
HDL-1007 : back to file '../../source_code/rtl/hdmi_rtl/enc_file/video_tpg_1080p.enc.v' in ../../source_code/rtl/hdmi_rtl/enc_file/video_tpg_1080p.enc.v(1)
HDL-1007 : analyze verilog file ../../source_code/rtl/hdmi_rtl/enc_file/video_tpg_12801024p.enc.v
HDL-1007 : back to file '../../source_code/rtl/hdmi_rtl/enc_file/video_tpg_12801024p.enc.v' in ../../source_code/rtl/hdmi_rtl/enc_file/video_tpg_12801024p.enc.v(1)
HDL-1007 : analyze verilog file ../../source_code/rtl/hdmi_rtl/enc_file/video_tpg_1280800.enc.v
HDL-5007 WARNING: literal value ** truncated to fit in ** bits in ../../source_code/rtl/hdmi_rtl/enc_file/video_tpg_1280800.enc.v(233)
HDL-1007 : back to file '../../source_code/rtl/hdmi_rtl/enc_file/video_tpg_1280800.enc.v' in ../../source_code/rtl/hdmi_rtl/enc_file/video_tpg_1280800.enc.v(1)
HDL-1007 : analyze verilog file ../../source_code/rtl/hdmi_rtl/enc_file/video_tpg_16801050p.enc.v
HDL-1007 : back to file '../../source_code/rtl/hdmi_rtl/enc_file/video_tpg_16801050p.enc.v' in ../../source_code/rtl/hdmi_rtl/enc_file/video_tpg_16801050p.enc.v(1)
HDL-1007 : analyze verilog file ../../source_code/rtl/hdmi_rtl/enc_file/video_tpg_800600.enc.v
HDL-1007 : back to file '../../source_code/rtl/hdmi_rtl/enc_file/video_tpg_800600.enc.v' in ../../source_code/rtl/hdmi_rtl/enc_file/video_tpg_800600.enc.v(1)
HDL-1007 : analyze verilog file ../../source_code/rtl/hdmi_rtl/hdmi_top.v
HDL-1007 : analyze VHDL file ../../source_code/rtl/hdmi_rtl/hdmi_tx.vhd
HDL-1007 : analyze entity hdmi_tx in ../../source_code/rtl/hdmi_rtl/hdmi_tx.vhd(11)
HDL-1007 : analyze architecture behavioral in ../../source_code/rtl/hdmi_rtl/hdmi_tx.vhd(33)
HDL-1007 : analyze verilog file ../../source_code/rtl/hdmi_rtl/hdmi_tx_display.v
HDL-1007 : undeclared symbol 'pixel_clk_5x', assumed default net type 'wire' in ../../source_code/rtl/hdmi_rtl/hdmi_tx_display.v(25)
HDL-1007 : undeclared symbol 'pixel_clk', assumed default net type 'wire' in ../../source_code/rtl/hdmi_rtl/hdmi_tx_display.v(26)
HDL-1007 : analyze verilog file ../../source_code/rtl/hdmi_rtl/vga_disp_rtl.v
HDL-7201 CRITICAL-WARNING: overwrite current module 'vga_disp_rtl' in ../../source_code/rtl/hdmi_rtl/vga_disp_rtl.v(1)
HDL-7307 CRITICAL-WARNING: previous definition of design element module 'vga_disp_rtl' is here. This is because multiple modules(values) with the same name are defined. Please consider rewriting code in ../../source_code/rtl/app/vga_disp_rtl.v(1)
HDL-1007 : analyze verilog file ../../source_code/rtl/udp_to_cnn_adapter.v
HDL-1007 : analyze verilog file ../../source_code/rtl/udp_to_cnn_bridge.v
HDL-1007 : analyze verilog file ../../source_code/rtl/cnn/camera_init.v
HDL-1007 : undeclared symbol 'clk_div', assumed default net type 'wire' in ../../source_code/rtl/cnn/camera_init.v(74)
HDL-1007 : analyze verilog file ../../source_code/rtl/cnn/camera_reader.v
HDL-1007 : analyze verilog file ../../source_code/rtl/cnn/CNN_L1_221009.v
HDL-1007 : analyze verilog file ../../source_code/rtl/cnn/CNN_READ.v
HDL-1007 : analyze verilog file ../../source_code/rtl/cnn/CNN_READ_C2.v
HDL-1007 : analyze verilog file ../../source_code/rtl/cnn/CNN1_vga.v
HDL-1007 : analyze verilog file ../../source_code/rtl/cnn/CNN3.v
HDL-1007 : analyze verilog file ../../source_code/rtl/cnn/conv1.v
HDL-1007 : analyze verilog file ../../source_code/rtl/cnn/conv1_layer1.v
HDL-1007 : analyze verilog file ../../source_code/rtl/cnn/conv2.v
HDL-1007 : analyze verilog file ../../source_code/rtl/cnn/conv2_layer2.v
HDL-1007 : analyze verilog file ../../source_code/rtl/cnn/full_layer.v
HDL-1007 : analyze verilog file ../../source_code/rtl/cnn/i2c_module.v
HDL-1007 : analyze verilog file ../../source_code/rtl/cnn/lcd_sync.v
HDL-1007 : analyze verilog file ../../source_code/rtl/cnn/lcd_sync_Y.v
HDL-1007 : analyze verilog file ../../source_code/rtl/cnn/output_layer.v
HDL-1007 : analyze verilog file ../../source_code/rtl/cnn/POOL_CORE.v
HDL-1007 : analyze verilog file ../../source_code/rtl/cnn/pool_core0.v
HDL-1007 : analyze verilog file ../../source_code/rtl/cnn/POOL_READ_P1.v
HDL-1007 : analyze verilog file ../../source_code/rtl/cnn/POOL_READ_P2.v
HDL-1007 : analyze verilog file ../../source_code/rtl/cnn/pool1_layer.v
HDL-1007 : analyze verilog file ../../source_code/rtl/cnn/POOL3.v
HDL-1007 : analyze verilog file ../../source_code/rtl/cnn/PRE_LAYER.v
HDL-1007 : analyze verilog file ../../source_code/rtl/cnn/READ_RAMP2.v
HDL-1007 : analyze verilog file ../../source_code/rtl/cnn/RGB2GRAY.v
HDL-1007 : analyze verilog file ../../source_code/rtl/cnn/test_camera.v
HDL-1007 : analyze verilog file ../../source_code/rtl/cnn/test_ram_read.v
HDL-5007 WARNING: /* is inside a comment in ../../source_code/rtl/cnn/test_ram_read.v(123)
PRJ-1412 : reset_run syn_1 phy_1.
PRJ-1409 : launch_runs syn_1 phy_1  -jobs 6.
PRJ-1410 : Run syn_1 success.
PRJ-1410 : Run phy_1 success.
RUN-1002 : start command "save_best_bits"
PRJ-1424 : The implemented result of phy_1 is saved as best result.
RUN-1002 : start command "import_db C:/Users/Neko/Documents/FPGA/hand_cnn/lab_ex_2_CNN/UDP_EG4_6.2/prj/UDP_EXAMPLE/UDP_EXAMPLE_Runs/phy_1/UDP_EXAMPLE_pr.db"
RUN-1001 : Importing database generated by Tang Dynasty, V6.2.168116.
RUN-1001 : Database version number 46207
RUN-1001 : Import flow parameters
RUN-1001 : Import netlist
PHY-1001 : Generate detailed routing grids ...
PHY-1001 : End build routing graph; 0.494213s wall, 0.484375s user + 0.062500s system = 0.546875s CPU (110.7%)

PHY-1001 : Build lut bridge;  0.054331s wall, 0.062500s user + 0.000000s system = 0.062500s CPU (115.0%)

PHY-1001 : Generate nets ...
PHY-1001 : net clk_50_dup_1 will be routed on clock mesh
PHY-1001 : clock net temac_clk will be merged with clock u_clk_gen/u_pll_0/clk0_buf
PHY-1001 : net udp_clk will be routed on clock mesh
PHY-1001 : net u2_hdmi_tx/Inst_DVITransmitter/PCLK_I will be routed on clock mesh
PHY-1001 : clock net u2_hdmi_tx/Inst_DVITransmitter/PCLK_X5_I will be merged with clock u0_clk_wize/clk0_buf
PHY-1001 : clock net cwc_jtck_syn_2 will be merged with clock cwc_jtck
PHY-1001 : clock net u4_trimac_block/rx_clk will be merged with clock phy1_rgmii_rx_clk_dup_1
PHY-1001 : net u4_trimac_block/u1_rgmii_interface/rgmii_txc_ddr/clk will be routed on clock mesh
PHY-1001 : eco open net = 0
PHY-1001 : 246 feed throughs used by 193 nets
RUN-1001 : Import phy database
RUN-1001 : Import timing constraints
RUN-1001 : Import IO constraints
RUN-1001 : Import Inst constraints
RUN-1001 : Import ChipWatcher
RUN-1001 : Import design success TD_VERSION=6.2.168116 , DB_VERSION=46207
RUN-1003 : finish command "import_db C:/Users/Neko/Documents/FPGA/hand_cnn/lab_ex_2_CNN/UDP_EG4_6.2/prj/UDP_EXAMPLE/UDP_EXAMPLE_Runs/phy_1/UDP_EXAMPLE_pr.db" in  2.905310s wall, 2.703125s user + 0.328125s system = 3.031250s CPU (104.3%)

RUN-1004 : used memory is 793 MB, reserved memory is 718 MB, peak memory is 828 MB
PRJ-1412 : reset_run syn_1 phy_1.
PRJ-1409 : launch_runs syn_1 phy_1  -jobs 6.
PRJ-5303 WARNING: Run syn_1 failed.
RUN-1002 : start command "save_best_bits"
RUN-1002 : start command "commit_param -step design"
RUN-1001 : Print Global Property
RUN-1001 : --------------------------------------------------------
RUN-1001 :   Parameters   |  Settings  |  Default Values  |  Note  
RUN-1001 : --------------------------------------------------------
RUN-1001 :   enable_seed  |    off     |       off        |        
RUN-1001 :     message    |  standard  |     standard     |        
RUN-1001 :   qor_monitor  |     on     |        on        |        
RUN-1001 :   syn_ip_flow  |    off     |       off        |        
RUN-1001 :     thread     |    auto    |       auto       |        
RUN-1001 : --------------------------------------------------------
RUN-1001 : Print Design Property
RUN-1001 : ----------------------------------------------------------------
RUN-1001 :       Parameters       |  Settings  |  Default Values  |  Note  
RUN-1001 : ----------------------------------------------------------------
RUN-1001 :   default_reg_initial  |    auto    |       auto       |        
RUN-1001 :    hdl_warning_level   |   normal   |      normal      |        
RUN-1001 : ----------------------------------------------------------------
HDL-1007 : analyze verilog file al_ip/CNN_RAM1.v
HDL-1007 : analyze verilog file al_ip/RAM03_512.v
HDL-1007 : analyze verilog file al_ip/RAM04_1024.v
HDL-1007 : analyze verilog file al_ip/RAM12_1024.v
HDL-1007 : analyze verilog file al_ip/RAM12_128.v
HDL-1007 : analyze verilog file al_ip/RAM12_512.v
HDL-1007 : analyze verilog file al_ip/RAM14_256.v
HDL-1007 : analyze verilog file al_ip/RAM20_191.v
HDL-1007 : analyze verilog file al_ip/RAM_02.v
HDL-1007 : analyze verilog file al_ip/TEMAC_CORE/RTL/mac_core_aead6cd6dadd.v
HDL-1007 : analyze verilog file al_ip/TEMAC_CORE/RTL/TEMAC_CORE_aead6cd6dadd.v
HDL-5007 WARNING: column 1032 exceeds maximum value 1023 in al_ip/TEMAC_CORE/RTL/TEMAC_CORE_aead6cd6dadd.v(30)
HDL-1007 : back to file 'al_ip/TEMAC_CORE/RTL/TEMAC_CORE_aead6cd6dadd.v' in al_ip/TEMAC_CORE/RTL/TEMAC_CORE_aead6cd6dadd.v(86)
HDL-5007 WARNING: event expressions must result in a singular type in al_ip/TEMAC_CORE/RTL/TEMAC_CORE_aead6cd6dadd.v(3001)
HDL-1007 : undeclared symbol '**', assumed default net type '**' in al_ip/TEMAC_CORE/RTL/TEMAC_CORE_aead6cd6dadd.v(5050)
HDL-1007 : undeclared symbol '**', assumed default net type '**' in al_ip/TEMAC_CORE/RTL/TEMAC_CORE_aead6cd6dadd.v(5458)
HDL-5007 WARNING: column 1035 exceeds maximum value 1023 in al_ip/TEMAC_CORE/RTL/TEMAC_CORE_aead6cd6dadd.v(6001)
HDL-1007 : back to file 'al_ip/TEMAC_CORE/RTL/TEMAC_CORE_aead6cd6dadd.v' in al_ip/TEMAC_CORE/RTL/TEMAC_CORE_aead6cd6dadd.v(260)
HDL-1007 : analyze verilog file al_ip/TEMAC_CORE/TEMAC_CORE.v
HDL-1007 : analyze verilog file al_ip/clk_wize.v
HDL-1007 : undeclared symbol 'open', assumed default net type 'wire' in al_ip/clk_wize.v(70)
HDL-1007 : analyze verilog file al_ip/img.v
HDL-1007 : analyze verilog file al_ip/img_fifo/RTL/soft_fifo_9c6690866e03.v
HDL-5007 WARNING: block identifier is required on this block in al_ip/img_fifo/RTL/soft_fifo_9c6690866e03.v(509)
HDL-1007 : back to file 'al_ip/img_fifo/RTL/soft_fifo_9c6690866e03.v' in al_ip/img_fifo/RTL/soft_fifo_9c6690866e03.v(1)
HDL-1007 : analyze verilog file al_ip/img_fifo/img_fifo.v
HDL-1007 : analyze verilog file al_ip/ip_pll.v
HDL-1007 : undeclared symbol 'ip_pll_open0', assumed default net type 'wire' in al_ip/ip_pll.v(77)
HDL-1007 : undeclared symbol 'ip_pll_open1', assumed default net type 'wire' in al_ip/ip_pll.v(83)
HDL-1007 : undeclared symbol 'ip_pll_open9', assumed default net type 'wire' in al_ip/ip_pll.v(89)
HDL-1007 : undeclared symbol 'ip_pll_open8', assumed default net type 'wire' in al_ip/ip_pll.v(89)
HDL-1007 : undeclared symbol 'ip_pll_open7', assumed default net type 'wire' in al_ip/ip_pll.v(89)
HDL-1007 : undeclared symbol 'ip_pll_open6', assumed default net type 'wire' in al_ip/ip_pll.v(89)
HDL-1007 : undeclared symbol 'ip_pll_open5', assumed default net type 'wire' in al_ip/ip_pll.v(89)
HDL-1007 : undeclared symbol 'ip_pll_open4', assumed default net type 'wire' in al_ip/ip_pll.v(89)
HDL-1007 : undeclared symbol 'ip_pll_open3', assumed default net type 'wire' in al_ip/ip_pll.v(89)
HDL-1007 : undeclared symbol 'ip_pll_open2', assumed default net type 'wire' in al_ip/ip_pll.v(89)
HDL-1007 : undeclared symbol 'ip_pll_open11', assumed default net type 'wire' in al_ip/ip_pll.v(91)
HDL-1007 : undeclared symbol 'ip_pll_open10', assumed default net type 'wire' in al_ip/ip_pll.v(91)
HDL-1007 : analyze verilog file al_ip/pll_gen.v
HDL-1007 : undeclared symbol 'pll_gen_open0', assumed default net type 'wire' in al_ip/pll_gen.v(99)
HDL-1007 : undeclared symbol 'pll_gen_open8', assumed default net type 'wire' in al_ip/pll_gen.v(105)
HDL-1007 : undeclared symbol 'pll_gen_open7', assumed default net type 'wire' in al_ip/pll_gen.v(105)
HDL-1007 : undeclared symbol 'pll_gen_open6', assumed default net type 'wire' in al_ip/pll_gen.v(105)
HDL-1007 : undeclared symbol 'pll_gen_open5', assumed default net type 'wire' in al_ip/pll_gen.v(105)
HDL-1007 : undeclared symbol 'pll_gen_open4', assumed default net type 'wire' in al_ip/pll_gen.v(105)
HDL-1007 : undeclared symbol 'pll_gen_open3', assumed default net type 'wire' in al_ip/pll_gen.v(105)
HDL-1007 : undeclared symbol 'pll_gen_open2', assumed default net type 'wire' in al_ip/pll_gen.v(105)
HDL-1007 : undeclared symbol 'pll_gen_open1', assumed default net type 'wire' in al_ip/pll_gen.v(105)
HDL-1007 : analyze verilog file al_ip/ram.v
HDL-1007 : analyze verilog file ../../source_code/rtl/BUFGMUX.v
HDL-1007 : analyze verilog file ../../source_code/rtl/clk_gen_rst_gen.v
HDL-1007 : analyze verilog file ../../source_code/rtl/div_clk_gen.v
HDL-1007 : analyze verilog file ../../source_code/rtl/IDDR.v
HDL-1007 : analyze verilog file ../../source_code/rtl/ODDR.v
HDL-1007 : analyze verilog file ../../source_code/rtl/RAMB16_S9_S9.v
HDL-1007 : undeclared symbol 'open', assumed default net type 'wire' in ../../source_code/rtl/RAMB16_S9_S9.v(109)
HDL-1007 : analyze verilog file ../../source_code/rtl/rgmii_interface.v
HDL-1007 : analyze verilog file ../../source_code/rtl/rx_client_fifo.v
HDL-5370 WARNING: parameter 'WAIT_s' becomes localparam in 'rx_client_fifo' with formal parameter declaration list in ../../source_code/rtl/rx_client_fifo.v(49)
HDL-5370 WARNING: parameter 'QUEUE1_s' becomes localparam in 'rx_client_fifo' with formal parameter declaration list in ../../source_code/rtl/rx_client_fifo.v(50)
HDL-5370 WARNING: parameter 'QUEUE2_s' becomes localparam in 'rx_client_fifo' with formal parameter declaration list in ../../source_code/rtl/rx_client_fifo.v(51)
HDL-5370 WARNING: parameter 'QUEUE3_s' becomes localparam in 'rx_client_fifo' with formal parameter declaration list in ../../source_code/rtl/rx_client_fifo.v(52)
HDL-5370 WARNING: parameter 'QUEUE_SOF_s' becomes localparam in 'rx_client_fifo' with formal parameter declaration list in ../../source_code/rtl/rx_client_fifo.v(53)
HDL-5370 WARNING: parameter 'SOF_s' becomes localparam in 'rx_client_fifo' with formal parameter declaration list in ../../source_code/rtl/rx_client_fifo.v(54)
HDL-5370 WARNING: parameter 'DATA_s' becomes localparam in 'rx_client_fifo' with formal parameter declaration list in ../../source_code/rtl/rx_client_fifo.v(55)
HDL-5370 WARNING: parameter 'EOF_s' becomes localparam in 'rx_client_fifo' with formal parameter declaration list in ../../source_code/rtl/rx_client_fifo.v(56)
HDL-5370 WARNING: parameter 'IDLE_s' becomes localparam in 'rx_client_fifo' with formal parameter declaration list in ../../source_code/rtl/rx_client_fifo.v(62)
HDL-5370 WARNING: parameter 'FRAME_s' becomes localparam in 'rx_client_fifo' with formal parameter declaration list in ../../source_code/rtl/rx_client_fifo.v(63)
HDL-5370 Similar messages will be suppressed.
HDL-1007 : analyze verilog file ../../source_code/rtl/temac_block.v
HDL-1007 : analyze verilog file ../../source_code/rtl/temac_clk_gen.v
HDL-1007 : analyze verilog file ../../source_code/rtl/tx_client_fifo.v
HDL-5370 WARNING: parameter 'IDLE_s' becomes localparam in 'tx_client_fifo' with formal parameter declaration list in ../../source_code/rtl/tx_client_fifo.v(53)
HDL-5370 WARNING: parameter 'QUEUE1_s' becomes localparam in 'tx_client_fifo' with formal parameter declaration list in ../../source_code/rtl/tx_client_fifo.v(54)
HDL-5370 WARNING: parameter 'QUEUE2_s' becomes localparam in 'tx_client_fifo' with formal parameter declaration list in ../../source_code/rtl/tx_client_fifo.v(55)
HDL-5370 WARNING: parameter 'QUEUE3_s' becomes localparam in 'tx_client_fifo' with formal parameter declaration list in ../../source_code/rtl/tx_client_fifo.v(56)
HDL-5370 WARNING: parameter 'QUEUE_ACK_s' becomes localparam in 'tx_client_fifo' with formal parameter declaration list in ../../source_code/rtl/tx_client_fifo.v(57)
HDL-5370 WARNING: parameter 'WAIT_ACK_s' becomes localparam in 'tx_client_fifo' with formal parameter declaration list in ../../source_code/rtl/tx_client_fifo.v(58)
HDL-5370 WARNING: parameter 'FRAME_s' becomes localparam in 'tx_client_fifo' with formal parameter declaration list in ../../source_code/rtl/tx_client_fifo.v(59)
HDL-5370 WARNING: parameter 'DROP_s' becomes localparam in 'tx_client_fifo' with formal parameter declaration list in ../../source_code/rtl/tx_client_fifo.v(60)
HDL-5370 WARNING: parameter 'RETRANSMIT_s' becomes localparam in 'tx_client_fifo' with formal parameter declaration list in ../../source_code/rtl/tx_client_fifo.v(61)
HDL-5370 WARNING: parameter 'WAIT_s' becomes localparam in 'tx_client_fifo' with formal parameter declaration list in ../../source_code/rtl/tx_client_fifo.v(67)
HDL-5370 Similar messages will be suppressed.
HDL-1007 : analyze verilog file ../../source_code/rtl/tx_clk_en_gen.v
HDL-1007 : analyze verilog file ../../source_code/rtl/udp_data_tpg.v
HDL-1007 : analyze verilog file ../../source_code/rtl/UDP_Example_Top.v
HDL-1007 : undeclared symbol 'phy_reset', assumed default net type 'wire' in ../../source_code/rtl/UDP_Example_Top.v(138)
HDL-1007 : undeclared symbol 'pixel_clk_5x', assumed default net type 'wire' in ../../source_code/rtl/UDP_Example_Top.v(556)
HDL-1007 : undeclared symbol 'pixel_clk', assumed default net type 'wire' in ../../source_code/rtl/UDP_Example_Top.v(557)
HDL-1007 : undeclared symbol 'VGA_HSYNC', assumed default net type 'wire' in ../../source_code/rtl/UDP_Example_Top.v(573)
HDL-1007 : undeclared symbol 'VGA_VSYNC', assumed default net type 'wire' in ../../source_code/rtl/UDP_Example_Top.v(574)
HDL-1007 : undeclared symbol 'rd_en', assumed default net type 'wire' in ../../source_code/rtl/UDP_Example_Top.v(576)
HDL-1007 : undeclared symbol 'tpg_data_done', assumed default net type 'wire' in ../../source_code/rtl/UDP_Example_Top.v(631)
HDL-1007 : analyze verilog file ../../source_code/rtl/udp_ip_protocol_stack_merge.enc.v
HDL-1007 : back to file '../../source_code/rtl/udp_ip_protocol_stack_merge.enc.v' in ../../source_code/rtl/udp_ip_protocol_stack_merge.enc.v(56)
HDL-1007 : undeclared symbol '**', assumed default net type '**' in ../../source_code/rtl/udp_ip_protocol_stack_merge.enc.v(2638)
HDL-1007 : back to file '../../source_code/rtl/udp_ip_protocol_stack_merge.enc.v' in ../../source_code/rtl/udp_ip_protocol_stack_merge.enc.v(420)
HDL-1007 : analyze verilog file ../../source_code/rtl/udp_loopback.v
HDL-1007 : analyze verilog file ../../source_code/rtl/app/addr_crt.v
HDL-1007 : analyze verilog file ../../source_code/rtl/app/app.v
HDL-1007 : analyze verilog file ../../source_code/rtl/app/vga_disp_rtl.v
HDL-1007 : analyze VHDL file ../../source_code/rtl/hdmi_rtl/enc_file/DVITransmitter.enc.vhd
HDL-1007 : analyze entity dvitransmitter in ../../source_code/rtl/hdmi_rtl/enc_file/DVITransmitter.enc.vhd(13)
HDL-1007 : analyze architecture ** in ../../source_code/rtl/hdmi_rtl/enc_file/DVITransmitter.enc.vhd(2)
HDL-1007 : analyze VHDL file ../../source_code/rtl/hdmi_rtl/enc_file/SerializerN_1_lvds.enc.vhd
HDL-1007 : analyze entity ** in ../../source_code/rtl/hdmi_rtl/enc_file/SerializerN_1_lvds.enc.vhd(12)
HDL-1007 : analyze architecture ** in ../../source_code/rtl/hdmi_rtl/enc_file/SerializerN_1_lvds.enc.vhd(25)
HDL-1007 : analyze VHDL file ../../source_code/rtl/hdmi_rtl/enc_file/SerializerN_1_lvds_dat.enc.vhd
HDL-1007 : analyze entity ** in ../../source_code/rtl/hdmi_rtl/enc_file/SerializerN_1_lvds_dat.enc.vhd(14)
HDL-1007 : analyze architecture ** in ../../source_code/rtl/hdmi_rtl/enc_file/SerializerN_1_lvds_dat.enc.vhd(28)
HDL-1007 : analyze VHDL file ../../source_code/rtl/hdmi_rtl/enc_file/TMDSEncoder.enc.vhd
HDL-1007 : analyze entity ** in ../../source_code/rtl/hdmi_rtl/enc_file/TMDSEncoder.enc.vhd(13)
HDL-1007 : analyze architecture ** in ../../source_code/rtl/hdmi_rtl/enc_file/TMDSEncoder.enc.vhd(24)
HDL-1007 : analyze verilog file ../../source_code/rtl/hdmi_rtl/enc_file/video_tpg_1024768.enc.v
HDL-5007 WARNING: literal value ** truncated to fit in ** bits in ../../source_code/rtl/hdmi_rtl/enc_file/video_tpg_1024768.enc.v(231)
HDL-1007 : back to file '../../source_code/rtl/hdmi_rtl/enc_file/video_tpg_1024768.enc.v' in ../../source_code/rtl/hdmi_rtl/enc_file/video_tpg_1024768.enc.v(1)
HDL-1007 : analyze verilog file ../../source_code/rtl/hdmi_rtl/enc_file/video_tpg_1080p.enc.v
HDL-1007 : back to file '../../source_code/rtl/hdmi_rtl/enc_file/video_tpg_1080p.enc.v' in ../../source_code/rtl/hdmi_rtl/enc_file/video_tpg_1080p.enc.v(1)
HDL-1007 : analyze verilog file ../../source_code/rtl/hdmi_rtl/enc_file/video_tpg_12801024p.enc.v
HDL-1007 : back to file '../../source_code/rtl/hdmi_rtl/enc_file/video_tpg_12801024p.enc.v' in ../../source_code/rtl/hdmi_rtl/enc_file/video_tpg_12801024p.enc.v(1)
HDL-1007 : analyze verilog file ../../source_code/rtl/hdmi_rtl/enc_file/video_tpg_1280800.enc.v
HDL-5007 WARNING: literal value ** truncated to fit in ** bits in ../../source_code/rtl/hdmi_rtl/enc_file/video_tpg_1280800.enc.v(233)
HDL-1007 : back to file '../../source_code/rtl/hdmi_rtl/enc_file/video_tpg_1280800.enc.v' in ../../source_code/rtl/hdmi_rtl/enc_file/video_tpg_1280800.enc.v(1)
HDL-1007 : analyze verilog file ../../source_code/rtl/hdmi_rtl/enc_file/video_tpg_16801050p.enc.v
HDL-1007 : back to file '../../source_code/rtl/hdmi_rtl/enc_file/video_tpg_16801050p.enc.v' in ../../source_code/rtl/hdmi_rtl/enc_file/video_tpg_16801050p.enc.v(1)
HDL-1007 : analyze verilog file ../../source_code/rtl/hdmi_rtl/enc_file/video_tpg_800600.enc.v
HDL-1007 : back to file '../../source_code/rtl/hdmi_rtl/enc_file/video_tpg_800600.enc.v' in ../../source_code/rtl/hdmi_rtl/enc_file/video_tpg_800600.enc.v(1)
HDL-1007 : analyze verilog file ../../source_code/rtl/hdmi_rtl/hdmi_top.v
HDL-1007 : analyze VHDL file ../../source_code/rtl/hdmi_rtl/hdmi_tx.vhd
HDL-1007 : analyze entity hdmi_tx in ../../source_code/rtl/hdmi_rtl/hdmi_tx.vhd(11)
HDL-1007 : analyze architecture behavioral in ../../source_code/rtl/hdmi_rtl/hdmi_tx.vhd(33)
HDL-1007 : analyze verilog file ../../source_code/rtl/hdmi_rtl/hdmi_tx_display.v
HDL-1007 : undeclared symbol 'pixel_clk_5x', assumed default net type 'wire' in ../../source_code/rtl/hdmi_rtl/hdmi_tx_display.v(25)
HDL-1007 : undeclared symbol 'pixel_clk', assumed default net type 'wire' in ../../source_code/rtl/hdmi_rtl/hdmi_tx_display.v(26)
HDL-1007 : analyze verilog file ../../source_code/rtl/hdmi_rtl/vga_disp_rtl.v
HDL-7201 CRITICAL-WARNING: overwrite current module 'vga_disp_rtl' in ../../source_code/rtl/hdmi_rtl/vga_disp_rtl.v(1)
HDL-7307 CRITICAL-WARNING: previous definition of design element module 'vga_disp_rtl' is here. This is because multiple modules(values) with the same name are defined. Please consider rewriting code in ../../source_code/rtl/app/vga_disp_rtl.v(1)
HDL-1007 : analyze verilog file ../../source_code/rtl/udp_to_cnn_adapter.v
HDL-1007 : analyze verilog file ../../source_code/rtl/udp_to_cnn_bridge.v
HDL-1007 : analyze verilog file ../../source_code/rtl/cnn/camera_init.v
HDL-1007 : undeclared symbol 'clk_div', assumed default net type 'wire' in ../../source_code/rtl/cnn/camera_init.v(74)
HDL-1007 : analyze verilog file ../../source_code/rtl/cnn/camera_reader.v
HDL-1007 : analyze verilog file ../../source_code/rtl/cnn/CNN_L1_221009.v
HDL-1007 : analyze verilog file ../../source_code/rtl/cnn/CNN_READ.v
HDL-1007 : analyze verilog file ../../source_code/rtl/cnn/CNN_READ_C2.v
HDL-1007 : analyze verilog file ../../source_code/rtl/cnn/CNN1_vga.v
HDL-1007 : analyze verilog file ../../source_code/rtl/cnn/CNN3.v
HDL-1007 : analyze verilog file ../../source_code/rtl/cnn/conv1.v
HDL-1007 : analyze verilog file ../../source_code/rtl/cnn/conv1_layer1.v
HDL-1007 : analyze verilog file ../../source_code/rtl/cnn/conv2.v
HDL-1007 : analyze verilog file ../../source_code/rtl/cnn/conv2_layer2.v
HDL-1007 : analyze verilog file ../../source_code/rtl/cnn/full_layer.v
HDL-1007 : analyze verilog file ../../source_code/rtl/cnn/i2c_module.v
HDL-1007 : analyze verilog file ../../source_code/rtl/cnn/lcd_sync.v
HDL-1007 : analyze verilog file ../../source_code/rtl/cnn/lcd_sync_Y.v
HDL-1007 : analyze verilog file ../../source_code/rtl/cnn/output_layer.v
HDL-1007 : analyze verilog file ../../source_code/rtl/cnn/POOL_CORE.v
HDL-1007 : analyze verilog file ../../source_code/rtl/cnn/pool_core0.v
HDL-1007 : analyze verilog file ../../source_code/rtl/cnn/POOL_READ_P1.v
HDL-1007 : analyze verilog file ../../source_code/rtl/cnn/POOL_READ_P2.v
HDL-1007 : analyze verilog file ../../source_code/rtl/cnn/pool1_layer.v
HDL-1007 : analyze verilog file ../../source_code/rtl/cnn/POOL3.v
HDL-1007 : analyze verilog file ../../source_code/rtl/cnn/PRE_LAYER.v
HDL-1007 : analyze verilog file ../../source_code/rtl/cnn/READ_RAMP2.v
HDL-1007 : analyze verilog file ../../source_code/rtl/cnn/RGB2GRAY.v
HDL-1007 : analyze verilog file ../../source_code/rtl/cnn/test_camera.v
HDL-1007 : analyze verilog file ../../source_code/rtl/cnn/test_ram_read.v
HDL-5007 WARNING: /* is inside a comment in ../../source_code/rtl/cnn/test_ram_read.v(123)
PRJ-1412 : reset_run syn_1 phy_1.
PRJ-1409 : launch_runs syn_1 phy_1  -jobs 6.
PRJ-5303 WARNING: Run syn_1 failed.
RUN-1002 : start command "save_best_bits"
RUN-1002 : start command "commit_param -step design"
RUN-1001 : Print Global Property
RUN-1001 : --------------------------------------------------------
RUN-1001 :   Parameters   |  Settings  |  Default Values  |  Note  
RUN-1001 : --------------------------------------------------------
RUN-1001 :   enable_seed  |    off     |       off        |        
RUN-1001 :     message    |  standard  |     standard     |        
RUN-1001 :   qor_monitor  |     on     |        on        |        
RUN-1001 :   syn_ip_flow  |    off     |       off        |        
RUN-1001 :     thread     |    auto    |       auto       |        
RUN-1001 : --------------------------------------------------------
RUN-1001 : Print Design Property
RUN-1001 : ----------------------------------------------------------------
RUN-1001 :       Parameters       |  Settings  |  Default Values  |  Note  
RUN-1001 : ----------------------------------------------------------------
RUN-1001 :   default_reg_initial  |    auto    |       auto       |        
RUN-1001 :    hdl_warning_level   |   normal   |      normal      |        
RUN-1001 : ----------------------------------------------------------------
HDL-1007 : analyze verilog file al_ip/CNN_RAM1.v
HDL-1007 : analyze verilog file al_ip/RAM03_512.v
HDL-1007 : analyze verilog file al_ip/RAM04_1024.v
HDL-1007 : analyze verilog file al_ip/RAM12_1024.v
HDL-1007 : analyze verilog file al_ip/RAM12_128.v
HDL-1007 : analyze verilog file al_ip/RAM12_512.v
HDL-1007 : analyze verilog file al_ip/RAM14_256.v
HDL-1007 : analyze verilog file al_ip/RAM20_191.v
HDL-1007 : analyze verilog file al_ip/RAM_02.v
HDL-1007 : analyze verilog file al_ip/TEMAC_CORE/RTL/mac_core_aead6cd6dadd.v
HDL-1007 : analyze verilog file al_ip/TEMAC_CORE/RTL/TEMAC_CORE_aead6cd6dadd.v
HDL-5007 WARNING: column 1032 exceeds maximum value 1023 in al_ip/TEMAC_CORE/RTL/TEMAC_CORE_aead6cd6dadd.v(30)
HDL-1007 : back to file 'al_ip/TEMAC_CORE/RTL/TEMAC_CORE_aead6cd6dadd.v' in al_ip/TEMAC_CORE/RTL/TEMAC_CORE_aead6cd6dadd.v(86)
HDL-5007 WARNING: event expressions must result in a singular type in al_ip/TEMAC_CORE/RTL/TEMAC_CORE_aead6cd6dadd.v(3001)
HDL-1007 : undeclared symbol '**', assumed default net type '**' in al_ip/TEMAC_CORE/RTL/TEMAC_CORE_aead6cd6dadd.v(5050)
HDL-1007 : undeclared symbol '**', assumed default net type '**' in al_ip/TEMAC_CORE/RTL/TEMAC_CORE_aead6cd6dadd.v(5458)
HDL-5007 WARNING: column 1035 exceeds maximum value 1023 in al_ip/TEMAC_CORE/RTL/TEMAC_CORE_aead6cd6dadd.v(6001)
HDL-1007 : back to file 'al_ip/TEMAC_CORE/RTL/TEMAC_CORE_aead6cd6dadd.v' in al_ip/TEMAC_CORE/RTL/TEMAC_CORE_aead6cd6dadd.v(260)
HDL-1007 : analyze verilog file al_ip/TEMAC_CORE/TEMAC_CORE.v
HDL-1007 : analyze verilog file al_ip/clk_wize.v
HDL-1007 : undeclared symbol 'open', assumed default net type 'wire' in al_ip/clk_wize.v(70)
HDL-1007 : analyze verilog file al_ip/img.v
HDL-1007 : analyze verilog file al_ip/img_fifo/RTL/soft_fifo_9c6690866e03.v
HDL-5007 WARNING: block identifier is required on this block in al_ip/img_fifo/RTL/soft_fifo_9c6690866e03.v(509)
HDL-1007 : back to file 'al_ip/img_fifo/RTL/soft_fifo_9c6690866e03.v' in al_ip/img_fifo/RTL/soft_fifo_9c6690866e03.v(1)
HDL-1007 : analyze verilog file al_ip/img_fifo/img_fifo.v
HDL-1007 : analyze verilog file al_ip/ip_pll.v
HDL-1007 : undeclared symbol 'ip_pll_open0', assumed default net type 'wire' in al_ip/ip_pll.v(77)
HDL-1007 : undeclared symbol 'ip_pll_open1', assumed default net type 'wire' in al_ip/ip_pll.v(83)
HDL-1007 : undeclared symbol 'ip_pll_open9', assumed default net type 'wire' in al_ip/ip_pll.v(89)
HDL-1007 : undeclared symbol 'ip_pll_open8', assumed default net type 'wire' in al_ip/ip_pll.v(89)
HDL-1007 : undeclared symbol 'ip_pll_open7', assumed default net type 'wire' in al_ip/ip_pll.v(89)
HDL-1007 : undeclared symbol 'ip_pll_open6', assumed default net type 'wire' in al_ip/ip_pll.v(89)
HDL-1007 : undeclared symbol 'ip_pll_open5', assumed default net type 'wire' in al_ip/ip_pll.v(89)
HDL-1007 : undeclared symbol 'ip_pll_open4', assumed default net type 'wire' in al_ip/ip_pll.v(89)
HDL-1007 : undeclared symbol 'ip_pll_open3', assumed default net type 'wire' in al_ip/ip_pll.v(89)
HDL-1007 : undeclared symbol 'ip_pll_open2', assumed default net type 'wire' in al_ip/ip_pll.v(89)
HDL-1007 : undeclared symbol 'ip_pll_open11', assumed default net type 'wire' in al_ip/ip_pll.v(91)
HDL-1007 : undeclared symbol 'ip_pll_open10', assumed default net type 'wire' in al_ip/ip_pll.v(91)
HDL-1007 : analyze verilog file al_ip/pll_gen.v
HDL-1007 : undeclared symbol 'pll_gen_open0', assumed default net type 'wire' in al_ip/pll_gen.v(99)
HDL-1007 : undeclared symbol 'pll_gen_open8', assumed default net type 'wire' in al_ip/pll_gen.v(105)
HDL-1007 : undeclared symbol 'pll_gen_open7', assumed default net type 'wire' in al_ip/pll_gen.v(105)
HDL-1007 : undeclared symbol 'pll_gen_open6', assumed default net type 'wire' in al_ip/pll_gen.v(105)
HDL-1007 : undeclared symbol 'pll_gen_open5', assumed default net type 'wire' in al_ip/pll_gen.v(105)
HDL-1007 : undeclared symbol 'pll_gen_open4', assumed default net type 'wire' in al_ip/pll_gen.v(105)
HDL-1007 : undeclared symbol 'pll_gen_open3', assumed default net type 'wire' in al_ip/pll_gen.v(105)
HDL-1007 : undeclared symbol 'pll_gen_open2', assumed default net type 'wire' in al_ip/pll_gen.v(105)
HDL-1007 : undeclared symbol 'pll_gen_open1', assumed default net type 'wire' in al_ip/pll_gen.v(105)
HDL-1007 : analyze verilog file al_ip/ram.v
HDL-1007 : analyze verilog file ../../source_code/rtl/BUFGMUX.v
HDL-1007 : analyze verilog file ../../source_code/rtl/clk_gen_rst_gen.v
HDL-1007 : analyze verilog file ../../source_code/rtl/div_clk_gen.v
HDL-1007 : analyze verilog file ../../source_code/rtl/IDDR.v
HDL-1007 : analyze verilog file ../../source_code/rtl/ODDR.v
HDL-1007 : analyze verilog file ../../source_code/rtl/RAMB16_S9_S9.v
HDL-1007 : undeclared symbol 'open', assumed default net type 'wire' in ../../source_code/rtl/RAMB16_S9_S9.v(109)
HDL-1007 : analyze verilog file ../../source_code/rtl/rgmii_interface.v
HDL-1007 : analyze verilog file ../../source_code/rtl/rx_client_fifo.v
HDL-5370 WARNING: parameter 'WAIT_s' becomes localparam in 'rx_client_fifo' with formal parameter declaration list in ../../source_code/rtl/rx_client_fifo.v(49)
HDL-5370 WARNING: parameter 'QUEUE1_s' becomes localparam in 'rx_client_fifo' with formal parameter declaration list in ../../source_code/rtl/rx_client_fifo.v(50)
HDL-5370 WARNING: parameter 'QUEUE2_s' becomes localparam in 'rx_client_fifo' with formal parameter declaration list in ../../source_code/rtl/rx_client_fifo.v(51)
HDL-5370 WARNING: parameter 'QUEUE3_s' becomes localparam in 'rx_client_fifo' with formal parameter declaration list in ../../source_code/rtl/rx_client_fifo.v(52)
HDL-5370 WARNING: parameter 'QUEUE_SOF_s' becomes localparam in 'rx_client_fifo' with formal parameter declaration list in ../../source_code/rtl/rx_client_fifo.v(53)
HDL-5370 WARNING: parameter 'SOF_s' becomes localparam in 'rx_client_fifo' with formal parameter declaration list in ../../source_code/rtl/rx_client_fifo.v(54)
HDL-5370 WARNING: parameter 'DATA_s' becomes localparam in 'rx_client_fifo' with formal parameter declaration list in ../../source_code/rtl/rx_client_fifo.v(55)
HDL-5370 WARNING: parameter 'EOF_s' becomes localparam in 'rx_client_fifo' with formal parameter declaration list in ../../source_code/rtl/rx_client_fifo.v(56)
HDL-5370 WARNING: parameter 'IDLE_s' becomes localparam in 'rx_client_fifo' with formal parameter declaration list in ../../source_code/rtl/rx_client_fifo.v(62)
HDL-5370 WARNING: parameter 'FRAME_s' becomes localparam in 'rx_client_fifo' with formal parameter declaration list in ../../source_code/rtl/rx_client_fifo.v(63)
HDL-5370 Similar messages will be suppressed.
HDL-1007 : analyze verilog file ../../source_code/rtl/temac_block.v
HDL-1007 : analyze verilog file ../../source_code/rtl/temac_clk_gen.v
HDL-1007 : analyze verilog file ../../source_code/rtl/tx_client_fifo.v
HDL-5370 WARNING: parameter 'IDLE_s' becomes localparam in 'tx_client_fifo' with formal parameter declaration list in ../../source_code/rtl/tx_client_fifo.v(53)
HDL-5370 WARNING: parameter 'QUEUE1_s' becomes localparam in 'tx_client_fifo' with formal parameter declaration list in ../../source_code/rtl/tx_client_fifo.v(54)
HDL-5370 WARNING: parameter 'QUEUE2_s' becomes localparam in 'tx_client_fifo' with formal parameter declaration list in ../../source_code/rtl/tx_client_fifo.v(55)
HDL-5370 WARNING: parameter 'QUEUE3_s' becomes localparam in 'tx_client_fifo' with formal parameter declaration list in ../../source_code/rtl/tx_client_fifo.v(56)
HDL-5370 WARNING: parameter 'QUEUE_ACK_s' becomes localparam in 'tx_client_fifo' with formal parameter declaration list in ../../source_code/rtl/tx_client_fifo.v(57)
HDL-5370 WARNING: parameter 'WAIT_ACK_s' becomes localparam in 'tx_client_fifo' with formal parameter declaration list in ../../source_code/rtl/tx_client_fifo.v(58)
HDL-5370 WARNING: parameter 'FRAME_s' becomes localparam in 'tx_client_fifo' with formal parameter declaration list in ../../source_code/rtl/tx_client_fifo.v(59)
HDL-5370 WARNING: parameter 'DROP_s' becomes localparam in 'tx_client_fifo' with formal parameter declaration list in ../../source_code/rtl/tx_client_fifo.v(60)
HDL-5370 WARNING: parameter 'RETRANSMIT_s' becomes localparam in 'tx_client_fifo' with formal parameter declaration list in ../../source_code/rtl/tx_client_fifo.v(61)
HDL-5370 WARNING: parameter 'WAIT_s' becomes localparam in 'tx_client_fifo' with formal parameter declaration list in ../../source_code/rtl/tx_client_fifo.v(67)
HDL-5370 Similar messages will be suppressed.
HDL-1007 : analyze verilog file ../../source_code/rtl/tx_clk_en_gen.v
HDL-1007 : analyze verilog file ../../source_code/rtl/udp_data_tpg.v
HDL-1007 : analyze verilog file ../../source_code/rtl/UDP_Example_Top.v
HDL-1007 : undeclared symbol 'phy_reset', assumed default net type 'wire' in ../../source_code/rtl/UDP_Example_Top.v(139)
HDL-1007 : undeclared symbol 'pixel_clk_5x', assumed default net type 'wire' in ../../source_code/rtl/UDP_Example_Top.v(558)
HDL-1007 : undeclared symbol 'pixel_clk', assumed default net type 'wire' in ../../source_code/rtl/UDP_Example_Top.v(559)
HDL-1007 : undeclared symbol 'VGA_HSYNC', assumed default net type 'wire' in ../../source_code/rtl/UDP_Example_Top.v(575)
HDL-1007 : undeclared symbol 'VGA_VSYNC', assumed default net type 'wire' in ../../source_code/rtl/UDP_Example_Top.v(576)
HDL-1007 : undeclared symbol 'rd_en', assumed default net type 'wire' in ../../source_code/rtl/UDP_Example_Top.v(578)
HDL-1007 : undeclared symbol 'tpg_data_done', assumed default net type 'wire' in ../../source_code/rtl/UDP_Example_Top.v(633)
HDL-1007 : analyze verilog file ../../source_code/rtl/udp_ip_protocol_stack_merge.enc.v
HDL-1007 : back to file '../../source_code/rtl/udp_ip_protocol_stack_merge.enc.v' in ../../source_code/rtl/udp_ip_protocol_stack_merge.enc.v(56)
HDL-1007 : undeclared symbol '**', assumed default net type '**' in ../../source_code/rtl/udp_ip_protocol_stack_merge.enc.v(2638)
HDL-1007 : back to file '../../source_code/rtl/udp_ip_protocol_stack_merge.enc.v' in ../../source_code/rtl/udp_ip_protocol_stack_merge.enc.v(420)
HDL-1007 : analyze verilog file ../../source_code/rtl/udp_loopback.v
HDL-1007 : analyze verilog file ../../source_code/rtl/app/addr_crt.v
HDL-1007 : analyze verilog file ../../source_code/rtl/app/app.v
HDL-1007 : analyze verilog file ../../source_code/rtl/app/vga_disp_rtl.v
HDL-1007 : analyze VHDL file ../../source_code/rtl/hdmi_rtl/enc_file/DVITransmitter.enc.vhd
HDL-1007 : analyze entity dvitransmitter in ../../source_code/rtl/hdmi_rtl/enc_file/DVITransmitter.enc.vhd(13)
HDL-1007 : analyze architecture ** in ../../source_code/rtl/hdmi_rtl/enc_file/DVITransmitter.enc.vhd(2)
HDL-1007 : analyze VHDL file ../../source_code/rtl/hdmi_rtl/enc_file/SerializerN_1_lvds.enc.vhd
HDL-1007 : analyze entity ** in ../../source_code/rtl/hdmi_rtl/enc_file/SerializerN_1_lvds.enc.vhd(12)
HDL-1007 : analyze architecture ** in ../../source_code/rtl/hdmi_rtl/enc_file/SerializerN_1_lvds.enc.vhd(25)
HDL-1007 : analyze VHDL file ../../source_code/rtl/hdmi_rtl/enc_file/SerializerN_1_lvds_dat.enc.vhd
HDL-1007 : analyze entity ** in ../../source_code/rtl/hdmi_rtl/enc_file/SerializerN_1_lvds_dat.enc.vhd(14)
HDL-1007 : analyze architecture ** in ../../source_code/rtl/hdmi_rtl/enc_file/SerializerN_1_lvds_dat.enc.vhd(28)
HDL-1007 : analyze VHDL file ../../source_code/rtl/hdmi_rtl/enc_file/TMDSEncoder.enc.vhd
HDL-1007 : analyze entity ** in ../../source_code/rtl/hdmi_rtl/enc_file/TMDSEncoder.enc.vhd(13)
HDL-1007 : analyze architecture ** in ../../source_code/rtl/hdmi_rtl/enc_file/TMDSEncoder.enc.vhd(24)
HDL-1007 : analyze verilog file ../../source_code/rtl/hdmi_rtl/enc_file/video_tpg_1024768.enc.v
HDL-5007 WARNING: literal value ** truncated to fit in ** bits in ../../source_code/rtl/hdmi_rtl/enc_file/video_tpg_1024768.enc.v(231)
HDL-1007 : back to file '../../source_code/rtl/hdmi_rtl/enc_file/video_tpg_1024768.enc.v' in ../../source_code/rtl/hdmi_rtl/enc_file/video_tpg_1024768.enc.v(1)
HDL-1007 : analyze verilog file ../../source_code/rtl/hdmi_rtl/enc_file/video_tpg_1080p.enc.v
HDL-1007 : back to file '../../source_code/rtl/hdmi_rtl/enc_file/video_tpg_1080p.enc.v' in ../../source_code/rtl/hdmi_rtl/enc_file/video_tpg_1080p.enc.v(1)
HDL-1007 : analyze verilog file ../../source_code/rtl/hdmi_rtl/enc_file/video_tpg_12801024p.enc.v
HDL-1007 : back to file '../../source_code/rtl/hdmi_rtl/enc_file/video_tpg_12801024p.enc.v' in ../../source_code/rtl/hdmi_rtl/enc_file/video_tpg_12801024p.enc.v(1)
HDL-1007 : analyze verilog file ../../source_code/rtl/hdmi_rtl/enc_file/video_tpg_1280800.enc.v
HDL-5007 WARNING: literal value ** truncated to fit in ** bits in ../../source_code/rtl/hdmi_rtl/enc_file/video_tpg_1280800.enc.v(233)
HDL-1007 : back to file '../../source_code/rtl/hdmi_rtl/enc_file/video_tpg_1280800.enc.v' in ../../source_code/rtl/hdmi_rtl/enc_file/video_tpg_1280800.enc.v(1)
HDL-1007 : analyze verilog file ../../source_code/rtl/hdmi_rtl/enc_file/video_tpg_16801050p.enc.v
HDL-1007 : back to file '../../source_code/rtl/hdmi_rtl/enc_file/video_tpg_16801050p.enc.v' in ../../source_code/rtl/hdmi_rtl/enc_file/video_tpg_16801050p.enc.v(1)
HDL-1007 : analyze verilog file ../../source_code/rtl/hdmi_rtl/enc_file/video_tpg_800600.enc.v
HDL-1007 : back to file '../../source_code/rtl/hdmi_rtl/enc_file/video_tpg_800600.enc.v' in ../../source_code/rtl/hdmi_rtl/enc_file/video_tpg_800600.enc.v(1)
HDL-1007 : analyze verilog file ../../source_code/rtl/hdmi_rtl/hdmi_top.v
HDL-1007 : analyze VHDL file ../../source_code/rtl/hdmi_rtl/hdmi_tx.vhd
HDL-1007 : analyze entity hdmi_tx in ../../source_code/rtl/hdmi_rtl/hdmi_tx.vhd(11)
HDL-1007 : analyze architecture behavioral in ../../source_code/rtl/hdmi_rtl/hdmi_tx.vhd(33)
HDL-1007 : analyze verilog file ../../source_code/rtl/hdmi_rtl/hdmi_tx_display.v
HDL-1007 : undeclared symbol 'pixel_clk_5x', assumed default net type 'wire' in ../../source_code/rtl/hdmi_rtl/hdmi_tx_display.v(25)
HDL-1007 : undeclared symbol 'pixel_clk', assumed default net type 'wire' in ../../source_code/rtl/hdmi_rtl/hdmi_tx_display.v(26)
HDL-1007 : analyze verilog file ../../source_code/rtl/hdmi_rtl/vga_disp_rtl.v
HDL-7201 CRITICAL-WARNING: overwrite current module 'vga_disp_rtl' in ../../source_code/rtl/hdmi_rtl/vga_disp_rtl.v(1)
HDL-7307 CRITICAL-WARNING: previous definition of design element module 'vga_disp_rtl' is here. This is because multiple modules(values) with the same name are defined. Please consider rewriting code in ../../source_code/rtl/app/vga_disp_rtl.v(1)
HDL-1007 : analyze verilog file ../../source_code/rtl/udp_to_cnn_adapter.v
HDL-1007 : analyze verilog file ../../source_code/rtl/udp_to_cnn_bridge.v
HDL-1007 : analyze verilog file ../../source_code/rtl/cnn/camera_init.v
HDL-1007 : undeclared symbol 'clk_div', assumed default net type 'wire' in ../../source_code/rtl/cnn/camera_init.v(74)
HDL-1007 : analyze verilog file ../../source_code/rtl/cnn/camera_reader.v
HDL-1007 : analyze verilog file ../../source_code/rtl/cnn/CNN_L1_221009.v
HDL-1007 : analyze verilog file ../../source_code/rtl/cnn/CNN_READ.v
HDL-1007 : analyze verilog file ../../source_code/rtl/cnn/CNN_READ_C2.v
HDL-1007 : analyze verilog file ../../source_code/rtl/cnn/CNN1_vga.v
HDL-1007 : analyze verilog file ../../source_code/rtl/cnn/CNN3.v
HDL-1007 : analyze verilog file ../../source_code/rtl/cnn/conv1.v
HDL-1007 : analyze verilog file ../../source_code/rtl/cnn/conv1_layer1.v
HDL-1007 : analyze verilog file ../../source_code/rtl/cnn/conv2.v
HDL-1007 : analyze verilog file ../../source_code/rtl/cnn/conv2_layer2.v
HDL-1007 : analyze verilog file ../../source_code/rtl/cnn/full_layer.v
HDL-1007 : analyze verilog file ../../source_code/rtl/cnn/i2c_module.v
HDL-1007 : analyze verilog file ../../source_code/rtl/cnn/lcd_sync.v
HDL-1007 : analyze verilog file ../../source_code/rtl/cnn/lcd_sync_Y.v
HDL-1007 : analyze verilog file ../../source_code/rtl/cnn/output_layer.v
HDL-1007 : analyze verilog file ../../source_code/rtl/cnn/POOL_CORE.v
HDL-1007 : analyze verilog file ../../source_code/rtl/cnn/pool_core0.v
HDL-1007 : analyze verilog file ../../source_code/rtl/cnn/POOL_READ_P1.v
HDL-1007 : analyze verilog file ../../source_code/rtl/cnn/POOL_READ_P2.v
HDL-1007 : analyze verilog file ../../source_code/rtl/cnn/pool1_layer.v
HDL-1007 : analyze verilog file ../../source_code/rtl/cnn/POOL3.v
HDL-1007 : analyze verilog file ../../source_code/rtl/cnn/PRE_LAYER.v
HDL-1007 : analyze verilog file ../../source_code/rtl/cnn/READ_RAMP2.v
HDL-1007 : analyze verilog file ../../source_code/rtl/cnn/RGB2GRAY.v
HDL-1007 : analyze verilog file ../../source_code/rtl/cnn/test_camera.v
HDL-1007 : analyze verilog file ../../source_code/rtl/cnn/test_ram_read.v
HDL-5007 WARNING: /* is inside a comment in ../../source_code/rtl/cnn/test_ram_read.v(123)
PRJ-1412 : reset_run syn_1 phy_1.
PRJ-1409 : launch_runs syn_1 phy_1  -jobs 6.
PRJ-1410 : Run syn_1 success.
RUN-1002 : start command "save_best_bits"
PRJ-1410 : Run phy_1 success.
PRJ-1424 : The implemented result of phy_1 is saved as best result.
RUN-1002 : start command "import_db C:/Users/Neko/Documents/FPGA/hand_cnn/lab_ex_2_CNN/UDP_EG4_6.2/prj/UDP_EXAMPLE/UDP_EXAMPLE_Runs/phy_1/UDP_EXAMPLE_pr.db"
RUN-1001 : Importing database generated by Tang Dynasty, V6.2.168116.
RUN-1001 : Database version number 46207
RUN-1001 : Import flow parameters
RUN-1001 : Import netlist
PHY-1001 : Generate detailed routing grids ...
PHY-1001 : End build routing graph; 0.597177s wall, 0.531250s user + 0.125000s system = 0.656250s CPU (109.9%)

PHY-1001 : Build lut bridge;  0.062988s wall, 0.062500s user + 0.000000s system = 0.062500s CPU (99.2%)

PHY-1001 : Generate nets ...
PHY-1001 : net cam_xclk_dup_1 will be routed on clock mesh
PHY-1001 : net clk_50_dup_1 will be routed on clock mesh
PHY-1001 : clock net temac_clk will be merged with clock u_clk_gen/u_pll_0/clk0_buf
PHY-1001 : net udp_clk will be routed on clock mesh
PHY-1001 : net u2_hdmi_tx/Inst_DVITransmitter/PCLK_I will be routed on clock mesh
PHY-1001 : clock net u2_hdmi_tx/Inst_DVITransmitter/PCLK_X5_I will be merged with clock u0_clk_wize/clk0_buf
PHY-1001 : clock net cwc_jtck_syn_2 will be merged with clock cwc_jtck
PHY-1001 : clock net u4_trimac_block/rx_clk will be merged with clock phy1_rgmii_rx_clk_dup_1
PHY-1001 : net u4_trimac_block/u1_rgmii_interface/rgmii_txc_ddr/clk will be routed on clock mesh
PHY-1001 : eco open net = 0
PHY-1001 : 315 feed throughs used by 246 nets
RUN-1001 : Import phy database
RUN-1001 : Import timing constraints
RUN-1001 : Import IO constraints
RUN-1001 : Import Inst constraints
RUN-1001 : Import ChipWatcher
RUN-1001 : Import design success TD_VERSION=6.2.168116 , DB_VERSION=46207
RUN-1003 : finish command "import_db C:/Users/Neko/Documents/FPGA/hand_cnn/lab_ex_2_CNN/UDP_EG4_6.2/prj/UDP_EXAMPLE/UDP_EXAMPLE_Runs/phy_1/UDP_EXAMPLE_pr.db" in  3.645790s wall, 3.062500s user + 0.812500s system = 3.875000s CPU (106.3%)

RUN-1004 : used memory is 716 MB, reserved memory is 741 MB, peak memory is 828 MB
