============================================================
   Tang Dynasty, V6.2.168116
   Copyright (c) 2012-2025 Anlogic Inc.
   Executable = D:/Anlogic/TD_6.2.1_Engineer_6.2.168.116/bin/td.exe
   Built at =   16:32:07 Jun 12 2025
   Run by =     Administrator
   Run Date =   Sat Aug  9 20:37:05 2025

   Run on =     PC-20230215EHPW
============================================================
RUN-1002 : start command "non_default_params -revert"
RUN-1002 : start command "set_param -run syn_1 gate map_strategy 1"
PRJ-1105 : Update param syn_1 gate::map_strategy::1 succeed.
RUN-1002 : start command "set_param -run phy_1 bitgen unconstr_io off"
PRJ-1105 : Update param phy_1 bitgen::unconstr_io::off succeed.
PRJ-1412 : reset_run phy_1.
PRJ-1411 : launch_runs syn_1 -step read_design.
PRJ-1412 : reset_run phy_1.
RUN-1002 : start command "save_best_bits"
PRJ-1410 : Run syn_1 success.
RUN-1002 : start command "import_db C:/Users/Administrator/Desktop/lab_ex_4_tf_sdram_etnernet_pc/UDP_EG4_6.2/prj/UDP_EXAMPLE/UDP_EXAMPLE_Runs/syn_1/UDP_EXAMPLE_elaborate.db"
RUN-1001 : Importing database generated by Tang Dynasty, V6.2.168116.
RUN-1001 : Database version number 46207
RUN-1001 : Import flow parameters
RUN-1001 : Import netlist
RUN-1001 : Import timing constraints
RUN-1001 : Import IO constraints
RUN-1001 : Import Inst constraints
RUN-1001 : Import ChipWatcher
RUN-1001 : Import design success TD_VERSION=6.2.168116 , DB_VERSION=46207
RUN-1001 : Starting of IO setups legality check.
RUN-1001 : Starting of IO vref setups legality check.
PRJ-1412 : reset_run syn_1 phy_1.
PRJ-1409 : launch_runs syn_1 phy_1  -jobs 6.
PRJ-1410 : Run syn_1 success.
PRJ-1410 : Run phy_1 success.
RUN-1002 : start command "save_best_bits"
PRJ-1424 : The implemented result of phy_1 is saved as best result.
RUN-1002 : start command "import_db C:/Users/Administrator/Desktop/lab_ex_4_tf_sdram_etnernet_pc/UDP_EG4_6.2/prj/UDP_EXAMPLE/UDP_EXAMPLE_Runs/phy_1/UDP_EXAMPLE_pr.db"
RUN-1001 : Importing database generated by Tang Dynasty, V6.2.168116.
RUN-1001 : Database version number 46207
RUN-1001 : Import flow parameters
RUN-1001 : Import netlist
PHY-1001 : Generate detailed routing grids ...
PHY-1001 : End build routing graph; 3.423472s wall, 3.375000s user + 0.109375s system = 3.484375s CPU (101.8%)

PHY-1001 : Processed IO instance sd_miso_syn_4 with INV attribute.
PHY-1001 : Build lut bridge;  0.068615s wall, 0.078125s user + 0.000000s system = 0.078125s CPU (113.9%)

PHY-1001 : Generate nets ...
PHY-1001 : net clk_50_dup_1 will be routed on clock mesh
PHY-1001 : net clk_50m_180deg will be routed on clock mesh
PHY-1001 : clock net temac_clk will be merged with clock u_clk_gen/u_pll_0/clk0_buf
PHY-1001 : net temac_clk90 will be routed on clock mesh
PHY-1001 : net udp_clk will be routed on clock mesh
PHY-1001 : clock net cwc_jtck_syn_2 will be merged with clock cwc_jtck
PHY-1001 : clock net t1_sd_ctrl_top/u_sd_init/div_clk_syn_4 will be merged with clock t1_sd_ctrl_top/u_sd_init/div_clk
PHY-1001 : clock net t2_sd_read_photo/clk will be merged with clock u_pll_50/clk0_buf
PHY-1001 : clock net t3_sdram/u0_clk/clk0_out will be merged with clock t3_sdram/u0_clk/clk0_buf
PHY-1001 : net t3_sdram/u1_app_wrrd/clk will be routed on clock mesh
PHY-1001 : net t3_sdram/u2_ram/SDRAM_CLK will be routed on clock mesh
PHY-1001 : net auto_created_cwc1/wrapper_cwc_top/U_cwc_ram/clka will be routed on clock mesh
PHY-1001 : clock net u_rx_pll/clk0_out will be merged with clock u_rx_pll/clk0_buf
PHY-1001 : clock net u4_trimac_block/rx_clk will be merged with clock u4_trimac_block/u1_rgmii_interface/rgmii_rxc
PHY-1001 : eco open net = 0
PHY-1001 : 148 feed throughs used by 131 nets
RUN-1001 : Import phy database
RUN-1001 : Import timing constraints
RUN-1001 : Import IO constraints
RUN-1001 : Import Inst constraints
RUN-1001 : Import ChipWatcher
RUN-1001 : Import design success TD_VERSION=6.2.168116 , DB_VERSION=46207
RUN-1003 : finish command "import_db C:/Users/Administrator/Desktop/lab_ex_4_tf_sdram_etnernet_pc/UDP_EG4_6.2/prj/UDP_EXAMPLE/UDP_EXAMPLE_Runs/phy_1/UDP_EXAMPLE_pr.db" in  6.423751s wall, 6.234375s user + 0.171875s system = 6.406250s CPU (99.7%)

RUN-1004 : used memory is 718 MB, reserved memory is 667 MB, peak memory is 753 MB
RUN-1002 : start command "commit_param -step design"
RUN-1001 : Print Global Property
RUN-1001 : --------------------------------------------------------
RUN-1001 :   Parameters   |  Settings  |  Default Values  |  Note  
RUN-1001 : --------------------------------------------------------
RUN-1001 :   enable_seed  |    off     |       off        |        
RUN-1001 :     message    |  standard  |     standard     |        
RUN-1001 :   qor_monitor  |     on     |        on        |        
RUN-1001 :   syn_ip_flow  |    off     |       off        |        
RUN-1001 :     thread     |    auto    |       auto       |        
RUN-1001 : --------------------------------------------------------
RUN-1001 : Print Design Property
RUN-1001 : ----------------------------------------------------------------
RUN-1001 :       Parameters       |  Settings  |  Default Values  |  Note  
RUN-1001 : ----------------------------------------------------------------
RUN-1001 :   default_reg_initial  |    auto    |       auto       |        
RUN-1001 :    hdl_warning_level   |   normal   |      normal      |        
RUN-1001 : ----------------------------------------------------------------
HDL-1007 : analyze verilog file al_ip/TEMAC_CORE/RTL/mac_core_aead6cd6dadd.v
HDL-1007 : analyze verilog file al_ip/TEMAC_CORE/RTL/TEMAC_CORE_aead6cd6dadd.v
HDL-5007 WARNING: column 1032 exceeds maximum value 1023 in al_ip/TEMAC_CORE/RTL/TEMAC_CORE_aead6cd6dadd.v(30)
HDL-1007 : back to file 'al_ip/TEMAC_CORE/RTL/TEMAC_CORE_aead6cd6dadd.v' in al_ip/TEMAC_CORE/RTL/TEMAC_CORE_aead6cd6dadd.v(86)
HDL-5007 WARNING: event expressions must result in a singular type in al_ip/TEMAC_CORE/RTL/TEMAC_CORE_aead6cd6dadd.v(3001)
HDL-1007 : undeclared symbol '**', assumed default net type '**' in al_ip/TEMAC_CORE/RTL/TEMAC_CORE_aead6cd6dadd.v(5050)
HDL-1007 : undeclared symbol '**', assumed default net type '**' in al_ip/TEMAC_CORE/RTL/TEMAC_CORE_aead6cd6dadd.v(5458)
HDL-5007 WARNING: column 1035 exceeds maximum value 1023 in al_ip/TEMAC_CORE/RTL/TEMAC_CORE_aead6cd6dadd.v(6001)
HDL-1007 : back to file 'al_ip/TEMAC_CORE/RTL/TEMAC_CORE_aead6cd6dadd.v' in al_ip/TEMAC_CORE/RTL/TEMAC_CORE_aead6cd6dadd.v(260)
HDL-1007 : analyze verilog file al_ip/TEMAC_CORE/TEMAC_CORE.v
HDL-1007 : analyze verilog file al_ip/clk_pll.v
HDL-1007 : undeclared symbol 'open', assumed default net type 'wire' in al_ip/clk_pll.v(85)
HDL-1007 : analyze verilog file al_ip/fifo_sdr_data_2.v
HDL-1007 : analyze verilog file al_ip/pll_50.v
HDL-1007 : undeclared symbol 'open', assumed default net type 'wire' in al_ip/pll_50.v(85)
HDL-1007 : analyze verilog file al_ip/pll_gen.v
HDL-1007 : undeclared symbol 'pll_gen_open0', assumed default net type 'wire' in al_ip/pll_gen.v(99)
HDL-1007 : undeclared symbol 'pll_gen_open8', assumed default net type 'wire' in al_ip/pll_gen.v(105)
HDL-1007 : undeclared symbol 'pll_gen_open7', assumed default net type 'wire' in al_ip/pll_gen.v(105)
HDL-1007 : undeclared symbol 'pll_gen_open6', assumed default net type 'wire' in al_ip/pll_gen.v(105)
HDL-1007 : undeclared symbol 'pll_gen_open5', assumed default net type 'wire' in al_ip/pll_gen.v(105)
HDL-1007 : undeclared symbol 'pll_gen_open4', assumed default net type 'wire' in al_ip/pll_gen.v(105)
HDL-1007 : undeclared symbol 'pll_gen_open3', assumed default net type 'wire' in al_ip/pll_gen.v(105)
HDL-1007 : undeclared symbol 'pll_gen_open2', assumed default net type 'wire' in al_ip/pll_gen.v(105)
HDL-1007 : undeclared symbol 'pll_gen_open1', assumed default net type 'wire' in al_ip/pll_gen.v(105)
HDL-1007 : analyze verilog file al_ip/rx_pll.v
HDL-1007 : undeclared symbol 'open', assumed default net type 'wire' in al_ip/rx_pll.v(78)
HDL-1007 : analyze verilog file ../../source_code/rtl/BUFGMUX.v
HDL-1007 : analyze verilog file ../../source_code/rtl/clk_gen_rst_gen.v
HDL-1007 : analyze verilog file ../../source_code/rtl/div_clk_gen.v
HDL-1007 : analyze verilog file ../../source_code/rtl/IDDR.v
HDL-1007 : analyze verilog file ../../source_code/rtl/ODDR.v
HDL-1007 : analyze verilog file ../../source_code/rtl/RAMB16_S9_S9.v
HDL-1007 : undeclared symbol 'open', assumed default net type 'wire' in ../../source_code/rtl/RAMB16_S9_S9.v(109)
HDL-1007 : analyze verilog file ../../source_code/rtl/rgmii_interface.v
HDL-1007 : analyze verilog file ../../source_code/rtl/rx_client_fifo.v
HDL-5370 WARNING: parameter 'WAIT_s' becomes localparam in 'rx_client_fifo' with formal parameter declaration list in ../../source_code/rtl/rx_client_fifo.v(49)
HDL-5370 WARNING: parameter 'QUEUE1_s' becomes localparam in 'rx_client_fifo' with formal parameter declaration list in ../../source_code/rtl/rx_client_fifo.v(50)
HDL-5370 WARNING: parameter 'QUEUE2_s' becomes localparam in 'rx_client_fifo' with formal parameter declaration list in ../../source_code/rtl/rx_client_fifo.v(51)
HDL-5370 WARNING: parameter 'QUEUE3_s' becomes localparam in 'rx_client_fifo' with formal parameter declaration list in ../../source_code/rtl/rx_client_fifo.v(52)
HDL-5370 WARNING: parameter 'QUEUE_SOF_s' becomes localparam in 'rx_client_fifo' with formal parameter declaration list in ../../source_code/rtl/rx_client_fifo.v(53)
HDL-5370 WARNING: parameter 'SOF_s' becomes localparam in 'rx_client_fifo' with formal parameter declaration list in ../../source_code/rtl/rx_client_fifo.v(54)
HDL-5370 WARNING: parameter 'DATA_s' becomes localparam in 'rx_client_fifo' with formal parameter declaration list in ../../source_code/rtl/rx_client_fifo.v(55)
HDL-5370 WARNING: parameter 'EOF_s' becomes localparam in 'rx_client_fifo' with formal parameter declaration list in ../../source_code/rtl/rx_client_fifo.v(56)
HDL-5370 WARNING: parameter 'IDLE_s' becomes localparam in 'rx_client_fifo' with formal parameter declaration list in ../../source_code/rtl/rx_client_fifo.v(62)
HDL-5370 WARNING: parameter 'FRAME_s' becomes localparam in 'rx_client_fifo' with formal parameter declaration list in ../../source_code/rtl/rx_client_fifo.v(63)
HDL-5370 Similar messages will be suppressed.
HDL-1007 : analyze verilog file ../../source_code/rtl/temac_block.v
HDL-1007 : analyze verilog file ../../source_code/rtl/temac_clk_gen.v
HDL-1007 : analyze verilog file ../../source_code/rtl/tx_client_fifo.v
HDL-5370 WARNING: parameter 'IDLE_s' becomes localparam in 'tx_client_fifo' with formal parameter declaration list in ../../source_code/rtl/tx_client_fifo.v(53)
HDL-5370 WARNING: parameter 'QUEUE1_s' becomes localparam in 'tx_client_fifo' with formal parameter declaration list in ../../source_code/rtl/tx_client_fifo.v(54)
HDL-5370 WARNING: parameter 'QUEUE2_s' becomes localparam in 'tx_client_fifo' with formal parameter declaration list in ../../source_code/rtl/tx_client_fifo.v(55)
HDL-5370 WARNING: parameter 'QUEUE3_s' becomes localparam in 'tx_client_fifo' with formal parameter declaration list in ../../source_code/rtl/tx_client_fifo.v(56)
HDL-5370 WARNING: parameter 'QUEUE_ACK_s' becomes localparam in 'tx_client_fifo' with formal parameter declaration list in ../../source_code/rtl/tx_client_fifo.v(57)
HDL-5370 WARNING: parameter 'WAIT_ACK_s' becomes localparam in 'tx_client_fifo' with formal parameter declaration list in ../../source_code/rtl/tx_client_fifo.v(58)
HDL-5370 WARNING: parameter 'FRAME_s' becomes localparam in 'tx_client_fifo' with formal parameter declaration list in ../../source_code/rtl/tx_client_fifo.v(59)
HDL-5370 WARNING: parameter 'DROP_s' becomes localparam in 'tx_client_fifo' with formal parameter declaration list in ../../source_code/rtl/tx_client_fifo.v(60)
HDL-5370 WARNING: parameter 'RETRANSMIT_s' becomes localparam in 'tx_client_fifo' with formal parameter declaration list in ../../source_code/rtl/tx_client_fifo.v(61)
HDL-5370 WARNING: parameter 'WAIT_s' becomes localparam in 'tx_client_fifo' with formal parameter declaration list in ../../source_code/rtl/tx_client_fifo.v(67)
HDL-5370 Similar messages will be suppressed.
HDL-1007 : analyze verilog file ../../source_code/rtl/tx_clk_en_gen.v
HDL-1007 : analyze verilog file ../../source_code/rtl/udp_data_tpg.v
HDL-1007 : analyze verilog file ../../source_code/rtl/UDP_Example_Top.v
HDL-1007 : undeclared symbol 'full_flag', assumed default net type 'wire' in ../../source_code/rtl/UDP_Example_Top.v(241)
HDL-1007 : undeclared symbol 'phy_reset', assumed default net type 'wire' in ../../source_code/rtl/UDP_Example_Top.v(260)
HDL-5333 WARNING: data object 'rst_n' is already declared in ../../source_code/rtl/UDP_Example_Top.v(581)
HDL-1007 : previous declaration of 'rst_n' is from here in ../../source_code/rtl/UDP_Example_Top.v(152)
HDL-5007 WARNING: second declaration of 'rst_n' is ignored in ../../source_code/rtl/UDP_Example_Top.v(581)
HDL-1007 : undeclared symbol 'tpg_data_done', assumed default net type 'wire' in ../../source_code/rtl/UDP_Example_Top.v(702)
HDL-1007 : analyze verilog file ../../source_code/rtl/udp_ip_protocol_stack_merge.enc.v
HDL-1007 : back to file '../../source_code/rtl/udp_ip_protocol_stack_merge.enc.v' in ../../source_code/rtl/udp_ip_protocol_stack_merge.enc.v(56)
HDL-1007 : undeclared symbol '**', assumed default net type '**' in ../../source_code/rtl/udp_ip_protocol_stack_merge.enc.v(2638)
HDL-1007 : back to file '../../source_code/rtl/udp_ip_protocol_stack_merge.enc.v' in ../../source_code/rtl/udp_ip_protocol_stack_merge.enc.v(420)
HDL-1007 : analyze verilog file ../../source_code/rtl/udp_loopback.v
HDL-1007 : analyze verilog file ../../source_code/rtl/sdr/rtl/app_wrrd.v
HDL-1007 : analyze included file ../../source_code/rtl/sdr/rtl/../include/global_def.v in ../../source_code/rtl/sdr/rtl/app_wrrd.v(10)
HDL-1007 : back to file '../../source_code/rtl/sdr/rtl/app_wrrd.v' in ../../source_code/rtl/sdr/rtl/app_wrrd.v(10)
HDL-5372 WARNING: redeclaration of ANSI port 'full_flag' is not allowed in ../../source_code/rtl/sdr/rtl/app_wrrd.v(55)
HDL-1007 : undeclared symbol 'afull', assumed default net type 'wire' in ../../source_code/rtl/sdr/rtl/app_wrrd.v(68)
HDL-1007 : undeclared symbol 'aempty', assumed default net type 'wire' in ../../source_code/rtl/sdr/rtl/app_wrrd.v(69)
HDL-1007 : undeclared symbol 'wrusedw', assumed default net type 'wire' in ../../source_code/rtl/sdr/rtl/app_wrrd.v(70)
HDL-5333 WARNING: data object 'w_addr_cnt' is already declared in ../../source_code/rtl/sdr/rtl/app_wrrd.v(133)
HDL-1007 : previous declaration of 'w_addr_cnt' is from here in ../../source_code/rtl/sdr/rtl/app_wrrd.v(37)
HDL-5007 WARNING: second declaration of 'w_addr_cnt' is ignored in ../../source_code/rtl/sdr/rtl/app_wrrd.v(133)
HDL-1007 : analyze verilog file ../../source_code/rtl/sdr/rtl/sdram_top.v
HDL-1007 : analyze included file ../../source_code/rtl/sdr/rtl/../include/global_def.v in ../../source_code/rtl/sdr/rtl/sdram_top.v(10)
HDL-1007 : back to file '../../source_code/rtl/sdr/rtl/sdram_top.v' in ../../source_code/rtl/sdr/rtl/sdram_top.v(10)
HDL-1007 : undeclared symbol 'Rst_n', assumed default net type 'wire' in ../../source_code/rtl/sdr/rtl/sdram_top.v(69)
HDL-5372 WARNING: redeclaration of ANSI port 'wr_done' is not allowed in ../../source_code/rtl/sdr/rtl/sdram_top.v(72)
HDL-1007 : undeclared symbol 'SDR_CKE', assumed default net type 'wire' in ../../source_code/rtl/sdr/rtl/sdram_top.v(130)
HDL-1007 : analyze verilog file ../../source_code/rtl/sd/sd_ctrl_top.v
HDL-1007 : analyze verilog file ../../source_code/rtl/sd/sd_init.v
HDL-1007 : analyze verilog file ../../source_code/rtl/sd/sd_read.v
HDL-1007 : analyze verilog file ../../source_code/rtl/sd/sd_read_photo.v
HDL-1007 : analyze verilog file ../../source_code/rtl/sdr/rtl/enc_file/sdr_as_ram.enc.v
HDL-1007 : back to file '../../source_code/rtl/sdr/rtl/enc_file/sdr_as_ram.enc.v' in ../../source_code/rtl/sdr/rtl/enc_file/sdr_as_ram.enc.v(45)
HDL-1007 : analyze verilog file ../../source_code/rtl/sdr/rtl/enc_file/sdr_init_ref.enc.v
HDL-1007 : undeclared symbol '**', assumed default net type '**' in ../../source_code/rtl/sdr/rtl/enc_file/sdr_init_ref.enc.v(57)
HDL-1007 : back to file '../../source_code/rtl/sdr/rtl/enc_file/sdr_init_ref.enc.v' in ../../source_code/rtl/sdr/rtl/enc_file/sdr_init_ref.enc.v(148)
HDL-5007 WARNING: concatenation with an unsized literal will be treated as 32 bits in ../../source_code/rtl/sdr/rtl/enc_file/sdr_init_ref.enc.v(47)
HDL-1007 : analyze verilog file ../../source_code/rtl/sdr/rtl/enc_file/sdr_wrrd.enc.v
HDL-5007 WARNING: concatenation with an unsized literal will be treated as 32 bits in ../../source_code/rtl/sdr/rtl/enc_file/sdr_wrrd.enc.v(283)
HDL-1007 : back to file '../../source_code/rtl/sdr/rtl/enc_file/sdr_wrrd.enc.v' in ../../source_code/rtl/sdr/rtl/enc_file/sdr_wrrd.enc.v(19)
PRJ-1412 : reset_run syn_1 phy_1.
PRJ-1409 : launch_runs syn_1 phy_1  -jobs 6.
PRJ-1410 : Run syn_1 success.
PRJ-1410 : Run phy_1 success.
RUN-1002 : start command "save_best_bits"
PRJ-1424 : The implemented result of phy_1 is saved as best result.
RUN-1002 : start command "import_db C:/Users/Administrator/Desktop/lab_ex_4_tf_sdram_etnernet_pc/UDP_EG4_6.2/prj/UDP_EXAMPLE/UDP_EXAMPLE_Runs/phy_1/UDP_EXAMPLE_pr.db"
RUN-1001 : Importing database generated by Tang Dynasty, V6.2.168116.
RUN-1001 : Database version number 46207
RUN-1001 : Import flow parameters
RUN-1001 : Import netlist
PHY-1001 : Generate detailed routing grids ...
PHY-1001 : End build routing graph; 0.702664s wall, 0.671875s user + 0.046875s system = 0.718750s CPU (102.3%)

PHY-1001 : Processed IO instance sd_miso_syn_4 with INV attribute.
PHY-1001 : Build lut bridge;  0.063477s wall, 0.062500s user + 0.000000s system = 0.062500s CPU (98.5%)

PHY-1001 : Generate nets ...
PHY-1001 : net clk_50_dup_1 will be routed on clock mesh
PHY-1001 : net clk_50m_180deg will be routed on clock mesh
PHY-1001 : clock net temac_clk will be merged with clock u_clk_gen/u_pll_0/clk0_buf
PHY-1001 : net temac_clk90 will be routed on clock mesh
PHY-1001 : net udp_clk will be routed on clock mesh
PHY-1001 : clock net t2_sd_read_photo/clk will be merged with clock u_pll_50/clk0_buf
PHY-1001 : clock net cwc_jtck_syn_2 will be merged with clock cwc_jtck
PHY-1001 : clock net t1_sd_ctrl_top/u_sd_init/div_clk_syn_4 will be merged with clock t1_sd_ctrl_top/u_sd_init/div_clk
PHY-1001 : clock net t3_sdram/u0_clk/clk0_out will be merged with clock t3_sdram/u0_clk/clk0_buf
PHY-1001 : net t3_sdram/u1_app_wrrd/clk will be routed on clock mesh
PHY-1001 : net t3_sdram/u2_ram/SDRAM_CLK will be routed on clock mesh
PHY-1001 : net auto_created_cwc1/wrapper_cwc_top/U_cwc_ram/clka will be routed on clock mesh
PHY-1001 : clock net u_rx_pll/clk0_out will be merged with clock u_rx_pll/clk0_buf
PHY-1001 : clock net u4_trimac_block/rx_clk will be merged with clock u4_trimac_block/u1_rgmii_interface/rgmii_rxc
PHY-1001 : eco open net = 0
PHY-1001 : 150 feed throughs used by 134 nets
RUN-1001 : Import phy database
RUN-1001 : Import timing constraints
RUN-1001 : Import IO constraints
RUN-1001 : Import Inst constraints
RUN-1001 : Import ChipWatcher
RUN-1001 : Import design success TD_VERSION=6.2.168116 , DB_VERSION=46207
RUN-1003 : finish command "import_db C:/Users/Administrator/Desktop/lab_ex_4_tf_sdram_etnernet_pc/UDP_EG4_6.2/prj/UDP_EXAMPLE/UDP_EXAMPLE_Runs/phy_1/UDP_EXAMPLE_pr.db" in  3.834880s wall, 3.671875s user + 0.171875s system = 3.843750s CPU (100.2%)

RUN-1004 : used memory is 734 MB, reserved memory is 684 MB, peak memory is 769 MB
