Assembler report for sd_sdram_vga
Fri Dec 08 17:35:02 2023
Quartus Prime Version 18.1.0 Build 625 09/12/2018 SJ Standard Edition


---------------------
; Table of Contents ;
---------------------
  1. Legal Notice
  2. Assembler Summary
  3. Assembler Settings
  4. Assembler Encrypted IP Cores Summary
  5. Assembler Generated Files
  6. Assembler Device Options: D:/Projects/2023_10_10_HX4S20_test/spi_FLASH_SDRAM_pic/14_TF_sdram_vga/output_files/sd_sdram_vga.sof
  7. Assembler Messages



----------------
; Legal Notice ;
----------------
Copyright (C) 2018  Intel Corporation. All rights reserved.
Your use of Intel Corporation's design tools, logic functions 
and other software and tools, and its AMPP partner logic 
functions, and any output files from any of the foregoing 
(including device programming or simulation files), and any 
associated documentation or information are expressly subject 
to the terms and conditions of the Intel Program License 
Subscription Agreement, the Intel Quartus Prime License Agreement,
the Intel FPGA IP License Agreement, or other applicable license
agreement, including, without limitation, that your use is for
the sole purpose of programming logic devices manufactured by
Intel and sold by Intel or its authorized distributors.  Please
refer to the applicable agreement for further details.



+---------------------------------------------------------------+
; Assembler Summary                                             ;
+-----------------------+---------------------------------------+
; Assembler Status      ; Successful - Fri Dec 08 17:35:02 2023 ;
; Revision Name         ; sd_sdram_vga                          ;
; Top-level Entity Name ; top                                   ;
; Family                ; Cyclone 10 LP                         ;
; Device                ; 10CL006YU256C8G                       ;
+-----------------------+---------------------------------------+


+----------------------------------+
; Assembler Settings               ;
+--------+---------+---------------+
; Option ; Setting ; Default Value ;
+--------+---------+---------------+


+------------------------------------------------+
; Assembler Encrypted IP Cores Summary           ;
+--------+------------------------+--------------+
; Vendor ; IP Core Name           ; License Type ;
+--------+------------------------+--------------+
; Altera ; Signal Tap (6AF7 BCE1) ; Licensed     ;
; Altera ; Signal Tap (6AF7 BCEC) ; Licensed     ;
+--------+------------------------+--------------+


+------------------------------------------------------------------------------------------------------+
; Assembler Generated Files                                                                            ;
+------------------------------------------------------------------------------------------------------+
; File Name                                                                                            ;
+------------------------------------------------------------------------------------------------------+
; D:/Projects/2023_10_10_HX4S20_test/spi_FLASH_SDRAM_pic/14_TF_sdram_vga/output_files/sd_sdram_vga.sof ;
+------------------------------------------------------------------------------------------------------+


+--------------------------------------------------------------------------------------------------------------------------------+
; Assembler Device Options: D:/Projects/2023_10_10_HX4S20_test/spi_FLASH_SDRAM_pic/14_TF_sdram_vga/output_files/sd_sdram_vga.sof ;
+----------------+---------------------------------------------------------------------------------------------------------------+
; Option         ; Setting                                                                                                       ;
+----------------+---------------------------------------------------------------------------------------------------------------+
; JTAG usercode  ; 0x0027EDE8                                                                                                    ;
; Checksum       ; 0x0027EDE8                                                                                                    ;
+----------------+---------------------------------------------------------------------------------------------------------------+


+--------------------+
; Assembler Messages ;
+--------------------+
Info: *******************************************************************
Info: Running Quartus Prime Assembler
    Info: Version 18.1.0 Build 625 09/12/2018 SJ Standard Edition
    Info: Processing started: Fri Dec 08 17:35:01 2023
Info: Command: quartus_asm --read_settings_files=off --write_settings_files=off sd_sdram_vga -c sd_sdram_vga
Warning (18236): Number of processors has not been specified which may cause overloading on shared machines.  Set the global assignment NUM_PARALLEL_PROCESSORS in your QSF to an appropriate value for best performance.
Info (115031): Writing out detailed assembly data for power analysis
Info (115030): Assembler is generating device programming files
Info: Quartus Prime Assembler was successful. 0 errors, 1 warning
    Info: Peak virtual memory: 4687 megabytes
    Info: Processing ended: Fri Dec 08 17:35:02 2023
    Info: Elapsed time: 00:00:01
    Info: Total CPU time (on all processors): 00:00:01


