------------------------------------------------------------
Timing Analyzer Summary
------------------------------------------------------------

Type  : Slow 1200mV 85C Model Setup 'sys_pll_m0|altpll_component|auto_generated|pll1|clk[0]'
Slack : 2.767
TNS   : 0.000

Type  : Slow 1200mV 85C Model Setup 'sys_pll_m0|altpll_component|auto_generated|pll1|clk[1]'
Slack : 2.937
TNS   : 0.000

Type  : Slow 1200mV 85C Model Setup 'sys_pll_m0|altpll_component|auto_generated|pll1|clk[2]'
Slack : 3.568
TNS   : 0.000

Type  : Slow 1200mV 85C Model Setup 'clk'
Slack : 13.498
TNS   : 0.000

Type  : Slow 1200mV 85C Model Setup 'video_pll_m0|altpll_component|auto_generated|pll1|clk[0]'
Slack : 34.972
TNS   : 0.000

Type  : Slow 1200mV 85C Model Setup 'altera_reserved_tck'
Slack : 44.312
TNS   : 0.000

Type  : Slow 1200mV 85C Model Hold 'sys_pll_m0|altpll_component|auto_generated|pll1|clk[2]'
Slack : 0.397
TNS   : 0.000

Type  : Slow 1200mV 85C Model Hold 'sys_pll_m0|altpll_component|auto_generated|pll1|clk[1]'
Slack : 0.433
TNS   : 0.000

Type  : Slow 1200mV 85C Model Hold 'video_pll_m0|altpll_component|auto_generated|pll1|clk[0]'
Slack : 0.434
TNS   : 0.000

Type  : Slow 1200mV 85C Model Hold 'sys_pll_m0|altpll_component|auto_generated|pll1|clk[0]'
Slack : 0.452
TNS   : 0.000

Type  : Slow 1200mV 85C Model Hold 'altera_reserved_tck'
Slack : 0.453
TNS   : 0.000

Type  : Slow 1200mV 85C Model Hold 'clk'
Slack : 0.453
TNS   : 0.000

Type  : Slow 1200mV 85C Model Recovery 'sys_pll_m0|altpll_component|auto_generated|pll1|clk[1]'
Slack : 6.843
TNS   : 0.000

Type  : Slow 1200mV 85C Model Recovery 'altera_reserved_tck'
Slack : 95.964
TNS   : 0.000

Type  : Slow 1200mV 85C Model Removal 'altera_reserved_tck'
Slack : 1.128
TNS   : 0.000

Type  : Slow 1200mV 85C Model Removal 'sys_pll_m0|altpll_component|auto_generated|pll1|clk[1]'
Slack : 1.254
TNS   : 0.000

Type  : Slow 1200mV 85C Model Minimum Pulse Width 'sys_pll_m0|altpll_component|auto_generated|pll1|clk[2]'
Slack : 4.647
TNS   : 0.000

Type  : Slow 1200mV 85C Model Minimum Pulse Width 'sys_pll_m0|altpll_component|auto_generated|pll1|clk[0]'
Slack : 4.650
TNS   : 0.000

Type  : Slow 1200mV 85C Model Minimum Pulse Width 'sys_pll_m0|altpll_component|auto_generated|pll1|clk[1]'
Slack : 4.651
TNS   : 0.000

Type  : Slow 1200mV 85C Model Minimum Pulse Width 'clk'
Slack : 9.736
TNS   : 0.000

Type  : Slow 1200mV 85C Model Minimum Pulse Width 'video_pll_m0|altpll_component|auto_generated|pll1|clk[0]'
Slack : 19.508
TNS   : 0.000

Type  : Slow 1200mV 85C Model Minimum Pulse Width 'altera_reserved_tck'
Slack : 49.403
TNS   : 0.000

Type  : Slow 1200mV 0C Model Setup 'sys_pll_m0|altpll_component|auto_generated|pll1|clk[0]'
Slack : 3.234
TNS   : 0.000

Type  : Slow 1200mV 0C Model Setup 'sys_pll_m0|altpll_component|auto_generated|pll1|clk[1]'
Slack : 3.276
TNS   : 0.000

Type  : Slow 1200mV 0C Model Setup 'sys_pll_m0|altpll_component|auto_generated|pll1|clk[2]'
Slack : 3.868
TNS   : 0.000

Type  : Slow 1200mV 0C Model Setup 'clk'
Slack : 13.860
TNS   : 0.000

Type  : Slow 1200mV 0C Model Setup 'video_pll_m0|altpll_component|auto_generated|pll1|clk[0]'
Slack : 35.245
TNS   : 0.000

Type  : Slow 1200mV 0C Model Setup 'altera_reserved_tck'
Slack : 44.715
TNS   : 0.000

Type  : Slow 1200mV 0C Model Hold 'sys_pll_m0|altpll_component|auto_generated|pll1|clk[2]'
Slack : 0.379
TNS   : 0.000

Type  : Slow 1200mV 0C Model Hold 'sys_pll_m0|altpll_component|auto_generated|pll1|clk[1]'
Slack : 0.381
TNS   : 0.000

Type  : Slow 1200mV 0C Model Hold 'video_pll_m0|altpll_component|auto_generated|pll1|clk[0]'
Slack : 0.384
TNS   : 0.000

Type  : Slow 1200mV 0C Model Hold 'sys_pll_m0|altpll_component|auto_generated|pll1|clk[0]'
Slack : 0.400
TNS   : 0.000

Type  : Slow 1200mV 0C Model Hold 'altera_reserved_tck'
Slack : 0.401
TNS   : 0.000

Type  : Slow 1200mV 0C Model Hold 'clk'
Slack : 0.401
TNS   : 0.000

Type  : Slow 1200mV 0C Model Recovery 'sys_pll_m0|altpll_component|auto_generated|pll1|clk[1]'
Slack : 7.035
TNS   : 0.000

Type  : Slow 1200mV 0C Model Recovery 'altera_reserved_tck'
Slack : 96.294
TNS   : 0.000

Type  : Slow 1200mV 0C Model Removal 'altera_reserved_tck'
Slack : 1.028
TNS   : 0.000

Type  : Slow 1200mV 0C Model Removal 'sys_pll_m0|altpll_component|auto_generated|pll1|clk[1]'
Slack : 1.117
TNS   : 0.000

Type  : Slow 1200mV 0C Model Minimum Pulse Width 'sys_pll_m0|altpll_component|auto_generated|pll1|clk[1]'
Slack : 4.622
TNS   : 0.000

Type  : Slow 1200mV 0C Model Minimum Pulse Width 'sys_pll_m0|altpll_component|auto_generated|pll1|clk[2]'
Slack : 4.631
TNS   : 0.000

Type  : Slow 1200mV 0C Model Minimum Pulse Width 'sys_pll_m0|altpll_component|auto_generated|pll1|clk[0]'
Slack : 4.637
TNS   : 0.000

Type  : Slow 1200mV 0C Model Minimum Pulse Width 'clk'
Slack : 9.731
TNS   : 0.000

Type  : Slow 1200mV 0C Model Minimum Pulse Width 'video_pll_m0|altpll_component|auto_generated|pll1|clk[0]'
Slack : 19.497
TNS   : 0.000

Type  : Slow 1200mV 0C Model Minimum Pulse Width 'altera_reserved_tck'
Slack : 49.265
TNS   : 0.000

Type  : Fast 1200mV 0C Model Setup 'sys_pll_m0|altpll_component|auto_generated|pll1|clk[1]'
Slack : 6.829
TNS   : 0.000

Type  : Fast 1200mV 0C Model Setup 'sys_pll_m0|altpll_component|auto_generated|pll1|clk[0]'
Slack : 6.881
TNS   : 0.000

Type  : Fast 1200mV 0C Model Setup 'sys_pll_m0|altpll_component|auto_generated|pll1|clk[2]'
Slack : 7.174
TNS   : 0.000

Type  : Fast 1200mV 0C Model Setup 'clk'
Slack : 17.118
TNS   : 0.000

Type  : Fast 1200mV 0C Model Setup 'video_pll_m0|altpll_component|auto_generated|pll1|clk[0]'
Slack : 37.707
TNS   : 0.000

Type  : Fast 1200mV 0C Model Setup 'altera_reserved_tck'
Slack : 47.675
TNS   : 0.000

Type  : Fast 1200mV 0C Model Hold 'sys_pll_m0|altpll_component|auto_generated|pll1|clk[2]'
Slack : 0.130
TNS   : 0.000

Type  : Fast 1200mV 0C Model Hold 'sys_pll_m0|altpll_component|auto_generated|pll1|clk[1]'
Slack : 0.156
TNS   : 0.000

Type  : Fast 1200mV 0C Model Hold 'sys_pll_m0|altpll_component|auto_generated|pll1|clk[0]'
Slack : 0.159
TNS   : 0.000

Type  : Fast 1200mV 0C Model Hold 'video_pll_m0|altpll_component|auto_generated|pll1|clk[0]'
Slack : 0.178
TNS   : 0.000

Type  : Fast 1200mV 0C Model Hold 'altera_reserved_tck'
Slack : 0.186
TNS   : 0.000

Type  : Fast 1200mV 0C Model Hold 'clk'
Slack : 0.187
TNS   : 0.000

Type  : Fast 1200mV 0C Model Recovery 'sys_pll_m0|altpll_component|auto_generated|pll1|clk[1]'
Slack : 8.559
TNS   : 0.000

Type  : Fast 1200mV 0C Model Recovery 'altera_reserved_tck'
Slack : 98.084
TNS   : 0.000

Type  : Fast 1200mV 0C Model Removal 'altera_reserved_tck'
Slack : 0.495
TNS   : 0.000

Type  : Fast 1200mV 0C Model Removal 'sys_pll_m0|altpll_component|auto_generated|pll1|clk[1]'
Slack : 0.530
TNS   : 0.000

Type  : Fast 1200mV 0C Model Minimum Pulse Width 'sys_pll_m0|altpll_component|auto_generated|pll1|clk[2]'
Slack : 4.707
TNS   : 0.000

Type  : Fast 1200mV 0C Model Minimum Pulse Width 'sys_pll_m0|altpll_component|auto_generated|pll1|clk[0]'
Slack : 4.708
TNS   : 0.000

Type  : Fast 1200mV 0C Model Minimum Pulse Width 'sys_pll_m0|altpll_component|auto_generated|pll1|clk[1]'
Slack : 4.708
TNS   : 0.000

Type  : Fast 1200mV 0C Model Minimum Pulse Width 'clk'
Slack : 9.414
TNS   : 0.000

Type  : Fast 1200mV 0C Model Minimum Pulse Width 'video_pll_m0|altpll_component|auto_generated|pll1|clk[0]'
Slack : 19.580
TNS   : 0.000

Type  : Fast 1200mV 0C Model Minimum Pulse Width 'altera_reserved_tck'
Slack : 49.426
TNS   : 0.000

------------------------------------------------------------
